OpenJDK 64-Bit Server VM (25.201-b09) for linux-amd64 JRE (1.8.0_201-b09), built on Mar  4 2019 22:08:17 by "mockbuild" with gcc 4.8.5 20150623 (Red Hat 4.8.5-36)
Memory: 4k page, physical 1882836k(94692k free), swap 2097148k(321740k free)
CommandLine flags: -XX:+ExplicitGCInvokesConcurrent -XX:GCLogFileSize=104857600 -XX:InitialHeapSize=536870912 -XX:InitiatingHeapOccupancyPercent=35 -XX:+ManagementServer -XX:MaxGCPauseMillis=20 -XX:MaxHeapSize=536870912 -XX:NumberOfGCLogFiles=10 -XX:+PrintGC -XX:+PrintGCDateStamps -XX:+PrintGCDetails -XX:+PrintGCTimeStamps -XX:+UseCompressedClassPointers -XX:+UseCompressedOops -XX:+UseG1GC -XX:+UseGCLogFileRotation 
2019-04-02T17:32:07.478+0900: 3.797: [GC pause (G1 Evacuation Pause) (young), 0.0450063 secs]
   [Parallel Time: 38.5 ms, GC Workers: 1]
      [GC Worker Start (ms):  3796.7]
      [Ext Root Scanning (ms):  12.6]
      [Update RS (ms):  0.0]
         [Processed Buffers:  0]
      [Scan RS (ms):  0.0]
      [Code Root Scanning (ms):  0.7]
      [Object Copy (ms):  25.0]
      [Termination (ms):  0.0]
         [Termination Attempts:  1]
      [GC Worker Other (ms):  0.0]
      [GC Worker Total (ms):  38.5]
      [GC Worker End (ms):  3835.2]
   [Code Root Fixup: 0.0 ms]
   [Code Root Purge: 0.1 ms]
   [Clear CT: 0.2 ms]
   [Other: 6.2 ms]
      [Choose CSet: 0.0 ms]
      [Ref Proc: 5.8 ms]
      [Ref Enq: 0.0 ms]
      [Redirty Cards: 0.0 ms]
      [Humongous Register: 0.0 ms]
      [Humongous Reclaim: 0.0 ms]
      [Free CSet: 0.1 ms]
   [Eden: 25.0M(25.0M)->0.0B(21.0M) Survivors: 0.0B->4096.0K Heap: 25.0M(512.0M)->4618.5K(512.0M)]
 [Times: user=0.02 sys=0.01, real=0.04 secs] 
2019-04-02T17:32:09.057+0900: 5.375: [GC pause (G1 Evacuation Pause) (young), 0.0288383 secs]
   [Parallel Time: 26.3 ms, GC Workers: 1]
      [GC Worker Start (ms):  5375.2]
      [Ext Root Scanning (ms):  4.7]
      [Update RS (ms):  0.3]
         [Processed Buffers:  1]
      [Scan RS (ms):  0.0]
      [Code Root Scanning (ms):  1.0]
      [Object Copy (ms):  20.3]
      [Termination (ms):  0.0]
         [Termination Attempts:  1]
      [GC Worker Other (ms):  0.0]
      [GC Worker Total (ms):  26.2]
      [GC Worker End (ms):  5401.4]
   [Code Root Fixup: 0.0 ms]
   [Code Root Purge: 0.0 ms]
   [Clear CT: 0.1 ms]
   [Other: 2.5 ms]
      [Choose CSet: 0.0 ms]
      [Ref Proc: 2.1 ms]
      [Ref Enq: 0.0 ms]
      [Redirty Cards: 0.1 ms]
      [Humongous Register: 0.0 ms]
      [Humongous Reclaim: 0.0 ms]
      [Free CSet: 0.1 ms]
   [Eden: 21.0M(21.0M)->0.0B(21.0M) Survivors: 4096.0K->4096.0K Heap: 25.5M(512.0M)->6552.0K(512.0M)]
 [Times: user=0.02 sys=0.00, real=0.02 secs] 
2019-04-02T17:32:10.365+0900: 6.684: [GC pause (G1 Evacuation Pause) (young), 0.0534635 secs]
   [Parallel Time: 40.1 ms, GC Workers: 1]
      [GC Worker Start (ms):  6683.7]
      [Ext Root Scanning (ms):  4.1]
      [Update RS (ms):  0.6]
         [Processed Buffers:  7]
      [Scan RS (ms):  0.9]
      [Code Root Scanning (ms):  0.1]
      [Object Copy (ms):  34.3]
      [Termination (ms):  0.0]
         [Termination Attempts:  1]
      [GC Worker Other (ms):  0.0]
      [GC Worker Total (ms):  40.0]
      [GC Worker End (ms):  6723.7]
   [Code Root Fixup: 0.0 ms]
   [Code Root Purge: 0.0 ms]
   [Clear CT: 0.1 ms]
   [Other: 13.3 ms]
      [Choose CSet: 0.0 ms]
      [Ref Proc: 13.0 ms]
      [Ref Enq: 0.0 ms]
      [Redirty Cards: 0.0 ms]
      [Humongous Register: 0.0 ms]
      [Humongous Reclaim: 0.0 ms]
      [Free CSet: 0.0 ms]
   [Eden: 21.0M(21.0M)->0.0B(21.0M) Survivors: 4096.0K->4096.0K Heap: 27.4M(512.0M)->8192.0K(512.0M)]
 [Times: user=0.02 sys=0.01, real=0.05 secs] 
2019-04-02T17:32:11.115+0900: 7.435: [GC pause (Metadata GC Threshold) (young) (initial-mark), 0.0304254 secs]
   [Parallel Time: 28.2 ms, GC Workers: 1]
      [GC Worker Start (ms):  7434.8]
      [Ext Root Scanning (ms):  4.9]
      [Update RS (ms):  0.6]
         [Processed Buffers:  10]
      [Scan RS (ms):  1.6]
      [Code Root Scanning (ms):  0.1]
      [Object Copy (ms):  21.0]
      [Termination (ms):  0.0]
         [Termination Attempts:  1]
      [GC Worker Other (ms):  0.0]
      [GC Worker Total (ms):  28.2]
      [GC Worker End (ms):  7463.0]
   [Code Root Fixup: 0.0 ms]
   [Code Root Purge: 0.0 ms]
   [Clear CT: 0.0 ms]
   [Other: 2.1 ms]
      [Choose CSet: 0.0 ms]
      [Ref Proc: 0.5 ms]
      [Ref Enq: 0.0 ms]
      [Redirty Cards: 0.0 ms]
      [Humongous Register: 0.0 ms]
      [Humongous Reclaim: 0.0 ms]
      [Free CSet: 0.1 ms]
   [Eden: 7168.0K(21.0M)->0.0B(22.0M) Survivors: 4096.0K->3072.0K Heap: 14.3M(512.0M)->6656.0K(512.0M)]
 [Times: user=0.02 sys=0.00, real=0.04 secs] 
2019-04-02T17:32:11.146+0900: 7.464: [GC concurrent-root-region-scan-start]
2019-04-02T17:32:11.156+0900: 7.475: [GC concurrent-root-region-scan-end, 0.0108052 secs]
2019-04-02T17:32:11.156+0900: 7.475: [GC concurrent-mark-start]
2019-04-02T17:32:11.217+0900: 7.535: [GC concurrent-mark-end, 0.0604076 secs]
2019-04-02T17:32:11.217+0900: 7.536: [GC remark 2019-04-02T17:32:11.217+0900: 7.536: [Finalize Marking, 0.0001206 secs] 2019-04-02T17:32:11.217+0900: 7.536: [GC ref-proc, 0.0006756 secs] 2019-04-02T17:32:11.218+0900: 7.537: [Unloading, 0.0114429 secs], 0.0125276 secs]
 [Times: user=0.01 sys=0.00, real=0.01 secs] 
2019-04-02T17:32:11.240+0900: 7.559: [GC cleanup 7107K->6083K(512M), 0.0096502 secs]
 [Times: user=0.00 sys=0.00, real=0.01 secs] 
2019-04-02T17:32:11.251+0900: 7.570: [GC concurrent-cleanup-start]
2019-04-02T17:32:11.251+0900: 7.570: [GC concurrent-cleanup-end, 0.0000282 secs]
2019-04-02T17:32:14.001+0900: 10.320: [GC pause (G1 Evacuation Pause) (young), 0.0186741 secs]
   [Parallel Time: 16.1 ms, GC Workers: 1]
      [GC Worker Start (ms):  10319.9]
      [Ext Root Scanning (ms):  4.5]
      [Update RS (ms):  0.5]
         [Processed Buffers:  9]
      [Scan RS (ms):  0.7]
      [Code Root Scanning (ms):  0.6]
      [Object Copy (ms):  9.7]
      [Termination (ms):  0.0]
         [Termination Attempts:  1]
      [GC Worker Other (ms):  0.0]
      [GC Worker Total (ms):  16.1]
      [GC Worker End (ms):  10336.0]
   [Code Root Fixup: 0.0 ms]
   [Code Root Purge: 0.0 ms]
   [Clear CT: 0.1 ms]
   [Other: 2.4 ms]
      [Choose CSet: 0.0 ms]
      [Ref Proc: 2.1 ms]
      [Ref Enq: 0.0 ms]
      [Redirty Cards: 0.0 ms]
      [Humongous Register: 0.0 ms]
      [Humongous Reclaim: 0.0 ms]
      [Free CSet: 0.0 ms]
   [Eden: 22.0M(22.0M)->0.0B(21.0M) Survivors: 3072.0K->4096.0K Heap: 155.5M(512.0M)->135.5M(512.0M)]
 [Times: user=0.01 sys=0.00, real=0.02 secs] 
2019-04-02T17:32:16.012+0900: 12.331: [GC pause (G1 Evacuation Pause) (young), 0.0371664 secs]
   [Parallel Time: 33.7 ms, GC Workers: 1]
      [GC Worker Start (ms):  12331.1]
      [Ext Root Scanning (ms):  4.9]
      [Update RS (ms):  1.3]
         [Processed Buffers:  8]
      [Scan RS (ms):  0.0]
      [Code Root Scanning (ms):  0.9]
      [Object Copy (ms):  26.5]
      [Termination (ms):  0.0]
         [Termination Attempts:  1]
      [GC Worker Other (ms):  0.0]
      [GC Worker Total (ms):  33.6]
      [GC Worker End (ms):  12364.8]
   [Code Root Fixup: 0.0 ms]
   [Code Root Purge: 0.0 ms]
   [Clear CT: 0.1 ms]
   [Other: 3.4 ms]
      [Choose CSet: 0.0 ms]
      [Ref Proc: 2.9 ms]
      [Ref Enq: 0.1 ms]
      [Redirty Cards: 0.1 ms]
      [Humongous Register: 0.0 ms]
      [Humongous Reclaim: 0.0 ms]
      [Free CSet: 0.0 ms]
   [Eden: 21.0M(21.0M)->0.0B(21.0M) Survivors: 4096.0K->4096.0K Heap: 156.5M(512.0M)->137.6M(512.0M)]
 [Times: user=0.04 sys=0.00, real=0.04 secs] 
2019-04-02T17:32:17.749+0900: 14.067: [GC pause (G1 Evacuation Pause) (young), 0.0431957 secs]
   [Parallel Time: 40.9 ms, GC Workers: 1]
      [GC Worker Start (ms):  14067.4]
      [Ext Root Scanning (ms):  6.3]
      [Update RS (ms):  3.4]
         [Processed Buffers:  14]
      [Scan RS (ms):  0.7]
      [Code Root Scanning (ms):  0.8]
      [Object Copy (ms):  29.6]
      [Termination (ms):  0.0]
         [Termination Attempts:  1]
      [GC Worker Other (ms):  0.0]
      [GC Worker Total (ms):  40.8]
      [GC Worker End (ms):  14108.3]
   [Code Root Fixup: 0.0 ms]
   [Code Root Purge: 0.0 ms]
   [Clear CT: 0.1 ms]
   [Other: 2.2 ms]
      [Choose CSet: 0.0 ms]
      [Ref Proc: 1.9 ms]
      [Ref Enq: 0.0 ms]
      [Redirty Cards: 0.0 ms]
      [Humongous Register: 0.0 ms]
      [Humongous Reclaim: 0.0 ms]
      [Free CSet: 0.0 ms]
   [Eden: 21.0M(21.0M)->0.0B(21.0M) Survivors: 4096.0K->4096.0K Heap: 158.6M(512.0M)->140.5M(512.0M)]
 [Times: user=0.04 sys=0.00, real=0.04 secs] 
2019-04-02T17:33:43.034+0900: 99.352: [GC pause (G1 Evacuation Pause) (young), 0.0800777 secs]
   [Parallel Time: 75.9 ms, GC Workers: 1]
      [GC Worker Start (ms):  99352.5]
      [Ext Root Scanning (ms):  7.2]
      [Update RS (ms):  4.3]
         [Processed Buffers:  31]
      [Scan RS (ms):  5.6]
      [Code Root Scanning (ms):  0.9]
      [Object Copy (ms):  57.9]
      [Termination (ms):  0.0]
         [Termination Attempts:  1]
      [GC Worker Other (ms):  0.0]
      [GC Worker Total (ms):  75.8]
      [GC Worker End (ms):  99428.3]
   [Code Root Fixup: 0.0 ms]
   [Code Root Purge: 0.2 ms]
   [Clear CT: 0.1 ms]
   [Other: 4.0 ms]
      [Choose CSet: 0.0 ms]
      [Ref Proc: 3.5 ms]
      [Ref Enq: 0.0 ms]
      [Redirty Cards: 0.1 ms]
      [Humongous Register: 0.0 ms]
      [Humongous Reclaim: 0.0 ms]
      [Free CSet: 0.1 ms]
   [Eden: 21.0M(21.0M)->0.0B(23.0M) Survivors: 4096.0K->2048.0K Heap: 166.5M(512.0M)->140.5M(512.0M)]
 [Times: user=0.06 sys=0.00, real=0.08 secs] 
2019-04-02T17:35:35.418+0900: 211.736: [GC pause (G1 Evacuation Pause) (young), 0.0477212 secs]
   [Parallel Time: 44.1 ms, GC Workers: 1]
      [GC Worker Start (ms):  211737.1]
      [Ext Root Scanning (ms):  4.1]
      [Update RS (ms):  4.3]
         [Processed Buffers:  38]
      [Scan RS (ms):  1.0]
      [Code Root Scanning (ms):  9.5]
      [Object Copy (ms):  24.9]
      [Termination (ms):  0.0]
         [Termination Attempts:  1]
      [GC Worker Other (ms):  0.0]
      [GC Worker Total (ms):  44.0]
      [GC Worker End (ms):  211781.0]
   [Code Root Fixup: 0.0 ms]
   [Code Root Purge: 0.0 ms]
   [Clear CT: 2.0 ms]
   [Other: 1.6 ms]
      [Choose CSet: 0.0 ms]
      [Ref Proc: 0.8 ms]
      [Ref Enq: 0.0 ms]
      [Redirty Cards: 0.1 ms]
      [Humongous Register: 0.2 ms]
      [Humongous Reclaim: 0.0 ms]
      [Free CSet: 0.1 ms]
   [Eden: 23.0M(23.0M)->0.0B(22.0M) Survivors: 2048.0K->3072.0K Heap: 163.5M(512.0M)->141.5M(512.0M)]
 [Times: user=0.02 sys=0.00, real=0.05 secs] 
2019-04-02T17:37:05.848+0900: 302.167: [GC pause (G1 Evacuation Pause) (young), 0.0828599 secs]
   [Parallel Time: 81.9 ms, GC Workers: 1]
      [GC Worker Start (ms):  302166.9]
      [Ext Root Scanning (ms):  3.0]
      [Update RS (ms):  6.6]
         [Processed Buffers:  30]
      [Scan RS (ms):  8.4]
      [Code Root Scanning (ms):  1.5]
      [Object Copy (ms):  62.2]
      [Termination (ms):  0.0]
         [Termination Attempts:  1]
      [GC Worker Other (ms):  0.0]
      [GC Worker Total (ms):  81.8]
      [GC Worker End (ms):  302248.6]
   [Code Root Fixup: 0.0 ms]
   [Code Root Purge: 0.0 ms]
   [Clear CT: 0.2 ms]
   [Other: 0.6 ms]
      [Choose CSet: 0.0 ms]
      [Ref Proc: 0.2 ms]
      [Ref Enq: 0.0 ms]
      [Redirty Cards: 0.0 ms]
      [Humongous Register: 0.0 ms]
      [Humongous Reclaim: 0.0 ms]
      [Free CSet: 0.1 ms]
   [Eden: 22.0M(22.0M)->0.0B(22.0M) Survivors: 3072.0K->3072.0K Heap: 163.5M(512.0M)->141.5M(512.0M)]
 [Times: user=0.02 sys=0.00, real=0.08 secs] 
2019-04-02T17:38:46.182+0900: 402.501: [GC pause (G1 Evacuation Pause) (young), 0.0358168 secs]
   [Parallel Time: 35.1 ms, GC Workers: 1]
      [GC Worker Start (ms):  402501.1]
      [Ext Root Scanning (ms):  2.9]
      [Update RS (ms):  1.3]
         [Processed Buffers:  29]
      [Scan RS (ms):  2.1]
      [Code Root Scanning (ms):  2.1]
      [Object Copy (ms):  26.4]
      [Termination (ms):  0.0]
         [Termination Attempts:  1]
      [GC Worker Other (ms):  0.0]
      [GC Worker Total (ms):  34.9]
      [GC Worker End (ms):  402535.9]
   [Code Root Fixup: 0.0 ms]
   [Code Root Purge: 0.0 ms]
   [Clear CT: 0.1 ms]
   [Other: 0.7 ms]
      [Choose CSet: 0.0 ms]
      [Ref Proc: 0.2 ms]
      [Ref Enq: 0.0 ms]
      [Redirty Cards: 0.1 ms]
      [Humongous Register: 0.0 ms]
      [Humongous Reclaim: 0.0 ms]
      [Free CSet: 0.1 ms]
   [Eden: 22.0M(22.0M)->0.0B(22.0M) Survivors: 3072.0K->3072.0K Heap: 163.5M(512.0M)->142.3M(512.0M)]
 [Times: user=0.04 sys=0.01, real=0.04 secs] 
2019-04-02T17:40:35.146+0900: 511.465: [GC pause (G1 Evacuation Pause) (young), 0.0482514 secs]
   [Parallel Time: 47.6 ms, GC Workers: 1]
      [GC Worker Start (ms):  511465.3]
      [Ext Root Scanning (ms):  2.9]
      [Update RS (ms):  2.1]
         [Processed Buffers:  39]
      [Scan RS (ms):  2.1]
      [Code Root Scanning (ms):  1.8]
      [Object Copy (ms):  38.6]
      [Termination (ms):  0.0]
         [Termination Attempts:  1]
      [GC Worker Other (ms):  0.0]
      [GC Worker Total (ms):  47.6]
      [GC Worker End (ms):  511512.8]
   [Code Root Fixup: 0.0 ms]
   [Code Root Purge: 0.0 ms]
   [Clear CT: 0.0 ms]
   [Other: 0.5 ms]
      [Choose CSet: 0.0 ms]
      [Ref Proc: 0.1 ms]
      [Ref Enq: 0.0 ms]
      [Redirty Cards: 0.0 ms]
      [Humongous Register: 0.0 ms]
      [Humongous Reclaim: 0.0 ms]
      [Free CSet: 0.0 ms]
   [Eden: 22.0M(22.0M)->0.0B(22.0M) Survivors: 3072.0K->3072.0K Heap: 164.3M(512.0M)->143.5M(512.0M)]
 [Times: user=0.03 sys=0.00, real=0.04 secs] 
2019-04-02T17:42:20.591+0900: 616.910: [GC pause (G1 Evacuation Pause) (young), 0.0420240 secs]
   [Parallel Time: 41.1 ms, GC Workers: 1]
      [GC Worker Start (ms):  616909.9]
      [Ext Root Scanning (ms):  2.4]
      [Update RS (ms):  3.7]
         [Processed Buffers:  45]
      [Scan RS (ms):  0.8]
      [Code Root Scanning (ms):  1.0]
      [Object Copy (ms):  32.2]
      [Termination (ms):  0.0]
         [Termination Attempts:  1]
      [GC Worker Other (ms):  0.0]
      [GC Worker Total (ms):  40.2]
      [GC Worker End (ms):  616950.1]
   [Code Root Fixup: 0.0 ms]
   [Code Root Purge: 0.0 ms]
   [Clear CT: 0.1 ms]
   [Other: 0.9 ms]
      [Choose CSet: 0.0 ms]
      [Ref Proc: 0.4 ms]
      [Ref Enq: 0.0 ms]
      [Redirty Cards: 0.1 ms]
      [Humongous Register: 0.0 ms]
      [Humongous Reclaim: 0.0 ms]
      [Free CSet: 0.0 ms]
   [Eden: 22.0M(22.0M)->0.0B(22.0M) Survivors: 3072.0K->3072.0K Heap: 165.5M(512.0M)->144.5M(512.0M)]
 [Times: user=0.04 sys=0.00, real=0.04 secs] 
2019-04-02T17:44:06.204+0900: 722.523: [GC pause (G1 Evacuation Pause) (young), 0.0231183 secs]
   [Parallel Time: 22.4 ms, GC Workers: 1]
      [GC Worker Start (ms):  722523.2]
      [Ext Root Scanning (ms):  2.2]
      [Update RS (ms):  1.9]
         [Processed Buffers:  42]
      [Scan RS (ms):  1.5]
      [Code Root Scanning (ms):  0.7]
      [Object Copy (ms):  15.9]
      [Termination (ms):  0.0]
         [Termination Attempts:  1]
      [GC Worker Other (ms):  0.0]
      [GC Worker Total (ms):  22.3]
      [GC Worker End (ms):  722545.6]
   [Code Root Fixup: 0.0 ms]
   [Code Root Purge: 0.0 ms]
   [Clear CT: 0.0 ms]
   [Other: 0.6 ms]
      [Choose CSet: 0.0 ms]
      [Ref Proc: 0.1 ms]
      [Ref Enq: 0.0 ms]
      [Redirty Cards: 0.1 ms]
      [Humongous Register: 0.0 ms]
      [Humongous Reclaim: 0.0 ms]
      [Free CSet: 0.0 ms]
   [Eden: 22.0M(22.0M)->0.0B(23.0M) Survivors: 3072.0K->2048.0K Heap: 166.5M(512.0M)->144.0M(512.0M)]
 [Times: user=0.02 sys=0.00, real=0.03 secs] 
2019-04-02T17:46:02.473+0900: 838.792: [GC pause (G1 Evacuation Pause) (young), 0.0512837 secs]
   [Parallel Time: 50.5 ms, GC Workers: 1]
      [GC Worker Start (ms):  838792.2]
      [Ext Root Scanning (ms):  2.8]
      [Update RS (ms):  2.8]
         [Processed Buffers:  42]
      [Scan RS (ms):  10.0]
      [Code Root Scanning (ms):  0.5]
      [Object Copy (ms):  33.9]
      [Termination (ms):  0.0]
         [Termination Attempts:  1]
      [GC Worker Other (ms):  0.0]
      [GC Worker Total (ms):  50.1]
      [GC Worker End (ms):  838842.3]
   [Code Root Fixup: 0.0 ms]
   [Code Root Purge: 0.0 ms]
   [Clear CT: 0.0 ms]
   [Other: 0.7 ms]
      [Choose CSet: 0.0 ms]
      [Ref Proc: 0.1 ms]
      [Ref Enq: 0.0 ms]
      [Redirty Cards: 0.0 ms]
      [Humongous Register: 0.0 ms]
      [Humongous Reclaim: 0.0 ms]
      [Free CSet: 0.0 ms]
   [Eden: 23.0M(23.0M)->0.0B(22.0M) Survivors: 2048.0K->3072.0K Heap: 167.0M(512.0M)->145.0M(512.0M)]
 [Times: user=0.04 sys=0.00, real=0.06 secs] 
2019-04-02T17:47:53.449+0900: 949.767: [GC pause (G1 Evacuation Pause) (young), 0.0565778 secs]
   [Parallel Time: 40.1 ms, GC Workers: 1]
      [GC Worker Start (ms):  949783.3]
      [Ext Root Scanning (ms):  2.9]
      [Update RS (ms):  3.6]
         [Processed Buffers:  44]
      [Scan RS (ms):  3.7]
      [Code Root Scanning (ms):  0.4]
      [Object Copy (ms):  29.3]
      [Termination (ms):  0.0]
         [Termination Attempts:  1]
      [GC Worker Other (ms):  0.0]
      [GC Worker Total (ms):  40.0]
      [GC Worker End (ms):  949823.3]
   [Code Root Fixup: 0.0 ms]
   [Code Root Purge: 0.0 ms]
   [Clear CT: 0.0 ms]
   [Other: 16.4 ms]
      [Choose CSet: 0.0 ms]
      [Ref Proc: 0.1 ms]
      [Ref Enq: 0.0 ms]
      [Redirty Cards: 0.0 ms]
      [Humongous Register: 0.1 ms]
      [Humongous Reclaim: 0.0 ms]
      [Free CSet: 0.1 ms]
   [Eden: 22.0M(22.0M)->0.0B(21.0M) Survivors: 3072.0K->4096.0K Heap: 167.0M(512.0M)->145.9M(512.0M)]
 [Times: user=0.04 sys=0.01, real=0.07 secs] 
2019-04-02T17:49:39.646+0900: 1055.965: [GC pause (G1 Evacuation Pause) (young), 0.2064002 secs]
   [Parallel Time: 127.0 ms, GC Workers: 1]
      [GC Worker Start (ms):  1056051.8]
      [Ext Root Scanning (ms):  3.5]
      [Update RS (ms):  3.5]
         [Processed Buffers:  36]
      [Scan RS (ms):  4.3]
      [Code Root Scanning (ms):  0.6]
      [Object Copy (ms):  106.5]
      [Termination (ms):  0.0]
         [Termination Attempts:  1]
      [GC Worker Other (ms):  0.0]
      [GC Worker Total (ms):  118.4]
      [GC Worker End (ms):  1056170.2]
   [Code Root Fixup: 0.0 ms]
   [Code Root Purge: 0.0 ms]
   [Clear CT: 0.1 ms]
   [Other: 79.3 ms]
      [Choose CSet: 0.0 ms]
      [Ref Proc: 0.3 ms]
      [Ref Enq: 0.0 ms]
      [Redirty Cards: 0.1 ms]
      [Humongous Register: 0.3 ms]
      [Humongous Reclaim: 0.0 ms]
      [Free CSet: 0.4 ms]
   [Eden: 21.0M(21.0M)->0.0B(21.0M) Survivors: 4096.0K->4096.0K Heap: 166.9M(512.0M)->147.1M(512.0M)]
 [Times: user=0.06 sys=0.00, real=0.22 secs] 
2019-04-02T17:51:27.375+0900: 1163.694: [GC pause (G1 Evacuation Pause) (young), 0.1235287 secs]
   [Parallel Time: 73.5 ms, GC Workers: 1]
      [GC Worker Start (ms):  1163760.4]
      [Ext Root Scanning (ms):  5.0]
      [Update RS (ms):  4.7]
         [Processed Buffers:  36]
      [Scan RS (ms):  6.1]
      [Code Root Scanning (ms):  0.1]
      [Object Copy (ms):  40.2]
      [Termination (ms):  0.0]
         [Termination Attempts:  1]
      [GC Worker Other (ms):  0.0]
      [GC Worker Total (ms):  56.1]
      [GC Worker End (ms):  1163816.5]
   [Code Root Fixup: 0.0 ms]
   [Code Root Purge: 0.0 ms]
   [Clear CT: 0.0 ms]
   [Other: 49.9 ms]
      [Choose CSet: 0.0 ms]
      [Ref Proc: 0.1 ms]
      [Ref Enq: 0.0 ms]
      [Redirty Cards: 0.1 ms]
      [Humongous Register: 0.0 ms]
      [Humongous Reclaim: 0.0 ms]
      [Free CSet: 0.0 ms]
   [Eden: 21.0M(21.0M)->0.0B(21.0M) Survivors: 4096.0K->4096.0K Heap: 168.1M(512.0M)->148.5M(512.0M)]
 [Times: user=0.05 sys=0.00, real=0.13 secs] 
2019-04-02T17:53:12.288+0900: 1268.607: [GC pause (G1 Evacuation Pause) (young), 0.0588430 secs]
   [Parallel Time: 58.2 ms, GC Workers: 1]
      [GC Worker Start (ms):  1268606.8]
      [Ext Root Scanning (ms):  24.2]
      [Update RS (ms):  3.9]
         [Processed Buffers:  39]
      [Scan RS (ms):  7.4]
      [Code Root Scanning (ms):  0.1]
      [Object Copy (ms):  22.4]
      [Termination (ms):  0.0]
         [Termination Attempts:  1]
      [GC Worker Other (ms):  0.0]
      [GC Worker Total (ms):  58.1]
      [GC Worker End (ms):  1268664.9]
   [Code Root Fixup: 0.0 ms]
   [Code Root Purge: 0.0 ms]
   [Clear CT: 0.1 ms]
   [Other: 0.6 ms]
      [Choose CSet: 0.0 ms]
      [Ref Proc: 0.1 ms]
      [Ref Enq: 0.0 ms]
      [Redirty Cards: 0.1 ms]
      [Humongous Register: 0.0 ms]
      [Humongous Reclaim: 0.0 ms]
      [Free CSet: 0.0 ms]
   [Eden: 21.0M(21.0M)->0.0B(22.0M) Survivors: 4096.0K->3072.0K Heap: 169.5M(512.0M)->148.0M(512.0M)]
 [Times: user=0.04 sys=0.00, real=0.06 secs] 
2019-04-02T17:55:04.703+0900: 1381.021: [GC pause (G1 Evacuation Pause) (young), 0.0765359 secs]
   [Parallel Time: 71.7 ms, GC Workers: 1]
      [GC Worker Start (ms):  1381021.4]
      [Ext Root Scanning (ms):  2.7]
      [Update RS (ms):  4.9]
         [Processed Buffers:  36]
      [Scan RS (ms):  7.8]
      [Code Root Scanning (ms):  0.1]
      [Object Copy (ms):  56.1]
      [Termination (ms):  0.0]
         [Termination Attempts:  1]
      [GC Worker Other (ms):  0.0]
      [GC Worker Total (ms):  71.6]
      [GC Worker End (ms):  1381093.0]
   [Code Root Fixup: 0.0 ms]
   [Code Root Purge: 0.0 ms]
   [Clear CT: 0.1 ms]
   [Other: 4.8 ms]
      [Choose CSet: 0.0 ms]
      [Ref Proc: 4.4 ms]
      [Ref Enq: 0.0 ms]
      [Redirty Cards: 0.1 ms]
      [Humongous Register: 0.0 ms]
      [Humongous Reclaim: 0.0 ms]
      [Free CSet: 0.0 ms]
   [Eden: 22.0M(22.0M)->0.0B(21.0M) Survivors: 3072.0K->4096.0K Heap: 170.0M(512.0M)->149.0M(512.0M)]
 [Times: user=0.04 sys=0.00, real=0.08 secs] 
2019-04-02T17:56:49.832+0900: 1486.150: [GC pause (G1 Evacuation Pause) (young), 0.0515614 secs]
   [Parallel Time: 50.9 ms, GC Workers: 1]
      [GC Worker Start (ms):  1486150.3]
      [Ext Root Scanning (ms):  2.5]
      [Update RS (ms):  4.1]
         [Processed Buffers:  37]
      [Scan RS (ms):  5.6]
      [Code Root Scanning (ms):  0.1]
      [Object Copy (ms):  38.4]
      [Termination (ms):  0.0]
         [Termination Attempts:  1]
      [GC Worker Other (ms):  0.0]
      [GC Worker Total (ms):  50.8]
      [GC Worker End (ms):  1486201.1]
   [Code Root Fixup: 0.0 ms]
   [Code Root Purge: 0.0 ms]
   [Clear CT: 0.1 ms]
   [Other: 0.6 ms]
      [Choose CSet: 0.0 ms]
      [Ref Proc: 0.1 ms]
      [Ref Enq: 0.0 ms]
      [Redirty Cards: 0.1 ms]
      [Humongous Register: 0.0 ms]
      [Humongous Reclaim: 0.0 ms]
      [Free CSet: 0.0 ms]
   [Eden: 21.0M(21.0M)->0.0B(21.0M) Survivors: 4096.0K->4096.0K Heap: 170.0M(512.0M)->150.1M(512.0M)]
 [Times: user=0.05 sys=0.00, real=0.05 secs] 
2019-04-02T17:58:38.844+0900: 1595.163: [GC pause (G1 Evacuation Pause) (young), 0.1415311 secs]
   [Parallel Time: 140.8 ms, GC Workers: 1]
      [GC Worker Start (ms):  1595163.1]
      [Ext Root Scanning (ms):  2.7]
      [Update RS (ms):  5.5]
         [Processed Buffers:  34]
      [Scan RS (ms):  6.6]
      [Code Root Scanning (ms):  0.2]
      [Object Copy (ms):  125.7]
      [Termination (ms):  0.0]
         [Termination Attempts:  1]
      [GC Worker Other (ms):  0.0]
      [GC Worker Total (ms):  140.7]
      [GC Worker End (ms):  1595303.9]
   [Code Root Fixup: 0.0 ms]
   [Code Root Purge: 0.0 ms]
   [Clear CT: 0.1 ms]
   [Other: 0.7 ms]
      [Choose CSet: 0.0 ms]
      [Ref Proc: 0.2 ms]
      [Ref Enq: 0.0 ms]
      [Redirty Cards: 0.1 ms]
      [Humongous Register: 0.0 ms]
      [Humongous Reclaim: 0.0 ms]
      [Free CSet: 0.0 ms]
   [Eden: 21.0M(21.0M)->0.0B(21.0M) Survivors: 4096.0K->4096.0K Heap: 171.1M(512.0M)->151.5M(512.0M)]
 [Times: user=0.05 sys=0.00, real=0.15 secs] 
2019-04-02T18:00:28.960+0900: 1705.279: [GC pause (G1 Evacuation Pause) (young), 0.0387947 secs]
   [Parallel Time: 38.2 ms, GC Workers: 1]
      [GC Worker Start (ms):  1705279.0]
      [Ext Root Scanning (ms):  2.5]
      [Update RS (ms):  5.2]
         [Processed Buffers:  38]
      [Scan RS (ms):  7.3]
      [Code Root Scanning (ms):  0.1]
      [Object Copy (ms):  23.0]
      [Termination (ms):  0.0]
         [Termination Attempts:  1]
      [GC Worker Other (ms):  0.0]
      [GC Worker Total (ms):  38.1]
      [GC Worker End (ms):  1705317.1]
   [Code Root Fixup: 0.0 ms]
   [Code Root Purge: 0.0 ms]
   [Clear CT: 0.1 ms]
   [Other: 0.6 ms]
      [Choose CSet: 0.0 ms]
      [Ref Proc: 0.1 ms]
      [Ref Enq: 0.0 ms]
      [Redirty Cards: 0.1 ms]
      [Humongous Register: 0.0 ms]
      [Humongous Reclaim: 0.0 ms]
      [Free CSet: 0.0 ms]
   [Eden: 21.0M(21.0M)->0.0B(23.0M) Survivors: 4096.0K->2048.0K Heap: 172.5M(512.0M)->150.5M(512.0M)]
 [Times: user=0.03 sys=0.00, real=0.04 secs] 
2019-04-02T18:02:27.213+0900: 1823.532: [GC pause (G1 Evacuation Pause) (young), 0.0356600 secs]
   [Parallel Time: 35.1 ms, GC Workers: 1]
      [GC Worker Start (ms):  1823531.7]
      [Ext Root Scanning (ms):  2.5]
      [Update RS (ms):  4.7]
         [Processed Buffers:  40]
      [Scan RS (ms):  6.2]
      [Code Root Scanning (ms):  0.1]
      [Object Copy (ms):  21.5]
      [Termination (ms):  0.0]
         [Termination Attempts:  1]
      [GC Worker Other (ms):  0.0]
      [GC Worker Total (ms):  35.0]
      [GC Worker End (ms):  1823566.7]
   [Code Root Fixup: 0.0 ms]
   [Code Root Purge: 0.0 ms]
   [Clear CT: 0.0 ms]
   [Other: 0.5 ms]
      [Choose CSet: 0.0 ms]
      [Ref Proc: 0.1 ms]
      [Ref Enq: 0.0 ms]
      [Redirty Cards: 0.1 ms]
      [Humongous Register: 0.0 ms]
      [Humongous Reclaim: 0.0 ms]
      [Free CSet: 0.0 ms]
   [Eden: 23.0M(23.0M)->0.0B(22.0M) Survivors: 2048.0K->3072.0K Heap: 173.5M(512.0M)->151.5M(512.0M)]
 [Times: user=0.04 sys=0.00, real=0.04 secs] 
2019-04-02T18:04:18.852+0900: 1935.170: [GC pause (G1 Evacuation Pause) (young), 0.0583118 secs]
   [Parallel Time: 57.6 ms, GC Workers: 1]
      [GC Worker Start (ms):  1935170.9]
      [Ext Root Scanning (ms):  2.2]
      [Update RS (ms):  4.9]
         [Processed Buffers:  38]
      [Scan RS (ms):  5.5]
      [Code Root Scanning (ms):  0.1]
      [Object Copy (ms):  44.8]
      [Termination (ms):  0.0]
         [Termination Attempts:  1]
      [GC Worker Other (ms):  0.0]
      [GC Worker Total (ms):  57.5]
      [GC Worker End (ms):  1935228.3]
   [Code Root Fixup: 0.0 ms]
   [Code Root Purge: 0.0 ms]
   [Clear CT: 0.1 ms]
   [Other: 0.7 ms]
      [Choose CSet: 0.0 ms]
      [Ref Proc: 0.1 ms]
      [Ref Enq: 0.0 ms]
      [Redirty Cards: 0.1 ms]
      [Humongous Register: 0.2 ms]
      [Humongous Reclaim: 0.0 ms]
      [Free CSet: 0.0 ms]
   [Eden: 22.0M(22.0M)->0.0B(21.0M) Survivors: 3072.0K->4096.0K Heap: 173.5M(512.0M)->152.6M(512.0M)]
 [Times: user=0.05 sys=0.00, real=0.06 secs] 
2019-04-02T18:06:05.505+0900: 2041.823: [GC pause (G1 Evacuation Pause) (young), 0.0562250 secs]
   [Parallel Time: 55.5 ms, GC Workers: 1]
      [GC Worker Start (ms):  2041823.7]
      [Ext Root Scanning (ms):  2.3]
      [Update RS (ms):  6.8]
         [Processed Buffers:  36]
      [Scan RS (ms):  6.2]
      [Code Root Scanning (ms):  0.1]
      [Object Copy (ms):  40.0]
      [Termination (ms):  0.0]
         [Termination Attempts:  1]
      [GC Worker Other (ms):  0.0]
      [GC Worker Total (ms):  55.4]
      [GC Worker End (ms):  2041879.1]
   [Code Root Fixup: 0.0 ms]
   [Code Root Purge: 0.0 ms]
   [Clear CT: 0.1 ms]
   [Other: 0.6 ms]
      [Choose CSet: 0.0 ms]
      [Ref Proc: 0.1 ms]
      [Ref Enq: 0.0 ms]
      [Redirty Cards: 0.1 ms]
      [Humongous Register: 0.0 ms]
      [Humongous Reclaim: 0.1 ms]
      [Free CSet: 0.0 ms]
   [Eden: 21.0M(21.0M)->0.0B(21.0M) Survivors: 4096.0K->4096.0K Heap: 173.6M(512.0M)->153.8M(512.0M)]
 [Times: user=0.05 sys=0.00, real=0.06 secs] 
2019-04-02T18:07:56.660+0900: 2152.979: [GC pause (G1 Evacuation Pause) (young), 0.0575180 secs]
   [Parallel Time: 56.7 ms, GC Workers: 1]
      [GC Worker Start (ms):  2152979.3]
      [Ext Root Scanning (ms):  2.4]
      [Update RS (ms):  4.1]
         [Processed Buffers:  36]
      [Scan RS (ms):  7.4]
      [Code Root Scanning (ms):  0.0]
      [Object Copy (ms):  42.7]
      [Termination (ms):  0.0]
         [Termination Attempts:  1]
      [GC Worker Other (ms):  0.0]
      [GC Worker Total (ms):  56.7]
      [GC Worker End (ms):  2153036.0]
   [Code Root Fixup: 0.0 ms]
   [Code Root Purge: 0.0 ms]
   [Clear CT: 0.1 ms]
   [Other: 0.7 ms]
      [Choose CSet: 0.0 ms]
      [Ref Proc: 0.2 ms]
      [Ref Enq: 0.0 ms]
      [Redirty Cards: 0.1 ms]
      [Humongous Register: 0.2 ms]
      [Humongous Reclaim: 0.0 ms]
      [Free CSet: 0.0 ms]
   [Eden: 21.0M(21.0M)->0.0B(21.0M) Survivors: 4096.0K->4096.0K Heap: 174.8M(512.0M)->156.0M(512.0M)]
 [Times: user=0.05 sys=0.00, real=0.06 secs] 
2019-04-02T18:09:43.538+0900: 2259.856: [GC pause (G1 Evacuation Pause) (young), 0.0686468 secs]
   [Parallel Time: 57.9 ms, GC Workers: 1]
      [GC Worker Start (ms):  2259856.6]
      [Ext Root Scanning (ms):  23.1]
      [Update RS (ms):  4.0]
         [Processed Buffers:  37]
      [Scan RS (ms):  6.5]
      [Code Root Scanning (ms):  0.1]
      [Object Copy (ms):  24.2]
      [Termination (ms):  0.0]
         [Termination Attempts:  1]
      [GC Worker Other (ms):  0.0]
      [GC Worker Total (ms):  57.8]
      [GC Worker End (ms):  2259914.4]
   [Code Root Fixup: 0.0 ms]
   [Code Root Purge: 0.0 ms]
   [Clear CT: 0.1 ms]
   [Other: 10.7 ms]
      [Choose CSet: 0.0 ms]
      [Ref Proc: 10.2 ms]
      [Ref Enq: 0.0 ms]
      [Redirty Cards: 0.1 ms]
      [Humongous Register: 0.0 ms]
      [Humongous Reclaim: 0.0 ms]
      [Free CSet: 0.0 ms]
   [Eden: 21.0M(21.0M)->0.0B(22.0M) Survivors: 4096.0K->3072.0K Heap: 177.0M(512.0M)->156.0M(512.0M)]
 [Times: user=0.03 sys=0.00, real=0.07 secs] 
2019-04-02T18:11:39.428+0900: 2375.746: [GC pause (G1 Evacuation Pause) (young), 0.0418810 secs]
   [Parallel Time: 41.2 ms, GC Workers: 1]
      [GC Worker Start (ms):  2375746.7]
      [Ext Root Scanning (ms):  2.3]
      [Update RS (ms):  5.8]
         [Processed Buffers:  39]
      [Scan RS (ms):  6.1]
      [Code Root Scanning (ms):  0.1]
      [Object Copy (ms):  26.8]
      [Termination (ms):  0.0]
         [Termination Attempts:  1]
      [GC Worker Other (ms):  0.0]
      [GC Worker Total (ms):  41.1]
      [GC Worker End (ms):  2375787.8]
   [Code Root Fixup: 0.0 ms]
   [Code Root Purge: 0.0 ms]
   [Clear CT: 0.1 ms]
   [Other: 0.7 ms]
      [Choose CSet: 0.0 ms]
      [Ref Proc: 0.1 ms]
      [Ref Enq: 0.0 ms]
      [Redirty Cards: 0.1 ms]
      [Humongous Register: 0.0 ms]
      [Humongous Reclaim: 0.0 ms]
      [Free CSet: 0.0 ms]
   [Eden: 22.0M(22.0M)->0.0B(21.0M) Survivors: 3072.0K->4096.0K Heap: 178.0M(512.0M)->157.0M(512.0M)]
 [Times: user=0.05 sys=0.00, real=0.04 secs] 
2019-04-02T18:13:29.744+0900: 2486.063: [GC pause (G1 Evacuation Pause) (young), 0.0505822 secs]
   [Parallel Time: 49.9 ms, GC Workers: 1]
      [GC Worker Start (ms):  2486062.9]
      [Ext Root Scanning (ms):  2.7]
      [Update RS (ms):  4.9]
         [Processed Buffers:  39]
      [Scan RS (ms):  5.4]
      [Code Root Scanning (ms):  0.1]
      [Object Copy (ms):  36.8]
      [Termination (ms):  0.0]
         [Termination Attempts:  1]
      [GC Worker Other (ms):  0.0]
      [GC Worker Total (ms):  49.8]
      [GC Worker End (ms):  2486112.7]
   [Code Root Fixup: 0.0 ms]
   [Code Root Purge: 0.0 ms]
   [Clear CT: 0.0 ms]
   [Other: 0.7 ms]
      [Choose CSet: 0.0 ms]
      [Ref Proc: 0.1 ms]
      [Ref Enq: 0.0 ms]
      [Redirty Cards: 0.1 ms]
      [Humongous Register: 0.1 ms]
      [Humongous Reclaim: 0.0 ms]
      [Free CSet: 0.0 ms]
   [Eden: 21.0M(21.0M)->0.0B(21.0M) Survivors: 4096.0K->4096.0K Heap: 178.0M(512.0M)->158.0M(512.0M)]
 [Times: user=0.05 sys=0.00, real=0.05 secs] 
2019-04-02T18:15:17.972+0900: 2594.291: [GC pause (G1 Evacuation Pause) (young), 0.0731080 secs]
   [Parallel Time: 72.5 ms, GC Workers: 1]
      [GC Worker Start (ms):  2594291.2]
      [Ext Root Scanning (ms):  2.5]
      [Update RS (ms):  4.1]
         [Processed Buffers:  37]
      [Scan RS (ms):  6.5]
      [Code Root Scanning (ms):  0.1]
      [Object Copy (ms):  59.0]
      [Termination (ms):  0.0]
         [Termination Attempts:  1]
      [GC Worker Other (ms):  0.0]
      [GC Worker Total (ms):  72.3]
      [GC Worker End (ms):  2594363.5]
   [Code Root Fixup: 0.0 ms]
   [Code Root Purge: 0.0 ms]
   [Clear CT: 0.1 ms]
   [Other: 0.6 ms]
      [Choose CSet: 0.0 ms]
      [Ref Proc: 0.1 ms]
      [Ref Enq: 0.0 ms]
      [Redirty Cards: 0.1 ms]
      [Humongous Register: 0.0 ms]
      [Humongous Reclaim: 0.0 ms]
      [Free CSet: 0.0 ms]
   [Eden: 21.0M(21.0M)->0.0B(21.0M) Survivors: 4096.0K->4096.0K Heap: 179.0M(512.0M)->159.5M(512.0M)]
 [Times: user=0.05 sys=0.00, real=0.08 secs] 
2019-04-02T18:17:05.208+0900: 2701.526: [GC pause (G1 Evacuation Pause) (young), 0.0663740 secs]
   [Parallel Time: 65.5 ms, GC Workers: 1]
      [GC Worker Start (ms):  2701526.3]
      [Ext Root Scanning (ms):  2.5]
      [Update RS (ms):  6.8]
         [Processed Buffers:  42]
      [Scan RS (ms):  11.4]
      [Code Root Scanning (ms):  0.3]
      [Object Copy (ms):  44.0]
      [Termination (ms):  0.0]
         [Termination Attempts:  1]
      [GC Worker Other (ms):  0.0]
      [GC Worker Total (ms):  65.0]
      [GC Worker End (ms):  2701591.3]
   [Code Root Fixup: 0.0 ms]
   [Code Root Purge: 0.0 ms]
   [Clear CT: 0.1 ms]
   [Other: 0.8 ms]
      [Choose CSet: 0.0 ms]
      [Ref Proc: 0.2 ms]
      [Ref Enq: 0.0 ms]
      [Redirty Cards: 0.1 ms]
      [Humongous Register: 0.0 ms]
      [Humongous Reclaim: 0.2 ms]
      [Free CSet: 0.0 ms]
   [Eden: 21.0M(21.0M)->0.0B(21.0M) Survivors: 4096.0K->4096.0K Heap: 180.5M(512.0M)->160.5M(512.0M)]
 [Times: user=0.05 sys=0.00, real=0.06 secs] 
2019-04-02T18:18:55.893+0900: 2812.212: [GC pause (G1 Evacuation Pause) (young), 0.0404760 secs]
   [Parallel Time: 39.6 ms, GC Workers: 1]
      [GC Worker Start (ms):  2812212.1]
      [Ext Root Scanning (ms):  2.5]
      [Update RS (ms):  4.8]
         [Processed Buffers:  35]
      [Scan RS (ms):  6.4]
      [Code Root Scanning (ms):  0.2]
      [Object Copy (ms):  25.5]
      [Termination (ms):  0.0]
         [Termination Attempts:  1]
      [GC Worker Other (ms):  0.0]
      [GC Worker Total (ms):  39.5]
      [GC Worker End (ms):  2812251.6]
   [Code Root Fixup: 0.0 ms]
   [Code Root Purge: 0.0 ms]
   [Clear CT: 0.1 ms]
   [Other: 0.8 ms]
      [Choose CSet: 0.0 ms]
      [Ref Proc: 0.1 ms]
      [Ref Enq: 0.0 ms]
      [Redirty Cards: 0.2 ms]
      [Humongous Register: 0.0 ms]
      [Humongous Reclaim: 0.0 ms]
      [Free CSet: 0.0 ms]
   [Eden: 21.0M(21.0M)->0.0B(22.0M) Survivors: 4096.0K->3072.0K Heap: 181.5M(512.0M)->160.5M(512.0M)]
 [Times: user=0.04 sys=0.00, real=0.04 secs] 
2019-04-02T18:20:50.259+0900: 2926.578: [GC pause (G1 Evacuation Pause) (young), 0.0432356 secs]
   [Parallel Time: 42.5 ms, GC Workers: 1]
      [GC Worker Start (ms):  2926578.0]
      [Ext Root Scanning (ms):  2.6]
      [Update RS (ms):  4.5]
         [Processed Buffers:  39]
      [Scan RS (ms):  6.3]
      [Code Root Scanning (ms):  0.2]
      [Object Copy (ms):  28.7]
      [Termination (ms):  0.0]
         [Termination Attempts:  1]
      [GC Worker Other (ms):  0.0]
      [GC Worker Total (ms):  42.3]
      [GC Worker End (ms):  2926620.4]
   [Code Root Fixup: 0.0 ms]
   [Code Root Purge: 0.0 ms]
   [Clear CT: 0.0 ms]
   [Other: 0.7 ms]
      [Choose CSet: 0.0 ms]
      [Ref Proc: 0.1 ms]
      [Ref Enq: 0.0 ms]
      [Redirty Cards: 0.1 ms]
      [Humongous Register: 0.1 ms]
      [Humongous Reclaim: 0.0 ms]
      [Free CSet: 0.0 ms]
   [Eden: 22.0M(22.0M)->0.0B(21.0M) Survivors: 3072.0K->4096.0K Heap: 182.5M(512.0M)->161.5M(512.0M)]
 [Times: user=0.05 sys=0.00, real=0.04 secs] 
2019-04-02T18:22:39.537+0900: 3035.855: [GC pause (G1 Evacuation Pause) (young), 0.0561022 secs]
   [Parallel Time: 55.3 ms, GC Workers: 1]
      [GC Worker Start (ms):  3035855.4]
      [Ext Root Scanning (ms):  2.5]
      [Update RS (ms):  4.7]
         [Processed Buffers:  36]
      [Scan RS (ms):  6.0]
      [Code Root Scanning (ms):  0.2]
      [Object Copy (ms):  42.0]
      [Termination (ms):  0.0]
         [Termination Attempts:  1]
      [GC Worker Other (ms):  0.0]
      [GC Worker Total (ms):  55.3]
      [GC Worker End (ms):  3035910.7]
   [Code Root Fixup: 0.0 ms]
   [Code Root Purge: 0.0 ms]
   [Clear CT: 0.1 ms]
   [Other: 0.7 ms]
      [Choose CSet: 0.0 ms]
      [Ref Proc: 0.2 ms]
      [Ref Enq: 0.0 ms]
      [Redirty Cards: 0.1 ms]
      [Humongous Register: 0.0 ms]
      [Humongous Reclaim: 0.0 ms]
      [Free CSet: 0.0 ms]
   [Eden: 21.0M(21.0M)->0.0B(21.0M) Survivors: 4096.0K->4096.0K Heap: 182.5M(512.0M)->162.5M(512.0M)]
 [Times: user=0.06 sys=0.00, real=0.07 secs] 
2019-04-02T18:24:30.078+0900: 3146.397: [GC pause (G1 Evacuation Pause) (young), 0.0542057 secs]
   [Parallel Time: 53.5 ms, GC Workers: 1]
      [GC Worker Start (ms):  3146396.9]
      [Ext Root Scanning (ms):  2.5]
      [Update RS (ms):  5.2]
         [Processed Buffers:  37]
      [Scan RS (ms):  6.6]
      [Code Root Scanning (ms):  0.1]
      [Object Copy (ms):  39.1]
      [Termination (ms):  0.0]
         [Termination Attempts:  1]
      [GC Worker Other (ms):  0.0]
      [GC Worker Total (ms):  53.4]
      [GC Worker End (ms):  3146450.4]
   [Code Root Fixup: 0.0 ms]
   [Code Root Purge: 0.0 ms]
   [Clear CT: 0.1 ms]
   [Other: 0.6 ms]
      [Choose CSet: 0.0 ms]
      [Ref Proc: 0.1 ms]
      [Ref Enq: 0.0 ms]
      [Redirty Cards: 0.2 ms]
      [Humongous Register: 0.0 ms]
      [Humongous Reclaim: 0.0 ms]
      [Free CSet: 0.0 ms]
   [Eden: 21.0M(21.0M)->0.0B(21.0M) Survivors: 4096.0K->4096.0K Heap: 183.5M(512.0M)->163.5M(512.0M)]
 [Times: user=0.05 sys=0.00, real=0.05 secs] 
2019-04-02T18:26:18.682+0900: 3255.001: [GC pause (G1 Evacuation Pause) (young), 0.0385920 secs]
   [Parallel Time: 38.0 ms, GC Workers: 1]
      [GC Worker Start (ms):  3255001.0]
      [Ext Root Scanning (ms):  2.5]
      [Update RS (ms):  4.7]
         [Processed Buffers:  39]
      [Scan RS (ms):  8.2]
      [Code Root Scanning (ms):  0.0]
      [Object Copy (ms):  22.5]
      [Termination (ms):  0.0]
         [Termination Attempts:  1]
      [GC Worker Other (ms):  0.0]
      [GC Worker Total (ms):  37.9]
      [GC Worker End (ms):  3255039.0]
   [Code Root Fixup: 0.0 ms]
   [Code Root Purge: 0.0 ms]
   [Clear CT: 0.1 ms]
   [Other: 0.6 ms]
      [Choose CSet: 0.0 ms]
      [Ref Proc: 0.1 ms]
      [Ref Enq: 0.0 ms]
      [Redirty Cards: 0.1 ms]
      [Humongous Register: 0.0 ms]
      [Humongous Reclaim: 0.0 ms]
      [Free CSet: 0.0 ms]
   [Eden: 21.0M(21.0M)->0.0B(22.0M) Survivors: 4096.0K->3072.0K Heap: 184.5M(512.0M)->163.0M(512.0M)]
 [Times: user=0.04 sys=0.00, real=0.04 secs] 
2019-04-02T18:28:13.065+0900: 3369.383: [GC pause (G1 Evacuation Pause) (young), 0.0396007 secs]
   [Parallel Time: 39.0 ms, GC Workers: 1]
      [GC Worker Start (ms):  3369383.6]
      [Ext Root Scanning (ms):  2.6]
      [Update RS (ms):  5.0]
         [Processed Buffers:  35]
      [Scan RS (ms):  6.5]
      [Code Root Scanning (ms):  0.0]
      [Object Copy (ms):  24.8]
      [Termination (ms):  0.0]
         [Termination Attempts:  1]
      [GC Worker Other (ms):  0.0]
      [GC Worker Total (ms):  38.9]
      [GC Worker End (ms):  3369422.5]
   [Code Root Fixup: 0.0 ms]
   [Code Root Purge: 0.0 ms]
   [Clear CT: 0.1 ms]
   [Other: 0.5 ms]
      [Choose CSet: 0.0 ms]
      [Ref Proc: 0.1 ms]
      [Ref Enq: 0.0 ms]
      [Redirty Cards: 0.1 ms]
      [Humongous Register: 0.0 ms]
      [Humongous Reclaim: 0.0 ms]
      [Free CSet: 0.0 ms]
   [Eden: 22.0M(22.0M)->0.0B(21.0M) Survivors: 3072.0K->4096.0K Heap: 185.0M(512.0M)->164.0M(512.0M)]
 [Times: user=0.04 sys=0.00, real=0.04 secs] 
2019-04-02T18:30:03.355+0900: 3479.674: [GC pause (G1 Evacuation Pause) (young), 0.0803784 secs]
   [Parallel Time: 79.5 ms, GC Workers: 1]
      [GC Worker Start (ms):  3479674.1]
      [Ext Root Scanning (ms):  2.3]
      [Update RS (ms):  4.5]
         [Processed Buffers:  37]
      [Scan RS (ms):  6.5]
      [Code Root Scanning (ms):  0.0]
      [Object Copy (ms):  66.0]
      [Termination (ms):  0.0]
         [Termination Attempts:  1]
      [GC Worker Other (ms):  0.0]
      [GC Worker Total (ms):  79.4]
      [GC Worker End (ms):  3479753.5]
   [Code Root Fixup: 0.0 ms]
   [Code Root Purge: 0.0 ms]
   [Clear CT: 0.1 ms]
   [Other: 0.8 ms]
      [Choose CSet: 0.0 ms]
      [Ref Proc: 0.2 ms]
      [Ref Enq: 0.0 ms]
      [Redirty Cards: 0.1 ms]
      [Humongous Register: 0.0 ms]
      [Humongous Reclaim: 0.0 ms]
      [Free CSet: 0.1 ms]
   [Eden: 21.0M(21.0M)->0.0B(21.0M) Survivors: 4096.0K->4096.0K Heap: 185.0M(512.0M)->165.2M(512.0M)]
 [Times: user=0.05 sys=0.00, real=0.09 secs] 
2019-04-02T18:31:51.037+0900: 3587.355: [GC pause (G1 Evacuation Pause) (young), 0.1404641 secs]
   [Parallel Time: 85.4 ms, GC Workers: 1]
      [GC Worker Start (ms):  3587355.7]
      [Ext Root Scanning (ms):  2.4]
      [Update RS (ms):  5.5]
         [Processed Buffers:  38]
      [Scan RS (ms):  9.3]
      [Code Root Scanning (ms):  0.0]
      [Object Copy (ms):  68.0]
      [Termination (ms):  0.0]
         [Termination Attempts:  1]
      [GC Worker Other (ms):  0.0]
      [GC Worker Total (ms):  85.4]
      [GC Worker End (ms):  3587441.0]
   [Code Root Fixup: 0.0 ms]
   [Code Root Purge: 0.0 ms]
   [Clear CT: 0.1 ms]
   [Other: 55.0 ms]
      [Choose CSet: 0.0 ms]
      [Ref Proc: 54.4 ms]
      [Ref Enq: 0.0 ms]
      [Redirty Cards: 0.1 ms]
      [Humongous Register: 0.0 ms]
      [Humongous Reclaim: 0.0 ms]
      [Free CSet: 0.0 ms]
   [Eden: 21.0M(21.0M)->0.0B(21.0M) Survivors: 4096.0K->4096.0K Heap: 186.2M(512.0M)->167.0M(512.0M)]
 [Times: user=0.05 sys=0.00, real=0.14 secs] 
2019-04-02T18:33:17.963+0900: 3674.282: [GC pause (G1 Evacuation Pause) (young), 0.1048934 secs]
   [Parallel Time: 103.8 ms, GC Workers: 1]
      [GC Worker Start (ms):  3674282.2]
      [Ext Root Scanning (ms):  2.4]
      [Update RS (ms):  6.1]
         [Processed Buffers:  46]
      [Scan RS (ms):  13.2]
      [Code Root Scanning (ms):  0.0]
      [Object Copy (ms):  82.0]
      [Termination (ms):  0.0]
         [Termination Attempts:  1]
      [GC Worker Other (ms):  0.0]
      [GC Worker Total (ms):  103.8]
      [GC Worker End (ms):  3674386.0]
   [Code Root Fixup: 0.0 ms]
   [Code Root Purge: 0.0 ms]
   [Clear CT: 0.1 ms]
   [Other: 1.0 ms]
      [Choose CSet: 0.0 ms]
      [Ref Proc: 0.2 ms]
      [Ref Enq: 0.0 ms]
      [Redirty Cards: 0.2 ms]
      [Humongous Register: 0.0 ms]
      [Humongous Reclaim: 0.0 ms]
      [Free CSet: 0.0 ms]
   [Eden: 21.0M(21.0M)->0.0B(21.0M) Survivors: 4096.0K->4096.0K Heap: 188.0M(512.0M)->170.8M(512.0M)]
 [Times: user=0.08 sys=0.00, real=0.11 secs] 
2019-04-02T18:35:06.552+0900: 3782.871: [GC pause (G1 Evacuation Pause) (young), 0.0640031 secs]
   [Parallel Time: 63.1 ms, GC Workers: 1]
      [GC Worker Start (ms):  3782871.1]
      [Ext Root Scanning (ms):  2.5]
      [Update RS (ms):  5.4]
         [Processed Buffers:  46]
      [Scan RS (ms):  11.7]
      [Code Root Scanning (ms):  0.0]
      [Object Copy (ms):  43.4]
      [Termination (ms):  0.0]
         [Termination Attempts:  1]
      [GC Worker Other (ms):  0.0]
      [GC Worker Total (ms):  63.0]
      [GC Worker End (ms):  3782934.1]
   [Code Root Fixup: 0.0 ms]
   [Code Root Purge: 0.0 ms]
   [Clear CT: 0.1 ms]
   [Other: 0.8 ms]
      [Choose CSet: 0.0 ms]
      [Ref Proc: 0.2 ms]
      [Ref Enq: 0.0 ms]
      [Redirty Cards: 0.1 ms]
      [Humongous Register: 0.0 ms]
      [Humongous Reclaim: 0.0 ms]
      [Free CSet: 0.0 ms]
   [Eden: 21.0M(21.0M)->0.0B(23.0M) Survivors: 4096.0K->2048.0K Heap: 191.8M(512.0M)->171.5M(512.0M)]
 [Times: user=0.06 sys=0.00, real=0.07 secs] 
2019-04-02T18:37:05.391+0900: 3901.709: [GC pause (G1 Evacuation Pause) (young), 0.0327977 secs]
   [Parallel Time: 32.1 ms, GC Workers: 1]
      [GC Worker Start (ms):  3901709.6]
      [Ext Root Scanning (ms):  2.6]
      [Update RS (ms):  4.4]
         [Processed Buffers:  47]
      [Scan RS (ms):  4.9]
      [Code Root Scanning (ms):  0.0]
      [Object Copy (ms):  20.1]
      [Termination (ms):  0.0]
         [Termination Attempts:  1]
      [GC Worker Other (ms):  0.0]
      [GC Worker Total (ms):  32.0]
      [GC Worker End (ms):  3901741.6]
   [Code Root Fixup: 0.0 ms]
   [Code Root Purge: 0.0 ms]
   [Clear CT: 0.0 ms]
   [Other: 0.6 ms]
      [Choose CSet: 0.0 ms]
      [Ref Proc: 0.1 ms]
      [Ref Enq: 0.0 ms]
      [Redirty Cards: 0.0 ms]
      [Humongous Register: 0.0 ms]
      [Humongous Reclaim: 0.0 ms]
      [Free CSet: 0.0 ms]
   [Eden: 23.0M(23.0M)->0.0B(22.0M) Survivors: 2048.0K->3072.0K Heap: 194.5M(512.0M)->172.5M(512.0M)]
 [Times: user=0.03 sys=0.00, real=0.03 secs] 
2019-04-02T18:39:01.794+0900: 4018.112: [GC pause (G1 Evacuation Pause) (young), 0.0350991 secs]
   [Parallel Time: 34.4 ms, GC Workers: 1]
      [GC Worker Start (ms):  4018112.4]
      [Ext Root Scanning (ms):  2.2]
      [Update RS (ms):  2.0]
         [Processed Buffers:  40]
      [Scan RS (ms):  4.3]
      [Code Root Scanning (ms):  0.2]
      [Object Copy (ms):  25.7]
      [Termination (ms):  0.0]
         [Termination Attempts:  1]
      [GC Worker Other (ms):  0.0]
      [GC Worker Total (ms):  34.3]
      [GC Worker End (ms):  4018146.8]
   [Code Root Fixup: 0.0 ms]
   [Code Root Purge: 0.0 ms]
   [Clear CT: 0.0 ms]
   [Other: 0.6 ms]
      [Choose CSet: 0.0 ms]
      [Ref Proc: 0.1 ms]
      [Ref Enq: 0.0 ms]
      [Redirty Cards: 0.0 ms]
      [Humongous Register: 0.0 ms]
      [Humongous Reclaim: 0.0 ms]
      [Free CSet: 0.0 ms]
   [Eden: 22.0M(22.0M)->0.0B(21.0M) Survivors: 3072.0K->4096.0K Heap: 194.5M(512.0M)->173.5M(512.0M)]
 [Times: user=0.04 sys=0.00, real=0.04 secs] 
2019-04-02T18:40:49.358+0900: 4125.676: [GC pause (G1 Evacuation Pause) (young), 0.0721098 secs]
   [Parallel Time: 71.3 ms, GC Workers: 1]
      [GC Worker Start (ms):  4125676.5]
      [Ext Root Scanning (ms):  2.3]
      [Update RS (ms):  4.2]
         [Processed Buffers:  37]
      [Scan RS (ms):  4.1]
      [Code Root Scanning (ms):  0.3]
      [Object Copy (ms):  60.4]
      [Termination (ms):  0.0]
         [Termination Attempts:  1]
      [GC Worker Other (ms):  0.0]
      [GC Worker Total (ms):  71.3]
      [GC Worker End (ms):  4125747.8]
   [Code Root Fixup: 0.0 ms]
   [Code Root Purge: 0.0 ms]
   [Clear CT: 0.2 ms]
   [Other: 0.6 ms]
      [Choose CSet: 0.0 ms]
      [Ref Proc: 0.2 ms]
      [Ref Enq: 0.0 ms]
      [Redirty Cards: 0.1 ms]
      [Humongous Register: 0.0 ms]
      [Humongous Reclaim: 0.0 ms]
      [Free CSet: 0.0 ms]
   [Eden: 21.0M(21.0M)->0.0B(22.0M) Survivors: 4096.0K->3072.0K Heap: 194.5M(512.0M)->174.4M(512.0M)]
 [Times: user=0.05 sys=0.01, real=0.09 secs] 
2019-04-02T18:42:43.530+0900: 4239.849: [GC pause (G1 Evacuation Pause) (young), 0.0316850 secs]
   [Parallel Time: 31.0 ms, GC Workers: 1]
      [GC Worker Start (ms):  4239849.0]
      [Ext Root Scanning (ms):  2.5]
      [Update RS (ms):  5.1]
         [Processed Buffers:  40]
      [Scan RS (ms):  4.9]
      [Code Root Scanning (ms):  0.1]
      [Object Copy (ms):  18.3]
      [Termination (ms):  0.0]
         [Termination Attempts:  1]
      [GC Worker Other (ms):  0.0]
      [GC Worker Total (ms):  31.0]
      [GC Worker End (ms):  4239879.9]
   [Code Root Fixup: 0.0 ms]
   [Code Root Purge: 0.0 ms]
   [Clear CT: 0.0 ms]
   [Other: 0.6 ms]
      [Choose CSet: 0.0 ms]
      [Ref Proc: 0.2 ms]
      [Ref Enq: 0.0 ms]
      [Redirty Cards: 0.1 ms]
      [Humongous Register: 0.0 ms]
      [Humongous Reclaim: 0.0 ms]
      [Free CSet: 0.0 ms]
   [Eden: 22.0M(22.0M)->0.0B(22.0M) Survivors: 3072.0K->3072.0K Heap: 196.4M(512.0M)->174.4M(512.0M)]
 [Times: user=0.03 sys=0.00, real=0.03 secs] 
2019-04-02T18:44:37.974+0900: 4354.293: [GC pause (G1 Evacuation Pause) (young), 0.0446160 secs]
   [Parallel Time: 43.9 ms, GC Workers: 1]
      [GC Worker Start (ms):  4354293.1]
      [Ext Root Scanning (ms):  2.3]
      [Update RS (ms):  4.2]
         [Processed Buffers:  36]
      [Scan RS (ms):  7.0]
      [Code Root Scanning (ms):  0.2]
      [Object Copy (ms):  30.0]
      [Termination (ms):  0.0]
         [Termination Attempts:  1]
      [GC Worker Other (ms):  0.0]
      [GC Worker Total (ms):  43.8]
      [GC Worker End (ms):  4354336.9]
   [Code Root Fixup: 0.0 ms]
   [Code Root Purge: 0.0 ms]
   [Clear CT: 0.0 ms]
   [Other: 0.6 ms]
      [Choose CSet: 0.0 ms]
      [Ref Proc: 0.1 ms]
      [Ref Enq: 0.0 ms]
      [Redirty Cards: 0.1 ms]
      [Humongous Register: 0.0 ms]
      [Humongous Reclaim: 0.0 ms]
      [Free CSet: 0.1 ms]
   [Eden: 22.0M(22.0M)->0.0B(22.0M) Survivors: 3072.0K->3072.0K Heap: 196.4M(512.0M)->174.9M(512.0M)]
 [Times: user=0.04 sys=0.00, real=0.05 secs] 
2019-04-02T18:46:33.809+0900: 4470.127: [GC pause (G1 Evacuation Pause) (young), 0.0864360 secs]
   [Parallel Time: 85.8 ms, GC Workers: 1]
      [GC Worker Start (ms):  4470127.6]
      [Ext Root Scanning (ms):  2.6]
      [Update RS (ms):  5.7]
         [Processed Buffers:  36]
      [Scan RS (ms):  4.6]
      [Code Root Scanning (ms):  0.1]
      [Object Copy (ms):  72.6]
      [Termination (ms):  0.0]
         [Termination Attempts:  1]
      [GC Worker Other (ms):  0.0]
      [GC Worker Total (ms):  85.7]
      [GC Worker End (ms):  4470213.3]
   [Code Root Fixup: 0.0 ms]
   [Code Root Purge: 0.0 ms]
   [Clear CT: 0.1 ms]
   [Other: 0.6 ms]
      [Choose CSet: 0.0 ms]
      [Ref Proc: 0.2 ms]
      [Ref Enq: 0.0 ms]
      [Redirty Cards: 0.1 ms]
      [Humongous Register: 0.0 ms]
      [Humongous Reclaim: 0.0 ms]
      [Free CSet: 0.0 ms]
   [Eden: 22.0M(22.0M)->0.0B(21.0M) Survivors: 3072.0K->4096.0K Heap: 196.9M(512.0M)->176.0M(512.0M)]
 [Times: user=0.05 sys=0.00, real=0.09 secs] 
2019-04-02T18:48:21.565+0900: 4577.884: [GC pause (G1 Evacuation Pause) (young), 0.0630766 secs]
   [Parallel Time: 62.3 ms, GC Workers: 1]
      [GC Worker Start (ms):  4577883.8]
      [Ext Root Scanning (ms):  2.5]
      [Update RS (ms):  4.7]
         [Processed Buffers:  38]
      [Scan RS (ms):  6.1]
      [Code Root Scanning (ms):  0.0]
      [Object Copy (ms):  49.0]
      [Termination (ms):  0.0]
         [Termination Attempts:  1]
      [GC Worker Other (ms):  0.0]
      [GC Worker Total (ms):  62.3]
      [GC Worker End (ms):  4577946.1]
   [Code Root Fixup: 0.0 ms]
   [Code Root Purge: 0.0 ms]
   [Clear CT: 0.1 ms]
   [Other: 0.6 ms]
      [Choose CSet: 0.0 ms]
      [Ref Proc: 0.1 ms]
      [Ref Enq: 0.0 ms]
      [Redirty Cards: 0.1 ms]
      [Humongous Register: 0.0 ms]
      [Humongous Reclaim: 0.0 ms]
      [Free CSet: 0.0 ms]
   [Eden: 21.0M(21.0M)->0.0B(21.0M) Survivors: 4096.0K->4096.0K Heap: 197.0M(512.0M)->177.3M(512.0M)]
 [Times: user=0.06 sys=0.00, real=0.06 secs] 
2019-04-02T18:50:09.655+0900: 4685.974: [GC pause (G1 Evacuation Pause) (young), 0.0621266 secs]
   [Parallel Time: 61.3 ms, GC Workers: 1]
      [GC Worker Start (ms):  4685973.8]
      [Ext Root Scanning (ms):  2.5]
      [Update RS (ms):  4.0]
         [Processed Buffers:  36]
      [Scan RS (ms):  7.9]
      [Code Root Scanning (ms):  0.0]
      [Object Copy (ms):  46.7]
      [Termination (ms):  0.0]
         [Termination Attempts:  1]
      [GC Worker Other (ms):  0.0]
      [GC Worker Total (ms):  61.2]
      [GC Worker End (ms):  4686035.0]
   [Code Root Fixup: 0.0 ms]
   [Code Root Purge: 0.0 ms]
   [Clear CT: 0.1 ms]
   [Other: 0.8 ms]
      [Choose CSet: 0.0 ms]
      [Ref Proc: 0.2 ms]
      [Ref Enq: 0.0 ms]
      [Redirty Cards: 0.1 ms]
      [Humongous Register: 0.0 ms]
      [Humongous Reclaim: 0.0 ms]
      [Free CSet: 0.0 ms]
   [Eden: 21.0M(21.0M)->0.0B(21.0M) Survivors: 4096.0K->4096.0K Heap: 198.3M(512.0M)->178.5M(512.0M)]
 [Times: user=0.06 sys=0.00, real=0.07 secs] 
2019-04-02T18:52:00.107+0900: 4796.426: [GC pause (G1 Evacuation Pause) (young), 0.0488782 secs]
   [Parallel Time: 48.1 ms, GC Workers: 1]
      [GC Worker Start (ms):  4796426.0]
      [Ext Root Scanning (ms):  2.5]
      [Update RS (ms):  5.1]
         [Processed Buffers:  35]
      [Scan RS (ms):  7.0]
      [Code Root Scanning (ms):  0.1]
      [Object Copy (ms):  33.3]
      [Termination (ms):  0.0]
         [Termination Attempts:  1]
      [GC Worker Other (ms):  0.0]
      [GC Worker Total (ms):  48.0]
      [GC Worker End (ms):  4796474.0]
   [Code Root Fixup: 0.0 ms]
   [Code Root Purge: 0.0 ms]
   [Clear CT: 0.1 ms]
   [Other: 0.7 ms]
      [Choose CSet: 0.0 ms]
      [Ref Proc: 0.2 ms]
      [Ref Enq: 0.0 ms]
      [Redirty Cards: 0.1 ms]
      [Humongous Register: 0.0 ms]
      [Humongous Reclaim: 0.0 ms]
      [Free CSet: 0.0 ms]
   [Eden: 21.0M(21.0M)->0.0B(22.0M) Survivors: 4096.0K->3072.0K Heap: 199.5M(512.0M)->178.0M(512.0M)]
 [Times: user=0.04 sys=0.00, real=0.05 secs] 
2019-04-02T18:53:52.758+0900: 4909.077: [GC pause (G1 Evacuation Pause) (young), 0.0433004 secs]
   [Parallel Time: 42.4 ms, GC Workers: 1]
      [GC Worker Start (ms):  4909077.0]
      [Ext Root Scanning (ms):  2.5]
      [Update RS (ms):  4.4]
         [Processed Buffers:  38]
      [Scan RS (ms):  7.9]
      [Code Root Scanning (ms):  0.0]
      [Object Copy (ms):  27.5]
      [Termination (ms):  0.0]
         [Termination Attempts:  1]
      [GC Worker Other (ms):  0.0]
      [GC Worker Total (ms):  42.4]
      [GC Worker End (ms):  4909119.4]
   [Code Root Fixup: 0.0 ms]
   [Code Root Purge: 0.0 ms]
   [Clear CT: 0.1 ms]
   [Other: 0.8 ms]
      [Choose CSet: 0.0 ms]
      [Ref Proc: 0.2 ms]
      [Ref Enq: 0.0 ms]
      [Redirty Cards: 0.2 ms]
      [Humongous Register: 0.0 ms]
      [Humongous Reclaim: 0.0 ms]
      [Free CSet: 0.0 ms]
   [Eden: 22.0M(22.0M)->0.0B(21.0M) Survivors: 3072.0K->4096.0K Heap: 200.0M(512.0M)->179.0M(512.0M)]
 [Times: user=0.04 sys=0.00, real=0.04 secs] 
2019-04-02T18:55:42.986+0900: 5019.305: [GC pause (G1 Evacuation Pause) (young), 0.0563350 secs]
   [Parallel Time: 55.5 ms, GC Workers: 1]
      [GC Worker Start (ms):  5019305.1]
      [Ext Root Scanning (ms):  2.4]
      [Update RS (ms):  7.3]
         [Processed Buffers:  36]
      [Scan RS (ms):  5.4]
      [Code Root Scanning (ms):  0.0]
      [Object Copy (ms):  40.2]
      [Termination (ms):  0.0]
         [Termination Attempts:  1]
      [GC Worker Other (ms):  0.0]
      [GC Worker Total (ms):  55.4]
      [GC Worker End (ms):  5019360.6]
   [Code Root Fixup: 0.0 ms]
   [Code Root Purge: 0.0 ms]
   [Clear CT: 0.1 ms]
   [Other: 0.8 ms]
      [Choose CSet: 0.0 ms]
      [Ref Proc: 0.2 ms]
      [Ref Enq: 0.0 ms]
      [Redirty Cards: 0.1 ms]
      [Humongous Register: 0.0 ms]
      [Humongous Reclaim: 0.0 ms]
      [Free CSet: 0.0 ms]
   [Eden: 21.0M(21.0M)->0.0B(21.0M) Survivors: 4096.0K->4096.0K Heap: 200.0M(512.0M)->179.9M(512.0M)]
 [Times: user=0.06 sys=0.00, real=0.05 secs] 
2019-04-02T18:57:32.974+0900: 5129.293: [GC pause (G1 Evacuation Pause) (young), 0.0751465 secs]
   [Parallel Time: 74.4 ms, GC Workers: 1]
      [GC Worker Start (ms):  5129292.8]
      [Ext Root Scanning (ms):  2.3]
      [Update RS (ms):  5.4]
         [Processed Buffers:  35]
      [Scan RS (ms):  19.4]
      [Code Root Scanning (ms):  0.0]
      [Object Copy (ms):  47.2]
      [Termination (ms):  0.0]
         [Termination Attempts:  1]
      [GC Worker Other (ms):  0.0]
      [GC Worker Total (ms):  74.3]
      [GC Worker End (ms):  5129367.1]
   [Code Root Fixup: 0.0 ms]
   [Code Root Purge: 0.0 ms]
   [Clear CT: 0.1 ms]
   [Other: 0.7 ms]
      [Choose CSet: 0.0 ms]
      [Ref Proc: 0.1 ms]
      [Ref Enq: 0.0 ms]
      [Redirty Cards: 0.2 ms]
      [Humongous Register: 0.0 ms]
      [Humongous Reclaim: 0.0 ms]
      [Free CSet: 0.0 ms]
   [Eden: 21.0M(21.0M)->0.0B(21.0M) Survivors: 4096.0K->4096.0K Heap: 200.9M(512.0M)->181.0M(512.0M)]
 [Times: user=0.05 sys=0.00, real=0.08 secs] 
2019-04-02T18:59:20.814+0900: 5237.133: [GC pause (G1 Evacuation Pause) (young), 0.0360830 secs]
   [Parallel Time: 35.4 ms, GC Workers: 1]
      [GC Worker Start (ms):  5237132.7]
      [Ext Root Scanning (ms):  2.6]
      [Update RS (ms):  4.8]
         [Processed Buffers:  34]
      [Scan RS (ms):  7.1]
      [Code Root Scanning (ms):  0.0]
      [Object Copy (ms):  20.8]
      [Termination (ms):  0.0]
         [Termination Attempts:  1]
      [GC Worker Other (ms):  0.0]
      [GC Worker Total (ms):  35.3]
      [GC Worker End (ms):  5237168.0]
   [Code Root Fixup: 0.0 ms]
   [Code Root Purge: 0.0 ms]
   [Clear CT: 0.0 ms]
   [Other: 0.6 ms]
      [Choose CSet: 0.0 ms]
      [Ref Proc: 0.2 ms]
      [Ref Enq: 0.0 ms]
      [Redirty Cards: 0.1 ms]
      [Humongous Register: 0.0 ms]
      [Humongous Reclaim: 0.0 ms]
      [Free CSet: 0.0 ms]
   [Eden: 21.0M(21.0M)->0.0B(23.0M) Survivors: 4096.0K->2048.0K Heap: 202.0M(512.0M)->180.5M(512.0M)]
 [Times: user=0.03 sys=0.00, real=0.04 secs] 
2019-04-02T19:01:19.459+0900: 5355.778: [GC pause (G1 Evacuation Pause) (young) (initial-mark), 0.1988693 secs]
   [Parallel Time: 140.4 ms, GC Workers: 1]
      [GC Worker Start (ms):  5355836.0]
      [Ext Root Scanning (ms):  99.0]
      [Update RS (ms):  4.5]
         [Processed Buffers:  38]
      [Scan RS (ms):  7.5]
      [Code Root Scanning (ms):  0.3]
      [Object Copy (ms):  29.0]
      [Termination (ms):  0.0]
         [Termination Attempts:  1]
      [GC Worker Other (ms):  0.0]
      [GC Worker Total (ms):  140.3]
      [GC Worker End (ms):  5355976.3]
   [Code Root Fixup: 0.0 ms]
   [Code Root Purge: 0.0 ms]
   [Clear CT: 0.0 ms]
   [Other: 58.4 ms]
      [Choose CSet: 0.0 ms]
      [Ref Proc: 0.1 ms]
      [Ref Enq: 0.0 ms]
      [Redirty Cards: 0.1 ms]
      [Humongous Register: 0.0 ms]
      [Humongous Reclaim: 0.0 ms]
      [Free CSet: 0.0 ms]
   [Eden: 23.0M(23.0M)->0.0B(22.0M) Survivors: 2048.0K->3072.0K Heap: 203.5M(512.0M)->181.5M(512.0M)]
 [Times: user=0.04 sys=0.00, real=0.20 secs] 
2019-04-02T19:01:19.667+0900: 5355.985: [GC concurrent-root-region-scan-start]
2019-04-02T19:01:19.871+0900: 5356.190: [GC concurrent-root-region-scan-end, 0.2041020 secs]
2019-04-02T19:01:19.871+0900: 5356.190: [GC concurrent-mark-start]
2019-04-02T19:01:20.428+0900: 5356.747: [GC concurrent-mark-end, 0.5570273 secs]
2019-04-02T19:01:20.456+0900: 5356.774: [GC remark 2019-04-02T19:01:20.456+0900: 5356.774: [Finalize Marking, 0.0003928 secs] 2019-04-02T19:01:20.456+0900: 5356.775: [GC ref-proc, 0.0017626 secs] 2019-04-02T19:01:20.458+0900: 5356.777: [Unloading, 3.6425024 secs], 3.6578792 secs]
 [Times: user=0.09 sys=0.05, real=3.65 secs] 
2019-04-02T19:01:24.128+0900: 5360.447: [GC cleanup 181M->180M(512M), 0.0180310 secs]
 [Times: user=0.00 sys=0.00, real=0.02 secs] 
2019-04-02T19:01:24.146+0900: 5360.465: [GC concurrent-cleanup-start]
2019-04-02T19:01:24.146+0900: 5360.465: [GC concurrent-cleanup-end, 0.0000311 secs]
2019-04-02T19:03:14.143+0900: 5470.462: [GC pause (G1 Evacuation Pause) (young), 0.1538957 secs]
   [Parallel Time: 120.7 ms, GC Workers: 1]
      [GC Worker Start (ms):  5470462.1]
      [Ext Root Scanning (ms):  2.6]
      [Update RS (ms):  6.5]
         [Processed Buffers:  41]
      [Scan RS (ms):  6.2]
      [Code Root Scanning (ms):  0.1]
      [Object Copy (ms):  105.3]
      [Termination (ms):  0.0]
         [Termination Attempts:  1]
      [GC Worker Other (ms):  0.0]
      [GC Worker Total (ms):  120.6]
      [GC Worker End (ms):  5470582.7]
   [Code Root Fixup: 0.0 ms]
   [Code Root Purge: 0.0 ms]
   [Clear CT: 0.1 ms]
   [Other: 33.1 ms]
      [Choose CSet: 0.0 ms]
      [Ref Proc: 0.2 ms]
      [Ref Enq: 0.0 ms]
      [Redirty Cards: 0.1 ms]
      [Humongous Register: 0.0 ms]
      [Humongous Reclaim: 0.0 ms]
      [Free CSet: 0.0 ms]
   [Eden: 22.0M(22.0M)->0.0B(22.0M) Survivors: 3072.0K->3072.0K Heap: 202.5M(512.0M)->181.4M(512.0M)]
 [Times: user=0.06 sys=0.00, real=0.16 secs] 
2019-04-02T19:05:07.010+0900: 5583.328: [GC pause (G1 Evacuation Pause) (mixed), 0.1954661 secs]
   [Parallel Time: 194.6 ms, GC Workers: 1]
      [GC Worker Start (ms):  5583328.7]
      [Ext Root Scanning (ms):  2.7]
      [Update RS (ms):  4.7]
         [Processed Buffers:  35]
      [Scan RS (ms):  25.4]
      [Code Root Scanning (ms):  0.2]
      [Object Copy (ms):  161.6]
      [Termination (ms):  0.0]
         [Termination Attempts:  1]
      [GC Worker Other (ms):  0.0]
      [GC Worker Total (ms):  194.5]
      [GC Worker End (ms):  5583523.2]
   [Code Root Fixup: 0.0 ms]
   [Code Root Purge: 0.0 ms]
   [Clear CT: 0.1 ms]
   [Other: 0.8 ms]
      [Choose CSet: 0.0 ms]
      [Ref Proc: 0.3 ms]
      [Ref Enq: 0.0 ms]
      [Redirty Cards: 0.1 ms]
      [Humongous Register: 0.0 ms]
      [Humongous Reclaim: 0.0 ms]
      [Free CSet: 0.1 ms]
   [Eden: 22.0M(22.0M)->0.0B(22.0M) Survivors: 3072.0K->3072.0K Heap: 203.4M(512.0M)->177.5M(512.0M)]
 [Times: user=0.06 sys=0.01, real=0.20 secs] 
2019-04-02T19:07:03.378+0900: 5699.697: [GC pause (G1 Evacuation Pause) (mixed), 0.0486385 secs]
   [Parallel Time: 47.8 ms, GC Workers: 1]
      [GC Worker Start (ms):  5699697.0]
      [Ext Root Scanning (ms):  2.5]
      [Update RS (ms):  5.0]
         [Processed Buffers:  38]
      [Scan RS (ms):  7.3]
      [Code Root Scanning (ms):  0.1]
      [Object Copy (ms):  32.8]
      [Termination (ms):  0.0]
         [Termination Attempts:  1]
      [GC Worker Other (ms):  0.0]
      [GC Worker Total (ms):  47.7]
      [GC Worker End (ms):  5699744.7]
   [Code Root Fixup: 0.0 ms]
   [Code Root Purge: 0.0 ms]
   [Clear CT: 0.1 ms]
   [Other: 0.7 ms]
      [Choose CSet: 0.0 ms]
      [Ref Proc: 0.2 ms]
      [Ref Enq: 0.0 ms]
      [Redirty Cards: 0.1 ms]
      [Humongous Register: 0.1 ms]
      [Humongous Reclaim: 0.0 ms]
      [Free CSet: 0.1 ms]
   [Eden: 22.0M(22.0M)->0.0B(22.0M) Survivors: 3072.0K->3072.0K Heap: 199.5M(512.0M)->172.5M(512.0M)]
 [Times: user=0.05 sys=0.00, real=0.05 secs] 
2019-04-02T19:08:56.942+0900: 5813.261: [GC pause (G1 Evacuation Pause) (mixed), 0.0423805 secs]
   [Parallel Time: 41.6 ms, GC Workers: 1]
      [GC Worker Start (ms):  5813260.8]
      [Ext Root Scanning (ms):  3.6]
      [Update RS (ms):  4.5]
         [Processed Buffers:  35]
      [Scan RS (ms):  13.4]
      [Code Root Scanning (ms):  0.1]
      [Object Copy (ms):  19.9]
      [Termination (ms):  0.0]
         [Termination Attempts:  1]
      [GC Worker Other (ms):  0.0]
      [GC Worker Total (ms):  41.6]
      [GC Worker End (ms):  5813302.4]
   [Code Root Fixup: 0.0 ms]
   [Code Root Purge: 0.0 ms]
   [Clear CT: 0.1 ms]
   [Other: 0.6 ms]
      [Choose CSet: 0.0 ms]
      [Ref Proc: 0.2 ms]
      [Ref Enq: 0.0 ms]
      [Redirty Cards: 0.1 ms]
      [Humongous Register: 0.0 ms]
      [Humongous Reclaim: 0.0 ms]
      [Free CSet: 0.1 ms]
   [Eden: 22.0M(22.0M)->0.0B(23.0M) Survivors: 3072.0K->2048.0K Heap: 194.5M(512.0M)->169.5M(512.0M)]
 [Times: user=0.04 sys=0.00, real=0.04 secs] 
2019-04-02T19:10:56.553+0900: 5932.871: [GC pause (G1 Evacuation Pause) (young), 0.0366421 secs]
   [Parallel Time: 36.0 ms, GC Workers: 1]
      [GC Worker Start (ms):  5932871.5]
      [Ext Root Scanning (ms):  2.4]
      [Update RS (ms):  5.1]
         [Processed Buffers:  41]
      [Scan RS (ms):  5.6]
      [Code Root Scanning (ms):  0.1]
      [Object Copy (ms):  22.7]
      [Termination (ms):  0.0]
         [Termination Attempts:  1]
      [GC Worker Other (ms):  0.0]
      [GC Worker Total (ms):  35.9]
      [GC Worker End (ms):  5932907.4]
   [Code Root Fixup: 0.0 ms]
   [Code Root Purge: 0.0 ms]
   [Clear CT: 0.1 ms]
   [Other: 0.6 ms]
      [Choose CSet: 0.0 ms]
      [Ref Proc: 0.1 ms]
      [Ref Enq: 0.0 ms]
      [Redirty Cards: 0.1 ms]
      [Humongous Register: 0.0 ms]
      [Humongous Reclaim: 0.0 ms]
      [Free CSet: 0.0 ms]
   [Eden: 23.0M(23.0M)->0.0B(22.0M) Survivors: 2048.0K->3072.0K Heap: 192.5M(512.0M)->170.5M(512.0M)]
 [Times: user=0.03 sys=0.00, real=0.04 secs] 
2019-04-02T19:12:49.222+0900: 6045.541: [GC pause (G1 Evacuation Pause) (young), 0.0509816 secs]
   [Parallel Time: 50.4 ms, GC Workers: 1]
      [GC Worker Start (ms):  6045541.2]
      [Ext Root Scanning (ms):  2.4]
      [Update RS (ms):  5.3]
         [Processed Buffers:  38]
      [Scan RS (ms):  6.1]
      [Code Root Scanning (ms):  0.1]
      [Object Copy (ms):  36.4]
      [Termination (ms):  0.0]
         [Termination Attempts:  1]
      [GC Worker Other (ms):  0.0]
      [GC Worker Total (ms):  50.3]
      [GC Worker End (ms):  6045591.4]
   [Code Root Fixup: 0.0 ms]
   [Code Root Purge: 0.0 ms]
   [Clear CT: 0.0 ms]
   [Other: 0.6 ms]
      [Choose CSet: 0.0 ms]
      [Ref Proc: 0.1 ms]
      [Ref Enq: 0.0 ms]
      [Redirty Cards: 0.1 ms]
      [Humongous Register: 0.0 ms]
      [Humongous Reclaim: 0.0 ms]
      [Free CSet: 0.0 ms]
   [Eden: 22.0M(22.0M)->0.0B(21.0M) Survivors: 3072.0K->4096.0K Heap: 192.5M(512.0M)->171.6M(512.0M)]
 [Times: user=0.05 sys=0.00, real=0.05 secs] 
2019-04-02T19:14:38.497+0900: 6154.816: [GC pause (G1 Evacuation Pause) (young), 0.0566594 secs]
   [Parallel Time: 55.9 ms, GC Workers: 1]
      [GC Worker Start (ms):  6154815.9]
      [Ext Root Scanning (ms):  2.2]
      [Update RS (ms):  5.2]
         [Processed Buffers:  37]
      [Scan RS (ms):  7.2]
      [Code Root Scanning (ms):  0.1]
      [Object Copy (ms):  41.2]
      [Termination (ms):  0.0]
         [Termination Attempts:  1]
      [GC Worker Other (ms):  0.0]
      [GC Worker Total (ms):  55.8]
      [GC Worker End (ms):  6154871.7]
   [Code Root Fixup: 0.0 ms]
   [Code Root Purge: 0.0 ms]
   [Clear CT: 0.1 ms]
   [Other: 0.7 ms]
      [Choose CSet: 0.0 ms]
      [Ref Proc: 0.1 ms]
      [Ref Enq: 0.0 ms]
      [Redirty Cards: 0.1 ms]
      [Humongous Register: 0.0 ms]
      [Humongous Reclaim: 0.0 ms]
      [Free CSet: 0.0 ms]
   [Eden: 21.0M(21.0M)->0.0B(22.0M) Survivors: 4096.0K->3072.0K Heap: 192.6M(512.0M)->172.9M(512.0M)]
 [Times: user=0.05 sys=0.00, real=0.05 secs] 
2019-04-02T19:16:34.511+0900: 6270.829: [GC pause (G1 Evacuation Pause) (young), 0.0315260 secs]
   [Parallel Time: 30.9 ms, GC Workers: 1]
      [GC Worker Start (ms):  6270829.7]
      [Ext Root Scanning (ms):  2.8]
      [Update RS (ms):  5.0]
         [Processed Buffers:  37]
      [Scan RS (ms):  6.8]
      [Code Root Scanning (ms):  0.0]
      [Object Copy (ms):  16.2]
      [Termination (ms):  0.0]
         [Termination Attempts:  1]
      [GC Worker Other (ms):  0.0]
      [GC Worker Total (ms):  30.8]
      [GC Worker End (ms):  6270860.5]
   [Code Root Fixup: 0.0 ms]
   [Code Root Purge: 0.0 ms]
   [Clear CT: 0.1 ms]
   [Other: 0.6 ms]
      [Choose CSet: 0.0 ms]
      [Ref Proc: 0.2 ms]
      [Ref Enq: 0.0 ms]
      [Redirty Cards: 0.1 ms]
      [Humongous Register: 0.0 ms]
      [Humongous Reclaim: 0.0 ms]
      [Free CSet: 0.0 ms]
   [Eden: 22.0M(22.0M)->0.0B(22.0M) Survivors: 3072.0K->3072.0K Heap: 194.9M(512.0M)->172.9M(512.0M)]
 [Times: user=0.04 sys=0.00, real=0.03 secs] 
2019-04-02T19:18:27.819+0900: 6384.138: [GC pause (G1 Evacuation Pause) (young), 0.0554194 secs]
   [Parallel Time: 54.6 ms, GC Workers: 1]
      [GC Worker Start (ms):  6384138.4]
      [Ext Root Scanning (ms):  2.4]
      [Update RS (ms):  9.6]
         [Processed Buffers:  37]
      [Scan RS (ms):  14.0]
      [Code Root Scanning (ms):  0.0]
      [Object Copy (ms):  28.4]
      [Termination (ms):  0.0]
         [Termination Attempts:  1]
      [GC Worker Other (ms):  0.0]
      [GC Worker Total (ms):  54.5]
      [GC Worker End (ms):  6384192.9]
   [Code Root Fixup: 0.0 ms]
   [Code Root Purge: 0.0 ms]
   [Clear CT: 0.1 ms]
   [Other: 0.7 ms]
      [Choose CSet: 0.0 ms]
      [Ref Proc: 0.1 ms]
      [Ref Enq: 0.0 ms]
      [Redirty Cards: 0.1 ms]
      [Humongous Register: 0.0 ms]
      [Humongous Reclaim: 0.0 ms]
      [Free CSet: 0.0 ms]
   [Eden: 22.0M(22.0M)->0.0B(21.0M) Survivors: 3072.0K->4096.0K Heap: 194.9M(512.0M)->173.9M(512.0M)]
 [Times: user=0.04 sys=0.00, real=0.05 secs] 
2019-04-02T19:20:14.796+0900: 6491.114: [GC pause (G1 Evacuation Pause) (young), 0.0523033 secs]
   [Parallel Time: 51.5 ms, GC Workers: 1]
      [GC Worker Start (ms):  6491114.6]
      [Ext Root Scanning (ms):  2.6]
      [Update RS (ms):  5.0]
         [Processed Buffers:  38]
      [Scan RS (ms):  6.2]
      [Code Root Scanning (ms):  0.0]
      [Object Copy (ms):  37.6]
      [Termination (ms):  0.0]
         [Termination Attempts:  1]
      [GC Worker Other (ms):  0.0]
      [GC Worker Total (ms):  51.4]
      [GC Worker End (ms):  6491166.0]
   [Code Root Fixup: 0.0 ms]
   [Code Root Purge: 0.0 ms]
   [Clear CT: 0.1 ms]
   [Other: 0.7 ms]
      [Choose CSet: 0.0 ms]
      [Ref Proc: 0.2 ms]
      [Ref Enq: 0.0 ms]
      [Redirty Cards: 0.1 ms]
      [Humongous Register: 0.0 ms]
      [Humongous Reclaim: 0.0 ms]
      [Free CSet: 0.1 ms]
   [Eden: 21.0M(21.0M)->0.0B(21.0M) Survivors: 4096.0K->4096.0K Heap: 194.9M(512.0M)->174.9M(512.0M)]
 [Times: user=0.05 sys=0.00, real=0.06 secs] 
2019-04-02T19:22:04.571+0900: 6600.889: [GC pause (G1 Evacuation Pause) (young), 0.0503048 secs]
   [Parallel Time: 49.6 ms, GC Workers: 1]
      [GC Worker Start (ms):  6600889.6]
      [Ext Root Scanning (ms):  2.9]
      [Update RS (ms):  6.4]
         [Processed Buffers:  41]
      [Scan RS (ms):  7.0]
      [Code Root Scanning (ms):  0.0]
      [Object Copy (ms):  33.2]
      [Termination (ms):  0.0]
         [Termination Attempts:  1]
      [GC Worker Other (ms):  0.0]
      [GC Worker Total (ms):  49.6]
      [GC Worker End (ms):  6600939.2]
   [Code Root Fixup: 0.0 ms]
   [Code Root Purge: 0.0 ms]
   [Clear CT: 0.1 ms]
   [Other: 0.6 ms]
      [Choose CSet: 0.0 ms]
      [Ref Proc: 0.2 ms]
      [Ref Enq: 0.0 ms]
      [Redirty Cards: 0.1 ms]
      [Humongous Register: 0.0 ms]
      [Humongous Reclaim: 0.0 ms]
      [Free CSet: 0.0 ms]
   [Eden: 21.0M(21.0M)->0.0B(21.0M) Survivors: 4096.0K->4096.0K Heap: 195.9M(512.0M)->176.0M(512.0M)]
 [Times: user=0.05 sys=0.00, real=0.05 secs] 
2019-04-02T19:23:51.926+0900: 6708.245: [GC pause (G1 Evacuation Pause) (young), 0.0565896 secs]
   [Parallel Time: 55.8 ms, GC Workers: 1]
      [GC Worker Start (ms):  6708245.0]
      [Ext Root Scanning (ms):  2.6]
      [Update RS (ms):  6.4]
         [Processed Buffers:  37]
      [Scan RS (ms):  8.7]
      [Code Root Scanning (ms):  0.1]
      [Object Copy (ms):  38.0]
      [Termination (ms):  0.0]
         [Termination Attempts:  1]
      [GC Worker Other (ms):  0.0]
      [GC Worker Total (ms):  55.7]
      [GC Worker End (ms):  6708300.8]
   [Code Root Fixup: 0.0 ms]
   [Code Root Purge: 0.0 ms]
   [Clear CT: 0.2 ms]
   [Other: 0.6 ms]
      [Choose CSet: 0.0 ms]
      [Ref Proc: 0.2 ms]
      [Ref Enq: 0.0 ms]
      [Redirty Cards: 0.1 ms]
      [Humongous Register: 0.0 ms]
      [Humongous Reclaim: 0.0 ms]
      [Free CSet: 0.0 ms]
   [Eden: 21.0M(21.0M)->0.0B(21.0M) Survivors: 4096.0K->4096.0K Heap: 197.0M(512.0M)->177.0M(512.0M)]
 [Times: user=0.05 sys=0.00, real=0.11 secs] 
2019-04-02T19:25:41.563+0900: 6817.882: [GC pause (G1 Evacuation Pause) (young), 0.0445162 secs]
   [Parallel Time: 43.8 ms, GC Workers: 1]
      [GC Worker Start (ms):  6817881.7]
      [Ext Root Scanning (ms):  2.7]
      [Update RS (ms):  5.5]
         [Processed Buffers:  37]
      [Scan RS (ms):  10.7]
      [Code Root Scanning (ms):  0.0]
      [Object Copy (ms):  24.7]
      [Termination (ms):  0.0]
         [Termination Attempts:  1]
      [GC Worker Other (ms):  0.0]
      [GC Worker Total (ms):  43.7]
      [GC Worker End (ms):  6817925.4]
   [Code Root Fixup: 0.0 ms]
   [Code Root Purge: 0.0 ms]
   [Clear CT: 0.1 ms]
   [Other: 0.7 ms]
      [Choose CSet: 0.0 ms]
      [Ref Proc: 0.2 ms]
      [Ref Enq: 0.0 ms]
      [Redirty Cards: 0.1 ms]
      [Humongous Register: 0.0 ms]
      [Humongous Reclaim: 0.0 ms]
      [Free CSet: 0.0 ms]
   [Eden: 21.0M(21.0M)->0.0B(22.0M) Survivors: 4096.0K->3072.0K Heap: 198.0M(512.0M)->176.5M(512.0M)]
 [Times: user=0.05 sys=0.00, real=0.05 secs] 
2019-04-02T19:27:35.189+0900: 6931.507: [GC pause (G1 Evacuation Pause) (young), 0.0486150 secs]
   [Parallel Time: 47.7 ms, GC Workers: 1]
      [GC Worker Start (ms):  6931507.4]
      [Ext Root Scanning (ms):  2.5]
      [Update RS (ms):  6.0]
         [Processed Buffers:  37]
      [Scan RS (ms):  9.4]
      [Code Root Scanning (ms):  0.0]
      [Object Copy (ms):  29.2]
      [Termination (ms):  0.0]
         [Termination Attempts:  1]
      [GC Worker Other (ms):  0.0]
      [GC Worker Total (ms):  47.2]
      [GC Worker End (ms):  6931554.5]
   [Code Root Fixup: 0.0 ms]
   [Code Root Purge: 0.0 ms]
   [Clear CT: 0.1 ms]
   [Other: 0.8 ms]
      [Choose CSet: 0.0 ms]
      [Ref Proc: 0.2 ms]
      [Ref Enq: 0.0 ms]
      [Redirty Cards: 0.1 ms]
      [Humongous Register: 0.0 ms]
      [Humongous Reclaim: 0.1 ms]
      [Free CSet: 0.0 ms]
   [Eden: 22.0M(22.0M)->0.0B(21.0M) Survivors: 3072.0K->4096.0K Heap: 198.5M(512.0M)->177.5M(512.0M)]
 [Times: user=0.04 sys=0.00, real=0.06 secs] 
2019-04-02T19:29:25.171+0900: 7041.489: [GC pause (G1 Evacuation Pause) (young), 0.0499588 secs]
   [Parallel Time: 49.3 ms, GC Workers: 1]
      [GC Worker Start (ms):  7041489.7]
      [Ext Root Scanning (ms):  2.6]
      [Update RS (ms):  4.9]
         [Processed Buffers:  39]
      [Scan RS (ms):  6.5]
      [Code Root Scanning (ms):  0.0]
      [Object Copy (ms):  35.2]
      [Termination (ms):  0.0]
         [Termination Attempts:  1]
      [GC Worker Other (ms):  0.0]
      [GC Worker Total (ms):  49.2]
      [GC Worker End (ms):  7041538.9]
   [Code Root Fixup: 0.0 ms]
   [Code Root Purge: 0.0 ms]
   [Clear CT: 0.1 ms]
   [Other: 0.6 ms]
      [Choose CSet: 0.0 ms]
      [Ref Proc: 0.1 ms]
      [Ref Enq: 0.0 ms]
      [Redirty Cards: 0.1 ms]
      [Humongous Register: 0.0 ms]
      [Humongous Reclaim: 0.0 ms]
      [Free CSet: 0.0 ms]
   [Eden: 21.0M(21.0M)->0.0B(21.0M) Survivors: 4096.0K->4096.0K Heap: 198.5M(512.0M)->178.5M(512.0M)]
 [Times: user=0.05 sys=0.00, real=0.05 secs] 
2019-04-02T19:31:13.255+0900: 7149.573: [GC pause (G1 Evacuation Pause) (young), 0.0585059 secs]
   [Parallel Time: 57.7 ms, GC Workers: 1]
      [GC Worker Start (ms):  7149573.5]
      [Ext Root Scanning (ms):  2.6]
      [Update RS (ms):  5.2]
         [Processed Buffers:  40]
      [Scan RS (ms):  8.4]
      [Code Root Scanning (ms):  0.0]
      [Object Copy (ms):  41.4]
      [Termination (ms):  0.0]
         [Termination Attempts:  1]
      [GC Worker Other (ms):  0.0]
      [GC Worker Total (ms):  57.6]
      [GC Worker End (ms):  7149631.2]
   [Code Root Fixup: 0.0 ms]
   [Code Root Purge: 0.0 ms]
   [Clear CT: 0.1 ms]
   [Other: 0.7 ms]
      [Choose CSet: 0.0 ms]
      [Ref Proc: 0.3 ms]
      [Ref Enq: 0.0 ms]
      [Redirty Cards: 0.1 ms]
      [Humongous Register: 0.0 ms]
      [Humongous Reclaim: 0.0 ms]
      [Free CSet: 0.0 ms]
   [Eden: 21.0M(21.0M)->0.0B(21.0M) Survivors: 4096.0K->4096.0K Heap: 199.5M(512.0M)->179.5M(512.0M)]
 [Times: user=0.06 sys=0.00, real=0.06 secs] 
2019-04-02T19:32:41.298+0900: 7237.617: [GC pause (G1 Evacuation Pause) (young), 0.0998082 secs]
   [Parallel Time: 98.8 ms, GC Workers: 1]
      [GC Worker Start (ms):  7237617.4]
      [Ext Root Scanning (ms):  2.3]
      [Update RS (ms):  5.7]
         [Processed Buffers:  47]
      [Scan RS (ms):  15.4]
      [Code Root Scanning (ms):  0.0]
      [Object Copy (ms):  73.9]
      [Termination (ms):  0.0]
         [Termination Attempts:  1]
      [GC Worker Other (ms):  0.0]
      [GC Worker Total (ms):  97.4]
      [GC Worker End (ms):  7237714.7]
   [Code Root Fixup: 0.0 ms]
   [Code Root Purge: 0.0 ms]
   [Clear CT: 0.1 ms]
   [Other: 0.9 ms]
      [Choose CSet: 0.0 ms]
      [Ref Proc: 0.3 ms]
      [Ref Enq: 0.0 ms]
      [Redirty Cards: 0.1 ms]
      [Humongous Register: 0.0 ms]
      [Humongous Reclaim: 0.0 ms]
      [Free CSet: 0.1 ms]
   [Eden: 21.0M(21.0M)->0.0B(21.0M) Survivors: 4096.0K->4096.0K Heap: 200.5M(512.0M)->184.0M(512.0M)]
 [Times: user=0.10 sys=0.00, real=0.10 secs] 
2019-04-02T19:34:31.434+0900: 7347.753: [GC pause (G1 Evacuation Pause) (young) (initial-mark), 0.0667042 secs]
   [Parallel Time: 65.9 ms, GC Workers: 1]
      [GC Worker Start (ms):  7347753.2]
      [Ext Root Scanning (ms):  3.2]
      [Update RS (ms):  6.6]
         [Processed Buffers:  46]
      [Scan RS (ms):  9.6]
      [Code Root Scanning (ms):  0.0]
      [Object Copy (ms):  46.3]
      [Termination (ms):  0.0]
         [Termination Attempts:  1]
      [GC Worker Other (ms):  0.0]
      [GC Worker Total (ms):  65.7]
      [GC Worker End (ms):  7347818.9]
   [Code Root Fixup: 0.0 ms]
   [Code Root Purge: 0.0 ms]
   [Clear CT: 0.1 ms]
   [Other: 0.7 ms]
      [Choose CSet: 0.0 ms]
      [Ref Proc: 0.1 ms]
      [Ref Enq: 0.0 ms]
      [Redirty Cards: 0.1 ms]
      [Humongous Register: 0.0 ms]
      [Humongous Reclaim: 0.0 ms]
      [Free CSet: 0.0 ms]
   [Eden: 21.0M(21.0M)->0.0B(23.0M) Survivors: 4096.0K->2048.0K Heap: 205.0M(512.0M)->184.5M(512.0M)]
 [Times: user=0.06 sys=0.00, real=0.08 secs] 
2019-04-02T19:34:31.511+0900: 7347.829: [GC concurrent-root-region-scan-start]
2019-04-02T19:34:31.527+0900: 7347.846: [GC concurrent-root-region-scan-end, 0.0166302 secs]
2019-04-02T19:34:31.527+0900: 7347.846: [GC concurrent-mark-start]
2019-04-02T19:34:31.614+0900: 7347.933: [GC concurrent-mark-end, 0.0871431 secs]
2019-04-02T19:34:31.615+0900: 7347.933: [GC remark 2019-04-02T19:34:31.615+0900: 7347.933: [Finalize Marking, 0.0004262 secs] 2019-04-02T19:34:31.615+0900: 7347.934: [GC ref-proc, 0.0008702 secs] 2019-04-02T19:34:31.616+0900: 7347.935: [Unloading, 0.0472497 secs], 0.0516569 secs]
 [Times: user=0.04 sys=0.00, real=0.06 secs] 
2019-04-02T19:34:31.668+0900: 7347.987: [GC cleanup 184M->183M(512M), 0.0021614 secs]
 [Times: user=0.00 sys=0.00, real=0.00 secs] 
2019-04-02T19:34:31.671+0900: 7347.989: [GC concurrent-cleanup-start]
2019-04-02T19:34:31.671+0900: 7347.989: [GC concurrent-cleanup-end, 0.0000256 secs]
2019-04-02T19:36:30.463+0900: 7466.782: [GC pause (G1 Evacuation Pause) (young), 0.0329000 secs]
   [Parallel Time: 31.9 ms, GC Workers: 1]
      [GC Worker Start (ms):  7466782.1]
      [Ext Root Scanning (ms):  2.6]
      [Update RS (ms):  3.9]
         [Processed Buffers:  47]
      [Scan RS (ms):  5.6]
      [Code Root Scanning (ms):  0.0]
      [Object Copy (ms):  19.8]
      [Termination (ms):  0.0]
         [Termination Attempts:  1]
      [GC Worker Other (ms):  0.0]
      [GC Worker Total (ms):  31.9]
      [GC Worker End (ms):  7466814.0]
   [Code Root Fixup: 0.0 ms]
   [Code Root Purge: 0.0 ms]
   [Clear CT: 0.4 ms]
   [Other: 0.6 ms]
      [Choose CSet: 0.0 ms]
      [Ref Proc: 0.2 ms]
      [Ref Enq: 0.0 ms]
      [Redirty Cards: 0.1 ms]
      [Humongous Register: 0.0 ms]
      [Humongous Reclaim: 0.0 ms]
      [Free CSet: 0.0 ms]
   [Eden: 23.0M(23.0M)->0.0B(22.0M) Survivors: 2048.0K->3072.0K Heap: 206.5M(512.0M)->184.5M(512.0M)]
 [Times: user=0.04 sys=0.00, real=0.04 secs] 
2019-04-02T19:38:25.208+0900: 7581.526: [GC pause (G1 Evacuation Pause) (mixed), 0.0425257 secs]
   [Parallel Time: 41.5 ms, GC Workers: 1]
      [GC Worker Start (ms):  7581526.6]
      [Ext Root Scanning (ms):  2.5]
      [Update RS (ms):  2.4]
         [Processed Buffers:  37]
      [Scan RS (ms):  6.9]
      [Code Root Scanning (ms):  0.0]
      [Object Copy (ms):  29.6]
      [Termination (ms):  0.0]
         [Termination Attempts:  1]
      [GC Worker Other (ms):  0.0]
      [GC Worker Total (ms):  41.4]
      [GC Worker End (ms):  7581568.0]
   [Code Root Fixup: 0.0 ms]
   [Code Root Purge: 0.0 ms]
   [Clear CT: 0.2 ms]
   [Other: 0.8 ms]
      [Choose CSet: 0.0 ms]
      [Ref Proc: 0.3 ms]
      [Ref Enq: 0.0 ms]
      [Redirty Cards: 0.1 ms]
      [Humongous Register: 0.0 ms]
      [Humongous Reclaim: 0.0 ms]
      [Free CSet: 0.1 ms]
   [Eden: 22.0M(22.0M)->0.0B(21.0M) Survivors: 3072.0K->4096.0K Heap: 206.5M(512.0M)->179.0M(512.0M)]
 [Times: user=0.04 sys=0.00, real=0.04 secs] 
2019-04-02T19:40:12.910+0900: 7689.229: [GC pause (G1 Evacuation Pause) (mixed), 0.0556704 secs]
   [Parallel Time: 54.8 ms, GC Workers: 1]
      [GC Worker Start (ms):  7689229.0]
      [Ext Root Scanning (ms):  2.7]
      [Update RS (ms):  3.1]
         [Processed Buffers:  37]
      [Scan RS (ms):  11.5]
      [Code Root Scanning (ms):  0.1]
      [Object Copy (ms):  37.3]
      [Termination (ms):  0.0]
         [Termination Attempts:  1]
      [GC Worker Other (ms):  0.0]
      [GC Worker Total (ms):  54.8]
      [GC Worker End (ms):  7689283.8]
   [Code Root Fixup: 0.0 ms]
   [Code Root Purge: 0.0 ms]
   [Clear CT: 0.1 ms]
   [Other: 0.8 ms]
      [Choose CSet: 0.0 ms]
      [Ref Proc: 0.1 ms]
      [Ref Enq: 0.0 ms]
      [Redirty Cards: 0.2 ms]
      [Humongous Register: 0.0 ms]
      [Humongous Reclaim: 0.0 ms]
      [Free CSet: 0.1 ms]
   [Eden: 21.0M(21.0M)->0.0B(22.0M) Survivors: 4096.0K->3072.0K Heap: 200.0M(512.0M)->173.2M(512.0M)]
 [Times: user=0.05 sys=0.00, real=0.06 secs] 
2019-04-02T19:42:07.173+0900: 7803.492: [GC pause (G1 Evacuation Pause) (mixed), 0.0334742 secs]
   [Parallel Time: 32.7 ms, GC Workers: 1]
      [GC Worker Start (ms):  7803492.2]
      [Ext Root Scanning (ms):  2.4]
      [Update RS (ms):  6.1]
         [Processed Buffers:  37]
      [Scan RS (ms):  6.1]
      [Code Root Scanning (ms):  0.1]
      [Object Copy (ms):  17.8]
      [Termination (ms):  0.0]
         [Termination Attempts:  1]
      [GC Worker Other (ms):  0.0]
      [GC Worker Total (ms):  32.6]
      [GC Worker End (ms):  7803524.8]
   [Code Root Fixup: 0.0 ms]
   [Code Root Purge: 0.0 ms]
   [Clear CT: 0.2 ms]
   [Other: 0.6 ms]
      [Choose CSet: 0.0 ms]
      [Ref Proc: 0.2 ms]
      [Ref Enq: 0.0 ms]
      [Redirty Cards: 0.1 ms]
      [Humongous Register: 0.0 ms]
      [Humongous Reclaim: 0.0 ms]
      [Free CSet: 0.1 ms]
   [Eden: 22.0M(22.0M)->0.0B(22.0M) Survivors: 3072.0K->3072.0K Heap: 195.2M(512.0M)->169.0M(512.0M)]
 [Times: user=0.03 sys=0.00, real=0.04 secs] 
2019-04-02T19:44:03.883+0900: 7920.202: [GC pause (G1 Evacuation Pause) (young), 0.0416732 secs]
   [Parallel Time: 41.0 ms, GC Workers: 1]
      [GC Worker Start (ms):  7920202.3]
      [Ext Root Scanning (ms):  2.5]
      [Update RS (ms):  7.2]
         [Processed Buffers:  39]
      [Scan RS (ms):  6.2]
      [Code Root Scanning (ms):  0.0]
      [Object Copy (ms):  25.0]
      [Termination (ms):  0.0]
         [Termination Attempts:  1]
      [GC Worker Other (ms):  0.0]
      [GC Worker Total (ms):  40.9]
      [GC Worker End (ms):  7920243.2]
   [Code Root Fixup: 0.0 ms]
   [Code Root Purge: 0.0 ms]
   [Clear CT: 0.1 ms]
   [Other: 0.6 ms]
      [Choose CSet: 0.0 ms]
      [Ref Proc: 0.2 ms]
      [Ref Enq: 0.0 ms]
      [Redirty Cards: 0.1 ms]
      [Humongous Register: 0.0 ms]
      [Humongous Reclaim: 0.0 ms]
      [Free CSet: 0.0 ms]
   [Eden: 22.0M(22.0M)->0.0B(21.0M) Survivors: 3072.0K->4096.0K Heap: 191.0M(512.0M)->170.0M(512.0M)]
 [Times: user=0.04 sys=0.00, real=0.04 secs] 
2019-04-02T19:45:51.899+0900: 8028.217: [GC pause (G1 Evacuation Pause) (young), 0.0521404 secs]
   [Parallel Time: 51.5 ms, GC Workers: 1]
      [GC Worker Start (ms):  8028217.3]
      [Ext Root Scanning (ms):  2.7]
      [Update RS (ms):  5.3]
         [Processed Buffers:  36]
      [Scan RS (ms):  5.8]
      [Code Root Scanning (ms):  0.1]
      [Object Copy (ms):  37.5]
      [Termination (ms):  0.0]
         [Termination Attempts:  1]
      [GC Worker Other (ms):  0.0]
      [GC Worker Total (ms):  51.4]
      [GC Worker End (ms):  8028268.7]
   [Code Root Fixup: 0.0 ms]
   [Code Root Purge: 0.0 ms]
   [Clear CT: 0.1 ms]
   [Other: 0.6 ms]
      [Choose CSet: 0.0 ms]
      [Ref Proc: 0.2 ms]
      [Ref Enq: 0.0 ms]
      [Redirty Cards: 0.1 ms]
      [Humongous Register: 0.0 ms]
      [Humongous Reclaim: 0.0 ms]
      [Free CSet: 0.0 ms]
   [Eden: 21.0M(21.0M)->0.0B(21.0M) Survivors: 4096.0K->4096.0K Heap: 191.0M(512.0M)->171.1M(512.0M)]
 [Times: user=0.05 sys=0.00, real=0.10 secs] 
2019-04-02T19:47:42.975+0900: 8139.293: [GC pause (G1 Evacuation Pause) (young), 0.0496235 secs]
   [Parallel Time: 48.8 ms, GC Workers: 1]
      [GC Worker Start (ms):  8139293.5]
      [Ext Root Scanning (ms):  2.5]
      [Update RS (ms):  5.1]
         [Processed Buffers:  40]
      [Scan RS (ms):  6.4]
      [Code Root Scanning (ms):  0.1]
      [Object Copy (ms):  34.7]
      [Termination (ms):  0.0]
         [Termination Attempts:  1]
      [GC Worker Other (ms):  0.0]
      [GC Worker Total (ms):  48.8]
      [GC Worker End (ms):  8139342.3]
   [Code Root Fixup: 0.0 ms]
   [Code Root Purge: 0.0 ms]
   [Clear CT: 0.1 ms]
   [Other: 0.7 ms]
      [Choose CSet: 0.0 ms]
      [Ref Proc: 0.1 ms]
      [Ref Enq: 0.0 ms]
      [Redirty Cards: 0.1 ms]
      [Humongous Register: 0.0 ms]
      [Humongous Reclaim: 0.0 ms]
      [Free CSet: 0.0 ms]
   [Eden: 21.0M(21.0M)->0.0B(21.0M) Survivors: 4096.0K->4096.0K Heap: 192.1M(512.0M)->172.5M(512.0M)]
 [Times: user=0.05 sys=0.00, real=0.05 secs] 
2019-04-02T19:49:33.610+0900: 8249.929: [GC pause (G1 Evacuation Pause) (young), 0.0359609 secs]
   [Parallel Time: 35.3 ms, GC Workers: 1]
      [GC Worker Start (ms):  8249928.9]
      [Ext Root Scanning (ms):  2.8]
      [Update RS (ms):  4.9]
         [Processed Buffers:  37]
      [Scan RS (ms):  7.9]
      [Code Root Scanning (ms):  0.1]
      [Object Copy (ms):  19.5]
      [Termination (ms):  0.0]
         [Termination Attempts:  1]
      [GC Worker Other (ms):  0.0]
      [GC Worker Total (ms):  35.2]
      [GC Worker End (ms):  8249964.1]
   [Code Root Fixup: 0.0 ms]
   [Code Root Purge: 0.0 ms]
   [Clear CT: 0.0 ms]
   [Other: 0.6 ms]
      [Choose CSet: 0.0 ms]
      [Ref Proc: 0.1 ms]
      [Ref Enq: 0.0 ms]
      [Redirty Cards: 0.1 ms]
      [Humongous Register: 0.0 ms]
      [Humongous Reclaim: 0.0 ms]
      [Free CSet: 0.0 ms]
   [Eden: 21.0M(21.0M)->0.0B(23.0M) Survivors: 4096.0K->2048.0K Heap: 193.5M(512.0M)->171.5M(512.0M)]
 [Times: user=0.03 sys=0.00, real=0.04 secs] 
2019-04-02T19:51:33.880+0900: 8370.198: [GC pause (G1 Evacuation Pause) (young), 0.0440299 secs]
   [Parallel Time: 43.3 ms, GC Workers: 1]
      [GC Worker Start (ms):  8370198.4]
      [Ext Root Scanning (ms):  2.6]
      [Update RS (ms):  5.5]
         [Processed Buffers:  36]
      [Scan RS (ms):  8.2]
      [Code Root Scanning (ms):  0.0]
      [Object Copy (ms):  26.9]
      [Termination (ms):  0.0]
         [Termination Attempts:  1]
      [GC Worker Other (ms):  0.0]
      [GC Worker Total (ms):  43.2]
      [GC Worker End (ms):  8370241.6]
   [Code Root Fixup: 0.0 ms]
   [Code Root Purge: 0.0 ms]
   [Clear CT: 0.0 ms]
   [Other: 0.7 ms]
      [Choose CSet: 0.0 ms]
      [Ref Proc: 0.1 ms]
      [Ref Enq: 0.0 ms]
      [Redirty Cards: 0.1 ms]
      [Humongous Register: 0.0 ms]
      [Humongous Reclaim: 0.0 ms]
      [Free CSet: 0.0 ms]
   [Eden: 23.0M(23.0M)->0.0B(22.0M) Survivors: 2048.0K->3072.0K Heap: 194.5M(512.0M)->172.5M(512.0M)]
 [Times: user=0.04 sys=0.00, real=0.04 secs] 
2019-04-02T19:53:27.996+0900: 8484.314: [GC pause (G1 Evacuation Pause) (young), 0.0507520 secs]
   [Parallel Time: 50.0 ms, GC Workers: 1]
      [GC Worker Start (ms):  8484314.5]
      [Ext Root Scanning (ms):  2.4]
      [Update RS (ms):  5.1]
         [Processed Buffers:  38]
      [Scan RS (ms):  6.5]
      [Code Root Scanning (ms):  0.0]
      [Object Copy (ms):  35.9]
      [Termination (ms):  0.0]
         [Termination Attempts:  1]
      [GC Worker Other (ms):  0.0]
      [GC Worker Total (ms):  49.9]
      [GC Worker End (ms):  8484364.4]
   [Code Root Fixup: 0.0 ms]
   [Code Root Purge: 0.0 ms]
   [Clear CT: 0.1 ms]
   [Other: 0.7 ms]
      [Choose CSet: 0.0 ms]
      [Ref Proc: 0.1 ms]
      [Ref Enq: 0.0 ms]
      [Redirty Cards: 0.1 ms]
      [Humongous Register: 0.0 ms]
      [Humongous Reclaim: 0.0 ms]
      [Free CSet: 0.1 ms]
   [Eden: 22.0M(22.0M)->0.0B(21.0M) Survivors: 3072.0K->4096.0K Heap: 194.5M(512.0M)->174.0M(512.0M)]
 [Times: user=0.05 sys=0.00, real=0.05 secs] 
2019-04-02T19:55:16.439+0900: 8592.757: [GC pause (G1 Evacuation Pause) (young), 0.0530446 secs]
   [Parallel Time: 52.1 ms, GC Workers: 1]
      [GC Worker Start (ms):  8592757.4]
      [Ext Root Scanning (ms):  2.4]
      [Update RS (ms):  4.4]
         [Processed Buffers:  35]
      [Scan RS (ms):  8.7]
      [Code Root Scanning (ms):  0.0]
      [Object Copy (ms):  36.5]
      [Termination (ms):  0.0]
         [Termination Attempts:  1]
      [GC Worker Other (ms):  0.0]
      [GC Worker Total (ms):  52.0]
      [GC Worker End (ms):  8592809.5]
   [Code Root Fixup: 0.0 ms]
   [Code Root Purge: 0.0 ms]
   [Clear CT: 0.1 ms]
   [Other: 0.8 ms]
      [Choose CSet: 0.0 ms]
      [Ref Proc: 0.2 ms]
      [Ref Enq: 0.0 ms]
      [Redirty Cards: 0.1 ms]
      [Humongous Register: 0.0 ms]
      [Humongous Reclaim: 0.0 ms]
      [Free CSet: 0.0 ms]
   [Eden: 21.0M(21.0M)->0.0B(22.0M) Survivors: 4096.0K->3072.0K Heap: 195.0M(512.0M)->175.5M(512.0M)]
 [Times: user=0.05 sys=0.00, real=0.05 secs] 
2019-04-02T19:57:10.974+0900: 8707.293: [GC pause (G1 Evacuation Pause) (young), 0.0459409 secs]
   [Parallel Time: 45.3 ms, GC Workers: 1]
      [GC Worker Start (ms):  8707293.1]
      [Ext Root Scanning (ms):  2.4]
      [Update RS (ms):  5.7]
         [Processed Buffers:  39]
      [Scan RS (ms):  6.6]
      [Code Root Scanning (ms):  0.0]
      [Object Copy (ms):  30.3]
      [Termination (ms):  0.0]
         [Termination Attempts:  1]
      [GC Worker Other (ms):  0.0]
      [GC Worker Total (ms):  45.1]
      [GC Worker End (ms):  8707338.2]
   [Code Root Fixup: 0.0 ms]
   [Code Root Purge: 0.0 ms]
   [Clear CT: 0.1 ms]
   [Other: 0.6 ms]
      [Choose CSet: 0.0 ms]
      [Ref Proc: 0.2 ms]
      [Ref Enq: 0.0 ms]
      [Redirty Cards: 0.1 ms]
      [Humongous Register: 0.0 ms]
      [Humongous Reclaim: 0.0 ms]
      [Free CSet: 0.0 ms]
   [Eden: 22.0M(22.0M)->0.0B(21.0M) Survivors: 3072.0K->4096.0K Heap: 197.5M(512.0M)->176.5M(512.0M)]
 [Times: user=0.04 sys=0.00, real=0.05 secs] 
2019-04-02T19:59:02.973+0900: 8819.291: [GC pause (G1 Evacuation Pause) (young), 0.0371555 secs]
   [Parallel Time: 36.5 ms, GC Workers: 1]
      [GC Worker Start (ms):  8819291.6]
      [Ext Root Scanning (ms):  2.3]
      [Update RS (ms):  4.1]
         [Processed Buffers:  34]
      [Scan RS (ms):  6.5]
      [Code Root Scanning (ms):  0.0]
      [Object Copy (ms):  23.4]
      [Termination (ms):  0.0]
         [Termination Attempts:  1]
      [GC Worker Other (ms):  0.0]
      [GC Worker Total (ms):  36.4]
      [GC Worker End (ms):  8819328.0]
   [Code Root Fixup: 0.0 ms]
   [Code Root Purge: 0.0 ms]
   [Clear CT: 0.1 ms]
   [Other: 0.6 ms]
      [Choose CSet: 0.0 ms]
      [Ref Proc: 0.1 ms]
      [Ref Enq: 0.0 ms]
      [Redirty Cards: 0.1 ms]
      [Humongous Register: 0.0 ms]
      [Humongous Reclaim: 0.0 ms]
      [Free CSet: 0.0 ms]
   [Eden: 21.0M(21.0M)->0.0B(22.0M) Survivors: 4096.0K->3072.0K Heap: 197.5M(512.0M)->176.2M(512.0M)]
 [Times: user=0.04 sys=0.00, real=0.04 secs] 
2019-04-02T20:00:58.237+0900: 8934.555: [GC pause (G1 Evacuation Pause) (young), 0.0530769 secs]
   [Parallel Time: 52.1 ms, GC Workers: 1]
      [GC Worker Start (ms):  8934555.5]
      [Ext Root Scanning (ms):  2.5]
      [Update RS (ms):  4.9]
         [Processed Buffers:  35]
      [Scan RS (ms):  7.7]
      [Code Root Scanning (ms):  0.0]
      [Object Copy (ms):  36.8]
      [Termination (ms):  0.0]
         [Termination Attempts:  1]
      [GC Worker Other (ms):  0.0]
      [GC Worker Total (ms):  52.0]
      [GC Worker End (ms):  8934607.5]
   [Code Root Fixup: 0.0 ms]
   [Code Root Purge: 0.0 ms]
   [Clear CT: 0.1 ms]
   [Other: 0.9 ms]
      [Choose CSet: 0.0 ms]
      [Ref Proc: 0.2 ms]
      [Ref Enq: 0.0 ms]
      [Redirty Cards: 0.2 ms]
      [Humongous Register: 0.0 ms]
      [Humongous Reclaim: 0.0 ms]
      [Free CSet: 0.1 ms]
   [Eden: 22.0M(22.0M)->0.0B(21.0M) Survivors: 3072.0K->4096.0K Heap: 198.2M(512.0M)->177.2M(512.0M)]
 [Times: user=0.04 sys=0.00, real=0.09 secs] 
2019-04-02T20:02:45.737+0900: 9042.056: [GC pause (G1 Evacuation Pause) (young), 0.1524352 secs]
   [Parallel Time: 126.5 ms, GC Workers: 1]
      [GC Worker Start (ms):  9042081.2]
      [Ext Root Scanning (ms):  4.2]
      [Update RS (ms):  6.1]
         [Processed Buffers:  36]
      [Scan RS (ms):  14.0]
      [Code Root Scanning (ms):  0.0]
      [Object Copy (ms):  101.9]
      [Termination (ms):  0.0]
         [Termination Attempts:  1]
      [GC Worker Other (ms):  0.0]
      [GC Worker Total (ms):  126.3]
      [GC Worker End (ms):  9042207.6]
   [Code Root Fixup: 0.0 ms]
   [Code Root Purge: 0.0 ms]
   [Clear CT: 0.1 ms]
   [Other: 25.9 ms]
      [Choose CSet: 0.0 ms]
      [Ref Proc: 0.2 ms]
      [Ref Enq: 0.0 ms]
      [Redirty Cards: 0.1 ms]
      [Humongous Register: 0.0 ms]
      [Humongous Reclaim: 0.0 ms]
      [Free CSet: 0.0 ms]
   [Eden: 21.0M(21.0M)->0.0B(21.0M) Survivors: 4096.0K->4096.0K Heap: 198.2M(512.0M)->178.3M(512.0M)]
 [Times: user=0.06 sys=0.01, real=0.15 secs] 
2019-04-02T20:04:36.025+0900: 9152.347: [GC pause (G1 Evacuation Pause) (young), 0.0561110 secs]
   [Parallel Time: 52.0 ms, GC Workers: 1]
      [GC Worker Start (ms):  9152347.2]
      [Ext Root Scanning (ms):  2.6]
      [Update RS (ms):  5.6]
         [Processed Buffers:  35]
      [Scan RS (ms):  7.0]
      [Code Root Scanning (ms):  0.0]
      [Object Copy (ms):  36.7]
      [Termination (ms):  0.0]
         [Termination Attempts:  1]
      [GC Worker Other (ms):  0.0]
      [GC Worker Total (ms):  51.9]
      [GC Worker End (ms):  9152399.1]
   [Code Root Fixup: 0.0 ms]
   [Code Root Purge: 0.0 ms]
   [Clear CT: 0.1 ms]
   [Other: 4.0 ms]
      [Choose CSet: 0.0 ms]
      [Ref Proc: 0.1 ms]
      [Ref Enq: 0.0 ms]
      [Redirty Cards: 0.1 ms]
      [Humongous Register: 0.0 ms]
      [Humongous Reclaim: 0.0 ms]
      [Free CSet: 0.1 ms]
   [Eden: 21.0M(21.0M)->0.0B(21.0M) Survivors: 4096.0K->4096.0K Heap: 199.3M(512.0M)->179.5M(512.0M)]
 [Times: user=0.05 sys=0.00, real=0.06 secs] 
2019-04-02T20:06:27.850+0900: 9264.169: [GC pause (G1 Evacuation Pause) (young), 0.0374037 secs]
   [Parallel Time: 36.5 ms, GC Workers: 1]
      [GC Worker Start (ms):  9264169.1]
      [Ext Root Scanning (ms):  2.5]
      [Update RS (ms):  4.7]
         [Processed Buffers:  39]
      [Scan RS (ms):  7.1]
      [Code Root Scanning (ms):  0.0]
      [Object Copy (ms):  22.0]
      [Termination (ms):  0.0]
         [Termination Attempts:  1]
      [GC Worker Other (ms):  0.0]
      [GC Worker Total (ms):  36.4]
      [GC Worker End (ms):  9264205.5]
   [Code Root Fixup: 0.0 ms]
   [Code Root Purge: 0.0 ms]
   [Clear CT: 0.1 ms]
   [Other: 0.8 ms]
      [Choose CSet: 0.0 ms]
      [Ref Proc: 0.1 ms]
      [Ref Enq: 0.0 ms]
      [Redirty Cards: 0.3 ms]
      [Humongous Register: 0.0 ms]
      [Humongous Reclaim: 0.0 ms]
      [Free CSet: 0.0 ms]
   [Eden: 21.0M(21.0M)->0.0B(23.0M) Survivors: 4096.0K->2048.0K Heap: 200.5M(512.0M)->178.5M(512.0M)]
 [Times: user=0.04 sys=0.00, real=0.04 secs] 
2019-04-02T20:08:28.670+0900: 9384.988: [GC pause (G1 Evacuation Pause) (young), 0.0645681 secs]
   [Parallel Time: 63.9 ms, GC Workers: 1]
      [GC Worker Start (ms):  9384988.6]
      [Ext Root Scanning (ms):  2.4]
      [Update RS (ms):  12.0]
         [Processed Buffers:  35]
      [Scan RS (ms):  10.7]
      [Code Root Scanning (ms):  0.0]
      [Object Copy (ms):  38.1]
      [Termination (ms):  0.0]
         [Termination Attempts:  1]
      [GC Worker Other (ms):  0.0]
      [GC Worker Total (ms):  63.3]
      [GC Worker End (ms):  9385051.9]
   [Code Root Fixup: 0.0 ms]
   [Code Root Purge: 0.0 ms]
   [Clear CT: 0.1 ms]
   [Other: 0.6 ms]
      [Choose CSet: 0.0 ms]
      [Ref Proc: 0.2 ms]
      [Ref Enq: 0.0 ms]
      [Redirty Cards: 0.1 ms]
      [Humongous Register: 0.0 ms]
      [Humongous Reclaim: 0.0 ms]
      [Free CSet: 0.0 ms]
   [Eden: 23.0M(23.0M)->0.0B(21.0M) Survivors: 2048.0K->4096.0K Heap: 201.5M(512.0M)->180.0M(512.0M)]
 [Times: user=0.05 sys=0.00, real=0.07 secs] 
2019-04-02T20:10:16.291+0900: 9492.609: [GC pause (G1 Evacuation Pause) (young), 0.0502473 secs]
   [Parallel Time: 49.5 ms, GC Workers: 1]
      [GC Worker Start (ms):  9492609.6]
      [Ext Root Scanning (ms):  2.4]
      [Update RS (ms):  5.4]
         [Processed Buffers:  33]
      [Scan RS (ms):  6.0]
      [Code Root Scanning (ms):  0.0]
      [Object Copy (ms):  35.5]
      [Termination (ms):  0.0]
         [Termination Attempts:  1]
      [GC Worker Other (ms):  0.0]
      [GC Worker Total (ms):  49.3]
      [GC Worker End (ms):  9492658.9]
   [Code Root Fixup: 0.0 ms]
   [Code Root Purge: 0.0 ms]
   [Clear CT: 0.1 ms]
   [Other: 0.7 ms]
      [Choose CSet: 0.0 ms]
      [Ref Proc: 0.1 ms]
      [Ref Enq: 0.0 ms]
      [Redirty Cards: 0.1 ms]
      [Humongous Register: 0.0 ms]
      [Humongous Reclaim: 0.0 ms]
      [Free CSet: 0.1 ms]
   [Eden: 21.0M(21.0M)->0.0B(21.0M) Survivors: 4096.0K->4096.0K Heap: 201.0M(512.0M)->181.2M(512.0M)]
 [Times: user=0.05 sys=0.00, real=0.05 secs] 
2019-04-02T20:12:05.476+0900: 9601.795: [GC pause (G1 Evacuation Pause) (young), 0.0506300 secs]
   [Parallel Time: 49.8 ms, GC Workers: 1]
      [GC Worker Start (ms):  9601795.0]
      [Ext Root Scanning (ms):  2.5]
      [Update RS (ms):  4.5]
         [Processed Buffers:  39]
      [Scan RS (ms):  8.4]
      [Code Root Scanning (ms):  0.0]
      [Object Copy (ms):  34.1]
      [Termination (ms):  0.0]
         [Termination Attempts:  1]
      [GC Worker Other (ms):  0.0]
      [GC Worker Total (ms):  49.6]
      [GC Worker End (ms):  9601844.6]
   [Code Root Fixup: 0.0 ms]
   [Code Root Purge: 0.0 ms]
   [Clear CT: 0.1 ms]
   [Other: 0.8 ms]
      [Choose CSet: 0.0 ms]
      [Ref Proc: 0.2 ms]
      [Ref Enq: 0.0 ms]
      [Redirty Cards: 0.1 ms]
      [Humongous Register: 0.0 ms]
      [Humongous Reclaim: 0.0 ms]
      [Free CSet: 0.1 ms]
   [Eden: 21.0M(21.0M)->0.0B(22.0M) Survivors: 4096.0K->3072.0K Heap: 202.2M(512.0M)->182.5M(512.0M)]
 [Times: user=0.05 sys=0.00, real=0.05 secs] 
2019-04-02T20:14:02.732+0900: 9719.050: [GC pause (G1 Evacuation Pause) (young) (initial-mark), 0.0434715 secs]
   [Parallel Time: 42.6 ms, GC Workers: 1]
      [GC Worker Start (ms):  9719050.5]
      [Ext Root Scanning (ms):  3.9]
      [Update RS (ms):  5.1]
         [Processed Buffers:  36]
      [Scan RS (ms):  5.8]
      [Code Root Scanning (ms):  0.0]
      [Object Copy (ms):  27.6]
      [Termination (ms):  0.0]
         [Termination Attempts:  1]
      [GC Worker Other (ms):  0.0]
      [GC Worker Total (ms):  42.4]
      [GC Worker End (ms):  9719092.9]
   [Code Root Fixup: 0.0 ms]
   [Code Root Purge: 0.0 ms]
   [Clear CT: 0.1 ms]
   [Other: 0.9 ms]
      [Choose CSet: 0.0 ms]
      [Ref Proc: 0.1 ms]
      [Ref Enq: 0.0 ms]
      [Redirty Cards: 0.2 ms]
      [Humongous Register: 0.1 ms]
      [Humongous Reclaim: 0.0 ms]
      [Free CSet: 0.0 ms]
   [Eden: 22.0M(22.0M)->0.0B(21.0M) Survivors: 3072.0K->4096.0K Heap: 204.5M(512.0M)->183.5M(512.0M)]
 [Times: user=0.04 sys=0.00, real=0.04 secs] 
2019-04-02T20:14:02.775+0900: 9719.094: [GC concurrent-root-region-scan-start]
2019-04-02T20:14:02.804+0900: 9719.122: [GC concurrent-root-region-scan-end, 0.0281749 secs]
2019-04-02T20:14:02.804+0900: 9719.122: [GC concurrent-mark-start]
2019-04-02T20:14:02.886+0900: 9719.204: [GC concurrent-mark-end, 0.0820508 secs]
2019-04-02T20:14:02.886+0900: 9719.204: [GC remark 2019-04-02T20:14:02.886+0900: 9719.205: [Finalize Marking, 0.0004639 secs] 2019-04-02T20:14:02.887+0900: 9719.205: [GC ref-proc, 0.0008666 secs] 2019-04-02T20:14:02.887+0900: 9719.206: [Unloading, 0.0354740 secs], 0.0414595 secs]
 [Times: user=0.04 sys=0.00, real=0.04 secs] 
2019-04-02T20:14:02.928+0900: 9719.247: [GC cleanup 183M->183M(512M), 0.0020993 secs]
 [Times: user=0.00 sys=0.00, real=0.00 secs] 
2019-04-02T20:15:50.910+0900: 9827.229: [GC pause (G1 Evacuation Pause) (young), 0.0384471 secs]
   [Parallel Time: 37.6 ms, GC Workers: 1]
      [GC Worker Start (ms):  9827229.0]
      [Ext Root Scanning (ms):  2.4]
      [Update RS (ms):  4.6]
         [Processed Buffers:  36]
      [Scan RS (ms):  6.6]
      [Code Root Scanning (ms):  0.0]
      [Object Copy (ms):  23.8]
      [Termination (ms):  0.0]
         [Termination Attempts:  1]
      [GC Worker Other (ms):  0.0]
      [GC Worker Total (ms):  37.5]
      [GC Worker End (ms):  9827266.5]
   [Code Root Fixup: 0.0 ms]
   [Code Root Purge: 0.0 ms]
   [Clear CT: 0.1 ms]
   [Other: 0.8 ms]
      [Choose CSet: 0.0 ms]
      [Ref Proc: 0.2 ms]
      [Ref Enq: 0.0 ms]
      [Redirty Cards: 0.1 ms]
      [Humongous Register: 0.0 ms]
      [Humongous Reclaim: 0.0 ms]
      [Free CSet: 0.1 ms]
   [Eden: 21.0M(21.0M)->0.0B(23.0M) Survivors: 4096.0K->2048.0K Heap: 204.5M(512.0M)->183.7M(512.0M)]
 [Times: user=0.04 sys=0.00, real=0.04 secs] 
2019-04-02T20:17:51.200+0900: 9947.518: [GC pause (G1 Evacuation Pause) (mixed), 0.0570732 secs]
   [Parallel Time: 56.1 ms, GC Workers: 1]
      [GC Worker Start (ms):  9947518.7]
      [Ext Root Scanning (ms):  2.8]
      [Update RS (ms):  5.2]
         [Processed Buffers:  38]
      [Scan RS (ms):  7.4]
      [Code Root Scanning (ms):  0.2]
      [Object Copy (ms):  40.3]
      [Termination (ms):  0.0]
         [Termination Attempts:  1]
      [GC Worker Other (ms):  0.0]
      [GC Worker Total (ms):  56.0]
      [GC Worker End (ms):  9947574.6]
   [Code Root Fixup: 0.0 ms]
   [Code Root Purge: 0.0 ms]
   [Clear CT: 0.1 ms]
   [Other: 0.9 ms]
      [Choose CSet: 0.0 ms]
      [Ref Proc: 0.2 ms]
      [Ref Enq: 0.0 ms]
      [Redirty Cards: 0.2 ms]
      [Humongous Register: 0.0 ms]
      [Humongous Reclaim: 0.0 ms]
      [Free CSet: 0.1 ms]
   [Eden: 23.0M(23.0M)->0.0B(22.0M) Survivors: 2048.0K->3072.0K Heap: 206.7M(512.0M)->178.5M(512.0M)]
 [Times: user=0.04 sys=0.00, real=0.06 secs] 
2019-04-02T20:19:46.074+0900: 10062.393: [GC pause (G1 Evacuation Pause) (mixed), 0.0505868 secs]
   [Parallel Time: 49.8 ms, GC Workers: 1]
      [GC Worker Start (ms):  10062392.8]
      [Ext Root Scanning (ms):  2.6]
      [Update RS (ms):  4.7]
         [Processed Buffers:  36]
      [Scan RS (ms):  7.5]
      [Code Root Scanning (ms):  0.3]
      [Object Copy (ms):  34.6]
      [Termination (ms):  0.0]
         [Termination Attempts:  1]
      [GC Worker Other (ms):  0.0]
      [GC Worker Total (ms):  49.7]
      [GC Worker End (ms):  10062442.5]
   [Code Root Fixup: 0.0 ms]
   [Code Root Purge: 0.0 ms]
   [Clear CT: 0.1 ms]
   [Other: 0.7 ms]
      [Choose CSet: 0.0 ms]
      [Ref Proc: 0.2 ms]
      [Ref Enq: 0.0 ms]
      [Redirty Cards: 0.2 ms]
      [Humongous Register: 0.0 ms]
      [Humongous Reclaim: 0.0 ms]
      [Free CSet: 0.1 ms]
   [Eden: 22.0M(22.0M)->0.0B(21.0M) Survivors: 3072.0K->4096.0K Heap: 200.5M(512.0M)->172.7M(512.0M)]
 [Times: user=0.05 sys=0.00, real=0.05 secs] 
2019-04-02T20:21:37.128+0900: 10173.446: [GC pause (G1 Evacuation Pause) (mixed), 0.0909316 secs]
   [Parallel Time: 90.2 ms, GC Workers: 1]
      [GC Worker Start (ms):  10173446.5]
      [Ext Root Scanning (ms):  2.6]
      [Update RS (ms):  4.7]
         [Processed Buffers:  36]
      [Scan RS (ms):  18.2]
      [Code Root Scanning (ms):  0.3]
      [Object Copy (ms):  64.2]
      [Termination (ms):  0.0]
         [Termination Attempts:  1]
      [GC Worker Other (ms):  0.0]
      [GC Worker Total (ms):  90.1]
      [GC Worker End (ms):  10173536.6]
   [Code Root Fixup: 0.0 ms]
   [Code Root Purge: 0.0 ms]
   [Clear CT: 0.1 ms]
   [Other: 0.7 ms]
      [Choose CSet: 0.0 ms]
      [Ref Proc: 0.2 ms]
      [Ref Enq: 0.0 ms]
      [Redirty Cards: 0.1 ms]
      [Humongous Register: 0.0 ms]
      [Humongous Reclaim: 0.0 ms]
      [Free CSet: 0.1 ms]
   [Eden: 21.0M(21.0M)->0.0B(22.0M) Survivors: 4096.0K->3072.0K Heap: 193.7M(512.0M)->171.4M(512.0M)]
 [Times: user=0.05 sys=0.00, real=0.09 secs] 
2019-04-02T20:23:34.324+0900: 10290.642: [GC pause (G1 Evacuation Pause) (young), 0.0323148 secs]
   [Parallel Time: 31.7 ms, GC Workers: 1]
      [GC Worker Start (ms):  10290642.3]
      [Ext Root Scanning (ms):  2.4]
      [Update RS (ms):  6.5]
         [Processed Buffers:  35]
      [Scan RS (ms):  6.2]
      [Code Root Scanning (ms):  0.0]
      [Object Copy (ms):  16.5]
      [Termination (ms):  0.0]
         [Termination Attempts:  1]
      [GC Worker Other (ms):  0.0]
      [GC Worker Total (ms):  31.6]
      [GC Worker End (ms):  10290673.9]
   [Code Root Fixup: 0.0 ms]
   [Code Root Purge: 0.0 ms]
   [Clear CT: 0.1 ms]
   [Other: 0.6 ms]
      [Choose CSet: 0.0 ms]
      [Ref Proc: 0.1 ms]
      [Ref Enq: 0.0 ms]
      [Redirty Cards: 0.1 ms]
      [Humongous Register: 0.0 ms]
      [Humongous Reclaim: 0.0 ms]
      [Free CSet: 0.0 ms]
   [Eden: 22.0M(22.0M)->0.0B(22.0M) Survivors: 3072.0K->3072.0K Heap: 193.4M(512.0M)->171.4M(512.0M)]
 [Times: user=0.03 sys=0.00, real=0.04 secs] 
2019-04-02T20:25:27.974+0900: 10404.292: [GC pause (G1 Evacuation Pause) (young), 0.0648117 secs]
   [Parallel Time: 64.2 ms, GC Workers: 1]
      [GC Worker Start (ms):  10404292.4]
      [Ext Root Scanning (ms):  2.5]
      [Update RS (ms):  5.6]
         [Processed Buffers:  38]
      [Scan RS (ms):  5.6]
      [Code Root Scanning (ms):  0.0]
      [Object Copy (ms):  50.4]
      [Termination (ms):  0.0]
         [Termination Attempts:  1]
      [GC Worker Other (ms):  0.0]
      [GC Worker Total (ms):  64.1]
      [GC Worker End (ms):  10404356.5]
   [Code Root Fixup: 0.0 ms]
   [Code Root Purge: 0.0 ms]
   [Clear CT: 0.1 ms]
   [Other: 0.6 ms]
      [Choose CSet: 0.0 ms]
      [Ref Proc: 0.2 ms]
      [Ref Enq: 0.0 ms]
      [Redirty Cards: 0.1 ms]
      [Humongous Register: 0.0 ms]
      [Humongous Reclaim: 0.0 ms]
      [Free CSet: 0.0 ms]
   [Eden: 22.0M(22.0M)->0.0B(21.0M) Survivors: 3072.0K->4096.0K Heap: 193.4M(512.0M)->172.4M(512.0M)]
 [Times: user=0.04 sys=0.00, real=0.07 secs] 
2019-04-02T20:27:16.357+0900: 10512.676: [GC pause (G1 Evacuation Pause) (young), 0.2286690 secs]
   [Parallel Time: 228.0 ms, GC Workers: 1]
      [GC Worker Start (ms):  10512676.2]
      [Ext Root Scanning (ms):  2.3]
      [Update RS (ms):  4.9]
         [Processed Buffers:  39]
      [Scan RS (ms):  6.1]
      [Code Root Scanning (ms):  0.0]
      [Object Copy (ms):  214.6]
      [Termination (ms):  0.0]
         [Termination Attempts:  1]
      [GC Worker Other (ms):  0.0]
      [GC Worker Total (ms):  227.9]
      [GC Worker End (ms):  10512904.1]
   [Code Root Fixup: 0.0 ms]
   [Code Root Purge: 0.0 ms]
   [Clear CT: 0.1 ms]
   [Other: 0.6 ms]
      [Choose CSet: 0.0 ms]
      [Ref Proc: 0.2 ms]
      [Ref Enq: 0.0 ms]
      [Redirty Cards: 0.1 ms]
      [Humongous Register: 0.0 ms]
      [Humongous Reclaim: 0.0 ms]
      [Free CSet: 0.0 ms]
   [Eden: 21.0M(21.0M)->0.0B(21.0M) Survivors: 4096.0K->4096.0K Heap: 193.4M(512.0M)->173.3M(512.0M)]
 [Times: user=0.05 sys=0.01, real=0.23 secs] 
2019-04-02T20:29:05.191+0900: 10621.509: [GC pause (G1 Evacuation Pause) (young), 0.0709655 secs]
   [Parallel Time: 69.6 ms, GC Workers: 1]
      [GC Worker Start (ms):  10621510.1]
      [Ext Root Scanning (ms):  3.8]
      [Update RS (ms):  6.8]
         [Processed Buffers:  40]
      [Scan RS (ms):  14.2]
      [Code Root Scanning (ms):  0.0]
      [Object Copy (ms):  44.1]
      [Termination (ms):  0.0]
         [Termination Attempts:  1]
      [GC Worker Other (ms):  0.0]
      [GC Worker Total (ms):  68.9]
      [GC Worker End (ms):  10621579.1]
   [Code Root Fixup: 0.0 ms]
   [Code Root Purge: 0.0 ms]
   [Clear CT: 0.1 ms]
   [Other: 1.2 ms]
      [Choose CSet: 0.0 ms]
      [Ref Proc: 0.2 ms]
      [Ref Enq: 0.0 ms]
      [Redirty Cards: 0.7 ms]
      [Humongous Register: 0.0 ms]
      [Humongous Reclaim: 0.0 ms]
      [Free CSet: 0.0 ms]
   [Eden: 21.0M(21.0M)->0.0B(21.0M) Survivors: 4096.0K->4096.0K Heap: 194.3M(512.0M)->174.5M(512.0M)]
 [Times: user=0.06 sys=0.00, real=0.08 secs] 
2019-04-02T20:30:55.651+0900: 10731.969: [GC pause (G1 Evacuation Pause) (young), 0.0554802 secs]
   [Parallel Time: 54.8 ms, GC Workers: 1]
      [GC Worker Start (ms):  10731969.6]
      [Ext Root Scanning (ms):  2.9]
      [Update RS (ms):  5.7]
         [Processed Buffers:  37]
      [Scan RS (ms):  7.0]
      [Code Root Scanning (ms):  0.0]
      [Object Copy (ms):  39.0]
      [Termination (ms):  0.0]
         [Termination Attempts:  1]
      [GC Worker Other (ms):  0.0]
      [GC Worker Total (ms):  54.7]
      [GC Worker End (ms):  10732024.3]
   [Code Root Fixup: 0.0 ms]
   [Code Root Purge: 0.0 ms]
   [Clear CT: 0.1 ms]
   [Other: 0.7 ms]
      [Choose CSet: 0.0 ms]
      [Ref Proc: 0.1 ms]
      [Ref Enq: 0.0 ms]
      [Redirty Cards: 0.1 ms]
      [Humongous Register: 0.0 ms]
      [Humongous Reclaim: 0.0 ms]
      [Free CSet: 0.0 ms]
   [Eden: 21.0M(21.0M)->0.0B(21.0M) Survivors: 4096.0K->4096.0K Heap: 195.5M(512.0M)->175.5M(512.0M)]
 [Times: user=0.05 sys=0.00, real=0.06 secs] 
2019-04-02T20:32:23.153+0900: 10819.471: [GC pause (G1 Evacuation Pause) (young), 0.3187104 secs]
   [Parallel Time: 318.0 ms, GC Workers: 1]
      [GC Worker Start (ms):  10819471.6]
      [Ext Root Scanning (ms):  2.8]
      [Update RS (ms):  5.9]
         [Processed Buffers:  43]
      [Scan RS (ms):  14.0]
      [Code Root Scanning (ms):  0.0]
      [Object Copy (ms):  295.3]
      [Termination (ms):  0.0]
         [Termination Attempts:  1]
      [GC Worker Other (ms):  0.0]
      [GC Worker Total (ms):  317.9]
      [GC Worker End (ms):  10819789.5]
   [Code Root Fixup: 0.0 ms]
   [Code Root Purge: 0.0 ms]
   [Clear CT: 0.1 ms]
   [Other: 0.6 ms]
      [Choose CSet: 0.0 ms]
      [Ref Proc: 0.1 ms]
      [Ref Enq: 0.0 ms]
      [Redirty Cards: 0.1 ms]
      [Humongous Register: 0.0 ms]
      [Humongous Reclaim: 0.0 ms]
      [Free CSet: 0.1 ms]
   [Eden: 21.0M(21.0M)->0.0B(21.0M) Survivors: 4096.0K->4096.0K Heap: 196.5M(512.0M)->178.0M(512.0M)]
 [Times: user=0.09 sys=0.00, real=0.32 secs] 
2019-04-02T20:34:12.066+0900: 10928.384: [GC pause (G1 Evacuation Pause) (young), 0.0832164 secs]
   [Parallel Time: 82.3 ms, GC Workers: 1]
      [GC Worker Start (ms):  10928384.3]
      [Ext Root Scanning (ms):  3.3]
      [Update RS (ms):  6.1]
         [Processed Buffers:  42]
      [Scan RS (ms):  13.4]
      [Code Root Scanning (ms):  0.0]
      [Object Copy (ms):  59.5]
      [Termination (ms):  0.0]
         [Termination Attempts:  1]
      [GC Worker Other (ms):  0.0]
      [GC Worker Total (ms):  82.3]
      [GC Worker End (ms):  10928466.5]
   [Code Root Fixup: 0.0 ms]
   [Code Root Purge: 0.0 ms]
   [Clear CT: 0.2 ms]
   [Other: 0.7 ms]
      [Choose CSet: 0.0 ms]
      [Ref Proc: 0.1 ms]
      [Ref Enq: 0.0 ms]
      [Redirty Cards: 0.2 ms]
      [Humongous Register: 0.0 ms]
      [Humongous Reclaim: 0.0 ms]
      [Free CSet: 0.1 ms]
   [Eden: 21.0M(21.0M)->0.0B(23.0M) Survivors: 4096.0K->2048.0K Heap: 199.0M(512.0M)->179.5M(512.0M)]
 [Times: user=0.07 sys=0.00, real=0.08 secs] 
2019-04-02T20:36:12.609+0900: 11048.928: [GC pause (G1 Evacuation Pause) (young), 0.0326708 secs]
   [Parallel Time: 32.0 ms, GC Workers: 1]
      [GC Worker Start (ms):  11048927.9]
      [Ext Root Scanning (ms):  2.5]
      [Update RS (ms):  4.9]
         [Processed Buffers:  39]
      [Scan RS (ms):  4.6]
      [Code Root Scanning (ms):  0.0]
      [Object Copy (ms):  19.8]
      [Termination (ms):  0.0]
         [Termination Attempts:  1]
      [GC Worker Other (ms):  0.0]
      [GC Worker Total (ms):  31.9]
      [GC Worker End (ms):  11048959.8]
   [Code Root Fixup: 0.0 ms]
   [Code Root Purge: 0.0 ms]
   [Clear CT: 0.1 ms]
   [Other: 0.6 ms]
      [Choose CSet: 0.0 ms]
      [Ref Proc: 0.2 ms]
      [Ref Enq: 0.0 ms]
      [Redirty Cards: 0.0 ms]
      [Humongous Register: 0.0 ms]
      [Humongous Reclaim: 0.0 ms]
      [Free CSet: 0.0 ms]
   [Eden: 23.0M(23.0M)->0.0B(22.0M) Survivors: 2048.0K->3072.0K Heap: 202.5M(512.0M)->181.0M(512.0M)]
 [Times: user=0.04 sys=0.00, real=0.05 secs] 
2019-04-02T20:38:05.228+0900: 11161.546: [GC pause (G1 Evacuation Pause) (young), 0.0454134 secs]
   [Parallel Time: 44.8 ms, GC Workers: 1]
      [GC Worker Start (ms):  11161546.4]
      [Ext Root Scanning (ms):  2.1]
      [Update RS (ms):  6.4]
         [Processed Buffers:  38]
      [Scan RS (ms):  6.4]
      [Code Root Scanning (ms):  0.0]
      [Object Copy (ms):  29.8]
      [Termination (ms):  0.0]
         [Termination Attempts:  1]
      [GC Worker Other (ms):  0.0]
      [GC Worker Total (ms):  44.8]
      [GC Worker End (ms):  11161591.2]
   [Code Root Fixup: 0.0 ms]
   [Code Root Purge: 0.0 ms]
   [Clear CT: 0.0 ms]
   [Other: 0.5 ms]
      [Choose CSet: 0.0 ms]
      [Ref Proc: 0.1 ms]
      [Ref Enq: 0.0 ms]
      [Redirty Cards: 0.1 ms]
      [Humongous Register: 0.0 ms]
      [Humongous Reclaim: 0.0 ms]
      [Free CSet: 0.0 ms]
   [Eden: 22.0M(22.0M)->0.0B(22.0M) Survivors: 3072.0K->3072.0K Heap: 203.0M(512.0M)->182.0M(512.0M)]
 [Times: user=0.04 sys=0.00, real=0.04 secs] 
2019-04-02T20:40:03.226+0900: 11279.545: [GC pause (G1 Evacuation Pause) (young) (initial-mark), 0.0292411 secs]
   [Parallel Time: 28.5 ms, GC Workers: 1]
      [GC Worker Start (ms):  11279544.9]
      [Ext Root Scanning (ms):  3.3]
      [Update RS (ms):  3.8]
         [Processed Buffers:  33]
      [Scan RS (ms):  5.0]
      [Code Root Scanning (ms):  0.0]
      [Object Copy (ms):  16.3]
      [Termination (ms):  0.0]
         [Termination Attempts:  1]
      [GC Worker Other (ms):  0.0]
      [GC Worker Total (ms):  28.4]
      [GC Worker End (ms):  11279573.3]
   [Code Root Fixup: 0.0 ms]
   [Code Root Purge: 0.0 ms]
   [Clear CT: 0.0 ms]
   [Other: 0.7 ms]
      [Choose CSet: 0.0 ms]
      [Ref Proc: 0.1 ms]
      [Ref Enq: 0.0 ms]
      [Redirty Cards: 0.1 ms]
      [Humongous Register: 0.0 ms]
      [Humongous Reclaim: 0.0 ms]
      [Free CSet: 0.0 ms]
   [Eden: 22.0M(22.0M)->0.0B(23.0M) Survivors: 3072.0K->2048.0K Heap: 204.0M(512.0M)->181.5M(512.0M)]
 [Times: user=0.03 sys=0.00, real=0.02 secs] 
2019-04-02T20:40:03.256+0900: 11279.574: [GC concurrent-root-region-scan-start]
2019-04-02T20:40:03.268+0900: 11279.586: [GC concurrent-root-region-scan-end, 0.0119186 secs]
2019-04-02T20:40:03.268+0900: 11279.586: [GC concurrent-mark-start]
2019-04-02T20:40:03.342+0900: 11279.661: [GC concurrent-mark-end, 0.0744323 secs]
2019-04-02T20:40:03.342+0900: 11279.661: [GC remark 2019-04-02T20:40:03.343+0900: 11279.661: [Finalize Marking, 0.0003659 secs] 2019-04-02T20:40:03.343+0900: 11279.661: [GC ref-proc, 0.0008690 secs] 2019-04-02T20:40:03.344+0900: 11279.662: [Unloading, 0.0313119 secs], 0.0357975 secs]
 [Times: user=0.04 sys=0.00, real=0.04 secs] 
2019-04-02T20:40:03.379+0900: 11279.697: [GC cleanup 181M->180M(512M), 0.0022206 secs]
 [Times: user=0.00 sys=0.00, real=0.00 secs] 
2019-04-02T20:40:03.381+0900: 11279.700: [GC concurrent-cleanup-start]
2019-04-02T20:40:03.381+0900: 11279.700: [GC concurrent-cleanup-end, 0.0000264 secs]
2019-04-02T20:42:03.827+0900: 11400.145: [GC pause (G1 Evacuation Pause) (young), 0.0321732 secs]
   [Parallel Time: 31.3 ms, GC Workers: 1]
      [GC Worker Start (ms):  11400145.6]
      [Ext Root Scanning (ms):  2.4]
      [Update RS (ms):  3.8]
         [Processed Buffers:  34]
      [Scan RS (ms):  6.8]
      [Code Root Scanning (ms):  0.0]
      [Object Copy (ms):  18.2]
      [Termination (ms):  0.0]
         [Termination Attempts:  1]
      [GC Worker Other (ms):  0.0]
      [GC Worker Total (ms):  31.2]
      [GC Worker End (ms):  11400176.9]
   [Code Root Fixup: 0.0 ms]
   [Code Root Purge: 0.0 ms]
   [Clear CT: 0.0 ms]
   [Other: 0.8 ms]
      [Choose CSet: 0.0 ms]
      [Ref Proc: 0.4 ms]
      [Ref Enq: 0.0 ms]
      [Redirty Cards: 0.1 ms]
      [Humongous Register: 0.0 ms]
      [Humongous Reclaim: 0.0 ms]
      [Free CSet: 0.0 ms]
   [Eden: 23.0M(23.0M)->0.0B(22.0M) Survivors: 2048.0K->3072.0K Heap: 203.5M(512.0M)->181.0M(512.0M)]
 [Times: user=0.03 sys=0.00, real=0.03 secs] 
2019-04-02T20:43:58.901+0900: 11515.219: [GC pause (G1 Evacuation Pause) (mixed), 0.0428542 secs]
   [Parallel Time: 42.0 ms, GC Workers: 1]
      [GC Worker Start (ms):  11515219.5]
      [Ext Root Scanning (ms):  2.8]
      [Update RS (ms):  4.9]
         [Processed Buffers:  36]
      [Scan RS (ms):  6.5]
      [Code Root Scanning (ms):  0.0]
      [Object Copy (ms):  27.7]
      [Termination (ms):  0.0]
         [Termination Attempts:  1]
      [GC Worker Other (ms):  0.0]
      [GC Worker Total (ms):  41.9]
      [GC Worker End (ms):  11515261.4]
   [Code Root Fixup: 0.0 ms]
   [Code Root Purge: 0.0 ms]
   [Clear CT: 0.1 ms]
   [Other: 0.7 ms]
      [Choose CSet: 0.0 ms]
      [Ref Proc: 0.3 ms]
      [Ref Enq: 0.0 ms]
      [Redirty Cards: 0.1 ms]
      [Humongous Register: 0.0 ms]
      [Humongous Reclaim: 0.0 ms]
      [Free CSet: 0.1 ms]
   [Eden: 22.0M(22.0M)->0.0B(21.0M) Survivors: 3072.0K->4096.0K Heap: 203.0M(512.0M)->176.2M(512.0M)]
 [Times: user=0.05 sys=0.00, real=0.04 secs] 
2019-04-02T20:45:47.003+0900: 11623.322: [GC pause (G1 Evacuation Pause) (mixed), 0.0744083 secs]
   [Parallel Time: 73.6 ms, GC Workers: 1]
      [GC Worker Start (ms):  11623321.8]
      [Ext Root Scanning (ms):  2.6]
      [Update RS (ms):  4.7]
         [Processed Buffers:  37]
      [Scan RS (ms):  6.6]
      [Code Root Scanning (ms):  0.0]
      [Object Copy (ms):  59.5]
      [Termination (ms):  0.0]
         [Termination Attempts:  1]
      [GC Worker Other (ms):  0.0]
      [GC Worker Total (ms):  73.5]
      [GC Worker End (ms):  11623395.3]
   [Code Root Fixup: 0.0 ms]
   [Code Root Purge: 0.0 ms]
   [Clear CT: 0.1 ms]
   [Other: 0.8 ms]
      [Choose CSet: 0.0 ms]
      [Ref Proc: 0.3 ms]
      [Ref Enq: 0.0 ms]
      [Redirty Cards: 0.1 ms]
      [Humongous Register: 0.0 ms]
      [Humongous Reclaim: 0.0 ms]
      [Free CSet: 0.1 ms]
   [Eden: 21.0M(21.0M)->0.0B(22.0M) Survivors: 4096.0K->3072.0K Heap: 197.2M(512.0M)->171.1M(512.0M)]
 [Times: user=0.06 sys=0.00, real=0.08 secs] 
2019-04-02T20:47:43.523+0900: 11739.842: [GC pause (G1 Evacuation Pause) (mixed), 0.0430466 secs]
   [Parallel Time: 42.3 ms, GC Workers: 1]
      [GC Worker Start (ms):  11739841.9]
      [Ext Root Scanning (ms):  2.6]
      [Update RS (ms):  5.5]
         [Processed Buffers:  38]
      [Scan RS (ms):  6.6]
      [Code Root Scanning (ms):  0.0]
      [Object Copy (ms):  27.5]
      [Termination (ms):  0.0]
         [Termination Attempts:  1]
      [GC Worker Other (ms):  0.0]
      [GC Worker Total (ms):  42.2]
      [GC Worker End (ms):  11739884.1]
   [Code Root Fixup: 0.0 ms]
   [Code Root Purge: 0.0 ms]
   [Clear CT: 0.2 ms]
   [Other: 0.6 ms]
      [Choose CSet: 0.0 ms]
      [Ref Proc: 0.1 ms]
      [Ref Enq: 0.0 ms]
      [Redirty Cards: 0.1 ms]
      [Humongous Register: 0.0 ms]
      [Humongous Reclaim: 0.0 ms]
      [Free CSet: 0.1 ms]
   [Eden: 22.0M(22.0M)->0.0B(21.0M) Survivors: 3072.0K->4096.0K Heap: 193.1M(512.0M)->169.0M(512.0M)]
 [Times: user=0.04 sys=0.00, real=0.05 secs] 
2019-04-02T20:49:34.905+0900: 11851.223: [GC pause (G1 Evacuation Pause) (young), 0.0411980 secs]
   [Parallel Time: 40.5 ms, GC Workers: 1]
      [GC Worker Start (ms):  11851223.6]
      [Ext Root Scanning (ms):  2.4]
      [Update RS (ms):  4.9]
         [Processed Buffers:  37]
      [Scan RS (ms):  6.8]
      [Code Root Scanning (ms):  0.0]
      [Object Copy (ms):  26.4]
      [Termination (ms):  0.0]
         [Termination Attempts:  1]
      [GC Worker Other (ms):  0.0]
      [GC Worker Total (ms):  40.5]
      [GC Worker End (ms):  11851264.1]
   [Code Root Fixup: 0.0 ms]
   [Code Root Purge: 0.0 ms]
   [Clear CT: 0.0 ms]
   [Other: 0.6 ms]
      [Choose CSet: 0.0 ms]
      [Ref Proc: 0.1 ms]
      [Ref Enq: 0.0 ms]
      [Redirty Cards: 0.1 ms]
      [Humongous Register: 0.0 ms]
      [Humongous Reclaim: 0.0 ms]
      [Free CSet: 0.0 ms]
   [Eden: 21.0M(21.0M)->0.0B(22.0M) Survivors: 4096.0K->3072.0K Heap: 190.0M(512.0M)->168.9M(512.0M)]
 [Times: user=0.04 sys=0.00, real=0.05 secs] 
2019-04-02T20:51:29.048+0900: 11965.366: [GC pause (G1 Evacuation Pause) (young), 0.0464712 secs]
   [Parallel Time: 45.8 ms, GC Workers: 1]
      [GC Worker Start (ms):  11965366.6]
      [Ext Root Scanning (ms):  2.5]
      [Update RS (ms):  5.3]
         [Processed Buffers:  38]
      [Scan RS (ms):  6.7]
      [Code Root Scanning (ms):  0.0]
      [Object Copy (ms):  31.1]
      [Termination (ms):  0.0]
         [Termination Attempts:  1]
      [GC Worker Other (ms):  0.0]
      [GC Worker Total (ms):  45.7]
      [GC Worker End (ms):  11965412.3]
   [Code Root Fixup: 0.0 ms]
   [Code Root Purge: 0.0 ms]
   [Clear CT: 0.1 ms]
   [Other: 0.6 ms]
      [Choose CSet: 0.0 ms]
      [Ref Proc: 0.2 ms]
      [Ref Enq: 0.0 ms]
      [Redirty Cards: 0.1 ms]
      [Humongous Register: 0.0 ms]
      [Humongous Reclaim: 0.0 ms]
      [Free CSet: 0.0 ms]
   [Eden: 22.0M(22.0M)->0.0B(21.0M) Survivors: 3072.0K->4096.0K Heap: 190.9M(512.0M)->169.9M(512.0M)]
 [Times: user=0.04 sys=0.00, real=0.04 secs] 
2019-04-02T20:53:17.335+0900: 12073.654: [GC pause (G1 Evacuation Pause) (young), 0.1272416 secs]
   [Parallel Time: 126.6 ms, GC Workers: 1]
      [GC Worker Start (ms):  12073653.9]
      [Ext Root Scanning (ms):  3.4]
      [Update RS (ms):  5.7]
         [Processed Buffers:  38]
      [Scan RS (ms):  6.7]
      [Code Root Scanning (ms):  0.0]
      [Object Copy (ms):  110.6]
      [Termination (ms):  0.0]
         [Termination Attempts:  1]
      [GC Worker Other (ms):  0.0]
      [GC Worker Total (ms):  126.5]
      [GC Worker End (ms):  12073780.5]
   [Code Root Fixup: 0.0 ms]
   [Code Root Purge: 0.0 ms]
   [Clear CT: 0.1 ms]
   [Other: 0.6 ms]
      [Choose CSet: 0.0 ms]
      [Ref Proc: 0.2 ms]
      [Ref Enq: 0.0 ms]
      [Redirty Cards: 0.1 ms]
      [Humongous Register: 0.0 ms]
      [Humongous Reclaim: 0.0 ms]
      [Free CSet: 0.0 ms]
   [Eden: 21.0M(21.0M)->0.0B(21.0M) Survivors: 4096.0K->4096.0K Heap: 190.9M(512.0M)->170.9M(512.0M)]
 [Times: user=0.06 sys=0.00, real=0.13 secs] 
2019-04-02T20:55:05.424+0900: 12181.742: [GC pause (G1 Evacuation Pause) (young), 0.0516963 secs]
   [Parallel Time: 50.9 ms, GC Workers: 1]
      [GC Worker Start (ms):  12181742.6]
      [Ext Root Scanning (ms):  2.5]
      [Update RS (ms):  4.6]
         [Processed Buffers:  37]
      [Scan RS (ms):  6.8]
      [Code Root Scanning (ms):  0.0]
      [Object Copy (ms):  36.9]
      [Termination (ms):  0.0]
         [Termination Attempts:  1]
      [GC Worker Other (ms):  0.0]
      [GC Worker Total (ms):  50.9]
      [GC Worker End (ms):  12181793.5]
   [Code Root Fixup: 0.0 ms]
   [Code Root Purge: 0.0 ms]
   [Clear CT: 0.1 ms]
   [Other: 0.7 ms]
      [Choose CSet: 0.0 ms]
      [Ref Proc: 0.2 ms]
      [Ref Enq: 0.0 ms]
      [Redirty Cards: 0.2 ms]
      [Humongous Register: 0.0 ms]
      [Humongous Reclaim: 0.0 ms]
      [Free CSet: 0.0 ms]
   [Eden: 21.0M(21.0M)->0.0B(21.0M) Survivors: 4096.0K->4096.0K Heap: 191.9M(512.0M)->172.0M(512.0M)]
 [Times: user=0.05 sys=0.00, real=0.06 secs] 
2019-04-02T20:56:57.426+0900: 12293.745: [GC pause (G1 Evacuation Pause) (young), 0.0455409 secs]
   [Parallel Time: 43.1 ms, GC Workers: 1]
      [GC Worker Start (ms):  12293748.8]
      [Ext Root Scanning (ms):  3.5]
      [Update RS (ms):  7.7]
         [Processed Buffers:  36]
      [Scan RS (ms):  6.4]
      [Code Root Scanning (ms):  0.0]
      [Object Copy (ms):  23.4]
      [Termination (ms):  0.0]
         [Termination Attempts:  1]
      [GC Worker Other (ms):  0.0]
      [GC Worker Total (ms):  41.0]
      [GC Worker End (ms):  12293789.8]
   [Code Root Fixup: 0.0 ms]
   [Code Root Purge: 0.0 ms]
   [Clear CT: 0.1 ms]
   [Other: 2.3 ms]
      [Choose CSet: 0.0 ms]
      [Ref Proc: 0.1 ms]
      [Ref Enq: 0.0 ms]
      [Redirty Cards: 0.1 ms]
      [Humongous Register: 0.0 ms]
      [Humongous Reclaim: 0.0 ms]
      [Free CSet: 0.0 ms]
   [Eden: 21.0M(21.0M)->0.0B(22.0M) Survivors: 4096.0K->3072.0K Heap: 193.0M(512.0M)->171.5M(512.0M)]
 [Times: user=0.05 sys=0.00, real=0.04 secs] 
2019-04-02T20:58:50.992+0900: 12407.311: [GC pause (G1 Evacuation Pause) (young), 0.0402152 secs]
   [Parallel Time: 39.6 ms, GC Workers: 1]
      [GC Worker Start (ms):  12407310.8]
      [Ext Root Scanning (ms):  2.6]
      [Update RS (ms):  5.6]
         [Processed Buffers:  37]
      [Scan RS (ms):  7.1]
      [Code Root Scanning (ms):  0.0]
      [Object Copy (ms):  24.2]
      [Termination (ms):  0.0]
         [Termination Attempts:  1]
      [GC Worker Other (ms):  0.0]
      [GC Worker Total (ms):  39.5]
      [GC Worker End (ms):  12407350.3]
   [Code Root Fixup: 0.0 ms]
   [Code Root Purge: 0.0 ms]
   [Clear CT: 0.1 ms]
   [Other: 0.5 ms]
      [Choose CSet: 0.0 ms]
      [Ref Proc: 0.1 ms]
      [Ref Enq: 0.0 ms]
      [Redirty Cards: 0.1 ms]
      [Humongous Register: 0.0 ms]
      [Humongous Reclaim: 0.0 ms]
      [Free CSet: 0.0 ms]
   [Eden: 22.0M(22.0M)->0.0B(22.0M) Survivors: 3072.0K->3072.0K Heap: 193.5M(512.0M)->172.0M(512.0M)]
 [Times: user=0.04 sys=0.00, real=0.04 secs] 
2019-04-02T21:00:46.013+0900: 12522.331: [GC pause (G1 Evacuation Pause) (young), 0.0526325 secs]
   [Parallel Time: 50.8 ms, GC Workers: 1]
      [GC Worker Start (ms):  12522331.9]
      [Ext Root Scanning (ms):  3.5]
      [Update RS (ms):  5.8]
         [Processed Buffers:  37]
      [Scan RS (ms):  7.1]
      [Code Root Scanning (ms):  0.0]
      [Object Copy (ms):  34.0]
      [Termination (ms):  0.0]
         [Termination Attempts:  1]
      [GC Worker Other (ms):  0.0]
      [GC Worker Total (ms):  50.5]
      [GC Worker End (ms):  12522382.4]
   [Code Root Fixup: 0.0 ms]
   [Code Root Purge: 0.0 ms]
   [Clear CT: 0.1 ms]
   [Other: 1.8 ms]
      [Choose CSet: 0.0 ms]
      [Ref Proc: 0.2 ms]
      [Ref Enq: 0.0 ms]
      [Redirty Cards: 0.1 ms]
      [Humongous Register: 0.0 ms]
      [Humongous Reclaim: 0.0 ms]
      [Free CSet: 0.0 ms]
   [Eden: 22.0M(22.0M)->0.0B(21.0M) Survivors: 3072.0K->4096.0K Heap: 194.0M(512.0M)->173.6M(512.0M)]
 [Times: user=0.05 sys=0.00, real=0.08 secs] 
2019-04-02T21:02:36.502+0900: 12632.821: [GC pause (G1 Evacuation Pause) (young), 0.0688761 secs]
   [Parallel Time: 66.7 ms, GC Workers: 1]
      [GC Worker Start (ms):  12632822.3]
      [Ext Root Scanning (ms):  3.2]
      [Update RS (ms):  19.6]
         [Processed Buffers:  37]
      [Scan RS (ms):  7.3]
      [Code Root Scanning (ms):  0.0]
      [Object Copy (ms):  36.3]
      [Termination (ms):  0.0]
         [Termination Attempts:  1]
      [GC Worker Other (ms):  0.0]
      [GC Worker Total (ms):  66.5]
      [GC Worker End (ms):  12632888.8]
   [Code Root Fixup: 0.0 ms]
   [Code Root Purge: 0.0 ms]
   [Clear CT: 0.1 ms]
   [Other: 2.1 ms]
      [Choose CSet: 0.0 ms]
      [Ref Proc: 0.1 ms]
      [Ref Enq: 0.0 ms]
      [Redirty Cards: 0.1 ms]
      [Humongous Register: 0.0 ms]
      [Humongous Reclaim: 0.0 ms]
      [Free CSet: 0.0 ms]
   [Eden: 21.0M(21.0M)->0.0B(22.0M) Survivors: 4096.0K->3072.0K Heap: 194.6M(512.0M)->175.0M(512.0M)]
 [Times: user=0.05 sys=0.00, real=0.10 secs] 
2019-04-02T21:04:33.899+0900: 12750.217: [GC pause (G1 Evacuation Pause) (young), 0.0786454 secs]
   [Parallel Time: 77.7 ms, GC Workers: 1]
      [GC Worker Start (ms):  12750217.6]
      [Ext Root Scanning (ms):  2.6]
      [Update RS (ms):  5.2]
         [Processed Buffers:  36]
      [Scan RS (ms):  6.8]
      [Code Root Scanning (ms):  0.0]
      [Object Copy (ms):  62.9]
      [Termination (ms):  0.0]
         [Termination Attempts:  1]
      [GC Worker Other (ms):  0.0]
      [GC Worker Total (ms):  77.7]
      [GC Worker End (ms):  12750295.3]
   [Code Root Fixup: 0.0 ms]
   [Code Root Purge: 0.0 ms]
   [Clear CT: 0.1 ms]
   [Other: 0.8 ms]
      [Choose CSet: 0.0 ms]
      [Ref Proc: 0.2 ms]
      [Ref Enq: 0.0 ms]
      [Redirty Cards: 0.1 ms]
      [Humongous Register: 0.0 ms]
      [Humongous Reclaim: 0.0 ms]
      [Free CSet: 0.0 ms]
   [Eden: 22.0M(22.0M)->0.0B(21.0M) Survivors: 3072.0K->4096.0K Heap: 197.0M(512.0M)->176.0M(512.0M)]
 [Times: user=0.05 sys=0.00, real=0.08 secs] 
2019-04-02T21:06:22.368+0900: 12858.687: [GC pause (G1 Evacuation Pause) (young), 0.0420471 secs]
   [Parallel Time: 40.3 ms, GC Workers: 1]
      [GC Worker Start (ms):  12858688.1]
      [Ext Root Scanning (ms):  2.4]
      [Update RS (ms):  4.8]
         [Processed Buffers:  38]
      [Scan RS (ms):  6.2]
      [Code Root Scanning (ms):  0.0]
      [Object Copy (ms):  26.8]
      [Termination (ms):  0.0]
         [Termination Attempts:  1]
      [GC Worker Other (ms):  0.0]
      [GC Worker Total (ms):  40.2]
      [GC Worker End (ms):  12858728.4]
   [Code Root Fixup: 0.0 ms]
   [Code Root Purge: 0.0 ms]
   [Clear CT: 0.1 ms]
   [Other: 1.6 ms]
      [Choose CSet: 0.0 ms]
      [Ref Proc: 0.2 ms]
      [Ref Enq: 0.0 ms]
      [Redirty Cards: 0.1 ms]
      [Humongous Register: 0.0 ms]
      [Humongous Reclaim: 0.0 ms]
      [Free CSet: 0.0 ms]
   [Eden: 21.0M(21.0M)->0.0B(23.0M) Survivors: 4096.0K->2048.0K Heap: 197.0M(512.0M)->175.7M(512.0M)]
 [Times: user=0.04 sys=0.00, real=0.04 secs] 
2019-04-02T21:08:22.669+0900: 12978.988: [GC pause (G1 Evacuation Pause) (young), 0.0472889 secs]
   [Parallel Time: 45.4 ms, GC Workers: 1]
      [GC Worker Start (ms):  12978989.3]
      [Ext Root Scanning (ms):  2.3]
      [Update RS (ms):  6.2]
         [Processed Buffers:  36]
      [Scan RS (ms):  8.2]
      [Code Root Scanning (ms):  0.0]
      [Object Copy (ms):  28.5]
      [Termination (ms):  0.0]
         [Termination Attempts:  1]
      [GC Worker Other (ms):  0.0]
      [GC Worker Total (ms):  45.3]
      [GC Worker End (ms):  12979034.6]
   [Code Root Fixup: 0.0 ms]
   [Code Root Purge: 0.0 ms]
   [Clear CT: 0.1 ms]
   [Other: 1.8 ms]
      [Choose CSet: 0.0 ms]
      [Ref Proc: 0.2 ms]
      [Ref Enq: 0.0 ms]
      [Redirty Cards: 0.1 ms]
      [Humongous Register: 0.0 ms]
      [Humongous Reclaim: 0.0 ms]
      [Free CSet: 0.1 ms]
   [Eden: 23.0M(23.0M)->0.0B(22.0M) Survivors: 2048.0K->3072.0K Heap: 198.7M(512.0M)->176.7M(512.0M)]
 [Times: user=0.05 sys=0.00, real=0.05 secs] 
2019-04-02T21:10:17.161+0900: 13093.480: [GC pause (G1 Evacuation Pause) (young), 0.0473648 secs]
   [Parallel Time: 46.5 ms, GC Workers: 1]
      [GC Worker Start (ms):  13093480.1]
      [Ext Root Scanning (ms):  2.4]
      [Update RS (ms):  4.6]
         [Processed Buffers:  39]
      [Scan RS (ms):  6.4]
      [Code Root Scanning (ms):  0.0]
      [Object Copy (ms):  33.0]
      [Termination (ms):  0.0]
         [Termination Attempts:  1]
      [GC Worker Other (ms):  0.0]
      [GC Worker Total (ms):  46.4]
      [GC Worker End (ms):  13093526.5]
   [Code Root Fixup: 0.0 ms]
   [Code Root Purge: 0.0 ms]
   [Clear CT: 0.1 ms]
   [Other: 0.8 ms]
      [Choose CSet: 0.0 ms]
      [Ref Proc: 0.2 ms]
      [Ref Enq: 0.0 ms]
      [Redirty Cards: 0.2 ms]
      [Humongous Register: 0.0 ms]
      [Humongous Reclaim: 0.0 ms]
      [Free CSet: 0.0 ms]
   [Eden: 22.0M(22.0M)->0.0B(21.0M) Survivors: 3072.0K->4096.0K Heap: 198.7M(512.0M)->177.9M(512.0M)]
 [Times: user=0.05 sys=0.00, real=0.05 secs] 
2019-04-02T21:12:05.343+0900: 13201.661: [GC pause (G1 Evacuation Pause) (young), 0.0574823 secs]
   [Parallel Time: 56.7 ms, GC Workers: 1]
      [GC Worker Start (ms):  13201661.5]
      [Ext Root Scanning (ms):  2.4]
      [Update RS (ms):  5.0]
         [Processed Buffers:  34]
      [Scan RS (ms):  9.7]
      [Code Root Scanning (ms):  0.0]
      [Object Copy (ms):  39.5]
      [Termination (ms):  0.0]
         [Termination Attempts:  1]
      [GC Worker Other (ms):  0.0]
      [GC Worker Total (ms):  56.6]
      [GC Worker End (ms):  13201718.1]
   [Code Root Fixup: 0.0 ms]
   [Code Root Purge: 0.0 ms]
   [Clear CT: 0.1 ms]
   [Other: 0.7 ms]
      [Choose CSet: 0.0 ms]
      [Ref Proc: 0.2 ms]
      [Ref Enq: 0.0 ms]
      [Redirty Cards: 0.1 ms]
      [Humongous Register: 0.0 ms]
      [Humongous Reclaim: 0.0 ms]
      [Free CSet: 0.0 ms]
   [Eden: 21.0M(21.0M)->0.0B(22.0M) Survivors: 4096.0K->3072.0K Heap: 198.9M(512.0M)->179.4M(512.0M)]
 [Times: user=0.05 sys=0.00, real=0.06 secs] 
2019-04-02T21:14:02.973+0900: 13319.292: [GC pause (G1 Evacuation Pause) (young), 0.0324800 secs]
   [Parallel Time: 31.6 ms, GC Workers: 1]
      [GC Worker Start (ms):  13319292.2]
      [Ext Root Scanning (ms):  2.4]
      [Update RS (ms):  4.8]
         [Processed Buffers:  35]
      [Scan RS (ms):  6.3]
      [Code Root Scanning (ms):  0.0]
      [Object Copy (ms):  18.0]
      [Termination (ms):  0.0]
         [Termination Attempts:  1]
      [GC Worker Other (ms):  0.0]
      [GC Worker Total (ms):  31.5]
      [GC Worker End (ms):  13319323.7]
   [Code Root Fixup: 0.0 ms]
   [Code Root Purge: 0.0 ms]
   [Clear CT: 0.1 ms]
   [Other: 0.8 ms]
      [Choose CSet: 0.0 ms]
      [Ref Proc: 0.1 ms]
      [Ref Enq: 0.0 ms]
      [Redirty Cards: 0.1 ms]
      [Humongous Register: 0.0 ms]
      [Humongous Reclaim: 0.0 ms]
      [Free CSet: 0.0 ms]
   [Eden: 22.0M(22.0M)->0.0B(22.0M) Survivors: 3072.0K->3072.0K Heap: 201.4M(512.0M)->179.4M(512.0M)]
 [Times: user=0.04 sys=0.00, real=0.04 secs] 
2019-04-02T21:15:57.400+0900: 13433.718: [GC pause (G1 Evacuation Pause) (young), 0.0460055 secs]
   [Parallel Time: 45.2 ms, GC Workers: 1]
      [GC Worker Start (ms):  13433718.5]
      [Ext Root Scanning (ms):  2.5]
      [Update RS (ms):  11.3]
         [Processed Buffers:  36]
      [Scan RS (ms):  6.5]
      [Code Root Scanning (ms):  0.0]
      [Object Copy (ms):  24.8]
      [Termination (ms):  0.0]
         [Termination Attempts:  1]
      [GC Worker Other (ms):  0.0]
      [GC Worker Total (ms):  45.2]
      [GC Worker End (ms):  13433763.7]
   [Code Root Fixup: 0.0 ms]
   [Code Root Purge: 0.0 ms]
   [Clear CT: 0.0 ms]
   [Other: 0.7 ms]
      [Choose CSet: 0.0 ms]
      [Ref Proc: 0.1 ms]
      [Ref Enq: 0.0 ms]
      [Redirty Cards: 0.1 ms]
      [Humongous Register: 0.0 ms]
      [Humongous Reclaim: 0.0 ms]
      [Free CSet: 0.0 ms]
   [Eden: 22.0M(22.0M)->0.0B(21.0M) Survivors: 3072.0K->4096.0K Heap: 201.4M(512.0M)->180.4M(512.0M)]
 [Times: user=0.04 sys=0.00, real=0.05 secs] 
2019-04-02T21:17:45.841+0900: 13542.160: [GC pause (G1 Evacuation Pause) (young), 0.0649294 secs]
   [Parallel Time: 64.0 ms, GC Workers: 1]
      [GC Worker Start (ms):  13542160.0]
      [Ext Root Scanning (ms):  2.5]
      [Update RS (ms):  4.7]
         [Processed Buffers:  37]
      [Scan RS (ms):  7.0]
      [Code Root Scanning (ms):  0.0]
      [Object Copy (ms):  49.6]
      [Termination (ms):  0.0]
         [Termination Attempts:  1]
      [GC Worker Other (ms):  0.0]
      [GC Worker Total (ms):  63.9]
      [GC Worker End (ms):  13542223.8]
   [Code Root Fixup: 0.0 ms]
   [Code Root Purge: 0.0 ms]
   [Clear CT: 0.2 ms]
   [Other: 0.8 ms]
      [Choose CSet: 0.2 ms]
      [Ref Proc: 0.2 ms]
      [Ref Enq: 0.0 ms]
      [Redirty Cards: 0.1 ms]
      [Humongous Register: 0.0 ms]
      [Humongous Reclaim: 0.0 ms]
      [Free CSet: 0.0 ms]
   [Eden: 21.0M(21.0M)->0.0B(21.0M) Survivors: 4096.0K->4096.0K Heap: 201.4M(512.0M)->181.3M(512.0M)]
 [Times: user=0.05 sys=0.00, real=0.08 secs] 
2019-04-02T21:19:35.439+0900: 13651.758: [GC pause (G1 Evacuation Pause) (young), 0.0540444 secs]
   [Parallel Time: 53.4 ms, GC Workers: 1]
      [GC Worker Start (ms):  13651757.9]
      [Ext Root Scanning (ms):  2.4]
      [Update RS (ms):  8.3]
         [Processed Buffers:  35]
      [Scan RS (ms):  7.0]
      [Code Root Scanning (ms):  0.0]
      [Object Copy (ms):  35.7]
      [Termination (ms):  0.0]
         [Termination Attempts:  1]
      [GC Worker Other (ms):  0.0]
      [GC Worker Total (ms):  53.3]
      [GC Worker End (ms):  13651811.2]
   [Code Root Fixup: 0.0 ms]
   [Code Root Purge: 0.0 ms]
   [Clear CT: 0.1 ms]
   [Other: 0.6 ms]
      [Choose CSet: 0.0 ms]
      [Ref Proc: 0.1 ms]
      [Ref Enq: 0.0 ms]
      [Redirty Cards: 0.1 ms]
      [Humongous Register: 0.0 ms]
      [Humongous Reclaim: 0.0 ms]
      [Free CSet: 0.0 ms]
   [Eden: 21.0M(21.0M)->0.0B(21.0M) Survivors: 4096.0K->4096.0K Heap: 202.3M(512.0M)->182.5M(512.0M)]
 [Times: user=0.05 sys=0.00, real=0.05 secs] 
2019-04-02T21:21:28.014+0900: 13764.333: [GC pause (G1 Evacuation Pause) (young) (initial-mark), 0.0561408 secs]
   [Parallel Time: 55.3 ms, GC Workers: 1]
      [GC Worker Start (ms):  13764333.2]
      [Ext Root Scanning (ms):  3.4]
      [Update RS (ms):  5.6]
         [Processed Buffers:  36]
      [Scan RS (ms):  7.7]
      [Code Root Scanning (ms):  0.0]
      [Object Copy (ms):  38.4]
      [Termination (ms):  0.0]
         [Termination Attempts:  1]
      [GC Worker Other (ms):  0.0]
      [GC Worker Total (ms):  55.1]
      [GC Worker End (ms):  13764388.3]
   [Code Root Fixup: 0.0 ms]
   [Code Root Purge: 0.0 ms]
   [Clear CT: 0.1 ms]
   [Other: 0.8 ms]
      [Choose CSet: 0.0 ms]
      [Ref Proc: 0.1 ms]
      [Ref Enq: 0.0 ms]
      [Redirty Cards: 0.1 ms]
      [Humongous Register: 0.0 ms]
      [Humongous Reclaim: 0.1 ms]
      [Free CSet: 0.0 ms]
   [Eden: 21.0M(21.0M)->0.0B(21.0M) Survivors: 4096.0K->4096.0K Heap: 203.5M(512.0M)->183.5M(512.0M)]
 [Times: user=0.05 sys=0.00, real=0.06 secs] 
2019-04-02T21:21:28.071+0900: 13764.390: [GC concurrent-root-region-scan-start]
2019-04-02T21:21:28.104+0900: 13764.423: [GC concurrent-root-region-scan-end, 0.0333328 secs]
2019-04-02T21:21:28.104+0900: 13764.423: [GC concurrent-mark-start]
2019-04-02T21:21:28.193+0900: 13764.511: [GC concurrent-mark-end, 0.0882660 secs]
2019-04-02T21:21:28.193+0900: 13764.512: [GC remark 2019-04-02T21:21:28.193+0900: 13764.512: [Finalize Marking, 0.0004923 secs] 2019-04-02T21:21:28.194+0900: 13764.512: [GC ref-proc, 0.0009347 secs] 2019-04-02T21:21:28.195+0900: 13764.513: [Unloading, 0.0320281 secs], 0.0366218 secs]
 [Times: user=0.04 sys=0.00, real=0.04 secs] 
2019-04-02T21:21:28.231+0900: 13764.550: [GC cleanup 183M->183M(512M), 0.0019292 secs]
 [Times: user=0.00 sys=0.00, real=0.00 secs] 
2019-04-02T21:23:16.061+0900: 13872.379: [GC pause (G1 Evacuation Pause) (young), 0.0388286 secs]
   [Parallel Time: 38.2 ms, GC Workers: 1]
      [GC Worker Start (ms):  13872379.3]
      [Ext Root Scanning (ms):  2.6]
      [Update RS (ms):  4.5]
         [Processed Buffers:  38]
      [Scan RS (ms):  7.3]
      [Code Root Scanning (ms):  0.0]
      [Object Copy (ms):  23.7]
      [Termination (ms):  0.0]
         [Termination Attempts:  1]
      [GC Worker Other (ms):  0.0]
      [GC Worker Total (ms):  38.1]
      [GC Worker End (ms):  13872417.4]
   [Code Root Fixup: 0.0 ms]
   [Code Root Purge: 0.0 ms]
   [Clear CT: 0.1 ms]
   [Other: 0.6 ms]
      [Choose CSet: 0.0 ms]
      [Ref Proc: 0.2 ms]
      [Ref Enq: 0.0 ms]
      [Redirty Cards: 0.1 ms]
      [Humongous Register: 0.0 ms]
      [Humongous Reclaim: 0.0 ms]
      [Free CSet: 0.0 ms]
   [Eden: 21.0M(21.0M)->0.0B(22.0M) Survivors: 4096.0K->3072.0K Heap: 204.5M(512.0M)->183.0M(512.0M)]
 [Times: user=0.04 sys=0.00, real=0.04 secs] 
2019-04-02T21:25:10.156+0900: 13986.475: [GC pause (G1 Evacuation Pause) (mixed), 0.0575398 secs]
   [Parallel Time: 56.3 ms, GC Workers: 1]
      [GC Worker Start (ms):  13986475.6]
      [Ext Root Scanning (ms):  2.8]
      [Update RS (ms):  4.8]
         [Processed Buffers:  34]
      [Scan RS (ms):  16.1]
      [Code Root Scanning (ms):  0.1]
      [Object Copy (ms):  32.4]
      [Termination (ms):  0.0]
         [Termination Attempts:  1]
      [GC Worker Other (ms):  0.0]
      [GC Worker Total (ms):  56.2]
      [GC Worker End (ms):  13986531.8]
   [Code Root Fixup: 0.0 ms]
   [Code Root Purge: 0.0 ms]
   [Clear CT: 0.1 ms]
   [Other: 1.1 ms]
      [Choose CSet: 0.0 ms]
      [Ref Proc: 0.3 ms]
      [Ref Enq: 0.0 ms]
      [Redirty Cards: 0.1 ms]
      [Humongous Register: 0.0 ms]
      [Humongous Reclaim: 0.0 ms]
      [Free CSet: 0.1 ms]
   [Eden: 22.0M(22.0M)->0.0B(21.0M) Survivors: 3072.0K->4096.0K Heap: 205.0M(512.0M)->177.5M(512.0M)]
 [Times: user=0.05 sys=0.00, real=0.05 secs] 
2019-04-02T21:27:02.230+0900: 14098.549: [GC pause (G1 Evacuation Pause) (mixed), 0.0591595 secs]
   [Parallel Time: 58.3 ms, GC Workers: 1]
      [GC Worker Start (ms):  14098549.1]
      [Ext Root Scanning (ms):  2.6]
      [Update RS (ms):  4.9]
         [Processed Buffers:  36]
      [Scan RS (ms):  7.9]
      [Code Root Scanning (ms):  0.6]
      [Object Copy (ms):  42.0]
      [Termination (ms):  0.0]
         [Termination Attempts:  1]
      [GC Worker Other (ms):  0.0]
      [GC Worker Total (ms):  58.2]
      [GC Worker End (ms):  14098607.3]
   [Code Root Fixup: 0.0 ms]
   [Code Root Purge: 0.0 ms]
   [Clear CT: 0.1 ms]
   [Other: 0.8 ms]
      [Choose CSet: 0.0 ms]
      [Ref Proc: 0.2 ms]
      [Ref Enq: 0.0 ms]
      [Redirty Cards: 0.1 ms]
      [Humongous Register: 0.0 ms]
      [Humongous Reclaim: 0.0 ms]
      [Free CSet: 0.1 ms]
   [Eden: 21.0M(21.0M)->0.0B(21.0M) Survivors: 4096.0K->4096.0K Heap: 198.5M(512.0M)->171.5M(512.0M)]
 [Times: user=0.06 sys=0.00, real=0.06 secs] 
2019-04-02T21:28:51.453+0900: 14207.771: [GC pause (G1 Evacuation Pause) (mixed), 0.0586429 secs]
   [Parallel Time: 57.6 ms, GC Workers: 1]
      [GC Worker Start (ms):  14207771.6]
      [Ext Root Scanning (ms):  2.6]
      [Update RS (ms):  5.2]
         [Processed Buffers:  37]
      [Scan RS (ms):  10.3]
      [Code Root Scanning (ms):  0.3]
      [Object Copy (ms):  39.2]
      [Termination (ms):  0.0]
         [Termination Attempts:  1]
      [GC Worker Other (ms):  0.0]
      [GC Worker Total (ms):  57.6]
      [GC Worker End (ms):  14207829.2]
   [Code Root Fixup: 0.0 ms]
   [Code Root Purge: 0.0 ms]
   [Clear CT: 0.2 ms]
   [Other: 0.7 ms]
      [Choose CSet: 0.0 ms]
      [Ref Proc: 0.3 ms]
      [Ref Enq: 0.0 ms]
      [Redirty Cards: 0.1 ms]
      [Humongous Register: 0.0 ms]
      [Humongous Reclaim: 0.0 ms]
      [Free CSet: 0.1 ms]
   [Eden: 21.0M(21.0M)->0.0B(21.0M) Survivors: 4096.0K->4096.0K Heap: 192.5M(512.0M)->169.5M(512.0M)]
 [Times: user=0.06 sys=0.00, real=0.06 secs] 
2019-04-02T21:30:42.281+0900: 14318.599: [GC pause (G1 Evacuation Pause) (young), 0.0670508 secs]
   [Parallel Time: 66.1 ms, GC Workers: 1]
      [GC Worker Start (ms):  14318599.9]
      [Ext Root Scanning (ms):  2.5]
      [Update RS (ms):  5.6]
         [Processed Buffers:  33]
      [Scan RS (ms):  8.6]
      [Code Root Scanning (ms):  0.0]
      [Object Copy (ms):  49.2]
      [Termination (ms):  0.0]
         [Termination Attempts:  1]
      [GC Worker Other (ms):  0.0]
      [GC Worker Total (ms):  65.9]
      [GC Worker End (ms):  14318665.8]
   [Code Root Fixup: 0.0 ms]
   [Code Root Purge: 0.0 ms]
   [Clear CT: 0.1 ms]
   [Other: 0.9 ms]
      [Choose CSet: 0.0 ms]
      [Ref Proc: 0.1 ms]
      [Ref Enq: 0.0 ms]
      [Redirty Cards: 0.1 ms]
      [Humongous Register: 0.2 ms]
      [Humongous Reclaim: 0.0 ms]
      [Free CSet: 0.0 ms]
   [Eden: 21.0M(21.0M)->0.0B(22.0M) Survivors: 4096.0K->3072.0K Heap: 190.5M(512.0M)->169.0M(512.0M)]
 [Times: user=0.04 sys=0.00, real=0.07 secs] 
2019-04-02T21:32:23.981+0900: 14420.300: [GC pause (G1 Evacuation Pause) (young), 0.0827037 secs]
   [Parallel Time: 81.9 ms, GC Workers: 1]
      [GC Worker Start (ms):  14420299.8]
      [Ext Root Scanning (ms):  2.6]
      [Update RS (ms):  5.4]
         [Processed Buffers:  37]
      [Scan RS (ms):  10.3]
      [Code Root Scanning (ms):  0.0]
      [Object Copy (ms):  63.5]
      [Termination (ms):  0.0]
         [Termination Attempts:  1]
      [GC Worker Other (ms):  0.0]
      [GC Worker Total (ms):  81.8]
      [GC Worker End (ms):  14420381.7]
   [Code Root Fixup: 0.0 ms]
   [Code Root Purge: 0.0 ms]
   [Clear CT: 0.1 ms]
   [Other: 0.7 ms]
      [Choose CSet: 0.0 ms]
      [Ref Proc: 0.1 ms]
      [Ref Enq: 0.0 ms]
      [Redirty Cards: 0.1 ms]
      [Humongous Register: 0.0 ms]
      [Humongous Reclaim: 0.1 ms]
      [Free CSet: 0.1 ms]
   [Eden: 22.0M(22.0M)->0.0B(21.0M) Survivors: 3072.0K->4096.0K Heap: 191.0M(512.0M)->172.0M(512.0M)]
 [Times: user=0.07 sys=0.00, real=0.08 secs] 
2019-04-02T21:34:05.142+0900: 14521.460: [GC pause (G1 Evacuation Pause) (young), 0.1060599 secs]
   [Parallel Time: 105.1 ms, GC Workers: 1]
      [GC Worker Start (ms):  14521460.7]
      [Ext Root Scanning (ms):  2.9]
      [Update RS (ms):  6.3]
         [Processed Buffers:  45]
      [Scan RS (ms):  19.0]
      [Code Root Scanning (ms):  0.0]
      [Object Copy (ms):  76.8]
      [Termination (ms):  0.0]
         [Termination Attempts:  1]
      [GC Worker Other (ms):  0.0]
      [GC Worker Total (ms):  105.0]
      [GC Worker End (ms):  14521565.7]
   [Code Root Fixup: 0.0 ms]
   [Code Root Purge: 0.0 ms]
   [Clear CT: 0.2 ms]
   [Other: 0.8 ms]
      [Choose CSet: 0.0 ms]
      [Ref Proc: 0.1 ms]
      [Ref Enq: 0.0 ms]
      [Redirty Cards: 0.2 ms]
      [Humongous Register: 0.0 ms]
      [Humongous Reclaim: 0.0 ms]
      [Free CSet: 0.0 ms]
   [Eden: 21.0M(21.0M)->0.0B(22.0M) Survivors: 4096.0K->3072.0K Heap: 193.0M(512.0M)->176.3M(512.0M)]
 [Times: user=0.10 sys=0.00, real=0.11 secs] 
2019-04-02T21:36:01.464+0900: 14637.782: [GC pause (G1 Evacuation Pause) (young), 0.0741682 secs]
   [Parallel Time: 73.4 ms, GC Workers: 1]
      [GC Worker Start (ms):  14637782.3]
      [Ext Root Scanning (ms):  2.6]
      [Update RS (ms):  39.9]
         [Processed Buffers:  78]
      [Scan RS (ms):  0.7]
      [Code Root Scanning (ms):  0.0]
      [Object Copy (ms):  29.9]
      [Termination (ms):  0.0]
         [Termination Attempts:  1]
      [GC Worker Other (ms):  0.0]
      [GC Worker Total (ms):  73.2]
      [GC Worker End (ms):  14637855.5]
   [Code Root Fixup: 0.0 ms]
   [Code Root Purge: 0.0 ms]
   [Clear CT: 0.1 ms]
   [Other: 0.7 ms]
      [Choose CSet: 0.0 ms]
      [Ref Proc: 0.2 ms]
      [Ref Enq: 0.0 ms]
      [Redirty Cards: 0.1 ms]
      [Humongous Register: 0.0 ms]
      [Humongous Reclaim: 0.0 ms]
      [Free CSet: 0.0 ms]
   [Eden: 22.0M(22.0M)->0.0B(23.0M) Survivors: 3072.0K->2048.0K Heap: 198.3M(512.0M)->178.5M(512.0M)]
 [Times: user=0.07 sys=0.00, real=0.08 secs] 
2019-04-02T21:38:00.563+0900: 14756.881: [GC pause (G1 Evacuation Pause) (young), 0.0412438 secs]
   [Parallel Time: 40.6 ms, GC Workers: 1]
      [GC Worker Start (ms):  14756881.4]
      [Ext Root Scanning (ms):  2.5]
      [Update RS (ms):  9.9]
         [Processed Buffers:  45]
      [Scan RS (ms):  5.5]
      [Code Root Scanning (ms):  0.0]
      [Object Copy (ms):  22.6]
      [Termination (ms):  0.0]
         [Termination Attempts:  1]
      [GC Worker Other (ms):  0.0]
      [GC Worker Total (ms):  40.5]
      [GC Worker End (ms):  14756921.9]
   [Code Root Fixup: 0.0 ms]
   [Code Root Purge: 0.0 ms]
   [Clear CT: 0.1 ms]
   [Other: 0.6 ms]
      [Choose CSet: 0.0 ms]
      [Ref Proc: 0.2 ms]
      [Ref Enq: 0.0 ms]
      [Redirty Cards: 0.1 ms]
      [Humongous Register: 0.0 ms]
      [Humongous Reclaim: 0.0 ms]
      [Free CSet: 0.1 ms]
   [Eden: 23.0M(23.0M)->0.0B(22.0M) Survivors: 2048.0K->3072.0K Heap: 201.5M(512.0M)->179.5M(512.0M)]
 [Times: user=0.04 sys=0.00, real=0.04 secs] 
2019-04-02T21:39:54.898+0900: 14871.217: [GC pause (G1 Evacuation Pause) (young), 0.0315620 secs]
   [Parallel Time: 30.9 ms, GC Workers: 1]
      [GC Worker Start (ms):  14871216.9]
      [Ext Root Scanning (ms):  2.3]
      [Update RS (ms):  2.2]
         [Processed Buffers:  36]
      [Scan RS (ms):  6.0]
      [Code Root Scanning (ms):  0.0]
      [Object Copy (ms):  20.3]
      [Termination (ms):  0.0]
         [Termination Attempts:  1]
      [GC Worker Other (ms):  0.0]
      [GC Worker Total (ms):  30.9]
      [GC Worker End (ms):  14871247.8]
   [Code Root Fixup: 0.0 ms]
   [Code Root Purge: 0.0 ms]
   [Clear CT: 0.1 ms]
   [Other: 0.6 ms]
      [Choose CSet: 0.0 ms]
      [Ref Proc: 0.1 ms]
      [Ref Enq: 0.0 ms]
      [Redirty Cards: 0.1 ms]
      [Humongous Register: 0.0 ms]
      [Humongous Reclaim: 0.0 ms]
      [Free CSet: 0.0 ms]
   [Eden: 22.0M(22.0M)->0.0B(23.0M) Survivors: 3072.0K->2048.0K Heap: 201.5M(512.0M)->179.5M(512.0M)]
 [Times: user=0.04 sys=0.00, real=0.03 secs] 
2019-04-02T21:41:55.827+0900: 14992.146: [GC pause (G1 Evacuation Pause) (young), 0.0348409 secs]
   [Parallel Time: 34.1 ms, GC Workers: 1]
      [GC Worker Start (ms):  14992146.3]
      [Ext Root Scanning (ms):  2.7]
      [Update RS (ms):  3.3]
         [Processed Buffers:  38]
      [Scan RS (ms):  5.5]
      [Code Root Scanning (ms):  0.0]
      [Object Copy (ms):  22.5]
      [Termination (ms):  0.0]
         [Termination Attempts:  1]
      [GC Worker Other (ms):  0.0]
      [GC Worker Total (ms):  34.0]
      [GC Worker End (ms):  14992180.3]
   [Code Root Fixup: 0.0 ms]
   [Code Root Purge: 0.0 ms]
   [Clear CT: 0.2 ms]
   [Other: 0.6 ms]
      [Choose CSet: 0.0 ms]
      [Ref Proc: 0.1 ms]
      [Ref Enq: 0.0 ms]
      [Redirty Cards: 0.1 ms]
      [Humongous Register: 0.0 ms]
      [Humongous Reclaim: 0.0 ms]
      [Free CSet: 0.1 ms]
   [Eden: 23.0M(23.0M)->0.0B(22.0M) Survivors: 2048.0K->3072.0K Heap: 202.5M(512.0M)->180.5M(512.0M)]
 [Times: user=0.04 sys=0.00, real=0.03 secs] 
2019-04-02T21:43:50.245+0900: 15106.564: [GC pause (G1 Evacuation Pause) (young), 0.0519496 secs]
   [Parallel Time: 51.3 ms, GC Workers: 1]
      [GC Worker Start (ms):  15106564.0]
      [Ext Root Scanning (ms):  2.4]
      [Update RS (ms):  4.2]
         [Processed Buffers:  39]
      [Scan RS (ms):  6.1]
      [Code Root Scanning (ms):  0.0]
      [Object Copy (ms):  38.4]
      [Termination (ms):  0.0]
         [Termination Attempts:  1]
      [GC Worker Other (ms):  0.0]
      [GC Worker Total (ms):  51.2]
      [GC Worker End (ms):  15106615.1]
   [Code Root Fixup: 0.0 ms]
   [Code Root Purge: 0.0 ms]
   [Clear CT: 0.1 ms]
   [Other: 0.6 ms]
      [Choose CSet: 0.0 ms]
      [Ref Proc: 0.2 ms]
      [Ref Enq: 0.0 ms]
      [Redirty Cards: 0.1 ms]
      [Humongous Register: 0.0 ms]
      [Humongous Reclaim: 0.0 ms]
      [Free CSet: 0.0 ms]
   [Eden: 22.0M(22.0M)->0.0B(21.0M) Survivors: 3072.0K->4096.0K Heap: 202.5M(512.0M)->181.6M(512.0M)]
 [Times: user=0.05 sys=0.00, real=0.06 secs] 
2019-04-02T21:45:40.333+0900: 15216.652: [GC pause (G1 Evacuation Pause) (young) (initial-mark), 0.0877426 secs]
   [Parallel Time: 53.3 ms, GC Workers: 1]
      [GC Worker Start (ms):  15216685.7]
      [Ext Root Scanning (ms):  3.4]
      [Update RS (ms):  5.2]
         [Processed Buffers:  35]
      [Scan RS (ms):  6.8]
      [Code Root Scanning (ms):  0.0]
      [Object Copy (ms):  37.9]
      [Termination (ms):  0.0]
         [Termination Attempts:  1]
      [GC Worker Other (ms):  0.0]
      [GC Worker Total (ms):  53.2]
      [GC Worker End (ms):  15216738.9]
   [Code Root Fixup: 0.0 ms]
   [Code Root Purge: 0.0 ms]
   [Clear CT: 0.1 ms]
   [Other: 34.3 ms]
      [Choose CSet: 0.0 ms]
      [Ref Proc: 0.1 ms]
      [Ref Enq: 0.0 ms]
      [Redirty Cards: 0.1 ms]
      [Humongous Register: 0.0 ms]
      [Humongous Reclaim: 0.0 ms]
      [Free CSet: 0.0 ms]
   [Eden: 21.0M(21.0M)->0.0B(22.0M) Survivors: 4096.0K->3072.0K Heap: 202.6M(512.0M)->182.9M(512.0M)]
 [Times: user=0.06 sys=0.00, real=0.09 secs] 
2019-04-02T21:45:40.421+0900: 15216.740: [GC concurrent-root-region-scan-start]
2019-04-02T21:45:40.449+0900: 15216.768: [GC concurrent-root-region-scan-end, 0.0280506 secs]
2019-04-02T21:45:40.449+0900: 15216.768: [GC concurrent-mark-start]
2019-04-02T21:45:40.546+0900: 15216.865: [GC concurrent-mark-end, 0.0966539 secs]
2019-04-02T21:45:40.546+0900: 15216.865: [GC remark 2019-04-02T21:45:40.547+0900: 15216.865: [Finalize Marking, 0.0003768 secs] 2019-04-02T21:45:40.547+0900: 15216.865: [GC ref-proc, 0.0008449 secs] 2019-04-02T21:45:40.548+0900: 15216.866: [Unloading, 0.0353190 secs], 0.0393705 secs]
 [Times: user=0.04 sys=0.00, real=0.04 secs] 
2019-04-02T21:45:40.587+0900: 15216.906: [GC cleanup 183M->180M(512M), 0.0498287 secs]
 [Times: user=0.00 sys=0.00, real=0.05 secs] 
2019-04-02T21:45:40.637+0900: 15216.956: [GC concurrent-cleanup-start]
2019-04-02T21:45:40.637+0900: 15216.956: [GC concurrent-cleanup-end, 0.0000365 secs]
2019-04-02T21:47:35.397+0900: 15331.716: [GC pause (G1 Evacuation Pause) (young), 0.0366946 secs]
   [Parallel Time: 35.5 ms, GC Workers: 1]
      [GC Worker Start (ms):  15331716.2]
      [Ext Root Scanning (ms):  2.1]
      [Update RS (ms):  4.4]
         [Processed Buffers:  38]
      [Scan RS (ms):  6.9]
      [Code Root Scanning (ms):  0.0]
      [Object Copy (ms):  21.6]
      [Termination (ms):  0.0]
         [Termination Attempts:  1]
      [GC Worker Other (ms):  0.0]
      [GC Worker Total (ms):  35.1]
      [GC Worker End (ms):  15331751.2]
   [Code Root Fixup: 0.0 ms]
   [Code Root Purge: 0.0 ms]
   [Clear CT: 0.0 ms]
   [Other: 1.1 ms]
      [Choose CSet: 0.0 ms]
      [Ref Proc: 0.1 ms]
      [Ref Enq: 0.0 ms]
      [Redirty Cards: 0.6 ms]
      [Humongous Register: 0.0 ms]
      [Humongous Reclaim: 0.0 ms]
      [Free CSet: 0.0 ms]
   [Eden: 22.0M(22.0M)->0.0B(22.0M) Survivors: 3072.0K->3072.0K Heap: 201.9M(512.0M)->179.9M(512.0M)]
 [Times: user=0.03 sys=0.00, real=0.03 secs] 
2019-04-02T21:49:32.481+0900: 15448.799: [GC pause (G1 Evacuation Pause) (mixed), 0.0441226 secs]
   [Parallel Time: 43.4 ms, GC Workers: 1]
      [GC Worker Start (ms):  15448799.6]
      [Ext Root Scanning (ms):  2.5]
      [Update RS (ms):  4.6]
         [Processed Buffers:  38]
      [Scan RS (ms):  8.0]
      [Code Root Scanning (ms):  0.0]
      [Object Copy (ms):  27.7]
      [Termination (ms):  0.0]
         [Termination Attempts:  1]
      [GC Worker Other (ms):  0.0]
      [GC Worker Total (ms):  42.9]
      [GC Worker End (ms):  15448842.5]
   [Code Root Fixup: 0.0 ms]
   [Code Root Purge: 0.0 ms]
   [Clear CT: 0.1 ms]
   [Other: 0.7 ms]
      [Choose CSet: 0.0 ms]
      [Ref Proc: 0.2 ms]
      [Ref Enq: 0.0 ms]
      [Redirty Cards: 0.1 ms]
      [Humongous Register: 0.0 ms]
      [Humongous Reclaim: 0.0 ms]
      [Free CSet: 0.1 ms]
   [Eden: 22.0M(22.0M)->0.0B(21.0M) Survivors: 3072.0K->4096.0K Heap: 201.9M(512.0M)->175.3M(512.0M)]
 [Times: user=0.05 sys=0.00, real=0.05 secs] 
2019-04-02T21:51:22.057+0900: 15558.375: [GC pause (G1 Evacuation Pause) (mixed), 0.0616492 secs]
   [Parallel Time: 60.3 ms, GC Workers: 1]
      [GC Worker Start (ms):  15558376.7]
      [Ext Root Scanning (ms):  3.8]
      [Update RS (ms):  5.7]
         [Processed Buffers:  36]
      [Scan RS (ms):  9.8]
      [Code Root Scanning (ms):  0.0]
      [Object Copy (ms):  40.2]
      [Termination (ms):  0.0]
         [Termination Attempts:  1]
      [GC Worker Other (ms):  0.0]
      [GC Worker Total (ms):  59.5]
      [GC Worker End (ms):  15558436.2]
   [Code Root Fixup: 0.0 ms]
   [Code Root Purge: 0.0 ms]
   [Clear CT: 0.1 ms]
   [Other: 1.3 ms]
      [Choose CSet: 0.1 ms]
      [Ref Proc: 0.2 ms]
      [Ref Enq: 0.0 ms]
      [Redirty Cards: 0.1 ms]
      [Humongous Register: 0.3 ms]
      [Humongous Reclaim: 0.0 ms]
      [Free CSet: 0.1 ms]
   [Eden: 21.0M(21.0M)->0.0B(21.0M) Survivors: 4096.0K->4096.0K Heap: 196.3M(512.0M)->170.3M(512.0M)]
 [Times: user=0.05 sys=0.00, real=0.06 secs] 
2019-04-02T21:53:10.490+0900: 15666.809: [GC pause (G1 Evacuation Pause) (mixed), 0.0683214 secs]
   [Parallel Time: 53.2 ms, GC Workers: 1]
      [GC Worker Start (ms):  15666808.9]
      [Ext Root Scanning (ms):  2.7]
      [Update RS (ms):  5.2]
         [Processed Buffers:  36]
      [Scan RS (ms):  8.4]
      [Code Root Scanning (ms):  0.0]
      [Object Copy (ms):  36.7]
      [Termination (ms):  0.0]
         [Termination Attempts:  1]
      [GC Worker Other (ms):  0.0]
      [GC Worker Total (ms):  53.1]
      [GC Worker End (ms):  15666862.0]
   [Code Root Fixup: 0.0 ms]
   [Code Root Purge: 0.0 ms]
   [Clear CT: 0.1 ms]
   [Other: 15.0 ms]
      [Choose CSet: 0.0 ms]
      [Ref Proc: 0.2 ms]
      [Ref Enq: 0.0 ms]
      [Redirty Cards: 0.2 ms]
      [Humongous Register: 0.1 ms]
      [Humongous Reclaim: 0.0 ms]
      [Free CSet: 0.1 ms]
   [Eden: 21.0M(21.0M)->0.0B(21.0M) Survivors: 4096.0K->4096.0K Heap: 191.3M(512.0M)->169.5M(512.0M)]
 [Times: user=0.05 sys=0.00, real=0.07 secs] 
2019-04-02T21:55:01.964+0900: 15778.283: [GC pause (G1 Evacuation Pause) (young), 0.0593553 secs]
   [Parallel Time: 57.1 ms, GC Workers: 1]
      [GC Worker Start (ms):  15778285.4]
      [Ext Root Scanning (ms):  3.6]
      [Update RS (ms):  6.3]
         [Processed Buffers:  39]
      [Scan RS (ms):  6.9]
      [Code Root Scanning (ms):  0.0]
      [Object Copy (ms):  39.5]
      [Termination (ms):  0.0]
         [Termination Attempts:  1]
      [GC Worker Other (ms):  0.0]
      [GC Worker Total (ms):  56.3]
      [GC Worker End (ms):  15778341.6]
   [Code Root Fixup: 0.0 ms]
   [Code Root Purge: 0.0 ms]
   [Clear CT: 0.1 ms]
   [Other: 2.2 ms]
      [Choose CSet: 0.0 ms]
      [Ref Proc: 0.2 ms]
      [Ref Enq: 0.0 ms]
      [Redirty Cards: 0.1 ms]
      [Humongous Register: 0.1 ms]
      [Humongous Reclaim: 0.0 ms]
      [Free CSet: 0.1 ms]
   [Eden: 21.0M(21.0M)->0.0B(21.0M) Survivors: 4096.0K->4096.0K Heap: 190.5M(512.0M)->171.0M(512.0M)]
 [Times: user=0.05 sys=0.00, real=0.06 secs] 
2019-04-02T21:56:49.304+0900: 15885.622: [GC pause (G1 Evacuation Pause) (young), 0.0435608 secs]
   [Parallel Time: 42.5 ms, GC Workers: 1]
      [GC Worker Start (ms):  15885622.7]
      [Ext Root Scanning (ms):  2.5]
      [Update RS (ms):  4.9]
         [Processed Buffers:  38]
      [Scan RS (ms):  8.9]
      [Code Root Scanning (ms):  0.0]
      [Object Copy (ms):  26.0]
      [Termination (ms):  0.0]
         [Termination Attempts:  1]
      [GC Worker Other (ms):  0.0]
      [GC Worker Total (ms):  42.4]
      [GC Worker End (ms):  15885665.1]
   [Code Root Fixup: 0.0 ms]
   [Code Root Purge: 0.0 ms]
   [Clear CT: 0.1 ms]
   [Other: 0.9 ms]
      [Choose CSet: 0.0 ms]
      [Ref Proc: 0.3 ms]
      [Ref Enq: 0.0 ms]
      [Redirty Cards: 0.1 ms]
      [Humongous Register: 0.0 ms]
      [Humongous Reclaim: 0.0 ms]
      [Free CSet: 0.0 ms]
   [Eden: 21.0M(21.0M)->0.0B(22.0M) Survivors: 4096.0K->3072.0K Heap: 192.0M(512.0M)->170.5M(512.0M)]
 [Times: user=0.05 sys=0.00, real=0.05 secs] 
2019-04-02T21:58:45.047+0900: 16001.365: [GC pause (G1 Evacuation Pause) (young), 0.0437847 secs]
   [Parallel Time: 43.1 ms, GC Workers: 1]
      [GC Worker Start (ms):  16001365.4]
      [Ext Root Scanning (ms):  2.5]
      [Update RS (ms):  5.0]
         [Processed Buffers:  33]
      [Scan RS (ms):  7.8]
      [Code Root Scanning (ms):  0.0]
      [Object Copy (ms):  27.7]
      [Termination (ms):  0.0]
         [Termination Attempts:  1]
      [GC Worker Other (ms):  0.0]
      [GC Worker Total (ms):  43.1]
      [GC Worker End (ms):  16001408.5]
   [Code Root Fixup: 0.0 ms]
   [Code Root Purge: 0.0 ms]
   [Clear CT: 0.1 ms]
   [Other: 0.6 ms]
      [Choose CSet: 0.0 ms]
      [Ref Proc: 0.1 ms]
      [Ref Enq: 0.0 ms]
      [Redirty Cards: 0.1 ms]
      [Humongous Register: 0.0 ms]
      [Humongous Reclaim: 0.0 ms]
      [Free CSet: 0.0 ms]
   [Eden: 22.0M(22.0M)->0.0B(21.0M) Survivors: 3072.0K->4096.0K Heap: 192.5M(512.0M)->171.5M(512.0M)]
 [Times: user=0.05 sys=0.00, real=0.04 secs] 
2019-04-02T22:00:55.357+0900: 16131.916: [GC pause (G1 Evacuation Pause) (young), 0.5725159 secs]
   [Parallel Time: 256.4 ms, GC Workers: 1]
      [GC Worker Start (ms):  16131990.7]
      [Ext Root Scanning (ms):  3.4]
      [Update RS (ms):  7.7]
         [Processed Buffers:  38]
      [Scan RS (ms):  7.3]
      [Code Root Scanning (ms):  0.0]
      [Object Copy (ms):  63.0]
      [Termination (ms):  0.0]
         [Termination Attempts:  1]
      [GC Worker Other (ms):  174.9]
      [GC Worker Total (ms):  256.3]
      [GC Worker End (ms):  16132247.0]
   [Code Root Fixup: 0.0 ms]
   [Code Root Purge: 0.0 ms]
   [Clear CT: 0.1 ms]
   [Other: 316.1 ms]
      [Choose CSet: 0.0 ms]
      [Ref Proc: 0.3 ms]
      [Ref Enq: 0.0 ms]
      [Redirty Cards: 0.1 ms]
      [Humongous Register: 0.1 ms]
      [Humongous Reclaim: 0.0 ms]
      [Free CSet: 0.0 ms]
   [Eden: 21.0M(21.0M)->0.0B(21.0M) Survivors: 4096.0K->4096.0K Heap: 192.5M(512.0M)->172.5M(512.0M)]
 [Times: user=0.06 sys=0.01, real=1.45 secs] 
2019-04-02T22:02:53.030+0900: 16249.424: [GC pause (G1 Evacuation Pause) (young), 0.1336030 secs]
   [Parallel Time: 57.6 ms, GC Workers: 1]
      [GC Worker Start (ms):  16249424.4]
      [Ext Root Scanning (ms):  2.8]
      [Update RS (ms):  4.6]
         [Processed Buffers:  38]
      [Scan RS (ms):  9.6]
      [Code Root Scanning (ms):  0.0]
      [Object Copy (ms):  40.3]
      [Termination (ms):  0.0]
         [Termination Attempts:  1]
      [GC Worker Other (ms):  0.1]
      [GC Worker Total (ms):  57.5]
      [GC Worker End (ms):  16249481.9]
   [Code Root Fixup: 0.0 ms]
   [Code Root Purge: 0.0 ms]
   [Clear CT: 0.1 ms]
   [Other: 75.9 ms]
      [Choose CSet: 0.0 ms]
      [Ref Proc: 0.3 ms]
      [Ref Enq: 0.0 ms]
      [Redirty Cards: 0.1 ms]
      [Humongous Register: 0.2 ms]
      [Humongous Reclaim: 0.0 ms]
      [Free CSet: 0.1 ms]
   [Eden: 21.0M(21.0M)->0.0B(21.0M) Survivors: 4096.0K->4096.0K Heap: 193.5M(512.0M)->173.5M(512.0M)]
 [Times: user=0.06 sys=0.00, real=0.18 secs] 
2019-04-02T22:04:42.718+0900: 16359.036: [GC pause (G1 Evacuation Pause) (young), 0.0508921 secs]
   [Parallel Time: 50.3 ms, GC Workers: 1]
      [GC Worker Start (ms):  16359036.4]
      [Ext Root Scanning (ms):  2.5]
      [Update RS (ms):  4.6]
         [Processed Buffers:  37]
      [Scan RS (ms):  6.5]
      [Code Root Scanning (ms):  0.0]
      [Object Copy (ms):  36.6]
      [Termination (ms):  0.0]
         [Termination Attempts:  1]
      [GC Worker Other (ms):  0.0]
      [GC Worker Total (ms):  50.2]
      [GC Worker End (ms):  16359086.6]
   [Code Root Fixup: 0.0 ms]
   [Code Root Purge: 0.0 ms]
   [Clear CT: 0.1 ms]
   [Other: 0.6 ms]
      [Choose CSet: 0.0 ms]
      [Ref Proc: 0.1 ms]
      [Ref Enq: 0.0 ms]
      [Redirty Cards: 0.1 ms]
      [Humongous Register: 0.0 ms]
      [Humongous Reclaim: 0.0 ms]
      [Free CSet: 0.0 ms]
   [Eden: 21.0M(21.0M)->0.0B(21.0M) Survivors: 4096.0K->4096.0K Heap: 194.5M(512.0M)->174.5M(512.0M)]
 [Times: user=0.05 sys=0.00, real=0.05 secs] 
2019-04-02T22:06:34.299+0900: 16470.617: [GC pause (G1 Evacuation Pause) (young), 0.0467510 secs]
   [Parallel Time: 45.9 ms, GC Workers: 1]
      [GC Worker Start (ms):  16470617.7]
      [Ext Root Scanning (ms):  2.6]
      [Update RS (ms):  5.2]
         [Processed Buffers:  36]
      [Scan RS (ms):  7.9]
      [Code Root Scanning (ms):  0.0]
      [Object Copy (ms):  29.9]
      [Termination (ms):  0.0]
         [Termination Attempts:  1]
      [GC Worker Other (ms):  0.0]
      [GC Worker Total (ms):  45.6]
      [GC Worker End (ms):  16470663.3]
   [Code Root Fixup: 0.0 ms]
   [Code Root Purge: 0.0 ms]
   [Clear CT: 0.1 ms]
   [Other: 0.8 ms]
      [Choose CSet: 0.0 ms]
      [Ref Proc: 0.2 ms]
      [Ref Enq: 0.0 ms]
      [Redirty Cards: 0.1 ms]
      [Humongous Register: 0.0 ms]
      [Humongous Reclaim: 0.0 ms]
      [Free CSet: 0.0 ms]
   [Eden: 21.0M(21.0M)->0.0B(22.0M) Survivors: 4096.0K->3072.0K Heap: 195.5M(512.0M)->174.0M(512.0M)]
 [Times: user=0.04 sys=0.00, real=0.05 secs] 
2019-04-02T22:08:28.407+0900: 16584.725: [GC pause (G1 Evacuation Pause) (young), 0.0430913 secs]
   [Parallel Time: 42.4 ms, GC Workers: 1]
      [GC Worker Start (ms):  16584725.5]
      [Ext Root Scanning (ms):  2.6]
      [Update RS (ms):  4.8]
         [Processed Buffers:  37]
      [Scan RS (ms):  7.0]
      [Code Root Scanning (ms):  0.0]
      [Object Copy (ms):  27.9]
      [Termination (ms):  0.0]
         [Termination Attempts:  1]
      [GC Worker Other (ms):  0.0]
      [GC Worker Total (ms):  42.4]
      [GC Worker End (ms):  16584767.9]
   [Code Root Fixup: 0.0 ms]
   [Code Root Purge: 0.0 ms]
   [Clear CT: 0.1 ms]
   [Other: 0.6 ms]
      [Choose CSet: 0.0 ms]
      [Ref Proc: 0.1 ms]
      [Ref Enq: 0.0 ms]
      [Redirty Cards: 0.1 ms]
      [Humongous Register: 0.0 ms]
      [Humongous Reclaim: 0.0 ms]
      [Free CSet: 0.0 ms]
   [Eden: 22.0M(22.0M)->0.0B(21.0M) Survivors: 3072.0K->4096.0K Heap: 196.0M(512.0M)->175.0M(512.0M)]
 [Times: user=0.05 sys=0.00, real=0.04 secs] 
2019-04-02T22:10:17.916+0900: 16694.235: [GC pause (G1 Evacuation Pause) (young), 0.0527356 secs]
   [Parallel Time: 52.0 ms, GC Workers: 1]
      [GC Worker Start (ms):  16694235.1]
      [Ext Root Scanning (ms):  2.3]
      [Update RS (ms):  5.8]
         [Processed Buffers:  36]
      [Scan RS (ms):  6.6]
      [Code Root Scanning (ms):  0.0]
      [Object Copy (ms):  37.1]
      [Termination (ms):  0.0]
         [Termination Attempts:  1]
      [GC Worker Other (ms):  0.0]
      [GC Worker Total (ms):  51.9]
      [GC Worker End (ms):  16694287.0]
   [Code Root Fixup: 0.0 ms]
   [Code Root Purge: 0.0 ms]
   [Clear CT: 0.1 ms]
   [Other: 0.7 ms]
      [Choose CSet: 0.0 ms]
      [Ref Proc: 0.3 ms]
      [Ref Enq: 0.0 ms]
      [Redirty Cards: 0.1 ms]
      [Humongous Register: 0.0 ms]
      [Humongous Reclaim: 0.0 ms]
      [Free CSet: 0.0 ms]
   [Eden: 21.0M(21.0M)->0.0B(21.0M) Survivors: 4096.0K->4096.0K Heap: 196.0M(512.0M)->176.0M(512.0M)]
 [Times: user=0.05 sys=0.00, real=0.05 secs] 
2019-04-02T22:12:06.292+0900: 16802.611: [GC pause (G1 Evacuation Pause) (young), 0.0601075 secs]
   [Parallel Time: 59.3 ms, GC Workers: 1]
      [GC Worker Start (ms):  16802611.2]
      [Ext Root Scanning (ms):  2.6]
      [Update RS (ms):  9.0]
         [Processed Buffers:  38]
      [Scan RS (ms):  8.3]
      [Code Root Scanning (ms):  0.0]
      [Object Copy (ms):  39.4]
      [Termination (ms):  0.0]
         [Termination Attempts:  1]
      [GC Worker Other (ms):  0.0]
      [GC Worker Total (ms):  59.3]
      [GC Worker End (ms):  16802670.5]
   [Code Root Fixup: 0.0 ms]
   [Code Root Purge: 0.0 ms]
   [Clear CT: 0.1 ms]
   [Other: 0.7 ms]
      [Choose CSet: 0.0 ms]
      [Ref Proc: 0.2 ms]
      [Ref Enq: 0.0 ms]
      [Redirty Cards: 0.2 ms]
      [Humongous Register: 0.0 ms]
      [Humongous Reclaim: 0.0 ms]
      [Free CSet: 0.0 ms]
   [Eden: 21.0M(21.0M)->0.0B(21.0M) Survivors: 4096.0K->4096.0K Heap: 197.0M(512.0M)->177.5M(512.0M)]
 [Times: user=0.05 sys=0.00, real=0.06 secs] 
2019-04-02T22:13:57.974+0900: 16914.293: [GC pause (G1 Evacuation Pause) (young), 0.0408403 secs]
   [Parallel Time: 40.1 ms, GC Workers: 1]
      [GC Worker Start (ms):  16914292.9]
      [Ext Root Scanning (ms):  2.3]
      [Update RS (ms):  4.8]
         [Processed Buffers:  38]
      [Scan RS (ms):  7.4]
      [Code Root Scanning (ms):  0.0]
      [Object Copy (ms):  25.4]
      [Termination (ms):  0.0]
         [Termination Attempts:  1]
      [GC Worker Other (ms):  0.0]
      [GC Worker Total (ms):  40.0]
      [GC Worker End (ms):  16914332.9]
   [Code Root Fixup: 0.0 ms]
   [Code Root Purge: 0.0 ms]
   [Clear CT: 0.1 ms]
   [Other: 0.7 ms]
      [Choose CSet: 0.0 ms]
      [Ref Proc: 0.1 ms]
      [Ref Enq: 0.0 ms]
      [Redirty Cards: 0.1 ms]
      [Humongous Register: 0.0 ms]
      [Humongous Reclaim: 0.0 ms]
      [Free CSet: 0.0 ms]
   [Eden: 21.0M(21.0M)->0.0B(22.0M) Survivors: 4096.0K->3072.0K Heap: 198.5M(512.0M)->177.0M(512.0M)]
 [Times: user=0.04 sys=0.00, real=0.04 secs] 
2019-04-02T22:15:52.995+0900: 17029.314: [GC pause (G1 Evacuation Pause) (young), 0.0461565 secs]
   [Parallel Time: 45.5 ms, GC Workers: 1]
      [GC Worker Start (ms):  17029313.8]
      [Ext Root Scanning (ms):  3.4]
      [Update RS (ms):  4.6]
         [Processed Buffers:  37]
      [Scan RS (ms):  8.7]
      [Code Root Scanning (ms):  0.0]
      [Object Copy (ms):  28.7]
      [Termination (ms):  0.0]
         [Termination Attempts:  1]
      [GC Worker Other (ms):  0.0]
      [GC Worker Total (ms):  45.4]
      [GC Worker End (ms):  17029359.2]
   [Code Root Fixup: 0.0 ms]
   [Code Root Purge: 0.0 ms]
   [Clear CT: 0.1 ms]
   [Other: 0.6 ms]
      [Choose CSet: 0.0 ms]
      [Ref Proc: 0.2 ms]
      [Ref Enq: 0.0 ms]
      [Redirty Cards: 0.1 ms]
      [Humongous Register: 0.0 ms]
      [Humongous Reclaim: 0.0 ms]
      [Free CSet: 0.0 ms]
   [Eden: 22.0M(22.0M)->0.0B(21.0M) Survivors: 3072.0K->4096.0K Heap: 199.0M(512.0M)->178.0M(512.0M)]
 [Times: user=0.05 sys=0.00, real=0.05 secs] 
2019-04-02T22:17:42.974+0900: 17139.292: [GC pause (G1 Evacuation Pause) (young), 0.0497579 secs]
   [Parallel Time: 49.1 ms, GC Workers: 1]
      [GC Worker Start (ms):  17139292.4]
      [Ext Root Scanning (ms):  2.4]
      [Update RS (ms):  4.8]
         [Processed Buffers:  35]
      [Scan RS (ms):  6.7]
      [Code Root Scanning (ms):  0.0]
      [Object Copy (ms):  35.1]
      [Termination (ms):  0.0]
         [Termination Attempts:  1]
      [GC Worker Other (ms):  0.0]
      [GC Worker Total (ms):  49.0]
      [GC Worker End (ms):  17139341.4]
   [Code Root Fixup: 0.0 ms]
   [Code Root Purge: 0.0 ms]
   [Clear CT: 0.1 ms]
   [Other: 0.5 ms]
      [Choose CSet: 0.0 ms]
      [Ref Proc: 0.1 ms]
      [Ref Enq: 0.0 ms]
      [Redirty Cards: 0.1 ms]
      [Humongous Register: 0.0 ms]
      [Humongous Reclaim: 0.0 ms]
      [Free CSet: 0.0 ms]
   [Eden: 21.0M(21.0M)->0.0B(21.0M) Survivors: 4096.0K->4096.0K Heap: 199.0M(512.0M)->179.1M(512.0M)]
 [Times: user=0.05 sys=0.00, real=0.05 secs] 
2019-04-02T22:19:34.592+0900: 17250.910: [GC pause (G1 Evacuation Pause) (young), 0.0543508 secs]
   [Parallel Time: 53.6 ms, GC Workers: 1]
      [GC Worker Start (ms):  17250910.6]
      [Ext Root Scanning (ms):  2.6]
      [Update RS (ms):  5.6]
         [Processed Buffers:  38]
      [Scan RS (ms):  8.5]
      [Code Root Scanning (ms):  0.0]
      [Object Copy (ms):  36.8]
      [Termination (ms):  0.0]
         [Termination Attempts:  1]
      [GC Worker Other (ms):  0.0]
      [GC Worker Total (ms):  53.5]
      [GC Worker End (ms):  17250964.1]
   [Code Root Fixup: 0.0 ms]
   [Code Root Purge: 0.0 ms]
   [Clear CT: 0.1 ms]
   [Other: 0.7 ms]
      [Choose CSet: 0.0 ms]
      [Ref Proc: 0.1 ms]
      [Ref Enq: 0.0 ms]
      [Redirty Cards: 0.1 ms]
      [Humongous Register: 0.0 ms]
      [Humongous Reclaim: 0.0 ms]
      [Free CSet: 0.0 ms]
   [Eden: 21.0M(21.0M)->0.0B(21.0M) Survivors: 4096.0K->4096.0K Heap: 200.1M(512.0M)->180.5M(512.0M)]
 [Times: user=0.05 sys=0.00, real=0.06 secs] 
2019-04-02T22:21:22.973+0900: 17359.291: [GC pause (G1 Evacuation Pause) (young), 0.0522623 secs]
   [Parallel Time: 51.6 ms, GC Workers: 1]
      [GC Worker Start (ms):  17359291.6]
      [Ext Root Scanning (ms):  2.5]
      [Update RS (ms):  5.1]
         [Processed Buffers:  35]
      [Scan RS (ms):  7.0]
      [Code Root Scanning (ms):  0.0]
      [Object Copy (ms):  37.0]
      [Termination (ms):  0.0]
         [Termination Attempts:  1]
      [GC Worker Other (ms):  0.0]
      [GC Worker Total (ms):  51.6]
      [GC Worker End (ms):  17359343.1]
   [Code Root Fixup: 0.0 ms]
   [Code Root Purge: 0.0 ms]
   [Clear CT: 0.1 ms]
   [Other: 0.6 ms]
      [Choose CSet: 0.0 ms]
      [Ref Proc: 0.1 ms]
      [Ref Enq: 0.0 ms]
      [Redirty Cards: 0.1 ms]
      [Humongous Register: 0.0 ms]
      [Humongous Reclaim: 0.0 ms]
      [Free CSet: 0.0 ms]
   [Eden: 21.0M(21.0M)->0.0B(21.0M) Survivors: 4096.0K->4096.0K Heap: 201.5M(512.0M)->181.5M(512.0M)]
 [Times: user=0.05 sys=0.00, real=0.05 secs] 
2019-04-02T22:23:12.046+0900: 17468.364: [GC pause (G1 Evacuation Pause) (young), 0.0400804 secs]
   [Parallel Time: 39.2 ms, GC Workers: 1]
      [GC Worker Start (ms):  17468364.7]
      [Ext Root Scanning (ms):  2.5]
      [Update RS (ms):  6.2]
         [Processed Buffers:  35]
      [Scan RS (ms):  7.4]
      [Code Root Scanning (ms):  0.0]
      [Object Copy (ms):  23.0]
      [Termination (ms):  0.0]
         [Termination Attempts:  1]
      [GC Worker Other (ms):  0.0]
      [GC Worker Total (ms):  39.1]
      [GC Worker End (ms):  17468403.9]
   [Code Root Fixup: 0.0 ms]
   [Code Root Purge: 0.0 ms]
   [Clear CT: 0.1 ms]
   [Other: 0.8 ms]
      [Choose CSet: 0.0 ms]
      [Ref Proc: 0.1 ms]
      [Ref Enq: 0.0 ms]
      [Redirty Cards: 0.1 ms]
      [Humongous Register: 0.0 ms]
      [Humongous Reclaim: 0.0 ms]
      [Free CSet: 0.0 ms]
   [Eden: 21.0M(21.0M)->0.0B(22.0M) Survivors: 4096.0K->3072.0K Heap: 202.5M(512.0M)->181.0M(512.0M)]
 [Times: user=0.04 sys=0.00, real=0.04 secs] 
2019-04-02T22:25:06.757+0900: 17583.076: [GC pause (G1 Evacuation Pause) (young) (initial-mark), 0.0577450 secs]
   [Parallel Time: 57.0 ms, GC Workers: 1]
      [GC Worker Start (ms):  17583075.9]
      [Ext Root Scanning (ms):  3.4]
      [Update RS (ms):  9.4]
         [Processed Buffers:  36]
      [Scan RS (ms):  11.5]
      [Code Root Scanning (ms):  0.0]
      [Object Copy (ms):  32.6]
      [Termination (ms):  0.0]
         [Termination Attempts:  1]
      [GC Worker Other (ms):  0.0]
      [GC Worker Total (ms):  56.9]
      [GC Worker End (ms):  17583132.8]
   [Code Root Fixup: 0.0 ms]
   [Code Root Purge: 0.0 ms]
   [Clear CT: 0.1 ms]
   [Other: 0.6 ms]
      [Choose CSet: 0.0 ms]
      [Ref Proc: 0.2 ms]
      [Ref Enq: 0.0 ms]
      [Redirty Cards: 0.1 ms]
      [Humongous Register: 0.0 ms]
      [Humongous Reclaim: 0.0 ms]
      [Free CSet: 0.0 ms]
   [Eden: 22.0M(22.0M)->0.0B(21.0M) Survivors: 3072.0K->4096.0K Heap: 203.0M(512.0M)->182.0M(512.0M)]
 [Times: user=0.05 sys=0.00, real=0.06 secs] 
2019-04-02T22:25:06.815+0900: 17583.134: [GC concurrent-root-region-scan-start]
2019-04-02T22:25:06.839+0900: 17583.157: [GC concurrent-root-region-scan-end, 0.0236364 secs]
2019-04-02T22:25:06.839+0900: 17583.157: [GC concurrent-mark-start]
2019-04-02T22:25:06.914+0900: 17583.232: [GC concurrent-mark-end, 0.0750092 secs]
2019-04-02T22:25:06.914+0900: 17583.233: [GC remark 2019-04-02T22:25:06.914+0900: 17583.233: [Finalize Marking, 0.0004770 secs] 2019-04-02T22:25:06.915+0900: 17583.233: [GC ref-proc, 0.0009756 secs] 2019-04-02T22:25:06.916+0900: 17583.234: [Unloading, 0.0381758 secs], 0.0427959 secs]
 [Times: user=0.04 sys=0.00, real=0.05 secs] 
2019-04-02T22:25:06.958+0900: 17583.277: [GC cleanup 182M->181M(512M), 0.0021717 secs]
 [Times: user=0.00 sys=0.00, real=0.00 secs] 
2019-04-02T22:25:06.961+0900: 17583.279: [GC concurrent-cleanup-start]
2019-04-02T22:25:06.961+0900: 17583.279: [GC concurrent-cleanup-end, 0.0000264 secs]
2019-04-02T22:26:57.996+0900: 17694.315: [GC pause (G1 Evacuation Pause) (young), 0.0569915 secs]
   [Parallel Time: 56.3 ms, GC Workers: 1]
      [GC Worker Start (ms):  17694314.8]
      [Ext Root Scanning (ms):  2.7]
      [Update RS (ms):  7.4]
         [Processed Buffers:  36]
      [Scan RS (ms):  6.8]
      [Code Root Scanning (ms):  0.0]
      [Object Copy (ms):  39.3]
      [Termination (ms):  0.0]
         [Termination Attempts:  1]
      [GC Worker Other (ms):  0.0]
      [GC Worker Total (ms):  56.2]
      [GC Worker End (ms):  17694370.9]
   [Code Root Fixup: 0.0 ms]
   [Code Root Purge: 0.0 ms]
   [Clear CT: 0.1 ms]
   [Other: 0.6 ms]
      [Choose CSet: 0.0 ms]
      [Ref Proc: 0.2 ms]
      [Ref Enq: 0.0 ms]
      [Redirty Cards: 0.1 ms]
      [Humongous Register: 0.0 ms]
      [Humongous Reclaim: 0.0 ms]
      [Free CSet: 0.0 ms]
   [Eden: 21.0M(21.0M)->0.0B(21.0M) Survivors: 4096.0K->4096.0K Heap: 202.0M(512.0M)->181.9M(512.0M)]
 [Times: user=0.06 sys=0.00, real=0.05 secs] 
2019-04-02T22:28:47.954+0900: 17804.273: [GC pause (G1 Evacuation Pause) (mixed), 0.0529724 secs]
   [Parallel Time: 52.3 ms, GC Workers: 1]
      [GC Worker Start (ms):  17804272.8]
      [Ext Root Scanning (ms):  2.7]
      [Update RS (ms):  4.8]
         [Processed Buffers:  36]
      [Scan RS (ms):  9.2]
      [Code Root Scanning (ms):  0.0]
      [Object Copy (ms):  35.5]
      [Termination (ms):  0.0]
         [Termination Attempts:  1]
      [GC Worker Other (ms):  0.0]
      [GC Worker Total (ms):  52.2]
      [GC Worker End (ms):  17804325.0]
   [Code Root Fixup: 0.0 ms]
   [Code Root Purge: 0.0 ms]
   [Clear CT: 0.1 ms]
   [Other: 0.6 ms]
      [Choose CSet: 0.0 ms]
      [Ref Proc: 0.1 ms]
      [Ref Enq: 0.0 ms]
      [Redirty Cards: 0.1 ms]
      [Humongous Register: 0.0 ms]
      [Humongous Reclaim: 0.0 ms]
      [Free CSet: 0.1 ms]
   [Eden: 21.0M(21.0M)->0.0B(21.0M) Survivors: 4096.0K->4096.0K Heap: 202.9M(512.0M)->177.0M(512.0M)]
 [Times: user=0.05 sys=0.00, real=0.06 secs] 
2019-04-02T22:30:37.353+0900: 17913.672: [GC pause (G1 Evacuation Pause) (mixed), 0.0417597 secs]
   [Parallel Time: 41.0 ms, GC Workers: 1]
      [GC Worker Start (ms):  17913672.1]
      [Ext Root Scanning (ms):  2.6]
      [Update RS (ms):  5.0]
         [Processed Buffers:  36]
      [Scan RS (ms):  9.0]
      [Code Root Scanning (ms):  0.1]
      [Object Copy (ms):  24.1]
      [Termination (ms):  0.0]
         [Termination Attempts:  1]
      [GC Worker Other (ms):  0.0]
      [GC Worker Total (ms):  40.9]
      [GC Worker End (ms):  17913713.0]
   [Code Root Fixup: 0.0 ms]
   [Code Root Purge: 0.0 ms]
   [Clear CT: 0.2 ms]
   [Other: 0.6 ms]
      [Choose CSet: 0.0 ms]
      [Ref Proc: 0.1 ms]
      [Ref Enq: 0.0 ms]
      [Redirty Cards: 0.1 ms]
      [Humongous Register: 0.0 ms]
      [Humongous Reclaim: 0.0 ms]
      [Free CSet: 0.1 ms]
   [Eden: 21.0M(21.0M)->0.0B(22.0M) Survivors: 4096.0K->3072.0K Heap: 198.0M(512.0M)->171.0M(512.0M)]
 [Times: user=0.04 sys=0.00, real=0.04 secs] 
2019-04-02T22:32:23.108+0900: 18019.427: [GC pause (G1 Evacuation Pause) (mixed), 0.0781246 secs]
   [Parallel Time: 77.4 ms, GC Workers: 1]
      [GC Worker Start (ms):  18019427.1]
      [Ext Root Scanning (ms):  16.9]
      [Update RS (ms):  6.0]
         [Processed Buffers:  37]
      [Scan RS (ms):  11.3]
      [Code Root Scanning (ms):  0.3]
      [Object Copy (ms):  42.7]
      [Termination (ms):  0.0]
         [Termination Attempts:  1]
      [GC Worker Other (ms):  0.0]
      [GC Worker Total (ms):  77.2]
      [GC Worker End (ms):  18019504.3]
   [Code Root Fixup: 0.0 ms]
   [Code Root Purge: 0.0 ms]
   [Clear CT: 0.1 ms]
   [Other: 0.6 ms]
      [Choose CSet: 0.0 ms]
      [Ref Proc: 0.2 ms]
      [Ref Enq: 0.0 ms]
      [Redirty Cards: 0.1 ms]
      [Humongous Register: 0.0 ms]
      [Humongous Reclaim: 0.0 ms]
      [Free CSet: 0.1 ms]
   [Eden: 22.0M(22.0M)->0.0B(21.0M) Survivors: 3072.0K->4096.0K Heap: 193.0M(512.0M)->170.4M(512.0M)]
 [Times: user=0.06 sys=0.00, real=0.08 secs] 
2019-04-02T22:34:00.873+0900: 18117.192: [GC pause (G1 Evacuation Pause) (young), 0.0868517 secs]
   [Parallel Time: 86.0 ms, GC Workers: 1]
      [GC Worker Start (ms):  18117192.1]
      [Ext Root Scanning (ms):  2.5]
      [Update RS (ms):  5.1]
         [Processed Buffers:  46]
      [Scan RS (ms):  15.4]
      [Code Root Scanning (ms):  0.0]
      [Object Copy (ms):  62.9]
      [Termination (ms):  0.0]
         [Termination Attempts:  1]
      [GC Worker Other (ms):  0.0]
      [GC Worker Total (ms):  86.0]
      [GC Worker End (ms):  18117278.0]
   [Code Root Fixup: 0.0 ms]
   [Code Root Purge: 0.0 ms]
   [Clear CT: 0.1 ms]
   [Other: 0.7 ms]
      [Choose CSet: 0.0 ms]
      [Ref Proc: 0.2 ms]
      [Ref Enq: 0.0 ms]
      [Redirty Cards: 0.1 ms]
      [Humongous Register: 0.0 ms]
      [Humongous Reclaim: 0.0 ms]
      [Free CSet: 0.0 ms]
   [Eden: 21.0M(21.0M)->0.0B(21.0M) Survivors: 4096.0K->4096.0K Heap: 191.4M(512.0M)->174.0M(512.0M)]
 [Times: user=0.08 sys=0.00, real=0.09 secs] 
2019-04-02T22:35:48.469+0900: 18224.788: [GC pause (G1 Evacuation Pause) (young), 0.0585661 secs]
   [Parallel Time: 57.8 ms, GC Workers: 1]
      [GC Worker Start (ms):  18224787.7]
      [Ext Root Scanning (ms):  2.6]
      [Update RS (ms):  5.5]
         [Processed Buffers:  48]
      [Scan RS (ms):  10.1]
      [Code Root Scanning (ms):  0.0]
      [Object Copy (ms):  39.4]
      [Termination (ms):  0.0]
         [Termination Attempts:  1]
      [GC Worker Other (ms):  0.0]
      [GC Worker Total (ms):  57.6]
      [GC Worker End (ms):  18224845.4]
   [Code Root Fixup: 0.0 ms]
   [Code Root Purge: 0.0 ms]
   [Clear CT: 0.1 ms]
   [Other: 0.7 ms]
      [Choose CSet: 0.0 ms]
      [Ref Proc: 0.2 ms]
      [Ref Enq: 0.0 ms]
      [Redirty Cards: 0.1 ms]
      [Humongous Register: 0.0 ms]
      [Humongous Reclaim: 0.0 ms]
      [Free CSet: 0.0 ms]
   [Eden: 21.0M(21.0M)->0.0B(23.0M) Survivors: 4096.0K->2048.0K Heap: 195.0M(512.0M)->176.0M(512.0M)]
 [Times: user=0.06 sys=0.00, real=0.06 secs] 
2019-04-02T22:37:49.098+0900: 18345.417: [GC pause (G1 Evacuation Pause) (young), 0.0353599 secs]
   [Parallel Time: 34.4 ms, GC Workers: 1]
      [GC Worker Start (ms):  18345417.2]
      [Ext Root Scanning (ms):  2.6]
      [Update RS (ms):  5.3]
         [Processed Buffers:  46]
      [Scan RS (ms):  6.2]
      [Code Root Scanning (ms):  0.0]
      [Object Copy (ms):  20.2]
      [Termination (ms):  0.0]
         [Termination Attempts:  1]
      [GC Worker Other (ms):  0.0]
      [GC Worker Total (ms):  34.3]
      [GC Worker End (ms):  18345451.5]
   [Code Root Fixup: 0.0 ms]
   [Code Root Purge: 0.0 ms]
   [Clear CT: 0.1 ms]
   [Other: 0.9 ms]
      [Choose CSet: 0.0 ms]
      [Ref Proc: 0.2 ms]
      [Ref Enq: 0.0 ms]
      [Redirty Cards: 0.0 ms]
      [Humongous Register: 0.0 ms]
      [Humongous Reclaim: 0.0 ms]
      [Free CSet: 0.3 ms]
   [Eden: 23.0M(23.0M)->0.0B(22.0M) Survivors: 2048.0K->3072.0K Heap: 199.0M(512.0M)->177.5M(512.0M)]
 [Times: user=0.03 sys=0.00, real=0.03 secs] 
2019-04-02T22:39:43.509+0900: 18459.828: [GC pause (G1 Evacuation Pause) (young), 0.0332218 secs]
   [Parallel Time: 32.4 ms, GC Workers: 1]
      [GC Worker Start (ms):  18459827.7]
      [Ext Root Scanning (ms):  2.7]
      [Update RS (ms):  4.0]
         [Processed Buffers:  36]
      [Scan RS (ms):  5.3]
      [Code Root Scanning (ms):  0.0]
      [Object Copy (ms):  20.3]
      [Termination (ms):  0.0]
         [Termination Attempts:  1]
      [GC Worker Other (ms):  0.0]
      [GC Worker Total (ms):  32.3]
      [GC Worker End (ms):  18459860.1]
   [Code Root Fixup: 0.0 ms]
   [Code Root Purge: 0.0 ms]
   [Clear CT: 0.1 ms]
   [Other: 0.7 ms]
      [Choose CSet: 0.0 ms]
      [Ref Proc: 0.2 ms]
      [Ref Enq: 0.0 ms]
      [Redirty Cards: 0.1 ms]
      [Humongous Register: 0.0 ms]
      [Humongous Reclaim: 0.0 ms]
      [Free CSet: 0.0 ms]
   [Eden: 22.0M(22.0M)->0.0B(23.0M) Survivors: 3072.0K->2048.0K Heap: 199.5M(512.0M)->177.5M(512.0M)]
 [Times: user=0.03 sys=0.00, real=0.03 secs] 
2019-04-02T22:41:43.509+0900: 18579.827: [GC pause (G1 Evacuation Pause) (young), 0.0378092 secs]
   [Parallel Time: 37.1 ms, GC Workers: 1]
      [GC Worker Start (ms):  18579827.6]
      [Ext Root Scanning (ms):  2.4]
      [Update RS (ms):  3.8]
         [Processed Buffers:  36]
      [Scan RS (ms):  6.0]
      [Code Root Scanning (ms):  0.0]
      [Object Copy (ms):  24.6]
      [Termination (ms):  0.0]
         [Termination Attempts:  1]
      [GC Worker Other (ms):  0.1]
      [GC Worker Total (ms):  37.0]
      [GC Worker End (ms):  18579864.6]
   [Code Root Fixup: 0.0 ms]
   [Code Root Purge: 0.0 ms]
   [Clear CT: 0.1 ms]
   [Other: 0.7 ms]
      [Choose CSet: 0.0 ms]
      [Ref Proc: 0.2 ms]
      [Ref Enq: 0.0 ms]
      [Redirty Cards: 0.1 ms]
      [Humongous Register: 0.0 ms]
      [Humongous Reclaim: 0.0 ms]
      [Free CSet: 0.0 ms]
   [Eden: 23.0M(23.0M)->0.0B(22.0M) Survivors: 2048.0K->3072.0K Heap: 200.5M(512.0M)->178.5M(512.0M)]
 [Times: user=0.04 sys=0.00, real=0.04 secs] 
2019-04-02T22:43:38.561+0900: 18694.880: [GC pause (G1 Evacuation Pause) (young), 0.0486418 secs]
   [Parallel Time: 47.9 ms, GC Workers: 1]
      [GC Worker Start (ms):  18694879.7]
      [Ext Root Scanning (ms):  2.5]
      [Update RS (ms):  4.6]
         [Processed Buffers:  36]
      [Scan RS (ms):  5.5]
      [Code Root Scanning (ms):  0.0]
      [Object Copy (ms):  35.2]
      [Termination (ms):  0.0]
         [Termination Attempts:  1]
      [GC Worker Other (ms):  0.0]
      [GC Worker Total (ms):  47.8]
      [GC Worker End (ms):  18694927.5]
   [Code Root Fixup: 0.0 ms]
   [Code Root Purge: 0.0 ms]
   [Clear CT: 0.1 ms]
   [Other: 0.7 ms]
      [Choose CSet: 0.0 ms]
      [Ref Proc: 0.1 ms]
      [Ref Enq: 0.0 ms]
      [Redirty Cards: 0.1 ms]
      [Humongous Register: 0.0 ms]
      [Humongous Reclaim: 0.0 ms]
      [Free CSet: 0.0 ms]
   [Eden: 22.0M(22.0M)->0.0B(21.0M) Survivors: 3072.0K->4096.0K Heap: 200.5M(512.0M)->179.6M(512.0M)]
 [Times: user=0.05 sys=0.00, real=0.05 secs] 
2019-04-02T22:45:30.207+0900: 18806.525: [GC pause (G1 Evacuation Pause) (young), 0.0510933 secs]
   [Parallel Time: 50.4 ms, GC Workers: 1]
      [GC Worker Start (ms):  18806525.4]
      [Ext Root Scanning (ms):  3.6]
      [Update RS (ms):  4.7]
         [Processed Buffers:  35]
      [Scan RS (ms):  6.4]
      [Code Root Scanning (ms):  0.0]
      [Object Copy (ms):  35.4]
      [Termination (ms):  0.0]
         [Termination Attempts:  1]
      [GC Worker Other (ms):  0.0]
      [GC Worker Total (ms):  50.3]
      [GC Worker End (ms):  18806575.6]
   [Code Root Fixup: 0.0 ms]
   [Code Root Purge: 0.0 ms]
   [Clear CT: 0.0 ms]
   [Other: 0.6 ms]
      [Choose CSet: 0.0 ms]
      [Ref Proc: 0.1 ms]
      [Ref Enq: 0.0 ms]
      [Redirty Cards: 0.1 ms]
      [Humongous Register: 0.0 ms]
      [Humongous Reclaim: 0.0 ms]
      [Free CSet: 0.0 ms]
   [Eden: 21.0M(21.0M)->0.0B(22.0M) Survivors: 4096.0K->3072.0K Heap: 200.6M(512.0M)->180.9M(512.0M)]
 [Times: user=0.05 sys=0.00, real=0.05 secs] 
2019-04-02T22:47:24.945+0900: 18921.264: [GC pause (G1 Evacuation Pause) (young) (initial-mark), 0.0366835 secs]
   [Parallel Time: 34.2 ms, GC Workers: 1]
      [GC Worker Start (ms):  18921265.8]
      [Ext Root Scanning (ms):  4.4]
      [Update RS (ms):  5.0]
         [Processed Buffers:  38]
      [Scan RS (ms):  6.0]
      [Code Root Scanning (ms):  0.0]
      [Object Copy (ms):  18.6]
      [Termination (ms):  0.0]
         [Termination Attempts:  1]
      [GC Worker Other (ms):  0.0]
      [GC Worker Total (ms):  34.0]
      [GC Worker End (ms):  18921299.8]
   [Code Root Fixup: 0.0 ms]
   [Code Root Purge: 0.0 ms]
   [Clear CT: 0.1 ms]
   [Other: 2.4 ms]
      [Choose CSet: 0.0 ms]
      [Ref Proc: 0.2 ms]
      [Ref Enq: 0.0 ms]
      [Redirty Cards: 0.1 ms]
      [Humongous Register: 0.5 ms]
      [Humongous Reclaim: 0.0 ms]
      [Free CSet: 0.0 ms]
   [Eden: 22.0M(22.0M)->0.0B(22.0M) Survivors: 3072.0K->3072.0K Heap: 202.9M(512.0M)->180.9M(512.0M)]
 [Times: user=0.04 sys=0.00, real=0.05 secs] 
2019-04-02T22:47:24.983+0900: 18921.302: [GC concurrent-root-region-scan-start]
2019-04-02T22:47:24.999+0900: 18921.317: [GC concurrent-root-region-scan-end, 0.0156069 secs]
2019-04-02T22:47:24.999+0900: 18921.317: [GC concurrent-mark-start]
2019-04-02T22:47:25.070+0900: 18921.388: [GC concurrent-mark-end, 0.0710343 secs]
2019-04-02T22:47:25.070+0900: 18921.389: [GC remark 2019-04-02T22:47:25.070+0900: 18921.389: [Finalize Marking, 0.0003368 secs] 2019-04-02T22:47:25.070+0900: 18921.389: [GC ref-proc, 0.0008662 secs] 2019-04-02T22:47:25.071+0900: 18921.390: [Unloading, 0.0355601 secs], 0.0475713 secs]
 [Times: user=0.04 sys=0.00, real=0.05 secs] 
2019-04-02T22:47:25.118+0900: 18921.437: [GC cleanup 181M->180M(512M), 0.0028432 secs]
 [Times: user=0.00 sys=0.00, real=0.00 secs] 
2019-04-02T22:47:25.121+0900: 18921.440: [GC concurrent-cleanup-start]
2019-04-02T22:47:25.121+0900: 18921.440: [GC concurrent-cleanup-end, 0.0000266 secs]
2019-04-02T22:49:17.997+0900: 19034.316: [GC pause (G1 Evacuation Pause) (young), 0.0396695 secs]
   [Parallel Time: 38.7 ms, GC Workers: 1]
      [GC Worker Start (ms):  19034316.2]
      [Ext Root Scanning (ms):  2.4]
      [Update RS (ms):  5.4]
         [Processed Buffers:  39]
      [Scan RS (ms):  6.0]
      [Code Root Scanning (ms):  0.0]
      [Object Copy (ms):  24.8]
      [Termination (ms):  0.0]
         [Termination Attempts:  1]
      [GC Worker Other (ms):  0.0]
      [GC Worker Total (ms):  38.7]
      [GC Worker End (ms):  19034354.9]
   [Code Root Fixup: 0.0 ms]
   [Code Root Purge: 0.0 ms]
   [Clear CT: 0.1 ms]
   [Other: 0.8 ms]
      [Choose CSet: 0.0 ms]
      [Ref Proc: 0.3 ms]
      [Ref Enq: 0.0 ms]
      [Redirty Cards: 0.1 ms]
      [Humongous Register: 0.2 ms]
      [Humongous Reclaim: 0.0 ms]
      [Free CSet: 0.0 ms]
   [Eden: 22.0M(22.0M)->0.0B(22.0M) Survivors: 3072.0K->3072.0K Heap: 201.9M(512.0M)->180.4M(512.0M)]
 [Times: user=0.04 sys=0.00, real=0.04 secs] 
2019-04-02T22:51:12.724+0900: 19149.042: [GC pause (G1 Evacuation Pause) (mixed), 0.0580880 secs]
   [Parallel Time: 55.9 ms, GC Workers: 1]
      [GC Worker Start (ms):  19149044.2]
      [Ext Root Scanning (ms):  2.9]
      [Update RS (ms):  6.2]
         [Processed Buffers:  38]
      [Scan RS (ms):  8.0]
      [Code Root Scanning (ms):  0.0]
      [Object Copy (ms):  38.4]
      [Termination (ms):  0.0]
         [Termination Attempts:  1]
      [GC Worker Other (ms):  0.1]
      [GC Worker Total (ms):  55.7]
      [GC Worker End (ms):  19149099.9]
   [Code Root Fixup: 0.0 ms]
   [Code Root Purge: 0.0 ms]
   [Clear CT: 0.1 ms]
   [Other: 2.1 ms]
      [Choose CSet: 0.0 ms]
      [Ref Proc: 0.2 ms]
      [Ref Enq: 0.0 ms]
      [Redirty Cards: 0.1 ms]
      [Humongous Register: 0.1 ms]
      [Humongous Reclaim: 0.0 ms]
      [Free CSet: 0.1 ms]
   [Eden: 22.0M(22.0M)->0.0B(21.0M) Survivors: 3072.0K->4096.0K Heap: 202.4M(512.0M)->175.8M(512.0M)]
 [Times: user=0.06 sys=0.00, real=0.09 secs] 
2019-04-02T22:53:04.578+0900: 19260.897: [GC pause (G1 Evacuation Pause) (mixed), 0.1910077 secs]
   [Parallel Time: 91.1 ms, GC Workers: 1]
      [GC Worker Start (ms):  19260996.3]
      [Ext Root Scanning (ms):  14.4]
      [Update RS (ms):  5.2]
         [Processed Buffers:  40]
      [Scan RS (ms):  16.1]
      [Code Root Scanning (ms):  0.0]
      [Object Copy (ms):  55.1]
      [Termination (ms):  0.0]
         [Termination Attempts:  1]
      [GC Worker Other (ms):  0.0]
      [GC Worker Total (ms):  90.9]
      [GC Worker End (ms):  19261087.2]
   [Code Root Fixup: 0.0 ms]
   [Code Root Purge: 0.0 ms]
   [Clear CT: 0.1 ms]
   [Other: 99.9 ms]
      [Choose CSet: 2.2 ms]
      [Ref Proc: 0.2 ms]
      [Ref Enq: 0.0 ms]
      [Redirty Cards: 0.1 ms]
      [Humongous Register: 0.1 ms]
      [Humongous Reclaim: 0.0 ms]
      [Free CSet: 0.1 ms]
   [Eden: 21.0M(21.0M)->0.0B(22.0M) Survivors: 4096.0K->3072.0K Heap: 196.8M(512.0M)->171.0M(512.0M)]
 [Times: user=0.05 sys=0.01, real=0.24 secs] 
2019-04-02T22:54:58.495+0900: 19374.814: [GC pause (G1 Evacuation Pause) (mixed), 0.0515025 secs]
   [Parallel Time: 50.5 ms, GC Workers: 1]
      [GC Worker Start (ms):  19374814.2]
      [Ext Root Scanning (ms):  4.4]
      [Update RS (ms):  5.6]
         [Processed Buffers:  37]
      [Scan RS (ms):  7.2]
      [Code Root Scanning (ms):  0.0]
      [Object Copy (ms):  32.7]
      [Termination (ms):  0.0]
         [Termination Attempts:  1]
      [GC Worker Other (ms):  0.5]
      [GC Worker Total (ms):  50.3]
      [GC Worker End (ms):  19374864.5]
   [Code Root Fixup: 0.0 ms]
   [Code Root Purge: 0.0 ms]
   [Clear CT: 0.1 ms]
   [Other: 1.0 ms]
      [Choose CSet: 0.0 ms]
      [Ref Proc: 0.2 ms]
      [Ref Enq: 0.0 ms]
      [Redirty Cards: 0.1 ms]
      [Humongous Register: 0.0 ms]
      [Humongous Reclaim: 0.0 ms]
      [Free CSet: 0.1 ms]
   [Eden: 22.0M(22.0M)->0.0B(21.0M) Survivors: 3072.0K->4096.0K Heap: 193.0M(512.0M)->169.5M(512.0M)]
 [Times: user=0.05 sys=0.00, real=0.08 secs] 
2019-04-02T22:56:48.058+0900: 19484.376: [GC pause (G1 Evacuation Pause) (young), 0.0650386 secs]
   [Parallel Time: 38.8 ms, GC Workers: 1]
      [GC Worker Start (ms):  19484402.0]
      [Ext Root Scanning (ms):  2.9]
      [Update RS (ms):  5.1]
         [Processed Buffers:  37]
      [Scan RS (ms):  7.1]
      [Code Root Scanning (ms):  0.0]
      [Object Copy (ms):  23.4]
      [Termination (ms):  0.0]
         [Termination Attempts:  1]
      [GC Worker Other (ms):  0.0]
      [GC Worker Total (ms):  38.7]
      [GC Worker End (ms):  19484440.8]
   [Code Root Fixup: 0.0 ms]
   [Code Root Purge: 0.0 ms]
   [Clear CT: 0.1 ms]
   [Other: 26.2 ms]
      [Choose CSet: 0.0 ms]
      [Ref Proc: 0.2 ms]
      [Ref Enq: 0.0 ms]
      [Redirty Cards: 0.1 ms]
      [Humongous Register: 4.1 ms]
      [Humongous Reclaim: 0.0 ms]
      [Free CSet: 0.0 ms]
   [Eden: 21.0M(21.0M)->0.0B(22.0M) Survivors: 4096.0K->3072.0K Heap: 190.5M(512.0M)->169.8M(512.0M)]
 [Times: user=0.04 sys=0.00, real=0.11 secs] 
2019-04-02T22:58:43.548+0900: 19599.866: [GC pause (G1 Evacuation Pause) (young), 0.0860805 secs]
   [Parallel Time: 44.5 ms, GC Workers: 1]
      [GC Worker Start (ms):  19599907.4]
      [Ext Root Scanning (ms):  3.2]
      [Update RS (ms):  5.7]
         [Processed Buffers:  36]
      [Scan RS (ms):  7.5]
      [Code Root Scanning (ms):  0.0]
      [Object Copy (ms):  27.7]
      [Termination (ms):  0.0]
         [Termination Attempts:  1]
      [GC Worker Other (ms):  0.0]
      [GC Worker Total (ms):  44.0]
      [GC Worker End (ms):  19599951.5]
   [Code Root Fixup: 0.0 ms]
   [Code Root Purge: 0.0 ms]
   [Clear CT: 0.1 ms]
   [Other: 41.5 ms]
      [Choose CSet: 0.0 ms]
      [Ref Proc: 0.3 ms]
      [Ref Enq: 0.0 ms]
      [Redirty Cards: 0.1 ms]
      [Humongous Register: 0.0 ms]
      [Humongous Reclaim: 0.0 ms]
      [Free CSet: 0.0 ms]
   [Eden: 22.0M(22.0M)->0.0B(21.0M) Survivors: 3072.0K->4096.0K Heap: 191.8M(512.0M)->170.8M(512.0M)]
 [Times: user=0.05 sys=0.00, real=0.08 secs] 
2019-04-02T23:00:45.635+0900: 19721.954: [GC pause (G1 Evacuation Pause) (young), 0.2193932 secs]
   [Parallel Time: 84.8 ms, GC Workers: 1]
      [GC Worker Start (ms):  19721953.9]
      [Ext Root Scanning (ms):  3.2]
      [Update RS (ms):  4.3]
         [Processed Buffers:  36]
      [Scan RS (ms):  5.2]
      [Code Root Scanning (ms):  0.0]
      [Object Copy (ms):  71.9]
      [Termination (ms):  0.0]
         [Termination Attempts:  1]
      [GC Worker Other (ms):  0.0]
      [GC Worker Total (ms):  84.7]
      [GC Worker End (ms):  19722038.6]
   [Code Root Fixup: 0.0 ms]
   [Code Root Purge: 0.0 ms]
   [Clear CT: 0.1 ms]
   [Other: 134.5 ms]
      [Choose CSet: 0.0 ms]
      [Ref Proc: 132.4 ms]
      [Ref Enq: 0.0 ms]
      [Redirty Cards: 0.4 ms]
      [Humongous Register: 0.0 ms]
      [Humongous Reclaim: 0.0 ms]
      [Free CSet: 0.0 ms]
   [Eden: 21.0M(21.0M)->0.0B(21.0M) Survivors: 4096.0K->4096.0K Heap: 191.8M(512.0M)->171.9M(512.0M)]
 [Times: user=0.06 sys=0.00, real=0.23 secs] 
2019-04-02T23:02:35.188+0900: 19831.511: [GC pause (G1 Evacuation Pause) (young), 0.1051337 secs]
   [Parallel Time: 66.5 ms, GC Workers: 1]
      [GC Worker Start (ms):  19831544.5]
      [Ext Root Scanning (ms):  5.4]
      [Update RS (ms):  4.3]
         [Processed Buffers:  36]
      [Scan RS (ms):  11.2]
      [Code Root Scanning (ms):  0.0]
      [Object Copy (ms):  45.2]
      [Termination (ms):  0.0]
         [Termination Attempts:  1]
      [GC Worker Other (ms):  0.0]
      [GC Worker Total (ms):  66.1]
      [GC Worker End (ms):  19831610.6]
   [Code Root Fixup: 0.0 ms]
   [Code Root Purge: 0.0 ms]
   [Clear CT: 0.4 ms]
   [Other: 38.3 ms]
      [Choose CSet: 0.0 ms]
      [Ref Proc: 0.2 ms]
      [Ref Enq: 0.0 ms]
      [Redirty Cards: 0.1 ms]
      [Humongous Register: 0.0 ms]
      [Humongous Reclaim: 0.0 ms]
      [Free CSet: 0.0 ms]
   [Eden: 21.0M(21.0M)->0.0B(21.0M) Survivors: 4096.0K->4096.0K Heap: 192.9M(512.0M)->173.0M(512.0M)]
 [Times: user=0.06 sys=0.00, real=0.10 secs] 
2019-04-02T23:04:24.867+0900: 19941.185: [GC pause (G1 Evacuation Pause) (young), 0.0401912 secs]
   [Parallel Time: 39.4 ms, GC Workers: 1]
      [GC Worker Start (ms):  19941185.5]
      [Ext Root Scanning (ms):  2.5]
      [Update RS (ms):  13.2]
         [Processed Buffers:  47]
      [Scan RS (ms):  1.9]
      [Code Root Scanning (ms):  0.0]
      [Object Copy (ms):  21.5]
      [Termination (ms):  0.0]
         [Termination Attempts:  1]
      [GC Worker Other (ms):  0.0]
      [GC Worker Total (ms):  39.2]
      [GC Worker End (ms):  19941224.7]
   [Code Root Fixup: 0.0 ms]
   [Code Root Purge: 0.0 ms]
   [Clear CT: 0.1 ms]
   [Other: 0.7 ms]
      [Choose CSet: 0.0 ms]
      [Ref Proc: 0.2 ms]
      [Ref Enq: 0.0 ms]
      [Redirty Cards: 0.1 ms]
      [Humongous Register: 0.0 ms]
      [Humongous Reclaim: 0.0 ms]
      [Free CSet: 0.0 ms]
   [Eden: 21.0M(21.0M)->0.0B(23.0M) Survivors: 4096.0K->2048.0K Heap: 194.0M(512.0M)->172.0M(512.0M)]
 [Times: user=0.04 sys=0.00, real=0.04 secs] 
2019-04-02T23:06:25.474+0900: 20061.793: [GC pause (G1 Evacuation Pause) (young), 0.0411683 secs]
   [Parallel Time: 40.5 ms, GC Workers: 1]
      [GC Worker Start (ms):  20061793.0]
      [Ext Root Scanning (ms):  3.5]
      [Update RS (ms):  4.9]
         [Processed Buffers:  36]
      [Scan RS (ms):  7.6]
      [Code Root Scanning (ms):  0.0]
      [Object Copy (ms):  24.5]
      [Termination (ms):  0.0]
         [Termination Attempts:  1]
      [GC Worker Other (ms):  0.0]
      [GC Worker Total (ms):  40.4]
      [GC Worker End (ms):  20061833.5]
   [Code Root Fixup: 0.0 ms]
   [Code Root Purge: 0.0 ms]
   [Clear CT: 0.1 ms]
   [Other: 0.6 ms]
      [Choose CSet: 0.0 ms]
      [Ref Proc: 0.2 ms]
      [Ref Enq: 0.0 ms]
      [Redirty Cards: 0.1 ms]
      [Humongous Register: 0.0 ms]
      [Humongous Reclaim: 0.0 ms]
      [Free CSet: 0.0 ms]
   [Eden: 23.0M(23.0M)->0.0B(22.0M) Survivors: 2048.0K->3072.0K Heap: 195.0M(512.0M)->173.0M(512.0M)]
 [Times: user=0.04 sys=0.00, real=0.04 secs] 
2019-04-02T23:08:20.180+0900: 20176.499: [GC pause (G1 Evacuation Pause) (young), 0.0513657 secs]
   [Parallel Time: 50.5 ms, GC Workers: 1]
      [GC Worker Start (ms):  20176499.2]
      [Ext Root Scanning (ms):  2.7]
      [Update RS (ms):  4.4]
         [Processed Buffers:  38]
      [Scan RS (ms):  6.7]
      [Code Root Scanning (ms):  0.0]
      [Object Copy (ms):  36.6]
      [Termination (ms):  0.0]
         [Termination Attempts:  1]
      [GC Worker Other (ms):  0.0]
      [GC Worker Total (ms):  50.4]
      [GC Worker End (ms):  20176549.6]
   [Code Root Fixup: 0.0 ms]
   [Code Root Purge: 0.0 ms]
   [Clear CT: 0.1 ms]
   [Other: 0.8 ms]
      [Choose CSet: 0.0 ms]
      [Ref Proc: 0.2 ms]
      [Ref Enq: 0.0 ms]
      [Redirty Cards: 0.1 ms]
      [Humongous Register: 0.1 ms]
      [Humongous Reclaim: 0.0 ms]
      [Free CSet: 0.0 ms]
   [Eden: 22.0M(22.0M)->0.0B(21.0M) Survivors: 3072.0K->4096.0K Heap: 195.0M(512.0M)->174.5M(512.0M)]
 [Times: user=0.05 sys=0.00, real=0.05 secs] 
2019-04-02T23:10:08.541+0900: 20284.860: [GC pause (G1 Evacuation Pause) (young), 0.0812685 secs]
   [Parallel Time: 80.6 ms, GC Workers: 1]
      [GC Worker Start (ms):  20284860.1]
      [Ext Root Scanning (ms):  2.5]
      [Update RS (ms):  4.7]
         [Processed Buffers:  37]
      [Scan RS (ms):  8.9]
      [Code Root Scanning (ms):  0.0]
      [Object Copy (ms):  64.3]
      [Termination (ms):  0.0]
         [Termination Attempts:  1]
      [GC Worker Other (ms):  0.0]
      [GC Worker Total (ms):  80.4]
      [GC Worker End (ms):  20284940.6]
   [Code Root Fixup: 0.0 ms]
   [Code Root Purge: 0.0 ms]
   [Clear CT: 0.0 ms]
   [Other: 0.6 ms]
      [Choose CSet: 0.0 ms]
      [Ref Proc: 0.1 ms]
      [Ref Enq: 0.0 ms]
      [Redirty Cards: 0.1 ms]
      [Humongous Register: 0.0 ms]
      [Humongous Reclaim: 0.0 ms]
      [Free CSet: 0.0 ms]
   [Eden: 21.0M(21.0M)->0.0B(22.0M) Survivors: 4096.0K->3072.0K Heap: 195.5M(512.0M)->175.5M(512.0M)]
 [Times: user=0.05 sys=0.00, real=0.08 secs] 
2019-04-02T23:12:05.125+0900: 20401.443: [GC pause (G1 Evacuation Pause) (young), 0.0534054 secs]
   [Parallel Time: 51.9 ms, GC Workers: 1]
      [GC Worker Start (ms):  20401443.7]
      [Ext Root Scanning (ms):  2.6]
      [Update RS (ms):  6.1]
         [Processed Buffers:  35]
      [Scan RS (ms):  8.5]
      [Code Root Scanning (ms):  0.0]
      [Object Copy (ms):  34.1]
      [Termination (ms):  0.0]
         [Termination Attempts:  1]
      [GC Worker Other (ms):  0.0]
      [GC Worker Total (ms):  51.3]
      [GC Worker End (ms):  20401495.0]
   [Code Root Fixup: 0.0 ms]
   [Code Root Purge: 0.0 ms]
   [Clear CT: 0.4 ms]
   [Other: 1.1 ms]
      [Choose CSet: 0.0 ms]
      [Ref Proc: 0.5 ms]
      [Ref Enq: 0.0 ms]
      [Redirty Cards: 0.1 ms]
      [Humongous Register: 0.0 ms]
      [Humongous Reclaim: 0.0 ms]
      [Free CSet: 0.0 ms]
   [Eden: 22.0M(22.0M)->0.0B(21.0M) Survivors: 3072.0K->4096.0K Heap: 197.5M(512.0M)->176.5M(512.0M)]
 [Times: user=0.05 sys=0.00, real=0.06 secs] 
2019-04-02T23:13:55.052+0900: 20511.370: [GC pause (G1 Evacuation Pause) (young), 0.0389745 secs]
   [Parallel Time: 38.2 ms, GC Workers: 1]
      [GC Worker Start (ms):  20511370.3]
      [Ext Root Scanning (ms):  2.5]
      [Update RS (ms):  5.2]
         [Processed Buffers:  40]
      [Scan RS (ms):  5.6]
      [Code Root Scanning (ms):  0.0]
      [Object Copy (ms):  24.7]
      [Termination (ms):  0.0]
         [Termination Attempts:  1]
      [GC Worker Other (ms):  0.0]
      [GC Worker Total (ms):  38.1]
      [GC Worker End (ms):  20511408.5]
   [Code Root Fixup: 0.0 ms]
   [Code Root Purge: 0.0 ms]
   [Clear CT: 0.1 ms]
   [Other: 0.7 ms]
      [Choose CSet: 0.0 ms]
      [Ref Proc: 0.2 ms]
      [Ref Enq: 0.0 ms]
      [Redirty Cards: 0.1 ms]
      [Humongous Register: 0.0 ms]
      [Humongous Reclaim: 0.0 ms]
      [Free CSet: 0.0 ms]
   [Eden: 21.0M(21.0M)->0.0B(22.0M) Survivors: 4096.0K->3072.0K Heap: 197.5M(512.0M)->176.2M(512.0M)]
 [Times: user=0.04 sys=0.00, real=0.04 secs] 
2019-04-02T23:15:50.253+0900: 20626.571: [GC pause (G1 Evacuation Pause) (young), 0.0439353 secs]
   [Parallel Time: 43.2 ms, GC Workers: 1]
      [GC Worker Start (ms):  20626571.6]
      [Ext Root Scanning (ms):  2.4]
      [Update RS (ms):  5.5]
         [Processed Buffers:  38]
      [Scan RS (ms):  7.8]
      [Code Root Scanning (ms):  0.0]
      [Object Copy (ms):  27.4]
      [Termination (ms):  0.0]
         [Termination Attempts:  1]
      [GC Worker Other (ms):  0.0]
      [GC Worker Total (ms):  43.1]
      [GC Worker End (ms):  20626614.7]
   [Code Root Fixup: 0.0 ms]
   [Code Root Purge: 0.0 ms]
   [Clear CT: 0.0 ms]
   [Other: 0.7 ms]
      [Choose CSet: 0.0 ms]
      [Ref Proc: 0.1 ms]
      [Ref Enq: 0.0 ms]
      [Redirty Cards: 0.1 ms]
      [Humongous Register: 0.0 ms]
      [Humongous Reclaim: 0.0 ms]
      [Free CSet: 0.0 ms]
   [Eden: 22.0M(22.0M)->0.0B(21.0M) Survivors: 3072.0K->4096.0K Heap: 198.2M(512.0M)->177.2M(512.0M)]
 [Times: user=0.05 sys=0.00, real=0.05 secs] 
2019-04-02T23:17:40.775+0900: 20737.093: [GC pause (G1 Evacuation Pause) (young), 0.0547044 secs]
   [Parallel Time: 54.1 ms, GC Workers: 1]
      [GC Worker Start (ms):  20737093.6]
      [Ext Root Scanning (ms):  2.6]
      [Update RS (ms):  6.0]
         [Processed Buffers:  37]
      [Scan RS (ms):  6.1]
      [Code Root Scanning (ms):  0.0]
      [Object Copy (ms):  39.3]
      [Termination (ms):  0.0]
         [Termination Attempts:  1]
      [GC Worker Other (ms):  0.0]
      [GC Worker Total (ms):  54.0]
      [GC Worker End (ms):  20737147.6]
   [Code Root Fixup: 0.0 ms]
   [Code Root Purge: 0.0 ms]
   [Clear CT: 0.1 ms]
   [Other: 0.6 ms]
      [Choose CSet: 0.0 ms]
      [Ref Proc: 0.1 ms]
      [Ref Enq: 0.0 ms]
      [Redirty Cards: 0.1 ms]
      [Humongous Register: 0.0 ms]
      [Humongous Reclaim: 0.0 ms]
      [Free CSet: 0.0 ms]
   [Eden: 21.0M(21.0M)->0.0B(21.0M) Survivors: 4096.0K->4096.0K Heap: 198.2M(512.0M)->178.2M(512.0M)]
 [Times: user=0.06 sys=0.00, real=0.06 secs] 
2019-04-02T23:19:31.932+0900: 20848.251: [GC pause (G1 Evacuation Pause) (young), 0.0535811 secs]
   [Parallel Time: 52.8 ms, GC Workers: 1]
      [GC Worker Start (ms):  20848250.8]
      [Ext Root Scanning (ms):  2.6]
      [Update RS (ms):  4.6]
         [Processed Buffers:  37]
      [Scan RS (ms):  7.3]
      [Code Root Scanning (ms):  0.0]
      [Object Copy (ms):  38.3]
      [Termination (ms):  0.0]
         [Termination Attempts:  1]
      [GC Worker Other (ms):  0.0]
      [GC Worker Total (ms):  52.7]
      [GC Worker End (ms):  20848303.6]
   [Code Root Fixup: 0.0 ms]
   [Code Root Purge: 0.0 ms]
   [Clear CT: 0.1 ms]
   [Other: 0.7 ms]
      [Choose CSet: 0.0 ms]
      [Ref Proc: 0.2 ms]
      [Ref Enq: 0.0 ms]
      [Redirty Cards: 0.1 ms]
      [Humongous Register: 0.0 ms]
      [Humongous Reclaim: 0.0 ms]
      [Free CSet: 0.0 ms]
   [Eden: 21.0M(21.0M)->0.0B(21.0M) Survivors: 4096.0K->4096.0K Heap: 199.2M(512.0M)->180.0M(512.0M)]
 [Times: user=0.05 sys=0.00, real=0.06 secs] 
2019-04-02T23:21:20.505+0900: 20956.823: [GC pause (G1 Evacuation Pause) (young), 0.0470546 secs]
   [Parallel Time: 46.4 ms, GC Workers: 1]
      [GC Worker Start (ms):  20956823.6]
      [Ext Root Scanning (ms):  2.5]
      [Update RS (ms):  13.7]
         [Processed Buffers:  36]
      [Scan RS (ms):  7.1]
      [Code Root Scanning (ms):  0.0]
      [Object Copy (ms):  22.9]
      [Termination (ms):  0.0]
         [Termination Attempts:  1]
      [GC Worker Other (ms):  0.0]
      [GC Worker Total (ms):  46.3]
      [GC Worker End (ms):  20956869.9]
   [Code Root Fixup: 0.0 ms]
   [Code Root Purge: 0.0 ms]
   [Clear CT: 0.1 ms]
   [Other: 0.6 ms]
      [Choose CSet: 0.0 ms]
      [Ref Proc: 0.2 ms]
      [Ref Enq: 0.0 ms]
      [Redirty Cards: 0.1 ms]
      [Humongous Register: 0.0 ms]
      [Humongous Reclaim: 0.0 ms]
      [Free CSet: 0.0 ms]
   [Eden: 21.0M(21.0M)->0.0B(22.0M) Survivors: 4096.0K->3072.0K Heap: 201.0M(512.0M)->179.5M(512.0M)]
 [Times: user=0.04 sys=0.00, real=0.05 secs] 
2019-04-02T23:23:15.050+0900: 21071.369: [GC pause (G1 Evacuation Pause) (young), 0.0443854 secs]
   [Parallel Time: 43.6 ms, GC Workers: 1]
      [GC Worker Start (ms):  21071369.2]
      [Ext Root Scanning (ms):  2.6]
      [Update RS (ms):  5.1]
         [Processed Buffers:  37]
      [Scan RS (ms):  9.1]
      [Code Root Scanning (ms):  0.0]
      [Object Copy (ms):  26.8]
      [Termination (ms):  0.0]
         [Termination Attempts:  1]
      [GC Worker Other (ms):  0.0]
      [GC Worker Total (ms):  43.6]
      [GC Worker End (ms):  21071412.8]
   [Code Root Fixup: 0.0 ms]
   [Code Root Purge: 0.0 ms]
   [Clear CT: 0.1 ms]
   [Other: 0.7 ms]
      [Choose CSet: 0.0 ms]
      [Ref Proc: 0.2 ms]
      [Ref Enq: 0.0 ms]
      [Redirty Cards: 0.1 ms]
      [Humongous Register: 0.0 ms]
      [Humongous Reclaim: 0.0 ms]
      [Free CSet: 0.0 ms]
   [Eden: 22.0M(22.0M)->0.0B(21.0M) Survivors: 3072.0K->4096.0K Heap: 201.5M(512.0M)->180.5M(512.0M)]
 [Times: user=0.05 sys=0.00, real=0.04 secs] 
2019-04-02T23:25:05.118+0900: 21181.436: [GC pause (G1 Evacuation Pause) (young), 0.0614880 secs]
   [Parallel Time: 60.7 ms, GC Workers: 1]
      [GC Worker Start (ms):  21181436.8]
      [Ext Root Scanning (ms):  3.3]
      [Update RS (ms):  4.9]
         [Processed Buffers:  38]
      [Scan RS (ms):  7.2]
      [Code Root Scanning (ms):  0.0]
      [Object Copy (ms):  44.8]
      [Termination (ms):  0.0]
         [Termination Attempts:  1]
      [GC Worker Other (ms):  0.0]
      [GC Worker Total (ms):  60.2]
      [GC Worker End (ms):  21181496.9]
   [Code Root Fixup: 0.0 ms]
   [Code Root Purge: 0.0 ms]
   [Clear CT: 0.1 ms]
   [Other: 0.7 ms]
      [Choose CSet: 0.0 ms]
      [Ref Proc: 0.2 ms]
      [Ref Enq: 0.0 ms]
      [Redirty Cards: 0.1 ms]
      [Humongous Register: 0.0 ms]
      [Humongous Reclaim: 0.0 ms]
      [Free CSet: 0.0 ms]
   [Eden: 21.0M(21.0M)->0.0B(21.0M) Survivors: 4096.0K->4096.0K Heap: 201.5M(512.0M)->181.5M(512.0M)]
 [Times: user=0.06 sys=0.00, real=0.06 secs] 
2019-04-02T23:26:54.689+0900: 21291.008: [GC pause (G1 Evacuation Pause) (young), 0.0497541 secs]
   [Parallel Time: 48.9 ms, GC Workers: 1]
      [GC Worker Start (ms):  21291008.1]
      [Ext Root Scanning (ms):  2.5]
      [Update RS (ms):  5.7]
         [Processed Buffers:  35]
      [Scan RS (ms):  7.3]
      [Code Root Scanning (ms):  0.0]
      [Object Copy (ms):  33.3]
      [Termination (ms):  0.0]
         [Termination Attempts:  1]
      [GC Worker Other (ms):  0.0]
      [GC Worker Total (ms):  48.8]
      [GC Worker End (ms):  21291056.8]
   [Code Root Fixup: 0.0 ms]
   [Code Root Purge: 0.0 ms]
   [Clear CT: 0.1 ms]
   [Other: 0.8 ms]
      [Choose CSet: 0.0 ms]
      [Ref Proc: 0.1 ms]
      [Ref Enq: 0.0 ms]
      [Redirty Cards: 0.1 ms]
      [Humongous Register: 0.0 ms]
      [Humongous Reclaim: 0.0 ms]
      [Free CSet: 0.0 ms]
   [Eden: 21.0M(21.0M)->0.0B(21.0M) Survivors: 4096.0K->4096.0K Heap: 202.5M(512.0M)->182.5M(512.0M)]
 [Times: user=0.05 sys=0.00, real=0.05 secs] 
2019-04-02T23:28:43.517+0900: 21399.836: [GC pause (G1 Evacuation Pause) (young) (initial-mark), 0.0592873 secs]
   [Parallel Time: 57.4 ms, GC Workers: 1]
      [GC Worker Start (ms):  21399836.0]
      [Ext Root Scanning (ms):  3.6]
      [Update RS (ms):  5.9]
         [Processed Buffers:  39]
      [Scan RS (ms):  8.6]
      [Code Root Scanning (ms):  0.0]
      [Object Copy (ms):  39.1]
      [Termination (ms):  0.0]
         [Termination Attempts:  1]
      [GC Worker Other (ms):  0.0]
      [GC Worker Total (ms):  57.3]
      [GC Worker End (ms):  21399893.2]
   [Code Root Fixup: 0.0 ms]
   [Code Root Purge: 0.0 ms]
   [Clear CT: 0.1 ms]
   [Other: 1.8 ms]
      [Choose CSet: 0.0 ms]
      [Ref Proc: 1.2 ms]
      [Ref Enq: 0.0 ms]
      [Redirty Cards: 0.1 ms]
      [Humongous Register: 0.0 ms]
      [Humongous Reclaim: 0.0 ms]
      [Free CSet: 0.0 ms]
   [Eden: 21.0M(21.0M)->0.0B(21.0M) Survivors: 4096.0K->4096.0K Heap: 203.5M(512.0M)->183.9M(512.0M)]
 [Times: user=0.05 sys=0.00, real=0.06 secs] 
2019-04-02T23:28:43.577+0900: 21399.895: [GC concurrent-root-region-scan-start]
2019-04-02T23:28:43.620+0900: 21399.939: [GC concurrent-root-region-scan-end, 0.0433351 secs]
2019-04-02T23:28:43.620+0900: 21399.939: [GC concurrent-mark-start]
2019-04-02T23:28:43.713+0900: 21400.032: [GC concurrent-mark-end, 0.0931411 secs]
2019-04-02T23:28:43.714+0900: 21400.032: [GC remark 2019-04-02T23:28:43.714+0900: 21400.032: [Finalize Marking, 0.0003799 secs] 2019-04-02T23:28:43.714+0900: 21400.033: [GC ref-proc, 0.0010015 secs] 2019-04-02T23:28:43.715+0900: 21400.034: [Unloading, 0.0342631 secs], 0.0390117 secs]
 [Times: user=0.04 sys=0.00, real=0.04 secs] 
2019-04-02T23:28:43.754+0900: 21400.073: [GC cleanup 184M->181M(512M), 0.0522315 secs]
 [Times: user=0.00 sys=0.00, real=0.06 secs] 
2019-04-02T23:28:43.807+0900: 21400.125: [GC concurrent-cleanup-start]
2019-04-02T23:28:43.807+0900: 21400.125: [GC concurrent-cleanup-end, 0.0000431 secs]
2019-04-02T23:30:35.133+0900: 21511.451: [GC pause (G1 Evacuation Pause) (young), 0.0490749 secs]
   [Parallel Time: 48.1 ms, GC Workers: 1]
      [GC Worker Start (ms):  21511451.9]
      [Ext Root Scanning (ms):  2.4]
      [Update RS (ms):  6.4]
         [Processed Buffers:  36]
      [Scan RS (ms):  9.2]
      [Code Root Scanning (ms):  0.0]
      [Object Copy (ms):  29.8]
      [Termination (ms):  0.0]
         [Termination Attempts:  1]
      [GC Worker Other (ms):  0.0]
      [GC Worker Total (ms):  47.8]
      [GC Worker End (ms):  21511499.8]
   [Code Root Fixup: 0.0 ms]
   [Code Root Purge: 0.0 ms]
   [Clear CT: 0.1 ms]
   [Other: 0.9 ms]
      [Choose CSet: 0.0 ms]
      [Ref Proc: 0.2 ms]
      [Ref Enq: 0.0 ms]
      [Redirty Cards: 0.1 ms]
      [Humongous Register: 0.1 ms]
      [Humongous Reclaim: 0.0 ms]
      [Free CSet: 0.0 ms]
   [Eden: 21.0M(21.0M)->0.0B(22.0M) Survivors: 4096.0K->3072.0K Heap: 201.9M(512.0M)->180.4M(512.0M)]
 [Times: user=0.05 sys=0.00, real=0.05 secs] 
2019-04-02T23:32:21.161+0900: 21617.479: [GC pause (G1 Evacuation Pause) (mixed), 0.0622601 secs]
   [Parallel Time: 61.5 ms, GC Workers: 1]
      [GC Worker Start (ms):  21617479.3]
      [Ext Root Scanning (ms):  2.6]
      [Update RS (ms):  12.0]
         [Processed Buffers:  50]
      [Scan RS (ms):  3.0]
      [Code Root Scanning (ms):  0.2]
      [Object Copy (ms):  43.5]
      [Termination (ms):  0.0]
         [Termination Attempts:  1]
      [GC Worker Other (ms):  0.0]
      [GC Worker Total (ms):  61.3]
      [GC Worker End (ms):  21617540.6]
   [Code Root Fixup: 0.0 ms]
   [Code Root Purge: 0.0 ms]
   [Clear CT: 0.1 ms]
   [Other: 0.7 ms]
      [Choose CSet: 0.0 ms]
      [Ref Proc: 0.1 ms]
      [Ref Enq: 0.0 ms]
      [Redirty Cards: 0.1 ms]
      [Humongous Register: 0.0 ms]
      [Humongous Reclaim: 0.0 ms]
      [Free CSet: 0.1 ms]
   [Eden: 22.0M(22.0M)->0.0B(21.0M) Survivors: 3072.0K->4096.0K Heap: 202.4M(512.0M)->177.0M(512.0M)]
 [Times: user=0.06 sys=0.00, real=0.06 secs] 
2019-04-02T23:33:57.974+0900: 21714.292: [GC pause (G1 Evacuation Pause) (mixed), 0.0870429 secs]
   [Parallel Time: 86.1 ms, GC Workers: 1]
      [GC Worker Start (ms):  21714292.5]
      [Ext Root Scanning (ms):  2.6]
      [Update RS (ms):  4.9]
         [Processed Buffers:  46]
      [Scan RS (ms):  15.3]
      [Code Root Scanning (ms):  0.3]
      [Object Copy (ms):  63.0]
      [Termination (ms):  0.0]
         [Termination Attempts:  1]
      [GC Worker Other (ms):  0.0]
      [GC Worker Total (ms):  86.0]
      [GC Worker End (ms):  21714378.6]
   [Code Root Fixup: 0.0 ms]
   [Code Root Purge: 0.0 ms]
   [Clear CT: 0.2 ms]
   [Other: 0.7 ms]
      [Choose CSet: 0.0 ms]
      [Ref Proc: 0.1 ms]
      [Ref Enq: 0.0 ms]
      [Redirty Cards: 0.1 ms]
      [Humongous Register: 0.0 ms]
      [Humongous Reclaim: 0.0 ms]
      [Free CSet: 0.1 ms]
   [Eden: 21.0M(21.0M)->0.0B(21.0M) Survivors: 4096.0K->4096.0K Heap: 198.0M(512.0M)->174.5M(512.0M)]
 [Times: user=0.08 sys=0.00, real=0.09 secs] 
2019-04-02T23:35:47.304+0900: 21823.623: [GC pause (G1 Evacuation Pause) (mixed), 0.1419706 secs]
   [Parallel Time: 141.0 ms, GC Workers: 1]
      [GC Worker Start (ms):  21823623.2]
      [Ext Root Scanning (ms):  22.0]
      [Update RS (ms):  12.9]
         [Processed Buffers:  42]
      [Scan RS (ms):  14.6]
      [Code Root Scanning (ms):  0.7]
      [Object Copy (ms):  90.7]
      [Termination (ms):  0.0]
         [Termination Attempts:  1]
      [GC Worker Other (ms):  0.0]
      [GC Worker Total (ms):  140.9]
      [GC Worker End (ms):  21823764.2]
   [Code Root Fixup: 0.0 ms]
   [Code Root Purge: 0.0 ms]
   [Clear CT: 0.1 ms]
   [Other: 0.8 ms]
      [Choose CSet: 0.0 ms]
      [Ref Proc: 0.3 ms]
      [Ref Enq: 0.0 ms]
      [Redirty Cards: 0.1 ms]
      [Humongous Register: 0.0 ms]
      [Humongous Reclaim: 0.0 ms]
      [Free CSet: 0.1 ms]
   [Eden: 21.0M(21.0M)->0.0B(23.0M) Survivors: 4096.0K->2048.0K Heap: 195.5M(512.0M)->174.0M(512.0M)]
 [Times: user=0.06 sys=0.00, real=0.15 secs] 
2019-04-02T23:37:47.973+0900: 21944.292: [GC pause (G1 Evacuation Pause) (young), 0.0279928 secs]
   [Parallel Time: 27.3 ms, GC Workers: 1]
      [GC Worker Start (ms):  21944291.9]
      [Ext Root Scanning (ms):  2.5]
      [Update RS (ms):  5.2]
         [Processed Buffers:  47]
      [Scan RS (ms):  5.9]
      [Code Root Scanning (ms):  0.0]
      [Object Copy (ms):  13.5]
      [Termination (ms):  0.0]
         [Termination Attempts:  1]
      [GC Worker Other (ms):  0.0]
      [GC Worker Total (ms):  27.2]
      [GC Worker End (ms):  21944319.1]
   [Code Root Fixup: 0.0 ms]
   [Code Root Purge: 0.0 ms]
   [Clear CT: 0.1 ms]
   [Other: 0.7 ms]
      [Choose CSet: 0.0 ms]
      [Ref Proc: 0.2 ms]
      [Ref Enq: 0.0 ms]
      [Redirty Cards: 0.0 ms]
      [Humongous Register: 0.0 ms]
      [Humongous Reclaim: 0.0 ms]
      [Free CSet: 0.0 ms]
   [Eden: 23.0M(23.0M)->0.0B(23.0M) Survivors: 2048.0K->2048.0K Heap: 197.0M(512.0M)->174.0M(512.0M)]
 [Times: user=0.03 sys=0.00, real=0.03 secs] 
2019-04-02T23:39:48.060+0900: 22064.379: [GC pause (G1 Evacuation Pause) (young), 0.0319379 secs]
   [Parallel Time: 31.2 ms, GC Workers: 1]
      [GC Worker Start (ms):  22064378.8]
      [Ext Root Scanning (ms):  2.4]
      [Update RS (ms):  2.6]
         [Processed Buffers:  35]
      [Scan RS (ms):  5.8]
      [Code Root Scanning (ms):  0.0]
      [Object Copy (ms):  20.3]
      [Termination (ms):  0.0]
         [Termination Attempts:  1]
      [GC Worker Other (ms):  0.0]
      [GC Worker Total (ms):  31.0]
      [GC Worker End (ms):  22064409.8]
   [Code Root Fixup: 0.0 ms]
   [Code Root Purge: 0.0 ms]
   [Clear CT: 0.0 ms]
   [Other: 0.7 ms]
      [Choose CSet: 0.0 ms]
      [Ref Proc: 0.2 ms]
      [Ref Enq: 0.0 ms]
      [Redirty Cards: 0.1 ms]
      [Humongous Register: 0.1 ms]
      [Humongous Reclaim: 0.0 ms]
      [Free CSet: 0.0 ms]
   [Eden: 23.0M(23.0M)->0.0B(22.0M) Survivors: 2048.0K->3072.0K Heap: 197.0M(512.0M)->175.5M(512.0M)]
 [Times: user=0.03 sys=0.00, real=0.03 secs] 
2019-04-02T23:41:43.532+0900: 22179.851: [GC pause (G1 Evacuation Pause) (young), 0.0429191 secs]
   [Parallel Time: 42.3 ms, GC Workers: 1]
      [GC Worker Start (ms):  22179851.0]
      [Ext Root Scanning (ms):  2.5]
      [Update RS (ms):  4.0]
         [Processed Buffers:  36]
      [Scan RS (ms):  5.5]
      [Code Root Scanning (ms):  0.0]
      [Object Copy (ms):  30.1]
      [Termination (ms):  0.0]
         [Termination Attempts:  1]
      [GC Worker Other (ms):  0.0]
      [GC Worker Total (ms):  42.1]
      [GC Worker End (ms):  22179893.1]
   [Code Root Fixup: 0.0 ms]
   [Code Root Purge: 0.0 ms]
   [Clear CT: 0.0 ms]
   [Other: 0.6 ms]
      [Choose CSet: 0.0 ms]
      [Ref Proc: 0.1 ms]
      [Ref Enq: 0.0 ms]
      [Redirty Cards: 0.1 ms]
      [Humongous Register: 0.0 ms]
      [Humongous Reclaim: 0.0 ms]
      [Free CSet: 0.0 ms]
   [Eden: 22.0M(22.0M)->0.0B(21.0M) Survivors: 3072.0K->4096.0K Heap: 197.5M(512.0M)->176.7M(512.0M)]
 [Times: user=0.04 sys=0.00, real=0.04 secs] 
2019-04-02T23:43:35.123+0900: 22291.441: [GC pause (G1 Evacuation Pause) (young), 0.0568692 secs]
   [Parallel Time: 56.2 ms, GC Workers: 1]
      [GC Worker Start (ms):  22291441.3]
      [Ext Root Scanning (ms):  2.4]
      [Update RS (ms):  5.7]
         [Processed Buffers:  37]
      [Scan RS (ms):  7.0]
      [Code Root Scanning (ms):  0.0]
      [Object Copy (ms):  40.5]
      [Termination (ms):  0.0]
         [Termination Attempts:  1]
      [GC Worker Other (ms):  0.0]
      [GC Worker Total (ms):  55.7]
      [GC Worker End (ms):  22291497.0]
   [Code Root Fixup: 0.0 ms]
   [Code Root Purge: 0.0 ms]
   [Clear CT: 0.1 ms]
   [Other: 0.6 ms]
      [Choose CSet: 0.0 ms]
      [Ref Proc: 0.2 ms]
      [Ref Enq: 0.0 ms]
      [Redirty Cards: 0.1 ms]
      [Humongous Register: 0.0 ms]
      [Humongous Reclaim: 0.0 ms]
      [Free CSet: 0.0 ms]
   [Eden: 21.0M(21.0M)->0.0B(22.0M) Survivors: 4096.0K->3072.0K Heap: 197.7M(512.0M)->177.9M(512.0M)]
 [Times: user=0.05 sys=0.00, real=0.06 secs] 
2019-04-02T23:45:31.557+0900: 22407.875: [GC pause (G1 Evacuation Pause) (young), 0.0440629 secs]
   [Parallel Time: 43.4 ms, GC Workers: 1]
      [GC Worker Start (ms):  22407875.4]
      [Ext Root Scanning (ms):  2.5]
      [Update RS (ms):  4.9]
         [Processed Buffers:  37]
      [Scan RS (ms):  5.8]
      [Code Root Scanning (ms):  0.0]
      [Object Copy (ms):  30.1]
      [Termination (ms):  0.0]
         [Termination Attempts:  1]
      [GC Worker Other (ms):  0.1]
      [GC Worker Total (ms):  43.4]
      [GC Worker End (ms):  22407918.8]
   [Code Root Fixup: 0.0 ms]
   [Code Root Purge: 0.0 ms]
   [Clear CT: 0.1 ms]
   [Other: 0.6 ms]
      [Choose CSet: 0.0 ms]
      [Ref Proc: 0.1 ms]
      [Ref Enq: 0.0 ms]
      [Redirty Cards: 0.1 ms]
      [Humongous Register: 0.0 ms]
      [Humongous Reclaim: 0.0 ms]
      [Free CSet: 0.0 ms]
   [Eden: 22.0M(22.0M)->0.0B(21.0M) Survivors: 3072.0K->4096.0K Heap: 199.9M(512.0M)->178.9M(512.0M)]
 [Times: user=0.05 sys=0.00, real=0.04 secs] 
2019-04-02T23:47:20.201+0900: 22516.519: [GC pause (G1 Evacuation Pause) (young), 0.0372911 secs]
   [Parallel Time: 36.5 ms, GC Workers: 1]
      [GC Worker Start (ms):  22516519.4]
      [Ext Root Scanning (ms):  2.4]
      [Update RS (ms):  5.2]
         [Processed Buffers:  37]
      [Scan RS (ms):  5.6]
      [Code Root Scanning (ms):  0.0]
      [Object Copy (ms):  23.1]
      [Termination (ms):  0.0]
         [Termination Attempts:  1]
      [GC Worker Other (ms):  0.0]
      [GC Worker Total (ms):  36.4]
      [GC Worker End (ms):  22516555.8]
   [Code Root Fixup: 0.0 ms]
   [Code Root Purge: 0.0 ms]
   [Clear CT: 0.0 ms]
   [Other: 0.8 ms]
      [Choose CSet: 0.0 ms]
      [Ref Proc: 0.1 ms]
      [Ref Enq: 0.0 ms]
      [Redirty Cards: 0.1 ms]
      [Humongous Register: 0.0 ms]
      [Humongous Reclaim: 0.1 ms]
      [Free CSet: 0.0 ms]
   [Eden: 21.0M(21.0M)->0.0B(22.0M) Survivors: 4096.0K->3072.0K Heap: 199.9M(512.0M)->178.8M(512.0M)]
 [Times: user=0.04 sys=0.00, real=0.04 secs] 
2019-04-02T23:49:13.783+0900: 22630.101: [GC pause (G1 Evacuation Pause) (young), 0.0429510 secs]
   [Parallel Time: 42.2 ms, GC Workers: 1]
      [GC Worker Start (ms):  22630101.4]
      [Ext Root Scanning (ms):  2.4]
      [Update RS (ms):  4.8]
         [Processed Buffers:  37]
      [Scan RS (ms):  7.4]
      [Code Root Scanning (ms):  0.0]
      [Object Copy (ms):  27.6]
      [Termination (ms):  0.0]
         [Termination Attempts:  1]
      [GC Worker Other (ms):  0.0]
      [GC Worker Total (ms):  42.2]
      [GC Worker End (ms):  22630143.5]
   [Code Root Fixup: 0.0 ms]
   [Code Root Purge: 0.0 ms]
   [Clear CT: 0.0 ms]
   [Other: 0.7 ms]
      [Choose CSet: 0.0 ms]
      [Ref Proc: 0.1 ms]
      [Ref Enq: 0.0 ms]
      [Redirty Cards: 0.1 ms]
      [Humongous Register: 0.0 ms]
      [Humongous Reclaim: 0.0 ms]
      [Free CSet: 0.1 ms]
   [Eden: 22.0M(22.0M)->0.0B(21.0M) Survivors: 3072.0K->4096.0K Heap: 200.8M(512.0M)->179.8M(512.0M)]
 [Times: user=0.04 sys=0.00, real=0.05 secs] 
2019-04-02T23:51:05.115+0900: 22741.433: [GC pause (G1 Evacuation Pause) (young), 0.0556723 secs]
   [Parallel Time: 55.1 ms, GC Workers: 1]
      [GC Worker Start (ms):  22741433.5]
      [Ext Root Scanning (ms):  2.5]
      [Update RS (ms):  5.0]
         [Processed Buffers:  36]
      [Scan RS (ms):  6.6]
      [Code Root Scanning (ms):  0.0]
      [Object Copy (ms):  40.5]
      [Termination (ms):  0.0]
         [Termination Attempts:  1]
      [GC Worker Other (ms):  0.0]
      [GC Worker Total (ms):  54.6]
      [GC Worker End (ms):  22741488.1]
   [Code Root Fixup: 0.0 ms]
   [Code Root Purge: 0.0 ms]
   [Clear CT: 0.1 ms]
   [Other: 0.5 ms]
      [Choose CSet: 0.0 ms]
      [Ref Proc: 0.1 ms]
      [Ref Enq: 0.0 ms]
      [Redirty Cards: 0.1 ms]
      [Humongous Register: 0.0 ms]
      [Humongous Reclaim: 0.0 ms]
      [Free CSet: 0.0 ms]
   [Eden: 21.0M(21.0M)->0.0B(21.0M) Survivors: 4096.0K->4096.0K Heap: 200.8M(512.0M)->180.8M(512.0M)]
 [Times: user=0.05 sys=0.00, real=0.06 secs] 
2019-04-02T23:52:56.045+0900: 22852.364: [GC pause (G1 Evacuation Pause) (young), 0.0645826 secs]
   [Parallel Time: 63.9 ms, GC Workers: 1]
      [GC Worker Start (ms):  22852364.4]
      [Ext Root Scanning (ms):  2.5]
      [Update RS (ms):  22.8]
         [Processed Buffers:  50]
      [Scan RS (ms):  3.4]
      [Code Root Scanning (ms):  0.0]
      [Object Copy (ms):  35.0]
      [Termination (ms):  0.0]
         [Termination Attempts:  1]
      [GC Worker Other (ms):  0.0]
      [GC Worker Total (ms):  63.7]
      [GC Worker End (ms):  22852428.1]
   [Code Root Fixup: 0.0 ms]
   [Code Root Purge: 0.0 ms]
   [Clear CT: 0.0 ms]
   [Other: 0.6 ms]
      [Choose CSet: 0.0 ms]
      [Ref Proc: 0.1 ms]
      [Ref Enq: 0.0 ms]
      [Redirty Cards: 0.1 ms]
      [Humongous Register: 0.0 ms]
      [Humongous Reclaim: 0.0 ms]
      [Free CSet: 0.0 ms]
   [Eden: 21.0M(21.0M)->0.0B(21.0M) Survivors: 4096.0K->4096.0K Heap: 201.8M(512.0M)->182.0M(512.0M)]
 [Times: user=0.06 sys=0.00, real=0.07 secs] 
2019-04-02T23:54:44.363+0900: 22960.681: [GC pause (G1 Evacuation Pause) (young) (initial-mark), 0.0384248 secs]
   [Parallel Time: 37.6 ms, GC Workers: 1]
      [GC Worker Start (ms):  22960681.7]
      [Ext Root Scanning (ms):  3.2]
      [Update RS (ms):  5.0]
         [Processed Buffers:  36]
      [Scan RS (ms):  7.4]
      [Code Root Scanning (ms):  0.0]
      [Object Copy (ms):  21.8]
      [Termination (ms):  0.0]
         [Termination Attempts:  1]
      [GC Worker Other (ms):  0.0]
      [GC Worker Total (ms):  37.5]
      [GC Worker End (ms):  22960719.2]
   [Code Root Fixup: 0.0 ms]
   [Code Root Purge: 0.0 ms]
   [Clear CT: 0.1 ms]
   [Other: 0.8 ms]
      [Choose CSet: 0.0 ms]
      [Ref Proc: 0.2 ms]
      [Ref Enq: 0.0 ms]
      [Redirty Cards: 0.1 ms]
      [Humongous Register: 0.0 ms]
      [Humongous Reclaim: 0.0 ms]
      [Free CSet: 0.1 ms]
   [Eden: 21.0M(21.0M)->0.0B(23.0M) Survivors: 4096.0K->2048.0K Heap: 203.0M(512.0M)->181.0M(512.0M)]
 [Times: user=0.04 sys=0.00, real=0.04 secs] 
2019-04-02T23:54:44.402+0900: 22960.720: [GC concurrent-root-region-scan-start]
2019-04-02T23:54:44.419+0900: 22960.738: [GC concurrent-root-region-scan-end, 0.0174554 secs]
2019-04-02T23:54:44.419+0900: 22960.738: [GC concurrent-mark-start]
2019-04-02T23:54:44.504+0900: 22960.822: [GC concurrent-mark-end, 0.0845115 secs]
2019-04-02T23:54:44.504+0900: 22960.823: [GC remark 2019-04-02T23:54:44.504+0900: 22960.823: [Finalize Marking, 0.0003494 secs] 2019-04-02T23:54:44.504+0900: 22960.823: [GC ref-proc, 0.0008715 secs] 2019-04-02T23:54:44.505+0900: 22960.824: [Unloading, 0.0301894 secs], 0.0341033 secs]
 [Times: user=0.03 sys=0.00, real=0.04 secs] 
2019-04-02T23:54:44.539+0900: 22960.857: [GC cleanup 181M->180M(512M), 0.0017632 secs]
 [Times: user=0.00 sys=0.00, real=0.00 secs] 
2019-04-02T23:54:44.540+0900: 22960.859: [GC concurrent-cleanup-start]
2019-04-02T23:54:44.540+0900: 22960.859: [GC concurrent-cleanup-end, 0.0000261 secs]
2019-04-02T23:56:45.340+0900: 23081.659: [GC pause (G1 Evacuation Pause) (young), 0.0391017 secs]
   [Parallel Time: 38.4 ms, GC Workers: 1]
      [GC Worker Start (ms):  23081659.0]
      [Ext Root Scanning (ms):  2.5]
      [Update RS (ms):  3.5]
         [Processed Buffers:  37]
      [Scan RS (ms):  8.1]
      [Code Root Scanning (ms):  0.0]
      [Object Copy (ms):  24.2]
      [Termination (ms):  0.0]
         [Termination Attempts:  1]
      [GC Worker Other (ms):  0.0]
      [GC Worker Total (ms):  38.3]
      [GC Worker End (ms):  23081697.4]
   [Code Root Fixup: 0.0 ms]
   [Code Root Purge: 0.0 ms]
   [Clear CT: 0.1 ms]
   [Other: 0.5 ms]
      [Choose CSet: 0.0 ms]
      [Ref Proc: 0.1 ms]
      [Ref Enq: 0.0 ms]
      [Redirty Cards: 0.1 ms]
      [Humongous Register: 0.0 ms]
      [Humongous Reclaim: 0.0 ms]
      [Free CSet: 0.0 ms]
   [Eden: 23.0M(23.0M)->0.0B(22.0M) Survivors: 2048.0K->3072.0K Heap: 203.0M(512.0M)->181.0M(512.0M)]
 [Times: user=0.04 sys=0.00, real=0.04 secs] 
2019-04-02T23:58:42.964+0900: 23199.283: [GC pause (G1 Evacuation Pause) (mixed), 0.0506693 secs]
   [Parallel Time: 49.7 ms, GC Workers: 1]
      [GC Worker Start (ms):  23199282.7]
      [Ext Root Scanning (ms):  3.6]
      [Update RS (ms):  4.9]
         [Processed Buffers:  35]
      [Scan RS (ms):  7.0]
      [Code Root Scanning (ms):  0.0]
      [Object Copy (ms):  33.3]
      [Termination (ms):  0.0]
         [Termination Attempts:  1]
      [GC Worker Other (ms):  0.0]
      [GC Worker Total (ms):  48.9]
      [GC Worker End (ms):  23199331.6]
   [Code Root Fixup: 0.0 ms]
   [Code Root Purge: 0.0 ms]
   [Clear CT: 0.1 ms]
   [Other: 0.8 ms]
      [Choose CSet: 0.0 ms]
      [Ref Proc: 0.3 ms]
      [Ref Enq: 0.0 ms]
      [Redirty Cards: 0.2 ms]
      [Humongous Register: 0.0 ms]
      [Humongous Reclaim: 0.0 ms]
      [Free CSet: 0.1 ms]
   [Eden: 22.0M(22.0M)->0.0B(21.0M) Survivors: 3072.0K->4096.0K Heap: 203.0M(512.0M)->175.9M(512.0M)]
 [Times: user=0.05 sys=0.00, real=0.05 secs] 
2019-04-03T00:00:33.997+0900: 23310.316: [GC pause (G1 Evacuation Pause) (mixed), 0.0583069 secs]
   [Parallel Time: 57.2 ms, GC Workers: 1]
      [GC Worker Start (ms):  23310316.0]
      [Ext Root Scanning (ms):  2.6]
      [Update RS (ms):  4.9]
         [Processed Buffers:  39]
      [Scan RS (ms):  9.4]
      [Code Root Scanning (ms):  0.3]
      [Object Copy (ms):  39.7]
      [Termination (ms):  0.0]
         [Termination Attempts:  1]
      [GC Worker Other (ms):  0.1]
      [GC Worker Total (ms):  57.1]
      [GC Worker End (ms):  23310373.2]
   [Code Root Fixup: 0.0 ms]
   [Code Root Purge: 0.0 ms]
   [Clear CT: 0.1 ms]
   [Other: 1.0 ms]
      [Choose CSet: 0.0 ms]
      [Ref Proc: 0.2 ms]
      [Ref Enq: 0.0 ms]
      [Redirty Cards: 0.1 ms]
      [Humongous Register: 0.1 ms]
      [Humongous Reclaim: 0.0 ms]
      [Free CSet: 0.2 ms]
   [Eden: 21.0M(21.0M)->0.0B(22.0M) Survivors: 4096.0K->3072.0K Heap: 196.9M(512.0M)->171.1M(512.0M)]
 [Times: user=0.05 sys=0.00, real=0.08 secs] 
2019-04-03T00:02:28.364+0900: 23424.682: [GC pause (G1 Evacuation Pause) (mixed), 0.0490562 secs]
   [Parallel Time: 48.1 ms, GC Workers: 1]
      [GC Worker Start (ms):  23424682.5]
      [Ext Root Scanning (ms):  2.8]
      [Update RS (ms):  5.1]
         [Processed Buffers:  38]
      [Scan RS (ms):  8.5]
      [Code Root Scanning (ms):  0.0]
      [Object Copy (ms):  31.6]
      [Termination (ms):  0.0]
         [Termination Attempts:  1]
      [GC Worker Other (ms):  0.0]
      [GC Worker Total (ms):  48.0]
      [GC Worker End (ms):  23424730.5]
   [Code Root Fixup: 0.0 ms]
   [Code Root Purge: 0.0 ms]
   [Clear CT: 0.2 ms]
   [Other: 0.7 ms]
      [Choose CSet: 0.0 ms]
      [Ref Proc: 0.2 ms]
      [Ref Enq: 0.0 ms]
      [Redirty Cards: 0.1 ms]
      [Humongous Register: 0.0 ms]
      [Humongous Reclaim: 0.0 ms]
      [Free CSet: 0.1 ms]
   [Eden: 22.0M(22.0M)->0.0B(21.0M) Survivors: 3072.0K->4096.0K Heap: 193.1M(512.0M)->170.0M(512.0M)]
 [Times: user=0.05 sys=0.00, real=0.05 secs] 
2019-04-03T00:04:17.973+0900: 23534.292: [GC pause (G1 Evacuation Pause) (young), 0.0401656 secs]
   [Parallel Time: 39.4 ms, GC Workers: 1]
      [GC Worker Start (ms):  23534291.8]
      [Ext Root Scanning (ms):  2.5]
      [Update RS (ms):  3.9]
         [Processed Buffers:  36]
      [Scan RS (ms):  7.2]
      [Code Root Scanning (ms):  0.0]
      [Object Copy (ms):  25.6]
      [Termination (ms):  0.0]
         [Termination Attempts:  1]
      [GC Worker Other (ms):  0.0]
      [GC Worker Total (ms):  39.3]
      [GC Worker End (ms):  23534331.1]
   [Code Root Fixup: 0.0 ms]
   [Code Root Purge: 0.0 ms]
   [Clear CT: 0.1 ms]
   [Other: 0.7 ms]
      [Choose CSet: 0.0 ms]
      [Ref Proc: 0.2 ms]
      [Ref Enq: 0.0 ms]
      [Redirty Cards: 0.1 ms]
      [Humongous Register: 0.0 ms]
      [Humongous Reclaim: 0.0 ms]
      [Free CSet: 0.0 ms]
   [Eden: 21.0M(21.0M)->0.0B(22.0M) Survivors: 4096.0K->3072.0K Heap: 191.0M(512.0M)->169.9M(512.0M)]
 [Times: user=0.04 sys=0.00, real=0.04 secs] 
2019-04-03T00:06:12.102+0900: 23648.421: [GC pause (G1 Evacuation Pause) (young), 0.0432598 secs]
   [Parallel Time: 42.4 ms, GC Workers: 1]
      [GC Worker Start (ms):  23648421.1]
      [Ext Root Scanning (ms):  2.4]
      [Update RS (ms):  5.1]
         [Processed Buffers:  38]
      [Scan RS (ms):  7.0]
      [Code Root Scanning (ms):  0.0]
      [Object Copy (ms):  27.8]
      [Termination (ms):  0.0]
         [Termination Attempts:  1]
      [GC Worker Other (ms):  0.0]
      [GC Worker Total (ms):  42.4]
      [GC Worker End (ms):  23648463.5]
   [Code Root Fixup: 0.0 ms]
   [Code Root Purge: 0.0 ms]
   [Clear CT: 0.1 ms]
   [Other: 0.8 ms]
      [Choose CSet: 0.0 ms]
      [Ref Proc: 0.1 ms]
      [Ref Enq: 0.0 ms]
      [Redirty Cards: 0.1 ms]
      [Humongous Register: 0.0 ms]
      [Humongous Reclaim: 0.0 ms]
      [Free CSet: 0.0 ms]
   [Eden: 22.0M(22.0M)->0.0B(21.0M) Survivors: 3072.0K->4096.0K Heap: 191.9M(512.0M)->170.9M(512.0M)]
 [Times: user=0.04 sys=0.00, real=0.05 secs] 
2019-04-03T00:08:03.000+0900: 23759.318: [GC pause (G1 Evacuation Pause) (young), 0.0578121 secs]
   [Parallel Time: 57.1 ms, GC Workers: 1]
      [GC Worker Start (ms):  23759318.6]
      [Ext Root Scanning (ms):  2.5]
      [Update RS (ms):  7.1]
         [Processed Buffers:  37]
      [Scan RS (ms):  10.6]
      [Code Root Scanning (ms):  0.0]
      [Object Copy (ms):  36.8]
      [Termination (ms):  0.0]
         [Termination Attempts:  1]
      [GC Worker Other (ms):  0.0]
      [GC Worker Total (ms):  56.9]
      [GC Worker End (ms):  23759375.5]
   [Code Root Fixup: 0.0 ms]
   [Code Root Purge: 0.0 ms]
   [Clear CT: 0.1 ms]
   [Other: 0.7 ms]
      [Choose CSet: 0.0 ms]
      [Ref Proc: 0.1 ms]
      [Ref Enq: 0.0 ms]
      [Redirty Cards: 0.2 ms]
      [Humongous Register: 0.0 ms]
      [Humongous Reclaim: 0.0 ms]
      [Free CSet: 0.0 ms]
   [Eden: 21.0M(21.0M)->0.0B(21.0M) Survivors: 4096.0K->4096.0K Heap: 191.9M(512.0M)->172.0M(512.0M)]
 [Times: user=0.05 sys=0.00, real=0.06 secs] 
2019-04-03T00:09:52.160+0900: 23868.478: [GC pause (G1 Evacuation Pause) (young), 0.0502829 secs]
   [Parallel Time: 49.6 ms, GC Workers: 1]
      [GC Worker Start (ms):  23868478.3]
      [Ext Root Scanning (ms):  2.5]
      [Update RS (ms):  4.8]
         [Processed Buffers:  36]
      [Scan RS (ms):  6.8]
      [Code Root Scanning (ms):  0.0]
      [Object Copy (ms):  35.3]
      [Termination (ms):  0.0]
         [Termination Attempts:  1]
      [GC Worker Other (ms):  0.0]
      [GC Worker Total (ms):  49.5]
      [GC Worker End (ms):  23868527.8]
   [Code Root Fixup: 0.0 ms]
   [Code Root Purge: 0.0 ms]
   [Clear CT: 0.1 ms]
   [Other: 0.7 ms]
      [Choose CSet: 0.0 ms]
      [Ref Proc: 0.1 ms]
      [Ref Enq: 0.0 ms]
      [Redirty Cards: 0.2 ms]
      [Humongous Register: 0.0 ms]
      [Humongous Reclaim: 0.0 ms]
      [Free CSet: 0.0 ms]
   [Eden: 21.0M(21.0M)->0.0B(21.0M) Survivors: 4096.0K->4096.0K Heap: 193.0M(512.0M)->173.0M(512.0M)]
 [Times: user=0.05 sys=0.00, real=0.05 secs] 
2019-04-03T00:11:42.720+0900: 23979.039: [GC pause (G1 Evacuation Pause) (young), 0.0412971 secs]
   [Parallel Time: 40.4 ms, GC Workers: 1]
      [GC Worker Start (ms):  23979039.0]
      [Ext Root Scanning (ms):  3.1]
      [Update RS (ms):  5.6]
         [Processed Buffers:  36]
      [Scan RS (ms):  5.9]
      [Code Root Scanning (ms):  0.0]
      [Object Copy (ms):  25.7]
      [Termination (ms):  0.0]
         [Termination Attempts:  1]
      [GC Worker Other (ms):  0.0]
      [GC Worker Total (ms):  40.3]
      [GC Worker End (ms):  23979079.3]
   [Code Root Fixup: 0.0 ms]
   [Code Root Purge: 0.0 ms]
   [Clear CT: 0.1 ms]
   [Other: 0.8 ms]
      [Choose CSet: 0.0 ms]
      [Ref Proc: 0.1 ms]
      [Ref Enq: 0.0 ms]
      [Redirty Cards: 0.1 ms]
      [Humongous Register: 0.2 ms]
      [Humongous Reclaim: 0.0 ms]
      [Free CSet: 0.2 ms]
   [Eden: 21.0M(21.0M)->0.0B(22.0M) Survivors: 4096.0K->3072.0K Heap: 194.0M(512.0M)->172.5M(512.0M)]
 [Times: user=0.04 sys=0.00, real=0.04 secs] 
2019-04-03T00:13:35.542+0900: 24091.860: [GC pause (G1 Evacuation Pause) (young), 0.0400369 secs]
   [Parallel Time: 39.3 ms, GC Workers: 1]
      [GC Worker Start (ms):  24091860.4]
      [Ext Root Scanning (ms):  2.5]
      [Update RS (ms):  5.7]
         [Processed Buffers:  39]
      [Scan RS (ms):  7.1]
      [Code Root Scanning (ms):  0.0]
      [Object Copy (ms):  24.0]
      [Termination (ms):  0.0]
         [Termination Attempts:  1]
      [GC Worker Other (ms):  0.0]
      [GC Worker Total (ms):  39.3]
      [GC Worker End (ms):  24091899.7]
   [Code Root Fixup: 0.0 ms]
   [Code Root Purge: 0.0 ms]
   [Clear CT: 0.1 ms]
   [Other: 0.6 ms]
      [Choose CSet: 0.0 ms]
      [Ref Proc: 0.2 ms]
      [Ref Enq: 0.0 ms]
      [Redirty Cards: 0.1 ms]
      [Humongous Register: 0.0 ms]
      [Humongous Reclaim: 0.0 ms]
      [Free CSet: 0.0 ms]
   [Eden: 22.0M(22.0M)->0.0B(21.0M) Survivors: 3072.0K->4096.0K Heap: 194.5M(512.0M)->173.5M(512.0M)]
 [Times: user=0.04 sys=0.00, real=0.04 secs] 
2019-04-03T00:15:27.894+0900: 24204.212: [GC pause (G1 Evacuation Pause) (young), 0.0474642 secs]
   [Parallel Time: 46.8 ms, GC Workers: 1]
      [GC Worker Start (ms):  24204212.7]
      [Ext Root Scanning (ms):  2.5]
      [Update RS (ms):  4.7]
         [Processed Buffers:  37]
      [Scan RS (ms):  6.7]
      [Code Root Scanning (ms):  0.0]
      [Object Copy (ms):  32.9]
      [Termination (ms):  0.0]
         [Termination Attempts:  1]
      [GC Worker Other (ms):  0.0]
      [GC Worker Total (ms):  46.8]
      [GC Worker End (ms):  24204259.5]
   [Code Root Fixup: 0.0 ms]
   [Code Root Purge: 0.0 ms]
   [Clear CT: 0.1 ms]
   [Other: 0.6 ms]
      [Choose CSet: 0.0 ms]
      [Ref Proc: 0.1 ms]
      [Ref Enq: 0.0 ms]
      [Redirty Cards: 0.1 ms]
      [Humongous Register: 0.0 ms]
      [Humongous Reclaim: 0.0 ms]
      [Free CSet: 0.0 ms]
   [Eden: 21.0M(21.0M)->0.0B(21.0M) Survivors: 4096.0K->4096.0K Heap: 194.5M(512.0M)->174.5M(512.0M)]
 [Times: user=0.04 sys=0.00, real=0.05 secs] 
2019-04-03T00:17:16.281+0900: 24312.599: [GC pause (G1 Evacuation Pause) (young), 0.0509314 secs]
   [Parallel Time: 50.3 ms, GC Workers: 1]
      [GC Worker Start (ms):  24312599.7]
      [Ext Root Scanning (ms):  2.6]
      [Update RS (ms):  4.7]
         [Processed Buffers:  36]
      [Scan RS (ms):  8.6]
      [Code Root Scanning (ms):  0.0]
      [Object Copy (ms):  34.3]
      [Termination (ms):  0.0]
         [Termination Attempts:  1]
      [GC Worker Other (ms):  0.0]
      [GC Worker Total (ms):  50.2]
      [GC Worker End (ms):  24312649.9]
   [Code Root Fixup: 0.0 ms]
   [Code Root Purge: 0.0 ms]
   [Clear CT: 0.0 ms]
   [Other: 0.6 ms]
      [Choose CSet: 0.0 ms]
      [Ref Proc: 0.1 ms]
      [Ref Enq: 0.0 ms]
      [Redirty Cards: 0.1 ms]
      [Humongous Register: 0.0 ms]
      [Humongous Reclaim: 0.0 ms]
      [Free CSet: 0.0 ms]
   [Eden: 21.0M(21.0M)->0.0B(21.0M) Survivors: 4096.0K->4096.0K Heap: 195.5M(512.0M)->175.5M(512.0M)]
 [Times: user=0.05 sys=0.00, real=0.05 secs] 
2019-04-03T00:19:05.186+0900: 24421.505: [GC pause (G1 Evacuation Pause) (young), 0.0657027 secs]
   [Parallel Time: 64.9 ms, GC Workers: 1]
      [GC Worker Start (ms):  24421505.2]
      [Ext Root Scanning (ms):  5.0]
      [Update RS (ms):  5.3]
         [Processed Buffers:  35]
      [Scan RS (ms):  9.4]
      [Code Root Scanning (ms):  0.0]
      [Object Copy (ms):  44.6]
      [Termination (ms):  0.0]
         [Termination Attempts:  1]
      [GC Worker Other (ms):  0.6]
      [GC Worker Total (ms):  64.8]
      [GC Worker End (ms):  24421570.0]
   [Code Root Fixup: 0.0 ms]
   [Code Root Purge: 0.0 ms]
   [Clear CT: 0.0 ms]
   [Other: 0.8 ms]
      [Choose CSet: 0.0 ms]
      [Ref Proc: 0.1 ms]
      [Ref Enq: 0.0 ms]
      [Redirty Cards: 0.1 ms]
      [Humongous Register: 0.1 ms]
      [Humongous Reclaim: 0.0 ms]
      [Free CSet: 0.1 ms]
   [Eden: 21.0M(21.0M)->0.0B(21.0M) Survivors: 4096.0K->4096.0K Heap: 196.5M(512.0M)->176.9M(512.0M)]
 [Times: user=0.06 sys=0.00, real=0.06 secs] 
2019-04-03T00:20:56.887+0900: 24533.206: [GC pause (G1 Evacuation Pause) (young), 0.0418155 secs]
   [Parallel Time: 41.1 ms, GC Workers: 1]
      [GC Worker Start (ms):  24533206.0]
      [Ext Root Scanning (ms):  2.8]
      [Update RS (ms):  5.0]
         [Processed Buffers:  36]
      [Scan RS (ms):  9.4]
      [Code Root Scanning (ms):  0.0]
      [Object Copy (ms):  23.7]
      [Termination (ms):  0.0]
         [Termination Attempts:  1]
      [GC Worker Other (ms):  0.0]
      [GC Worker Total (ms):  41.0]
      [GC Worker End (ms):  24533246.9]
   [Code Root Fixup: 0.0 ms]
   [Code Root Purge: 0.0 ms]
   [Clear CT: 0.1 ms]
   [Other: 0.7 ms]
      [Choose CSet: 0.0 ms]
      [Ref Proc: 0.2 ms]
      [Ref Enq: 0.0 ms]
      [Redirty Cards: 0.1 ms]
      [Humongous Register: 0.0 ms]
      [Humongous Reclaim: 0.0 ms]
      [Free CSet: 0.0 ms]
   [Eden: 21.0M(21.0M)->0.0B(22.0M) Survivors: 4096.0K->3072.0K Heap: 197.9M(512.0M)->176.4M(512.0M)]
 [Times: user=0.05 sys=0.00, real=0.04 secs] 
2019-04-03T00:22:51.991+0900: 24648.310: [GC pause (G1 Evacuation Pause) (young), 0.0485447 secs]
   [Parallel Time: 47.6 ms, GC Workers: 1]
      [GC Worker Start (ms):  24648310.0]
      [Ext Root Scanning (ms):  2.6]
      [Update RS (ms):  7.0]
         [Processed Buffers:  40]
      [Scan RS (ms):  9.6]
      [Code Root Scanning (ms):  0.0]
      [Object Copy (ms):  28.4]
      [Termination (ms):  0.0]
         [Termination Attempts:  1]
      [GC Worker Other (ms):  0.0]
      [GC Worker Total (ms):  47.6]
      [GC Worker End (ms):  24648357.6]
   [Code Root Fixup: 0.0 ms]
   [Code Root Purge: 0.1 ms]
   [Clear CT: 0.1 ms]
   [Other: 0.7 ms]
      [Choose CSet: 0.0 ms]
      [Ref Proc: 0.2 ms]
      [Ref Enq: 0.0 ms]
      [Redirty Cards: 0.1 ms]
      [Humongous Register: 0.0 ms]
      [Humongous Reclaim: 0.0 ms]
      [Free CSet: 0.2 ms]
   [Eden: 22.0M(22.0M)->0.0B(21.0M) Survivors: 3072.0K->4096.0K Heap: 198.4M(512.0M)->177.4M(512.0M)]
 [Times: user=0.05 sys=0.00, real=0.05 secs] 
2019-04-03T00:24:42.524+0900: 24758.843: [GC pause (G1 Evacuation Pause) (young), 0.0549105 secs]
   [Parallel Time: 54.0 ms, GC Workers: 1]
      [GC Worker Start (ms):  24758843.1]
      [Ext Root Scanning (ms):  3.1]
      [Update RS (ms):  6.4]
         [Processed Buffers:  36]
      [Scan RS (ms):  6.8]
      [Code Root Scanning (ms):  0.0]
      [Object Copy (ms):  37.6]
      [Termination (ms):  0.0]
         [Termination Attempts:  1]
      [GC Worker Other (ms):  0.1]
      [GC Worker Total (ms):  54.0]
      [GC Worker End (ms):  24758897.1]
   [Code Root Fixup: 0.2 ms]
   [Code Root Purge: 0.0 ms]
   [Clear CT: 0.1 ms]
   [Other: 0.6 ms]
      [Choose CSet: 0.0 ms]
      [Ref Proc: 0.2 ms]
      [Ref Enq: 0.0 ms]
      [Redirty Cards: 0.1 ms]
      [Humongous Register: 0.0 ms]
      [Humongous Reclaim: 0.0 ms]
      [Free CSet: 0.0 ms]
   [Eden: 21.0M(21.0M)->0.0B(21.0M) Survivors: 4096.0K->4096.0K Heap: 198.4M(512.0M)->178.5M(512.0M)]
 [Times: user=0.05 sys=0.00, real=0.06 secs] 
2019-04-03T00:26:34.102+0900: 24870.420: [GC pause (G1 Evacuation Pause) (young), 0.0519726 secs]
   [Parallel Time: 51.3 ms, GC Workers: 1]
      [GC Worker Start (ms):  24870420.5]
      [Ext Root Scanning (ms):  2.5]
      [Update RS (ms):  5.2]
         [Processed Buffers:  36]
      [Scan RS (ms):  8.0]
      [Code Root Scanning (ms):  0.0]
      [Object Copy (ms):  35.3]
      [Termination (ms):  0.0]
         [Termination Attempts:  1]
      [GC Worker Other (ms):  0.0]
      [GC Worker Total (ms):  51.1]
      [GC Worker End (ms):  24870471.6]
   [Code Root Fixup: 0.0 ms]
   [Code Root Purge: 0.0 ms]
   [Clear CT: 0.1 ms]
   [Other: 0.6 ms]
      [Choose CSet: 0.0 ms]
      [Ref Proc: 0.1 ms]
      [Ref Enq: 0.0 ms]
      [Redirty Cards: 0.1 ms]
      [Humongous Register: 0.0 ms]
      [Humongous Reclaim: 0.0 ms]
      [Free CSet: 0.0 ms]
   [Eden: 21.0M(21.0M)->0.0B(21.0M) Survivors: 4096.0K->4096.0K Heap: 199.5M(512.0M)->179.5M(512.0M)]
 [Times: user=0.06 sys=0.00, real=0.05 secs] 
2019-04-03T00:28:22.672+0900: 24978.990: [GC pause (G1 Evacuation Pause) (young), 0.0386181 secs]
   [Parallel Time: 37.9 ms, GC Workers: 1]
      [GC Worker Start (ms):  24978990.4]
      [Ext Root Scanning (ms):  2.7]
      [Update RS (ms):  5.2]
         [Processed Buffers:  39]
      [Scan RS (ms):  8.7]
      [Code Root Scanning (ms):  0.0]
      [Object Copy (ms):  21.3]
      [Termination (ms):  0.0]
         [Termination Attempts:  1]
      [GC Worker Other (ms):  0.0]
      [GC Worker Total (ms):  37.8]
      [GC Worker End (ms):  24979028.2]
   [Code Root Fixup: 0.0 ms]
   [Code Root Purge: 0.0 ms]
   [Clear CT: 0.1 ms]
   [Other: 0.7 ms]
      [Choose CSet: 0.0 ms]
      [Ref Proc: 0.1 ms]
      [Ref Enq: 0.0 ms]
      [Redirty Cards: 0.1 ms]
      [Humongous Register: 0.0 ms]
      [Humongous Reclaim: 0.0 ms]
      [Free CSet: 0.1 ms]
   [Eden: 21.0M(21.0M)->0.0B(22.0M) Survivors: 4096.0K->3072.0K Heap: 200.5M(512.0M)->179.0M(512.0M)]
 [Times: user=0.04 sys=0.00, real=0.04 secs] 
2019-04-03T00:30:17.213+0900: 25093.532: [GC pause (G1 Evacuation Pause) (young), 0.0411984 secs]
   [Parallel Time: 40.6 ms, GC Workers: 1]
      [GC Worker Start (ms):  25093532.0]
      [Ext Root Scanning (ms):  2.6]
      [Update RS (ms):  5.9]
         [Processed Buffers:  37]
      [Scan RS (ms):  7.0]
      [Code Root Scanning (ms):  0.0]
      [Object Copy (ms):  25.0]
      [Termination (ms):  0.0]
         [Termination Attempts:  1]
      [GC Worker Other (ms):  0.0]
      [GC Worker Total (ms):  40.5]
      [GC Worker End (ms):  25093572.5]
   [Code Root Fixup: 0.0 ms]
   [Code Root Purge: 0.0 ms]
   [Clear CT: 0.1 ms]
   [Other: 0.6 ms]
      [Choose CSet: 0.0 ms]
      [Ref Proc: 0.1 ms]
      [Ref Enq: 0.0 ms]
      [Redirty Cards: 0.1 ms]
      [Humongous Register: 0.0 ms]
      [Humongous Reclaim: 0.0 ms]
      [Free CSet: 0.0 ms]
   [Eden: 22.0M(22.0M)->0.0B(21.0M) Survivors: 3072.0K->4096.0K Heap: 201.0M(512.0M)->180.0M(512.0M)]
 [Times: user=0.04 sys=0.00, real=0.04 secs] 
2019-04-03T00:32:06.531+0900: 25202.850: [GC pause (G1 Evacuation Pause) (young), 0.0530743 secs]
   [Parallel Time: 52.3 ms, GC Workers: 1]
      [GC Worker Start (ms):  25202850.0]
      [Ext Root Scanning (ms):  3.2]
      [Update RS (ms):  6.2]
         [Processed Buffers:  36]
      [Scan RS (ms):  7.4]
      [Code Root Scanning (ms):  0.0]
      [Object Copy (ms):  35.5]
      [Termination (ms):  0.0]
         [Termination Attempts:  1]
      [GC Worker Other (ms):  0.0]
      [GC Worker Total (ms):  52.2]
      [GC Worker End (ms):  25202902.2]
   [Code Root Fixup: 0.0 ms]
   [Code Root Purge: 0.0 ms]
   [Clear CT: 0.1 ms]
   [Other: 0.7 ms]
      [Choose CSet: 0.0 ms]
      [Ref Proc: 0.3 ms]
      [Ref Enq: 0.0 ms]
      [Redirty Cards: 0.1 ms]
      [Humongous Register: 0.0 ms]
      [Humongous Reclaim: 0.0 ms]
      [Free CSet: 0.0 ms]
   [Eden: 21.0M(21.0M)->0.0B(21.0M) Survivors: 4096.0K->4096.0K Heap: 201.0M(512.0M)->181.1M(512.0M)]
 [Times: user=0.05 sys=0.00, real=0.05 secs] 
2019-04-03T00:33:35.156+0900: 25291.474: [GC pause (G1 Evacuation Pause) (young), 0.1059522 secs]
   [Parallel Time: 105.2 ms, GC Workers: 1]
      [GC Worker Start (ms):  25291474.6]
      [Ext Root Scanning (ms):  3.4]
      [Update RS (ms):  6.7]
         [Processed Buffers:  46]
      [Scan RS (ms):  20.2]
      [Code Root Scanning (ms):  0.0]
      [Object Copy (ms):  74.4]
      [Termination (ms):  0.0]
         [Termination Attempts:  1]
      [GC Worker Other (ms):  0.0]
      [GC Worker Total (ms):  104.7]
      [GC Worker End (ms):  25291579.3]
   [Code Root Fixup: 0.0 ms]
   [Code Root Purge: 0.0 ms]
   [Clear CT: 0.1 ms]
   [Other: 0.7 ms]
      [Choose CSet: 0.0 ms]
      [Ref Proc: 0.1 ms]
      [Ref Enq: 0.0 ms]
      [Redirty Cards: 0.1 ms]
      [Humongous Register: 0.0 ms]
      [Humongous Reclaim: 0.0 ms]
      [Free CSet: 0.1 ms]
   [Eden: 21.0M(21.0M)->0.0B(21.0M) Survivors: 4096.0K->4096.0K Heap: 202.1M(512.0M)->185.0M(512.0M)]
 [Times: user=0.10 sys=0.00, real=0.10 secs] 
2019-04-03T00:35:25.997+0900: 25402.316: [GC pause (G1 Evacuation Pause) (young) (initial-mark), 0.1300429 secs]
   [Parallel Time: 122.6 ms, GC Workers: 1]
      [GC Worker Start (ms):  25402316.0]
      [Ext Root Scanning (ms):  3.3]
      [Update RS (ms):  36.6]
         [Processed Buffers:  73]
      [Scan RS (ms):  1.2]
      [Code Root Scanning (ms):  0.0]
      [Object Copy (ms):  81.2]
      [Termination (ms):  0.0]
         [Termination Attempts:  1]
      [GC Worker Other (ms):  0.0]
      [GC Worker Total (ms):  122.4]
      [GC Worker End (ms):  25402438.5]
   [Code Root Fixup: 0.0 ms]
   [Code Root Purge: 0.0 ms]
   [Clear CT: 0.1 ms]
   [Other: 7.4 ms]
      [Choose CSet: 0.0 ms]
      [Ref Proc: 6.8 ms]
      [Ref Enq: 0.0 ms]
      [Redirty Cards: 0.1 ms]
      [Humongous Register: 0.0 ms]
      [Humongous Reclaim: 0.0 ms]
      [Free CSet: 0.0 ms]
   [Eden: 21.0M(21.0M)->0.0B(23.0M) Survivors: 4096.0K->2048.0K Heap: 206.0M(512.0M)->187.0M(512.0M)]
 [Times: user=0.09 sys=0.00, real=0.13 secs] 
2019-04-03T00:35:26.128+0900: 25402.446: [GC concurrent-root-region-scan-start]
2019-04-03T00:35:26.149+0900: 25402.467: [GC concurrent-root-region-scan-end, 0.0212719 secs]
2019-04-03T00:35:26.149+0900: 25402.467: [GC concurrent-mark-start]
2019-04-03T00:35:26.269+0900: 25402.588: [GC concurrent-mark-end, 0.1204603 secs]
2019-04-03T00:35:26.270+0900: 25402.588: [GC remark 2019-04-03T00:35:26.270+0900: 25402.588: [Finalize Marking, 0.0005463 secs] 2019-04-03T00:35:26.270+0900: 25402.589: [GC ref-proc, 0.0019187 secs] 2019-04-03T00:35:26.272+0900: 25402.591: [Unloading, 0.0371787 secs], 0.0428755 secs]
 [Times: user=0.04 sys=0.00, real=0.04 secs] 
2019-04-03T00:35:26.313+0900: 25402.632: [GC cleanup 187M->185M(512M), 0.0329672 secs]
 [Times: user=0.01 sys=0.00, real=0.04 secs] 
2019-04-03T00:35:26.346+0900: 25402.665: [GC concurrent-cleanup-start]
2019-04-03T00:35:26.346+0900: 25402.665: [GC concurrent-cleanup-end, 0.0000458 secs]
2019-04-03T00:37:26.866+0900: 25523.185: [GC pause (G1 Evacuation Pause) (young), 0.0276948 secs]
   [Parallel Time: 27.0 ms, GC Workers: 1]
      [GC Worker Start (ms):  25523185.3]
      [Ext Root Scanning (ms):  2.7]
      [Update RS (ms):  4.5]
         [Processed Buffers:  37]
      [Scan RS (ms):  5.7]
      [Code Root Scanning (ms):  0.0]
      [Object Copy (ms):  14.1]
      [Termination (ms):  0.0]
         [Termination Attempts:  1]
      [GC Worker Other (ms):  0.0]
      [GC Worker Total (ms):  27.0]
      [GC Worker End (ms):  25523212.2]
   [Code Root Fixup: 0.0 ms]
   [Code Root Purge: 0.0 ms]
   [Clear CT: 0.1 ms]
   [Other: 0.6 ms]
      [Choose CSet: 0.0 ms]
      [Ref Proc: 0.1 ms]
      [Ref Enq: 0.0 ms]
      [Redirty Cards: 0.0 ms]
      [Humongous Register: 0.0 ms]
      [Humongous Reclaim: 0.0 ms]
      [Free CSet: 0.0 ms]
   [Eden: 23.0M(23.0M)->0.0B(23.0M) Survivors: 2048.0K->2048.0K Heap: 208.0M(512.0M)->185.5M(512.0M)]
 [Times: user=0.02 sys=0.00, real=0.02 secs] 
2019-04-03T00:39:28.215+0900: 25644.533: [GC pause (G1 Evacuation Pause) (mixed), 0.0386371 secs]
   [Parallel Time: 37.8 ms, GC Workers: 1]
      [GC Worker Start (ms):  25644533.5]
      [Ext Root Scanning (ms):  2.8]
      [Update RS (ms):  2.3]
         [Processed Buffers:  37]
      [Scan RS (ms):  6.3]
      [Code Root Scanning (ms):  0.0]
      [Object Copy (ms):  26.4]
      [Termination (ms):  0.0]
         [Termination Attempts:  1]
      [GC Worker Other (ms):  0.0]
      [GC Worker Total (ms):  37.8]
      [GC Worker End (ms):  25644571.3]
   [Code Root Fixup: 0.0 ms]
   [Code Root Purge: 0.0 ms]
   [Clear CT: 0.1 ms]
   [Other: 0.7 ms]
      [Choose CSet: 0.0 ms]
      [Ref Proc: 0.2 ms]
      [Ref Enq: 0.0 ms]
      [Redirty Cards: 0.1 ms]
      [Humongous Register: 0.0 ms]
      [Humongous Reclaim: 0.0 ms]
      [Free CSet: 0.1 ms]
   [Eden: 23.0M(23.0M)->0.0B(22.0M) Survivors: 2048.0K->3072.0K Heap: 208.5M(512.0M)->180.5M(512.0M)]
 [Times: user=0.04 sys=0.00, real=0.04 secs] 
2019-04-03T00:41:22.021+0900: 25758.339: [GC pause (G1 Evacuation Pause) (mixed), 0.0452655 secs]
   [Parallel Time: 44.6 ms, GC Workers: 1]
      [GC Worker Start (ms):  25758339.6]
      [Ext Root Scanning (ms):  2.6]
      [Update RS (ms):  2.3]
         [Processed Buffers:  37]
      [Scan RS (ms):  8.4]
      [Code Root Scanning (ms):  0.1]
      [Object Copy (ms):  30.9]
      [Termination (ms):  0.0]
         [Termination Attempts:  1]
      [GC Worker Other (ms):  0.0]
      [GC Worker Total (ms):  44.3]
      [GC Worker End (ms):  25758383.9]
   [Code Root Fixup: 0.0 ms]
   [Code Root Purge: 0.0 ms]
   [Clear CT: 0.1 ms]
   [Other: 0.6 ms]
      [Choose CSet: 0.0 ms]
      [Ref Proc: 0.1 ms]
      [Ref Enq: 0.0 ms]
      [Redirty Cards: 0.1 ms]
      [Humongous Register: 0.0 ms]
      [Humongous Reclaim: 0.0 ms]
      [Free CSet: 0.1 ms]
   [Eden: 22.0M(22.0M)->0.0B(21.0M) Survivors: 3072.0K->4096.0K Heap: 202.5M(512.0M)->174.7M(512.0M)]
 [Times: user=0.04 sys=0.00, real=0.05 secs] 
2019-04-03T00:43:09.892+0900: 25866.211: [GC pause (G1 Evacuation Pause) (mixed), 0.0633554 secs]
   [Parallel Time: 62.5 ms, GC Workers: 1]
      [GC Worker Start (ms):  25866211.0]
      [Ext Root Scanning (ms):  2.9]
      [Update RS (ms):  4.9]
         [Processed Buffers:  38]
      [Scan RS (ms):  18.0]
      [Code Root Scanning (ms):  0.0]
      [Object Copy (ms):  36.7]
      [Termination (ms):  0.0]
         [Termination Attempts:  1]
      [GC Worker Other (ms):  0.0]
      [GC Worker Total (ms):  62.4]
      [GC Worker End (ms):  25866273.4]
   [Code Root Fixup: 0.0 ms]
   [Code Root Purge: 0.0 ms]
   [Clear CT: 0.1 ms]
   [Other: 0.7 ms]
      [Choose CSet: 0.0 ms]
      [Ref Proc: 0.3 ms]
      [Ref Enq: 0.0 ms]
      [Redirty Cards: 0.1 ms]
      [Humongous Register: 0.0 ms]
      [Humongous Reclaim: 0.0 ms]
      [Free CSet: 0.1 ms]
   [Eden: 21.0M(21.0M)->0.0B(22.0M) Survivors: 4096.0K->3072.0K Heap: 195.7M(512.0M)->171.3M(512.0M)]
 [Times: user=0.05 sys=0.00, real=0.07 secs] 
2019-04-03T00:45:05.174+0900: 25981.492: [GC pause (G1 Evacuation Pause) (young), 0.0336188 secs]
   [Parallel Time: 32.5 ms, GC Workers: 1]
      [GC Worker Start (ms):  25981492.5]
      [Ext Root Scanning (ms):  2.6]
      [Update RS (ms):  4.6]
         [Processed Buffers:  37]
      [Scan RS (ms):  7.3]
      [Code Root Scanning (ms):  0.0]
      [Object Copy (ms):  17.4]
      [Termination (ms):  0.0]
         [Termination Attempts:  1]
      [GC Worker Other (ms):  0.0]
      [GC Worker Total (ms):  31.9]
      [GC Worker End (ms):  25981524.5]
   [Code Root Fixup: 0.0 ms]
   [Code Root Purge: 0.0 ms]
   [Clear CT: 0.4 ms]
   [Other: 0.7 ms]
      [Choose CSet: 0.0 ms]
      [Ref Proc: 0.2 ms]
      [Ref Enq: 0.0 ms]
      [Redirty Cards: 0.1 ms]
      [Humongous Register: 0.0 ms]
      [Humongous Reclaim: 0.0 ms]
      [Free CSet: 0.0 ms]
   [Eden: 22.0M(22.0M)->0.0B(22.0M) Survivors: 3072.0K->3072.0K Heap: 193.3M(512.0M)->171.3M(512.0M)]
 [Times: user=0.03 sys=0.00, real=0.04 secs] 
2019-04-03T00:47:01.873+0900: 26098.192: [GC pause (G1 Evacuation Pause) (young), 0.0420784 secs]
   [Parallel Time: 41.3 ms, GC Workers: 1]
      [GC Worker Start (ms):  26098192.0]
      [Ext Root Scanning (ms):  2.7]
      [Update RS (ms):  5.9]
         [Processed Buffers:  38]
      [Scan RS (ms):  6.9]
      [Code Root Scanning (ms):  0.0]
      [Object Copy (ms):  25.7]
      [Termination (ms):  0.0]
         [Termination Attempts:  1]
      [GC Worker Other (ms):  0.0]
      [GC Worker Total (ms):  41.2]
      [GC Worker End (ms):  26098233.2]
   [Code Root Fixup: 0.0 ms]
   [Code Root Purge: 0.0 ms]
   [Clear CT: 0.1 ms]
   [Other: 0.7 ms]
      [Choose CSet: 0.0 ms]
      [Ref Proc: 0.2 ms]
      [Ref Enq: 0.0 ms]
      [Redirty Cards: 0.1 ms]
      [Humongous Register: 0.0 ms]
      [Humongous Reclaim: 0.0 ms]
      [Free CSet: 0.0 ms]
   [Eden: 22.0M(22.0M)->0.0B(21.0M) Survivors: 3072.0K->4096.0K Heap: 193.3M(512.0M)->172.3M(512.0M)]
 [Times: user=0.04 sys=0.00, real=0.05 secs] 
2019-04-03T00:48:50.058+0900: 26206.376: [GC pause (G1 Evacuation Pause) (young), 0.0503555 secs]
   [Parallel Time: 49.5 ms, GC Workers: 1]
      [GC Worker Start (ms):  26206376.5]
      [Ext Root Scanning (ms):  2.5]
      [Update RS (ms):  4.7]
         [Processed Buffers:  37]
      [Scan RS (ms):  5.6]
      [Code Root Scanning (ms):  0.0]
      [Object Copy (ms):  36.6]
      [Termination (ms):  0.0]
         [Termination Attempts:  1]
      [GC Worker Other (ms):  0.0]
      [GC Worker Total (ms):  49.4]
      [GC Worker End (ms):  26206425.9]
   [Code Root Fixup: 0.0 ms]
   [Code Root Purge: 0.0 ms]
   [Clear CT: 0.1 ms]
   [Other: 0.7 ms]
      [Choose CSet: 0.0 ms]
      [Ref Proc: 0.2 ms]
      [Ref Enq: 0.0 ms]
      [Redirty Cards: 0.1 ms]
      [Humongous Register: 0.0 ms]
      [Humongous Reclaim: 0.0 ms]
      [Free CSet: 0.0 ms]
   [Eden: 21.0M(21.0M)->0.0B(21.0M) Survivors: 4096.0K->4096.0K Heap: 193.3M(512.0M)->173.3M(512.0M)]
 [Times: user=0.05 sys=0.00, real=0.05 secs] 
2019-04-03T00:50:41.111+0900: 26317.429: [GC pause (G1 Evacuation Pause) (young), 0.0472667 secs]
   [Parallel Time: 46.6 ms, GC Workers: 1]
      [GC Worker Start (ms):  26317429.6]
      [Ext Root Scanning (ms):  2.6]
      [Update RS (ms):  5.2]
         [Processed Buffers:  37]
      [Scan RS (ms):  6.9]
      [Code Root Scanning (ms):  0.0]
      [Object Copy (ms):  31.9]
      [Termination (ms):  0.0]
         [Termination Attempts:  1]
      [GC Worker Other (ms):  0.0]
      [GC Worker Total (ms):  46.6]
      [GC Worker End (ms):  26317476.2]
   [Code Root Fixup: 0.0 ms]
   [Code Root Purge: 0.0 ms]
   [Clear CT: 0.1 ms]
   [Other: 0.6 ms]
      [Choose CSet: 0.0 ms]
      [Ref Proc: 0.1 ms]
      [Ref Enq: 0.0 ms]
      [Redirty Cards: 0.1 ms]
      [Humongous Register: 0.0 ms]
      [Humongous Reclaim: 0.0 ms]
      [Free CSet: 0.0 ms]
   [Eden: 21.0M(21.0M)->0.0B(21.0M) Survivors: 4096.0K->4096.0K Heap: 194.3M(512.0M)->174.5M(512.0M)]
 [Times: user=0.04 sys=0.00, real=0.05 secs] 
2019-04-03T00:52:32.974+0900: 26429.292: [GC pause (G1 Evacuation Pause) (young), 0.0528578 secs]
   [Parallel Time: 52.1 ms, GC Workers: 1]
      [GC Worker Start (ms):  26429292.6]
      [Ext Root Scanning (ms):  2.5]
      [Update RS (ms):  5.9]
         [Processed Buffers:  39]
      [Scan RS (ms):  7.9]
      [Code Root Scanning (ms):  0.0]
      [Object Copy (ms):  35.8]
      [Termination (ms):  0.0]
         [Termination Attempts:  1]
      [GC Worker Other (ms):  0.0]
      [GC Worker Total (ms):  52.0]
      [GC Worker End (ms):  26429344.7]
   [Code Root Fixup: 0.0 ms]
   [Code Root Purge: 0.0 ms]
   [Clear CT: 0.1 ms]
   [Other: 0.7 ms]
      [Choose CSet: 0.0 ms]
      [Ref Proc: 0.2 ms]
      [Ref Enq: 0.0 ms]
      [Redirty Cards: 0.1 ms]
      [Humongous Register: 0.0 ms]
      [Humongous Reclaim: 0.0 ms]
      [Free CSet: 0.0 ms]
   [Eden: 21.0M(21.0M)->0.0B(21.0M) Survivors: 4096.0K->4096.0K Heap: 195.5M(512.0M)->175.9M(512.0M)]
 [Times: user=0.05 sys=0.00, real=0.06 secs] 
2019-04-03T00:54:22.490+0900: 26538.808: [GC pause (G1 Evacuation Pause) (young), 0.0442328 secs]
   [Parallel Time: 41.1 ms, GC Workers: 1]
      [GC Worker Start (ms):  26538810.9]
      [Ext Root Scanning (ms):  2.6]
      [Update RS (ms):  6.8]
         [Processed Buffers:  36]
      [Scan RS (ms):  7.1]
      [Code Root Scanning (ms):  0.0]
      [Object Copy (ms):  23.8]
      [Termination (ms):  0.0]
         [Termination Attempts:  1]
      [GC Worker Other (ms):  0.0]
      [GC Worker Total (ms):  40.3]
      [GC Worker End (ms):  26538851.2]
   [Code Root Fixup: 0.0 ms]
   [Code Root Purge: 0.0 ms]
   [Clear CT: 0.1 ms]
   [Other: 3.1 ms]
      [Choose CSet: 0.0 ms]
      [Ref Proc: 0.3 ms]
      [Ref Enq: 0.0 ms]
      [Redirty Cards: 0.1 ms]
      [Humongous Register: 2.2 ms]
      [Humongous Reclaim: 0.0 ms]
      [Free CSet: 0.0 ms]
   [Eden: 21.0M(21.0M)->0.0B(22.0M) Survivors: 4096.0K->3072.0K Heap: 196.9M(512.0M)->175.4M(512.0M)]
 [Times: user=0.04 sys=0.00, real=0.04 secs] 
2019-04-03T00:56:16.672+0900: 26652.991: [GC pause (G1 Evacuation Pause) (young), 0.0433920 secs]
   [Parallel Time: 42.7 ms, GC Workers: 1]
      [GC Worker Start (ms):  26652990.8]
      [Ext Root Scanning (ms):  2.6]
      [Update RS (ms):  4.9]
         [Processed Buffers:  37]
      [Scan RS (ms):  8.1]
      [Code Root Scanning (ms):  0.0]
      [Object Copy (ms):  27.0]
      [Termination (ms):  0.0]
         [Termination Attempts:  1]
      [GC Worker Other (ms):  0.0]
      [GC Worker Total (ms):  42.6]
      [GC Worker End (ms):  26653033.4]
   [Code Root Fixup: 0.0 ms]
   [Code Root Purge: 0.0 ms]
   [Clear CT: 0.0 ms]
   [Other: 0.6 ms]
      [Choose CSet: 0.0 ms]
      [Ref Proc: 0.1 ms]
      [Ref Enq: 0.0 ms]
      [Redirty Cards: 0.1 ms]
      [Humongous Register: 0.0 ms]
      [Humongous Reclaim: 0.0 ms]
      [Free CSet: 0.0 ms]
   [Eden: 22.0M(22.0M)->0.0B(21.0M) Survivors: 3072.0K->4096.0K Heap: 197.4M(512.0M)->176.4M(512.0M)]
 [Times: user=0.04 sys=0.00, real=0.05 secs] 
2019-04-03T00:58:06.077+0900: 26762.396: [GC pause (G1 Evacuation Pause) (young), 0.0549967 secs]
   [Parallel Time: 54.3 ms, GC Workers: 1]
      [GC Worker Start (ms):  26762395.7]
      [Ext Root Scanning (ms):  2.7]
      [Update RS (ms):  6.4]
         [Processed Buffers:  38]
      [Scan RS (ms):  6.2]
      [Code Root Scanning (ms):  0.0]
      [Object Copy (ms):  38.9]
      [Termination (ms):  0.0]
         [Termination Attempts:  1]
      [GC Worker Other (ms):  0.0]
      [GC Worker Total (ms):  54.2]
      [GC Worker End (ms):  26762450.0]
   [Code Root Fixup: 0.0 ms]
   [Code Root Purge: 0.0 ms]
   [Clear CT: 0.1 ms]
   [Other: 0.6 ms]
      [Choose CSet: 0.0 ms]
      [Ref Proc: 0.1 ms]
      [Ref Enq: 0.0 ms]
      [Redirty Cards: 0.1 ms]
      [Humongous Register: 0.0 ms]
      [Humongous Reclaim: 0.0 ms]
      [Free CSet: 0.0 ms]
   [Eden: 21.0M(21.0M)->0.0B(21.0M) Survivors: 4096.0K->4096.0K Heap: 197.4M(512.0M)->177.5M(512.0M)]
 [Times: user=0.05 sys=0.00, real=0.05 secs] 
2019-04-03T00:59:57.636+0900: 26873.954: [GC pause (G1 Evacuation Pause) (young), 0.0542578 secs]
   [Parallel Time: 53.4 ms, GC Workers: 1]
      [GC Worker Start (ms):  26873954.9]
      [Ext Root Scanning (ms):  2.7]
      [Update RS (ms):  6.8]
         [Processed Buffers:  38]
      [Scan RS (ms):  9.6]
      [Code Root Scanning (ms):  0.0]
      [Object Copy (ms):  34.0]
      [Termination (ms):  0.0]
         [Termination Attempts:  1]
      [GC Worker Other (ms):  0.0]
      [GC Worker Total (ms):  53.1]
      [GC Worker End (ms):  26874008.1]
   [Code Root Fixup: 0.0 ms]
   [Code Root Purge: 0.0 ms]
   [Clear CT: 0.1 ms]
   [Other: 0.8 ms]
      [Choose CSet: 0.0 ms]
      [Ref Proc: 0.2 ms]
      [Ref Enq: 0.0 ms]
      [Redirty Cards: 0.1 ms]
      [Humongous Register: 0.2 ms]
      [Humongous Reclaim: 0.0 ms]
      [Free CSet: 0.0 ms]
   [Eden: 21.0M(21.0M)->0.0B(21.0M) Survivors: 4096.0K->4096.0K Heap: 198.5M(512.0M)->178.5M(512.0M)]
 [Times: user=0.06 sys=0.00, real=0.05 secs] 
2019-04-03T01:01:48.790+0900: 26985.109: [GC pause (G1 Evacuation Pause) (young), 0.0359105 secs]
   [Parallel Time: 34.9 ms, GC Workers: 1]
      [GC Worker Start (ms):  26985109.0]
      [Ext Root Scanning (ms):  2.7]
      [Update RS (ms):  5.0]
         [Processed Buffers:  37]
      [Scan RS (ms):  7.9]
      [Code Root Scanning (ms):  0.0]
      [Object Copy (ms):  19.1]
      [Termination (ms):  0.0]
         [Termination Attempts:  1]
      [GC Worker Other (ms):  0.0]
      [GC Worker Total (ms):  34.7]
      [GC Worker End (ms):  26985143.8]
   [Code Root Fixup: 0.0 ms]
   [Code Root Purge: 0.0 ms]
   [Clear CT: 0.1 ms]
   [Other: 0.9 ms]
      [Choose CSet: 0.0 ms]
      [Ref Proc: 0.2 ms]
      [Ref Enq: 0.0 ms]
      [Redirty Cards: 0.1 ms]
      [Humongous Register: 0.0 ms]
      [Humongous Reclaim: 0.0 ms]
      [Free CSet: 0.0 ms]
   [Eden: 21.0M(21.0M)->0.0B(23.0M) Survivors: 4096.0K->2048.0K Heap: 199.5M(512.0M)->178.0M(512.0M)]
 [Times: user=0.03 sys=0.00, real=0.04 secs] 
2019-04-03T01:03:48.660+0900: 27104.999: [GC pause (G1 Evacuation Pause) (young), 0.1615915 secs]
   [Parallel Time: 140.7 ms, GC Workers: 1]
      [GC Worker Start (ms):  27104999.3]
      [Ext Root Scanning (ms):  4.4]
      [Update RS (ms):  6.5]
         [Processed Buffers:  38]
      [Scan RS (ms):  10.1]
      [Code Root Scanning (ms):  0.0]
      [Object Copy (ms):  37.9]
      [Termination (ms):  0.0]
         [Termination Attempts:  1]
      [GC Worker Other (ms):  81.7]
      [GC Worker Total (ms):  140.6]
      [GC Worker End (ms):  27105139.9]
   [Code Root Fixup: 0.0 ms]
   [Code Root Purge: 0.0 ms]
   [Clear CT: 0.0 ms]
   [Other: 20.8 ms]
      [Choose CSet: 0.0 ms]
      [Ref Proc: 0.2 ms]
      [Ref Enq: 0.0 ms]
      [Redirty Cards: 0.1 ms]
      [Humongous Register: 0.0 ms]
      [Humongous Reclaim: 0.0 ms]
      [Free CSet: 0.0 ms]
   [Eden: 23.0M(23.0M)->0.0B(22.0M) Survivors: 2048.0K->3072.0K Heap: 201.0M(512.0M)->179.0M(512.0M)]
 [Times: user=0.06 sys=0.00, real=0.16 secs] 
2019-04-03T01:05:43.551+0900: 27219.870: [GC pause (G1 Evacuation Pause) (young), 0.0467880 secs]
   [Parallel Time: 46.1 ms, GC Workers: 1]
      [GC Worker Start (ms):  27219870.2]
      [Ext Root Scanning (ms):  2.6]
      [Update RS (ms):  5.3]
         [Processed Buffers:  37]
      [Scan RS (ms):  6.3]
      [Code Root Scanning (ms):  0.0]
      [Object Copy (ms):  31.8]
      [Termination (ms):  0.0]
         [Termination Attempts:  1]
      [GC Worker Other (ms):  0.0]
      [GC Worker Total (ms):  46.0]
      [GC Worker End (ms):  27219916.2]
   [Code Root Fixup: 0.0 ms]
   [Code Root Purge: 0.0 ms]
   [Clear CT: 0.1 ms]
   [Other: 0.7 ms]
      [Choose CSet: 0.0 ms]
      [Ref Proc: 0.1 ms]
      [Ref Enq: 0.0 ms]
      [Redirty Cards: 0.2 ms]
      [Humongous Register: 0.0 ms]
      [Humongous Reclaim: 0.0 ms]
      [Free CSet: 0.0 ms]
   [Eden: 22.0M(22.0M)->0.0B(21.0M) Survivors: 3072.0K->4096.0K Heap: 201.0M(512.0M)->180.4M(512.0M)]
 [Times: user=0.05 sys=0.00, real=0.05 secs] 
2019-04-03T01:07:35.123+0900: 27331.442: [GC pause (G1 Evacuation Pause) (young), 0.0665504 secs]
   [Parallel Time: 64.8 ms, GC Workers: 1]
      [GC Worker Start (ms):  27331442.0]
      [Ext Root Scanning (ms):  2.6]
      [Update RS (ms):  7.4]
         [Processed Buffers:  35]
      [Scan RS (ms):  7.0]
      [Code Root Scanning (ms):  0.0]
      [Object Copy (ms):  47.3]
      [Termination (ms):  0.0]
         [Termination Attempts:  1]
      [GC Worker Other (ms):  0.0]
      [GC Worker Total (ms):  64.4]
      [GC Worker End (ms):  27331506.4]
   [Code Root Fixup: 0.0 ms]
   [Code Root Purge: 0.0 ms]
   [Clear CT: 0.1 ms]
   [Other: 1.7 ms]
      [Choose CSet: 0.0 ms]
      [Ref Proc: 0.2 ms]
      [Ref Enq: 0.0 ms]
      [Redirty Cards: 0.7 ms]
      [Humongous Register: 0.0 ms]
      [Humongous Reclaim: 0.0 ms]
      [Free CSet: 0.0 ms]
   [Eden: 21.0M(21.0M)->0.0B(22.0M) Survivors: 4096.0K->3072.0K Heap: 201.4M(512.0M)->182.0M(512.0M)]
 [Times: user=0.06 sys=0.00, real=0.07 secs] 
2019-04-03T01:09:31.888+0900: 27448.207: [GC pause (G1 Evacuation Pause) (young) (initial-mark), 0.0512440 secs]
   [Parallel Time: 50.4 ms, GC Workers: 1]
      [GC Worker Start (ms):  27448207.4]
      [Ext Root Scanning (ms):  3.5]
      [Update RS (ms):  7.9]
         [Processed Buffers:  39]
      [Scan RS (ms):  5.8]
      [Code Root Scanning (ms):  0.0]
      [Object Copy (ms):  33.1]
      [Termination (ms):  0.0]
         [Termination Attempts:  1]
      [GC Worker Other (ms):  0.0]
      [GC Worker Total (ms):  50.3]
      [GC Worker End (ms):  27448257.6]
   [Code Root Fixup: 0.0 ms]
   [Code Root Purge: 0.0 ms]
   [Clear CT: 0.1 ms]
   [Other: 0.7 ms]
      [Choose CSet: 0.0 ms]
      [Ref Proc: 0.1 ms]
      [Ref Enq: 0.0 ms]
      [Redirty Cards: 0.1 ms]
      [Humongous Register: 0.0 ms]
      [Humongous Reclaim: 0.0 ms]
      [Free CSet: 0.0 ms]
   [Eden: 22.0M(22.0M)->0.0B(21.0M) Survivors: 3072.0K->4096.0K Heap: 204.0M(512.0M)->183.0M(512.0M)]
 [Times: user=0.05 sys=0.00, real=0.05 secs] 
2019-04-03T01:09:31.940+0900: 27448.259: [GC concurrent-root-region-scan-start]
2019-04-03T01:09:31.966+0900: 27448.285: [GC concurrent-root-region-scan-end, 0.0260425 secs]
2019-04-03T01:09:31.966+0900: 27448.285: [GC concurrent-mark-start]
2019-04-03T01:09:32.052+0900: 27448.370: [GC concurrent-mark-end, 0.0858155 secs]
2019-04-03T01:09:32.052+0900: 27448.371: [GC remark 2019-04-03T01:09:32.052+0900: 27448.371: [Finalize Marking, 0.0005173 secs] 2019-04-03T01:09:32.053+0900: 27448.371: [GC ref-proc, 0.0009581 secs] 2019-04-03T01:09:32.054+0900: 27448.372: [Unloading, 0.0335368 secs], 0.0379577 secs]
 [Times: user=0.03 sys=0.00, real=0.04 secs] 
2019-04-03T01:09:32.091+0900: 27448.409: [GC cleanup 183M->180M(512M), 0.0017886 secs]
 [Times: user=0.00 sys=0.00, real=0.00 secs] 
2019-04-03T01:09:32.093+0900: 27448.411: [GC concurrent-cleanup-start]
2019-04-03T01:09:32.093+0900: 27448.411: [GC concurrent-cleanup-end, 0.0001052 secs]
2019-04-03T01:11:21.933+0900: 27558.252: [GC pause (G1 Evacuation Pause) (young), 0.0849794 secs]
   [Parallel Time: 84.2 ms, GC Workers: 1]
      [GC Worker Start (ms):  27558252.2]
      [Ext Root Scanning (ms):  2.6]
      [Update RS (ms):  4.9]
         [Processed Buffers:  36]
      [Scan RS (ms):  47.7]
      [Code Root Scanning (ms):  0.0]
      [Object Copy (ms):  28.9]
      [Termination (ms):  0.0]
         [Termination Attempts:  1]
      [GC Worker Other (ms):  0.0]
      [GC Worker Total (ms):  84.1]
      [GC Worker End (ms):  27558336.3]
   [Code Root Fixup: 0.0 ms]
   [Code Root Purge: 0.0 ms]
   [Clear CT: 0.1 ms]
   [Other: 0.7 ms]
      [Choose CSet: 0.0 ms]
      [Ref Proc: 0.2 ms]
      [Ref Enq: 0.0 ms]
      [Redirty Cards: 0.1 ms]
      [Humongous Register: 0.0 ms]
      [Humongous Reclaim: 0.0 ms]
      [Free CSet: 0.0 ms]
   [Eden: 21.0M(21.0M)->0.0B(23.0M) Survivors: 4096.0K->2048.0K Heap: 201.5M(512.0M)->180.0M(512.0M)]
 [Times: user=0.05 sys=0.00, real=0.09 secs] 
2019-04-03T01:13:22.973+0900: 27679.291: [GC pause (G1 Evacuation Pause) (mixed), 0.0411536 secs]
   [Parallel Time: 40.4 ms, GC Workers: 1]
      [GC Worker Start (ms):  27679291.5]
      [Ext Root Scanning (ms):  2.6]
      [Update RS (ms):  5.0]
         [Processed Buffers:  37]
      [Scan RS (ms):  7.5]
      [Code Root Scanning (ms):  0.0]
      [Object Copy (ms):  25.1]
      [Termination (ms):  0.0]
         [Termination Attempts:  1]
      [GC Worker Other (ms):  0.0]
      [GC Worker Total (ms):  40.3]
      [GC Worker End (ms):  27679331.8]
   [Code Root Fixup: 0.0 ms]
   [Code Root Purge: 0.0 ms]
   [Clear CT: 0.1 ms]
   [Other: 0.6 ms]
      [Choose CSet: 0.0 ms]
      [Ref Proc: 0.2 ms]
      [Ref Enq: 0.0 ms]
      [Redirty Cards: 0.1 ms]
      [Humongous Register: 0.0 ms]
      [Humongous Reclaim: 0.0 ms]
      [Free CSet: 0.1 ms]
   [Eden: 23.0M(23.0M)->0.0B(22.0M) Survivors: 2048.0K->3072.0K Heap: 203.0M(512.0M)->175.5M(512.0M)]
 [Times: user=0.04 sys=0.00, real=0.04 secs] 
2019-04-03T01:15:16.614+0900: 27792.933: [GC pause (G1 Evacuation Pause) (mixed), 0.0512239 secs]
   [Parallel Time: 50.3 ms, GC Workers: 1]
      [GC Worker Start (ms):  27792932.9]
      [Ext Root Scanning (ms):  2.7]
      [Update RS (ms):  5.4]
         [Processed Buffers:  37]
      [Scan RS (ms):  7.1]
      [Code Root Scanning (ms):  0.0]
      [Object Copy (ms):  35.1]
      [Termination (ms):  0.0]
         [Termination Attempts:  1]
      [GC Worker Other (ms):  0.0]
      [GC Worker Total (ms):  50.3]
      [GC Worker End (ms):  27792983.2]
   [Code Root Fixup: 0.0 ms]
   [Code Root Purge: 0.0 ms]
   [Clear CT: 0.1 ms]
   [Other: 0.8 ms]
      [Choose CSet: 0.0 ms]
      [Ref Proc: 0.1 ms]
      [Ref Enq: 0.0 ms]
      [Redirty Cards: 0.1 ms]
      [Humongous Register: 0.0 ms]
      [Humongous Reclaim: 0.0 ms]
      [Free CSet: 0.2 ms]
   [Eden: 22.0M(22.0M)->0.0B(21.0M) Survivors: 3072.0K->4096.0K Heap: 197.5M(512.0M)->170.7M(512.0M)]
 [Times: user=0.05 sys=0.00, real=0.06 secs] 
2019-04-03T01:17:05.587+0900: 27901.905: [GC pause (G1 Evacuation Pause) (mixed), 0.0642493 secs]
   [Parallel Time: 63.4 ms, GC Workers: 1]
      [GC Worker Start (ms):  27901905.3]
      [Ext Root Scanning (ms):  2.9]
      [Update RS (ms):  4.5]
         [Processed Buffers:  36]
      [Scan RS (ms):  8.5]
      [Code Root Scanning (ms):  0.7]
      [Object Copy (ms):  46.6]
      [Termination (ms):  0.0]
         [Termination Attempts:  1]
      [GC Worker Other (ms):  0.0]
      [GC Worker Total (ms):  63.3]
      [GC Worker End (ms):  27901968.6]
   [Code Root Fixup: 0.0 ms]
   [Code Root Purge: 0.0 ms]
   [Clear CT: 0.2 ms]
   [Other: 0.6 ms]
      [Choose CSet: 0.0 ms]
      [Ref Proc: 0.1 ms]
      [Ref Enq: 0.0 ms]
      [Redirty Cards: 0.1 ms]
      [Humongous Register: 0.0 ms]
      [Humongous Reclaim: 0.0 ms]
      [Free CSet: 0.1 ms]
   [Eden: 21.0M(21.0M)->0.0B(22.0M) Survivors: 4096.0K->3072.0K Heap: 191.7M(512.0M)->170.3M(512.0M)]
 [Times: user=0.06 sys=0.00, real=0.06 secs] 
2019-04-03T01:19:02.821+0900: 28019.139: [GC pause (G1 Evacuation Pause) (young), 0.0315352 secs]
   [Parallel Time: 30.9 ms, GC Workers: 1]
      [GC Worker Start (ms):  28019139.3]
      [Ext Root Scanning (ms):  2.6]
      [Update RS (ms):  5.0]
         [Processed Buffers:  37]
      [Scan RS (ms):  6.3]
      [Code Root Scanning (ms):  0.0]
      [Object Copy (ms):  16.9]
      [Termination (ms):  0.0]
         [Termination Attempts:  1]
      [GC Worker Other (ms):  0.0]
      [GC Worker Total (ms):  30.8]
      [GC Worker End (ms):  28019170.2]
   [Code Root Fixup: 0.0 ms]
   [Code Root Purge: 0.0 ms]
   [Clear CT: 0.1 ms]
   [Other: 0.6 ms]
      [Choose CSet: 0.0 ms]
      [Ref Proc: 0.1 ms]
      [Ref Enq: 0.0 ms]
      [Redirty Cards: 0.1 ms]
      [Humongous Register: 0.0 ms]
      [Humongous Reclaim: 0.0 ms]
      [Free CSet: 0.0 ms]
   [Eden: 22.0M(22.0M)->0.0B(22.0M) Survivors: 3072.0K->3072.0K Heap: 192.3M(512.0M)->170.3M(512.0M)]
 [Times: user=0.04 sys=0.00, real=0.03 secs] 
2019-04-03T01:20:58.268+0900: 28134.587: [GC pause (G1 Evacuation Pause) (young), 0.0429410 secs]
   [Parallel Time: 42.2 ms, GC Workers: 1]
      [GC Worker Start (ms):  28134586.9]
      [Ext Root Scanning (ms):  2.5]
      [Update RS (ms):  5.2]
         [Processed Buffers:  40]
      [Scan RS (ms):  6.9]
      [Code Root Scanning (ms):  0.0]
      [Object Copy (ms):  27.5]
      [Termination (ms):  0.0]
         [Termination Attempts:  1]
      [GC Worker Other (ms):  0.0]
      [GC Worker Total (ms):  42.2]
      [GC Worker End (ms):  28134629.1]
   [Code Root Fixup: 0.0 ms]
   [Code Root Purge: 0.0 ms]
   [Clear CT: 0.1 ms]
   [Other: 0.6 ms]
      [Choose CSet: 0.0 ms]
      [Ref Proc: 0.1 ms]
      [Ref Enq: 0.0 ms]
      [Redirty Cards: 0.1 ms]
      [Humongous Register: 0.0 ms]
      [Humongous Reclaim: 0.0 ms]
      [Free CSet: 0.0 ms]
   [Eden: 22.0M(22.0M)->0.0B(21.0M) Survivors: 3072.0K->4096.0K Heap: 192.3M(512.0M)->171.3M(512.0M)]
 [Times: user=0.04 sys=0.00, real=0.04 secs] 
2019-04-03T01:22:46.326+0900: 28242.645: [GC pause (G1 Evacuation Pause) (young), 0.0526058 secs]
   [Parallel Time: 51.9 ms, GC Workers: 1]
      [GC Worker Start (ms):  28242644.9]
      [Ext Root Scanning (ms):  2.5]
      [Update RS (ms):  4.9]
         [Processed Buffers:  37]
      [Scan RS (ms):  6.1]
      [Code Root Scanning (ms):  0.0]
      [Object Copy (ms):  38.2]
      [Termination (ms):  0.0]
         [Termination Attempts:  1]
      [GC Worker Other (ms):  0.0]
      [GC Worker Total (ms):  51.7]
      [GC Worker End (ms):  28242696.6]
   [Code Root Fixup: 0.0 ms]
   [Code Root Purge: 0.0 ms]
   [Clear CT: 0.1 ms]
   [Other: 0.6 ms]
      [Choose CSet: 0.0 ms]
      [Ref Proc: 0.2 ms]
      [Ref Enq: 0.0 ms]
      [Redirty Cards: 0.1 ms]
      [Humongous Register: 0.0 ms]
      [Humongous Reclaim: 0.0 ms]
      [Free CSet: 0.0 ms]
   [Eden: 21.0M(21.0M)->0.0B(21.0M) Survivors: 4096.0K->4096.0K Heap: 192.3M(512.0M)->172.4M(512.0M)]
 [Times: user=0.05 sys=0.00, real=0.05 secs] 
2019-04-03T01:24:37.378+0900: 28353.697: [GC pause (G1 Evacuation Pause) (young), 0.0939667 secs]
   [Parallel Time: 93.1 ms, GC Workers: 1]
      [GC Worker Start (ms):  28353696.9]
      [Ext Root Scanning (ms):  2.6]
      [Update RS (ms):  5.3]
         [Processed Buffers:  34]
      [Scan RS (ms):  31.3]
      [Code Root Scanning (ms):  0.0]
      [Object Copy (ms):  53.8]
      [Termination (ms):  0.0]
         [Termination Attempts:  1]
      [GC Worker Other (ms):  0.0]
      [GC Worker Total (ms):  93.0]
      [GC Worker End (ms):  28353789.9]
   [Code Root Fixup: 0.0 ms]
   [Code Root Purge: 0.0 ms]
   [Clear CT: 0.1 ms]
   [Other: 0.8 ms]
      [Choose CSet: 0.0 ms]
      [Ref Proc: 0.1 ms]
      [Ref Enq: 0.0 ms]
      [Redirty Cards: 0.1 ms]
      [Humongous Register: 0.0 ms]
      [Humongous Reclaim: 0.0 ms]
      [Free CSet: 0.1 ms]
   [Eden: 21.0M(21.0M)->0.0B(21.0M) Survivors: 4096.0K->4096.0K Heap: 193.4M(512.0M)->173.5M(512.0M)]
 [Times: user=0.05 sys=0.00, real=0.09 secs] 
2019-04-03T01:26:29.499+0900: 28465.817: [GC pause (G1 Evacuation Pause) (young), 0.0665628 secs]
   [Parallel Time: 65.9 ms, GC Workers: 1]
      [GC Worker Start (ms):  28465817.4]
      [Ext Root Scanning (ms):  2.6]
      [Update RS (ms):  5.1]
         [Processed Buffers:  36]
      [Scan RS (ms):  12.7]
      [Code Root Scanning (ms):  0.0]
      [Object Copy (ms):  45.5]
      [Termination (ms):  0.0]
         [Termination Attempts:  1]
      [GC Worker Other (ms):  0.0]
      [GC Worker Total (ms):  65.8]
      [GC Worker End (ms):  28465883.2]
   [Code Root Fixup: 0.0 ms]
   [Code Root Purge: 0.0 ms]
   [Clear CT: 0.1 ms]
   [Other: 0.6 ms]
      [Choose CSet: 0.0 ms]
      [Ref Proc: 0.1 ms]
      [Ref Enq: 0.0 ms]
      [Redirty Cards: 0.1 ms]
      [Humongous Register: 0.0 ms]
      [Humongous Reclaim: 0.0 ms]
      [Free CSet: 0.0 ms]
   [Eden: 21.0M(21.0M)->0.0B(21.0M) Survivors: 4096.0K->4096.0K Heap: 194.5M(512.0M)->174.5M(512.0M)]
 [Times: user=0.05 sys=0.00, real=0.06 secs] 
2019-04-03T01:28:18.506+0900: 28574.825: [GC pause (G1 Evacuation Pause) (young), 0.0428354 secs]
   [Parallel Time: 42.1 ms, GC Workers: 1]
      [GC Worker Start (ms):  28574825.2]
      [Ext Root Scanning (ms):  2.6]
      [Update RS (ms):  4.6]
         [Processed Buffers:  35]
      [Scan RS (ms):  9.1]
      [Code Root Scanning (ms):  0.0]
      [Object Copy (ms):  25.7]
      [Termination (ms):  0.0]
         [Termination Attempts:  1]
      [GC Worker Other (ms):  0.0]
      [GC Worker Total (ms):  42.0]
      [GC Worker End (ms):  28574867.2]
   [Code Root Fixup: 0.1 ms]
   [Code Root Purge: 0.0 ms]
   [Clear CT: 0.1 ms]
   [Other: 0.6 ms]
      [Choose CSet: 0.0 ms]
      [Ref Proc: 0.2 ms]
      [Ref Enq: 0.0 ms]
      [Redirty Cards: 0.1 ms]
      [Humongous Register: 0.0 ms]
      [Humongous Reclaim: 0.0 ms]
      [Free CSet: 0.0 ms]
   [Eden: 21.0M(21.0M)->0.0B(22.0M) Survivors: 4096.0K->3072.0K Heap: 195.5M(512.0M)->174.0M(512.0M)]
 [Times: user=0.04 sys=0.00, real=0.04 secs] 
2019-04-03T01:30:12.609+0900: 28688.927: [GC pause (G1 Evacuation Pause) (young), 0.0426938 secs]
   [Parallel Time: 42.0 ms, GC Workers: 1]
      [GC Worker Start (ms):  28688927.4]
      [Ext Root Scanning (ms):  2.7]
      [Update RS (ms):  4.8]
         [Processed Buffers:  37]
      [Scan RS (ms):  7.3]
      [Code Root Scanning (ms):  0.0]
      [Object Copy (ms):  27.1]
      [Termination (ms):  0.0]
         [Termination Attempts:  1]
      [GC Worker Other (ms):  0.0]
      [GC Worker Total (ms):  41.9]
      [GC Worker End (ms):  28688969.4]
   [Code Root Fixup: 0.0 ms]
   [Code Root Purge: 0.0 ms]
   [Clear CT: 0.1 ms]
   [Other: 0.6 ms]
      [Choose CSet: 0.0 ms]
      [Ref Proc: 0.2 ms]
      [Ref Enq: 0.0 ms]
      [Redirty Cards: 0.1 ms]
      [Humongous Register: 0.0 ms]
      [Humongous Reclaim: 0.0 ms]
      [Free CSet: 0.0 ms]
   [Eden: 22.0M(22.0M)->0.0B(21.0M) Survivors: 3072.0K->4096.0K Heap: 196.0M(512.0M)->175.0M(512.0M)]
 [Times: user=0.04 sys=0.00, real=0.04 secs] 
2019-04-03T01:32:04.316+0900: 28800.634: [GC pause (G1 Evacuation Pause) (young), 0.0577328 secs]
   [Parallel Time: 57.1 ms, GC Workers: 1]
      [GC Worker Start (ms):  28800634.3]
      [Ext Root Scanning (ms):  2.6]
      [Update RS (ms):  6.4]
         [Processed Buffers:  38]
      [Scan RS (ms):  6.4]
      [Code Root Scanning (ms):  0.0]
      [Object Copy (ms):  41.6]
      [Termination (ms):  0.0]
         [Termination Attempts:  1]
      [GC Worker Other (ms):  0.0]
      [GC Worker Total (ms):  57.0]
      [GC Worker End (ms):  28800691.3]
   [Code Root Fixup: 0.0 ms]
   [Code Root Purge: 0.0 ms]
   [Clear CT: 0.0 ms]
   [Other: 0.6 ms]
      [Choose CSet: 0.0 ms]
      [Ref Proc: 0.1 ms]
      [Ref Enq: 0.0 ms]
      [Redirty Cards: 0.1 ms]
      [Humongous Register: 0.0 ms]
      [Humongous Reclaim: 0.0 ms]
      [Free CSet: 0.0 ms]
   [Eden: 21.0M(21.0M)->0.0B(21.0M) Survivors: 4096.0K->4096.0K Heap: 196.0M(512.0M)->176.1M(512.0M)]
 [Times: user=0.06 sys=0.00, real=0.05 secs] 
2019-04-03T01:33:32.939+0900: 28889.258: [GC pause (G1 Evacuation Pause) (young), 0.0966338 secs]
   [Parallel Time: 95.8 ms, GC Workers: 1]
      [GC Worker Start (ms):  28889257.8]
      [Ext Root Scanning (ms):  3.4]
      [Update RS (ms):  5.7]
         [Processed Buffers:  48]
      [Scan RS (ms):  20.1]
      [Code Root Scanning (ms):  0.0]
      [Object Copy (ms):  66.4]
      [Termination (ms):  0.0]
         [Termination Attempts:  1]
      [GC Worker Other (ms):  0.0]
      [GC Worker Total (ms):  95.7]
      [GC Worker End (ms):  28889353.5]
   [Code Root Fixup: 0.0 ms]
   [Code Root Purge: 0.0 ms]
   [Clear CT: 0.1 ms]
   [Other: 0.7 ms]
      [Choose CSet: 0.0 ms]
      [Ref Proc: 0.1 ms]
      [Ref Enq: 0.0 ms]
      [Redirty Cards: 0.2 ms]
      [Humongous Register: 0.0 ms]
      [Humongous Reclaim: 0.0 ms]
      [Free CSet: 0.1 ms]
   [Eden: 21.0M(21.0M)->0.0B(21.0M) Survivors: 4096.0K->4096.0K Heap: 197.1M(512.0M)->180.5M(512.0M)]
 [Times: user=0.09 sys=0.00, real=0.10 secs] 
2019-04-03T01:35:21.070+0900: 28997.389: [GC pause (G1 Evacuation Pause) (young), 0.0514849 secs]
   [Parallel Time: 49.7 ms, GC Workers: 1]
      [GC Worker Start (ms):  28997388.8]
      [Ext Root Scanning (ms):  2.5]
      [Update RS (ms):  4.7]
         [Processed Buffers:  47]
      [Scan RS (ms):  9.2]
      [Code Root Scanning (ms):  0.0]
      [Object Copy (ms):  33.2]
      [Termination (ms):  0.0]
         [Termination Attempts:  1]
      [GC Worker Other (ms):  0.0]
      [GC Worker Total (ms):  49.6]
      [GC Worker End (ms):  28997438.5]
   [Code Root Fixup: 0.0 ms]
   [Code Root Purge: 0.0 ms]
   [Clear CT: 0.1 ms]
   [Other: 1.7 ms]
      [Choose CSet: 0.0 ms]
      [Ref Proc: 0.1 ms]
      [Ref Enq: 0.0 ms]
      [Redirty Cards: 0.1 ms]
      [Humongous Register: 0.0 ms]
      [Humongous Reclaim: 0.0 ms]
      [Free CSet: 1.1 ms]
   [Eden: 21.0M(21.0M)->0.0B(23.0M) Survivors: 4096.0K->2048.0K Heap: 201.5M(512.0M)->181.5M(512.0M)]
 [Times: user=0.05 sys=0.00, real=0.05 secs] 
2019-04-03T01:37:21.671+0900: 29117.989: [GC pause (G1 Evacuation Pause) (young) (initial-mark), 0.0318478 secs]
   [Parallel Time: 30.6 ms, GC Workers: 1]
      [GC Worker Start (ms):  29117989.9]
      [Ext Root Scanning (ms):  3.5]
      [Update RS (ms):  4.7]
         [Processed Buffers:  46]
      [Scan RS (ms):  6.1]
      [Code Root Scanning (ms):  0.0]
      [Object Copy (ms):  16.2]
      [Termination (ms):  0.0]
         [Termination Attempts:  1]
      [GC Worker Other (ms):  0.0]
      [GC Worker Total (ms):  30.5]
      [GC Worker End (ms):  29118020.3]
   [Code Root Fixup: 0.0 ms]
   [Code Root Purge: 0.0 ms]
   [Clear CT: 0.2 ms]
   [Other: 1.1 ms]
      [Choose CSet: 0.0 ms]
      [Ref Proc: 0.1 ms]
      [Ref Enq: 0.0 ms]
      [Redirty Cards: 0.0 ms]
      [Humongous Register: 0.0 ms]
      [Humongous Reclaim: 0.0 ms]
      [Free CSet: 0.0 ms]
   [Eden: 23.0M(23.0M)->0.0B(22.0M) Survivors: 2048.0K->3072.0K Heap: 204.5M(512.0M)->182.5M(512.0M)]
 [Times: user=0.03 sys=0.00, real=0.03 secs] 
2019-04-03T01:37:21.703+0900: 29118.021: [GC concurrent-root-region-scan-start]
2019-04-03T01:37:21.716+0900: 29118.035: [GC concurrent-root-region-scan-end, 0.0136673 secs]
2019-04-03T01:37:21.716+0900: 29118.035: [GC concurrent-mark-start]
2019-04-03T01:37:21.792+0900: 29118.111: [GC concurrent-mark-end, 0.0760173 secs]
2019-04-03T01:37:21.793+0900: 29118.111: [GC remark 2019-04-03T01:37:21.793+0900: 29118.111: [Finalize Marking, 0.0004573 secs] 2019-04-03T01:37:21.793+0900: 29118.112: [GC ref-proc, 0.0009552 secs] 2019-04-03T01:37:21.794+0900: 29118.113: [Unloading, 0.0441755 secs], 0.0501203 secs]
 [Times: user=0.04 sys=0.00, real=0.05 secs] 
2019-04-03T01:37:21.844+0900: 29118.162: [GC cleanup 182M->181M(512M), 0.0021320 secs]
 [Times: user=0.00 sys=0.00, real=0.01 secs] 
2019-04-03T01:37:21.846+0900: 29118.165: [GC concurrent-cleanup-start]
2019-04-03T01:37:21.846+0900: 29118.165: [GC concurrent-cleanup-end, 0.0000308 secs]
2019-04-03T01:39:16.868+0900: 29233.187: [GC pause (G1 Evacuation Pause) (young), 0.0361548 secs]
   [Parallel Time: 35.4 ms, GC Workers: 1]
      [GC Worker Start (ms):  29233186.8]
      [Ext Root Scanning (ms):  2.7]
      [Update RS (ms):  2.4]
         [Processed Buffers:  36]
      [Scan RS (ms):  5.6]
      [Code Root Scanning (ms):  0.0]
      [Object Copy (ms):  24.8]
      [Termination (ms):  0.0]
         [Termination Attempts:  1]
      [GC Worker Other (ms):  0.0]
      [GC Worker Total (ms):  35.4]
      [GC Worker End (ms):  29233222.2]
   [Code Root Fixup: 0.0 ms]
   [Code Root Purge: 0.0 ms]
   [Clear CT: 0.1 ms]
   [Other: 0.6 ms]
      [Choose CSet: 0.0 ms]
      [Ref Proc: 0.1 ms]
      [Ref Enq: 0.0 ms]
      [Redirty Cards: 0.0 ms]
      [Humongous Register: 0.0 ms]
      [Humongous Reclaim: 0.0 ms]
      [Free CSet: 0.0 ms]
   [Eden: 22.0M(22.0M)->0.0B(21.0M) Survivors: 3072.0K->4096.0K Heap: 203.5M(512.0M)->182.5M(512.0M)]
 [Times: user=0.03 sys=0.00, real=0.03 secs] 
2019-04-03T01:41:05.230+0900: 29341.548: [GC pause (G1 Evacuation Pause) (mixed), 0.0589239 secs]
   [Parallel Time: 58.2 ms, GC Workers: 1]
      [GC Worker Start (ms):  29341548.7]
      [Ext Root Scanning (ms):  2.7]
      [Update RS (ms):  3.7]
         [Processed Buffers:  36]
      [Scan RS (ms):  18.8]
      [Code Root Scanning (ms):  0.0]
      [Object Copy (ms):  33.0]
      [Termination (ms):  0.0]
         [Termination Attempts:  1]
      [GC Worker Other (ms):  0.0]
      [GC Worker Total (ms):  58.2]
      [GC Worker End (ms):  29341606.9]
   [Code Root Fixup: 0.0 ms]
   [Code Root Purge: 0.0 ms]
   [Clear CT: 0.1 ms]
   [Other: 0.6 ms]
      [Choose CSet: 0.0 ms]
      [Ref Proc: 0.1 ms]
      [Ref Enq: 0.0 ms]
      [Redirty Cards: 0.1 ms]
      [Humongous Register: 0.0 ms]
      [Humongous Reclaim: 0.0 ms]
      [Free CSet: 0.1 ms]
   [Eden: 21.0M(21.0M)->0.0B(22.0M) Survivors: 4096.0K->3072.0K Heap: 203.5M(512.0M)->176.1M(512.0M)]
 [Times: user=0.05 sys=0.00, real=0.06 secs] 
2019-04-03T01:43:02.925+0900: 29459.243: [GC pause (G1 Evacuation Pause) (mixed), 0.0457727 secs]
   [Parallel Time: 45.0 ms, GC Workers: 1]
      [GC Worker Start (ms):  29459243.6]
      [Ext Root Scanning (ms):  2.6]
      [Update RS (ms):  5.8]
         [Processed Buffers:  37]
      [Scan RS (ms):  6.7]
      [Code Root Scanning (ms):  0.0]
      [Object Copy (ms):  29.8]
      [Termination (ms):  0.0]
         [Termination Attempts:  1]
      [GC Worker Other (ms):  0.0]
      [GC Worker Total (ms):  44.9]
      [GC Worker End (ms):  29459288.5]
   [Code Root Fixup: 0.0 ms]
   [Code Root Purge: 0.0 ms]
   [Clear CT: 0.2 ms]
   [Other: 0.6 ms]
      [Choose CSet: 0.0 ms]
      [Ref Proc: 0.1 ms]
      [Ref Enq: 0.0 ms]
      [Redirty Cards: 0.1 ms]
      [Humongous Register: 0.0 ms]
      [Humongous Reclaim: 0.0 ms]
      [Free CSet: 0.1 ms]
   [Eden: 22.0M(22.0M)->0.0B(21.0M) Survivors: 3072.0K->4096.0K Heap: 198.1M(512.0M)->171.0M(512.0M)]
 [Times: user=0.04 sys=0.00, real=0.05 secs] 
2019-04-03T01:44:52.070+0900: 29568.389: [GC pause (G1 Evacuation Pause) (mixed), 0.0409217 secs]
   [Parallel Time: 40.1 ms, GC Workers: 1]
      [GC Worker Start (ms):  29568389.2]
      [Ext Root Scanning (ms):  3.7]
      [Update RS (ms):  5.9]
         [Processed Buffers:  38]
      [Scan RS (ms):  6.3]
      [Code Root Scanning (ms):  0.0]
      [Object Copy (ms):  24.1]
      [Termination (ms):  0.0]
         [Termination Attempts:  1]
      [GC Worker Other (ms):  0.0]
      [GC Worker Total (ms):  40.0]
      [GC Worker End (ms):  29568429.3]
   [Code Root Fixup: 0.0 ms]
   [Code Root Purge: 0.0 ms]
   [Clear CT: 0.1 ms]
   [Other: 0.7 ms]
      [Choose CSet: 0.0 ms]
      [Ref Proc: 0.2 ms]
      [Ref Enq: 0.0 ms]
      [Redirty Cards: 0.1 ms]
      [Humongous Register: 0.0 ms]
      [Humongous Reclaim: 0.0 ms]
      [Free CSet: 0.1 ms]
   [Eden: 21.0M(21.0M)->0.0B(22.0M) Survivors: 4096.0K->3072.0K Heap: 192.0M(512.0M)->167.8M(512.0M)]
 [Times: user=0.04 sys=0.00, real=0.04 secs] 
2019-04-03T01:46:46.934+0900: 29683.252: [GC pause (G1 Evacuation Pause) (young), 0.0671317 secs]
   [Parallel Time: 65.0 ms, GC Workers: 1]
      [GC Worker Start (ms):  29683252.5]
      [Ext Root Scanning (ms):  3.5]
      [Update RS (ms):  14.1]
         [Processed Buffers:  35]
      [Scan RS (ms):  7.0]
      [Code Root Scanning (ms):  0.0]
      [Object Copy (ms):  35.7]
      [Termination (ms):  0.0]
         [Termination Attempts:  1]
      [GC Worker Other (ms):  0.0]
      [GC Worker Total (ms):  60.3]
      [GC Worker End (ms):  29683312.8]
   [Code Root Fixup: 0.0 ms]
   [Code Root Purge: 0.0 ms]
   [Clear CT: 0.1 ms]
   [Other: 2.0 ms]
      [Choose CSet: 0.0 ms]
      [Ref Proc: 1.4 ms]
      [Ref Enq: 0.0 ms]
      [Redirty Cards: 0.1 ms]
      [Humongous Register: 0.0 ms]
      [Humongous Reclaim: 0.0 ms]
      [Free CSet: 0.2 ms]
   [Eden: 22.0M(22.0M)->0.0B(21.0M) Survivors: 3072.0K->4096.0K Heap: 189.8M(512.0M)->168.8M(512.0M)]
 [Times: user=0.05 sys=0.00, real=0.07 secs] 
2019-04-03T01:48:37.130+0900: 29793.448: [GC pause (G1 Evacuation Pause) (young), 0.0521340 secs]
   [Parallel Time: 51.5 ms, GC Workers: 1]
      [GC Worker Start (ms):  29793448.6]
      [Ext Root Scanning (ms):  2.6]
      [Update RS (ms):  4.9]
         [Processed Buffers:  35]
      [Scan RS (ms):  6.6]
      [Code Root Scanning (ms):  0.0]
      [Object Copy (ms):  37.3]
      [Termination (ms):  0.0]
         [Termination Attempts:  1]
      [GC Worker Other (ms):  0.0]
      [GC Worker Total (ms):  51.4]
      [GC Worker End (ms):  29793500.0]
   [Code Root Fixup: 0.0 ms]
   [Code Root Purge: 0.0 ms]
   [Clear CT: 0.1 ms]
   [Other: 0.6 ms]
      [Choose CSet: 0.0 ms]
      [Ref Proc: 0.1 ms]
      [Ref Enq: 0.0 ms]
      [Redirty Cards: 0.1 ms]
      [Humongous Register: 0.0 ms]
      [Humongous Reclaim: 0.0 ms]
      [Free CSet: 0.0 ms]
   [Eden: 21.0M(21.0M)->0.0B(21.0M) Survivors: 4096.0K->4096.0K Heap: 189.8M(512.0M)->169.8M(512.0M)]
 [Times: user=0.05 sys=0.00, real=0.05 secs] 
2019-04-03T01:50:28.820+0900: 29905.139: [GC pause (G1 Evacuation Pause) (young), 0.0508779 secs]
   [Parallel Time: 50.3 ms, GC Workers: 1]
      [GC Worker Start (ms):  29905139.1]
      [Ext Root Scanning (ms):  2.7]
      [Update RS (ms):  4.6]
         [Processed Buffers:  35]
      [Scan RS (ms):  7.0]
      [Code Root Scanning (ms):  0.0]
      [Object Copy (ms):  35.8]
      [Termination (ms):  0.0]
         [Termination Attempts:  1]
      [GC Worker Other (ms):  0.0]
      [GC Worker Total (ms):  50.2]
      [GC Worker End (ms):  29905189.3]
   [Code Root Fixup: 0.0 ms]
   [Code Root Purge: 0.0 ms]
   [Clear CT: 0.1 ms]
   [Other: 0.6 ms]
      [Choose CSet: 0.0 ms]
      [Ref Proc: 0.1 ms]
      [Ref Enq: 0.0 ms]
      [Redirty Cards: 0.1 ms]
      [Humongous Register: 0.0 ms]
      [Humongous Reclaim: 0.0 ms]
      [Free CSet: 0.0 ms]
   [Eden: 21.0M(21.0M)->0.0B(21.0M) Survivors: 4096.0K->4096.0K Heap: 190.8M(512.0M)->171.0M(512.0M)]
 [Times: user=0.05 sys=0.00, real=0.05 secs] 
2019-04-03T01:52:16.834+0900: 30013.153: [GC pause (G1 Evacuation Pause) (young), 0.0505397 secs]
   [Parallel Time: 48.8 ms, GC Workers: 1]
      [GC Worker Start (ms):  30013152.8]
      [Ext Root Scanning (ms):  2.9]
      [Update RS (ms):  5.5]
         [Processed Buffers:  35]
      [Scan RS (ms):  15.0]
      [Code Root Scanning (ms):  0.0]
      [Object Copy (ms):  25.2]
      [Termination (ms):  0.0]
         [Termination Attempts:  1]
      [GC Worker Other (ms):  0.0]
      [GC Worker Total (ms):  48.6]
      [GC Worker End (ms):  30013201.5]
   [Code Root Fixup: 0.0 ms]
   [Code Root Purge: 0.0 ms]
   [Clear CT: 1.1 ms]
   [Other: 0.6 ms]
      [Choose CSet: 0.0 ms]
      [Ref Proc: 0.2 ms]
      [Ref Enq: 0.0 ms]
      [Redirty Cards: 0.1 ms]
      [Humongous Register: 0.0 ms]
      [Humongous Reclaim: 0.0 ms]
      [Free CSet: 0.0 ms]
   [Eden: 21.0M(21.0M)->0.0B(22.0M) Survivors: 4096.0K->3072.0K Heap: 192.0M(512.0M)->170.5M(512.0M)]
 [Times: user=0.05 sys=0.00, real=0.05 secs] 
2019-04-03T01:54:12.110+0900: 30128.428: [GC pause (G1 Evacuation Pause) (young), 0.0396121 secs]
   [Parallel Time: 38.8 ms, GC Workers: 1]
      [GC Worker Start (ms):  30128428.4]
      [Ext Root Scanning (ms):  2.6]
      [Update RS (ms):  4.7]
         [Processed Buffers:  36]
      [Scan RS (ms):  7.4]
      [Code Root Scanning (ms):  0.0]
      [Object Copy (ms):  24.0]
      [Termination (ms):  0.0]
         [Termination Attempts:  1]
      [GC Worker Other (ms):  0.0]
      [GC Worker Total (ms):  38.6]
      [GC Worker End (ms):  30128467.1]
   [Code Root Fixup: 0.0 ms]
   [Code Root Purge: 0.0 ms]
   [Clear CT: 0.1 ms]
   [Other: 0.8 ms]
      [Choose CSet: 0.0 ms]
      [Ref Proc: 0.3 ms]
      [Ref Enq: 0.0 ms]
      [Redirty Cards: 0.1 ms]
      [Humongous Register: 0.0 ms]
      [Humongous Reclaim: 0.0 ms]
      [Free CSet: 0.0 ms]
   [Eden: 22.0M(22.0M)->0.0B(22.0M) Survivors: 3072.0K->3072.0K Heap: 192.5M(512.0M)->171.0M(512.0M)]
 [Times: user=0.04 sys=0.00, real=0.04 secs] 
2019-04-03T01:56:07.424+0900: 30243.742: [GC pause (G1 Evacuation Pause) (young), 0.0517466 secs]
   [Parallel Time: 51.1 ms, GC Workers: 1]
      [GC Worker Start (ms):  30243742.4]
      [Ext Root Scanning (ms):  2.6]
      [Update RS (ms):  4.5]
         [Processed Buffers:  39]
      [Scan RS (ms):  6.2]
      [Code Root Scanning (ms):  0.0]
      [Object Copy (ms):  37.7]
      [Termination (ms):  0.0]
         [Termination Attempts:  1]
      [GC Worker Other (ms):  0.0]
      [GC Worker Total (ms):  51.0]
      [GC Worker End (ms):  30243793.5]
   [Code Root Fixup: 0.0 ms]
   [Code Root Purge: 0.0 ms]
   [Clear CT: 0.1 ms]
   [Other: 0.6 ms]
      [Choose CSet: 0.0 ms]
      [Ref Proc: 0.2 ms]
      [Ref Enq: 0.0 ms]
      [Redirty Cards: 0.1 ms]
      [Humongous Register: 0.0 ms]
      [Humongous Reclaim: 0.0 ms]
      [Free CSet: 0.0 ms]
   [Eden: 22.0M(22.0M)->0.0B(21.0M) Survivors: 3072.0K->4096.0K Heap: 193.0M(512.0M)->172.5M(512.0M)]
 [Times: user=0.05 sys=0.00, real=0.05 secs] 
2019-04-03T01:57:59.202+0900: 30355.521: [GC pause (G1 Evacuation Pause) (young), 0.0526687 secs]
   [Parallel Time: 51.9 ms, GC Workers: 1]
      [GC Worker Start (ms):  30355520.9]
      [Ext Root Scanning (ms):  2.4]
      [Update RS (ms):  4.7]
         [Processed Buffers:  36]
      [Scan RS (ms):  8.9]
      [Code Root Scanning (ms):  0.0]
      [Object Copy (ms):  35.8]
      [Termination (ms):  0.0]
         [Termination Attempts:  1]
      [GC Worker Other (ms):  0.0]
      [GC Worker Total (ms):  51.8]
      [GC Worker End (ms):  30355572.7]
   [Code Root Fixup: 0.0 ms]
   [Code Root Purge: 0.0 ms]
   [Clear CT: 0.1 ms]
   [Other: 0.7 ms]
      [Choose CSet: 0.0 ms]
      [Ref Proc: 0.1 ms]
      [Ref Enq: 0.0 ms]
      [Redirty Cards: 0.1 ms]
      [Humongous Register: 0.0 ms]
      [Humongous Reclaim: 0.0 ms]
      [Free CSet: 0.0 ms]
   [Eden: 21.0M(21.0M)->0.0B(22.0M) Survivors: 4096.0K->3072.0K Heap: 193.5M(512.0M)->173.5M(512.0M)]
 [Times: user=0.05 sys=0.00, real=0.05 secs] 
2019-04-03T01:59:52.973+0900: 30469.292: [GC pause (G1 Evacuation Pause) (young), 0.0549167 secs]
   [Parallel Time: 54.2 ms, GC Workers: 1]
      [GC Worker Start (ms):  30469291.8]
      [Ext Root Scanning (ms):  2.5]
      [Update RS (ms):  5.1]
         [Processed Buffers:  38]
      [Scan RS (ms):  5.9]
      [Code Root Scanning (ms):  0.0]
      [Object Copy (ms):  40.5]
      [Termination (ms):  0.0]
         [Termination Attempts:  1]
      [GC Worker Other (ms):  0.0]
      [GC Worker Total (ms):  54.0]
      [GC Worker End (ms):  30469345.7]
   [Code Root Fixup: 0.0 ms]
   [Code Root Purge: 0.0 ms]
   [Clear CT: 0.1 ms]
   [Other: 0.6 ms]
      [Choose CSet: 0.0 ms]
      [Ref Proc: 0.2 ms]
      [Ref Enq: 0.0 ms]
      [Redirty Cards: 0.1 ms]
      [Humongous Register: 0.0 ms]
      [Humongous Reclaim: 0.0 ms]
      [Free CSet: 0.0 ms]
   [Eden: 22.0M(22.0M)->0.0B(21.0M) Survivors: 3072.0K->4096.0K Heap: 195.5M(512.0M)->174.5M(512.0M)]
 [Times: user=0.05 sys=0.00, real=0.06 secs] 
2019-04-03T02:01:43.094+0900: 30579.413: [GC pause (G1 Evacuation Pause) (young), 0.0403574 secs]
   [Parallel Time: 39.4 ms, GC Workers: 1]
      [GC Worker Start (ms):  30579413.5]
      [Ext Root Scanning (ms):  3.4]
      [Update RS (ms):  5.0]
         [Processed Buffers:  38]
      [Scan RS (ms):  7.2]
      [Code Root Scanning (ms):  0.0]
      [Object Copy (ms):  23.7]
      [Termination (ms):  0.0]
         [Termination Attempts:  1]
      [GC Worker Other (ms):  0.0]
      [GC Worker Total (ms):  39.3]
      [GC Worker End (ms):  30579452.8]
   [Code Root Fixup: 0.0 ms]
   [Code Root Purge: 0.0 ms]
   [Clear CT: 0.1 ms]
   [Other: 0.9 ms]
      [Choose CSet: 0.0 ms]
      [Ref Proc: 0.1 ms]
      [Ref Enq: 0.0 ms]
      [Redirty Cards: 0.1 ms]
      [Humongous Register: 0.0 ms]
      [Humongous Reclaim: 0.0 ms]
      [Free CSet: 0.1 ms]
   [Eden: 21.0M(21.0M)->0.0B(22.0M) Survivors: 4096.0K->3072.0K Heap: 195.5M(512.0M)->174.2M(512.0M)]
 [Times: user=0.04 sys=0.00, real=0.05 secs] 
2019-04-03T02:03:38.666+0900: 30694.985: [GC pause (G1 Evacuation Pause) (young), 0.0478090 secs]
   [Parallel Time: 47.0 ms, GC Workers: 1]
      [GC Worker Start (ms):  30694985.0]
      [Ext Root Scanning (ms):  2.5]
      [Update RS (ms):  6.1]
         [Processed Buffers:  40]
      [Scan RS (ms):  7.4]
      [Code Root Scanning (ms):  0.0]
      [Object Copy (ms):  30.9]
      [Termination (ms):  0.0]
         [Termination Attempts:  1]
      [GC Worker Other (ms):  0.0]
      [GC Worker Total (ms):  47.0]
      [GC Worker End (ms):  30695031.9]
   [Code Root Fixup: 0.0 ms]
   [Code Root Purge: 0.0 ms]
   [Clear CT: 0.1 ms]
   [Other: 0.7 ms]
      [Choose CSet: 0.0 ms]
      [Ref Proc: 0.3 ms]
      [Ref Enq: 0.0 ms]
      [Redirty Cards: 0.1 ms]
      [Humongous Register: 0.0 ms]
      [Humongous Reclaim: 0.0 ms]
      [Free CSet: 0.0 ms]
   [Eden: 22.0M(22.0M)->0.0B(21.0M) Survivors: 3072.0K->4096.0K Heap: 196.2M(512.0M)->175.2M(512.0M)]
 [Times: user=0.04 sys=0.00, real=0.04 secs] 
2019-04-03T02:05:30.040+0900: 30806.359: [GC pause (G1 Evacuation Pause) (young), 0.0624413 secs]
   [Parallel Time: 61.6 ms, GC Workers: 1]
      [GC Worker Start (ms):  30806359.0]
      [Ext Root Scanning (ms):  2.6]
      [Update RS (ms):  5.1]
         [Processed Buffers:  37]
      [Scan RS (ms):  6.7]
      [Code Root Scanning (ms):  0.0]
      [Object Copy (ms):  47.1]
      [Termination (ms):  0.0]
         [Termination Attempts:  1]
      [GC Worker Other (ms):  0.0]
      [GC Worker Total (ms):  61.5]
      [GC Worker End (ms):  30806420.5]
   [Code Root Fixup: 0.0 ms]
   [Code Root Purge: 0.0 ms]
   [Clear CT: 0.1 ms]
   [Other: 0.7 ms]
      [Choose CSet: 0.0 ms]
      [Ref Proc: 0.3 ms]
      [Ref Enq: 0.0 ms]
      [Redirty Cards: 0.1 ms]
      [Humongous Register: 0.0 ms]
      [Humongous Reclaim: 0.0 ms]
      [Free CSet: 0.0 ms]
   [Eden: 21.0M(21.0M)->0.0B(21.0M) Survivors: 4096.0K->4096.0K Heap: 196.2M(512.0M)->176.2M(512.0M)]
 [Times: user=0.05 sys=0.00, real=0.06 secs] 
2019-04-03T02:07:18.564+0900: 30914.882: [GC pause (G1 Evacuation Pause) (young), 0.0547992 secs]
   [Parallel Time: 54.0 ms, GC Workers: 1]
      [GC Worker Start (ms):  30914882.3]
      [Ext Root Scanning (ms):  2.5]
      [Update RS (ms):  5.3]
         [Processed Buffers:  36]
      [Scan RS (ms):  6.4]
      [Code Root Scanning (ms):  0.0]
      [Object Copy (ms):  39.7]
      [Termination (ms):  0.0]
         [Termination Attempts:  1]
      [GC Worker Other (ms):  0.0]
      [GC Worker Total (ms):  53.9]
      [GC Worker End (ms):  30914936.3]
   [Code Root Fixup: 0.0 ms]
   [Code Root Purge: 0.0 ms]
   [Clear CT: 0.1 ms]
   [Other: 0.7 ms]
      [Choose CSet: 0.0 ms]
      [Ref Proc: 0.3 ms]
      [Ref Enq: 0.0 ms]
      [Redirty Cards: 0.1 ms]
      [Humongous Register: 0.0 ms]
      [Humongous Reclaim: 0.0 ms]
      [Free CSet: 0.0 ms]
   [Eden: 21.0M(21.0M)->0.0B(21.0M) Survivors: 4096.0K->4096.0K Heap: 197.2M(512.0M)->177.5M(512.0M)]
 [Times: user=0.06 sys=0.00, real=0.06 secs] 
2019-04-03T02:09:07.791+0900: 31024.110: [GC pause (G1 Evacuation Pause) (young), 0.0363774 secs]
   [Parallel Time: 35.8 ms, GC Workers: 1]
      [GC Worker Start (ms):  31024109.8]
      [Ext Root Scanning (ms):  2.6]
      [Update RS (ms):  4.8]
         [Processed Buffers:  36]
      [Scan RS (ms):  7.2]
      [Code Root Scanning (ms):  0.0]
      [Object Copy (ms):  21.1]
      [Termination (ms):  0.0]
         [Termination Attempts:  1]
      [GC Worker Other (ms):  0.0]
      [GC Worker Total (ms):  35.7]
      [GC Worker End (ms):  31024145.5]
   [Code Root Fixup: 0.0 ms]
   [Code Root Purge: 0.0 ms]
   [Clear CT: 0.0 ms]
   [Other: 0.6 ms]
      [Choose CSet: 0.0 ms]
      [Ref Proc: 0.1 ms]
      [Ref Enq: 0.0 ms]
      [Redirty Cards: 0.1 ms]
      [Humongous Register: 0.0 ms]
      [Humongous Reclaim: 0.0 ms]
      [Free CSet: 0.0 ms]
   [Eden: 21.0M(21.0M)->0.0B(22.0M) Survivors: 4096.0K->3072.0K Heap: 198.5M(512.0M)->177.0M(512.0M)]
 [Times: user=0.03 sys=0.00, real=0.04 secs] 
2019-04-03T02:11:04.961+0900: 31141.280: [GC pause (G1 Evacuation Pause) (young), 0.0438459 secs]
   [Parallel Time: 43.0 ms, GC Workers: 1]
      [GC Worker Start (ms):  31141279.7]
      [Ext Root Scanning (ms):  2.6]
      [Update RS (ms):  4.9]
         [Processed Buffers:  34]
      [Scan RS (ms):  7.4]
      [Code Root Scanning (ms):  0.0]
      [Object Copy (ms):  28.0]
      [Termination (ms):  0.0]
         [Termination Attempts:  1]
      [GC Worker Other (ms):  0.0]
      [GC Worker Total (ms):  43.0]
      [GC Worker End (ms):  31141322.7]
   [Code Root Fixup: 0.0 ms]
   [Code Root Purge: 0.0 ms]
   [Clear CT: 0.1 ms]
   [Other: 0.7 ms]
      [Choose CSet: 0.0 ms]
      [Ref Proc: 0.3 ms]
      [Ref Enq: 0.0 ms]
      [Redirty Cards: 0.1 ms]
      [Humongous Register: 0.0 ms]
      [Humongous Reclaim: 0.0 ms]
      [Free CSet: 0.0 ms]
   [Eden: 22.0M(22.0M)->0.0B(21.0M) Survivors: 3072.0K->4096.0K Heap: 199.0M(512.0M)->178.0M(512.0M)]
 [Times: user=0.05 sys=0.00, real=0.04 secs] 
2019-04-03T02:12:54.513+0900: 31250.831: [GC pause (G1 Evacuation Pause) (young), 0.0518843 secs]
   [Parallel Time: 51.3 ms, GC Workers: 1]
      [GC Worker Start (ms):  31250831.7]
      [Ext Root Scanning (ms):  2.5]
      [Update RS (ms):  6.2]
         [Processed Buffers:  39]
      [Scan RS (ms):  5.9]
      [Code Root Scanning (ms):  0.0]
      [Object Copy (ms):  36.5]
      [Termination (ms):  0.0]
         [Termination Attempts:  1]
      [GC Worker Other (ms):  0.0]
      [GC Worker Total (ms):  51.1]
      [GC Worker End (ms):  31250882.8]
   [Code Root Fixup: 0.0 ms]
   [Code Root Purge: 0.0 ms]
   [Clear CT: 0.0 ms]
   [Other: 0.5 ms]
      [Choose CSet: 0.0 ms]
      [Ref Proc: 0.1 ms]
      [Ref Enq: 0.0 ms]
      [Redirty Cards: 0.1 ms]
      [Humongous Register: 0.0 ms]
      [Humongous Reclaim: 0.0 ms]
      [Free CSet: 0.0 ms]
   [Eden: 21.0M(21.0M)->0.0B(21.0M) Survivors: 4096.0K->4096.0K Heap: 199.0M(512.0M)->179.1M(512.0M)]
 [Times: user=0.05 sys=0.00, real=0.06 secs] 
2019-04-03T02:14:43.530+0900: 31359.849: [GC pause (G1 Evacuation Pause) (young), 0.1022125 secs]
   [Parallel Time: 101.6 ms, GC Workers: 1]
      [GC Worker Start (ms):  31359848.7]
      [Ext Root Scanning (ms):  2.5]
      [Update RS (ms):  5.3]
         [Processed Buffers:  36]
      [Scan RS (ms):  57.0]
      [Code Root Scanning (ms):  0.0]
      [Object Copy (ms):  36.7]
      [Termination (ms):  0.0]
         [Termination Attempts:  1]
      [GC Worker Other (ms):  0.0]
      [GC Worker Total (ms):  101.5]
      [GC Worker End (ms):  31359950.2]
   [Code Root Fixup: 0.0 ms]
   [Code Root Purge: 0.0 ms]
   [Clear CT: 0.1 ms]
   [Other: 0.5 ms]
      [Choose CSet: 0.0 ms]
      [Ref Proc: 0.1 ms]
      [Ref Enq: 0.0 ms]
      [Redirty Cards: 0.1 ms]
      [Humongous Register: 0.0 ms]
      [Humongous Reclaim: 0.0 ms]
      [Free CSet: 0.0 ms]
   [Eden: 21.0M(21.0M)->0.0B(21.0M) Survivors: 4096.0K->4096.0K Heap: 200.1M(512.0M)->180.5M(512.0M)]
 [Times: user=0.06 sys=0.00, real=0.10 secs] 
2019-04-03T02:16:35.111+0900: 31471.430: [GC pause (G1 Evacuation Pause) (young), 0.0670565 secs]
   [Parallel Time: 66.3 ms, GC Workers: 1]
      [GC Worker Start (ms):  31471429.8]
      [Ext Root Scanning (ms):  2.5]
      [Update RS (ms):  6.2]
         [Processed Buffers:  35]
      [Scan RS (ms):  9.8]
      [Code Root Scanning (ms):  0.0]
      [Object Copy (ms):  47.1]
      [Termination (ms):  0.0]
         [Termination Attempts:  1]
      [GC Worker Other (ms):  0.0]
      [GC Worker Total (ms):  65.6]
      [GC Worker End (ms):  31471495.4]
   [Code Root Fixup: 0.0 ms]
   [Code Root Purge: 0.0 ms]
   [Clear CT: 0.1 ms]
   [Other: 0.7 ms]
      [Choose CSet: 0.0 ms]
      [Ref Proc: 0.2 ms]
      [Ref Enq: 0.0 ms]
      [Redirty Cards: 0.1 ms]
      [Humongous Register: 0.0 ms]
      [Humongous Reclaim: 0.1 ms]
      [Free CSet: 0.0 ms]
   [Eden: 21.0M(21.0M)->0.0B(21.0M) Survivors: 4096.0K->4096.0K Heap: 201.5M(512.0M)->181.9M(512.0M)]
 [Times: user=0.07 sys=0.00, real=0.07 secs] 
2019-04-03T02:18:25.499+0900: 31581.818: [GC pause (G1 Evacuation Pause) (young) (initial-mark), 0.0487869 secs]
   [Parallel Time: 48.0 ms, GC Workers: 1]
      [GC Worker Start (ms):  31581818.1]
      [Ext Root Scanning (ms):  4.7]
      [Update RS (ms):  19.4]
         [Processed Buffers:  53]
      [Scan RS (ms):  0.5]
      [Code Root Scanning (ms):  0.0]
      [Object Copy (ms):  23.3]
      [Termination (ms):  0.0]
         [Termination Attempts:  1]
      [GC Worker Other (ms):  0.0]
      [GC Worker Total (ms):  47.8]
      [GC Worker End (ms):  31581866.0]
   [Code Root Fixup: 0.0 ms]
   [Code Root Purge: 0.0 ms]
   [Clear CT: 0.0 ms]
   [Other: 0.8 ms]
      [Choose CSet: 0.0 ms]
      [Ref Proc: 0.2 ms]
      [Ref Enq: 0.0 ms]
      [Redirty Cards: 0.1 ms]
      [Humongous Register: 0.0 ms]
      [Humongous Reclaim: 0.0 ms]
      [Free CSet: 0.0 ms]
   [Eden: 21.0M(21.0M)->0.0B(22.0M) Survivors: 4096.0K->3072.0K Heap: 202.9M(512.0M)->181.4M(512.0M)]
 [Times: user=0.04 sys=0.00, real=0.05 secs] 
2019-04-03T02:18:25.548+0900: 31581.867: [GC concurrent-root-region-scan-start]
2019-04-03T02:18:25.617+0900: 31581.936: [GC concurrent-root-region-scan-end, 0.0687947 secs]
2019-04-03T02:18:25.617+0900: 31581.936: [GC concurrent-mark-start]
2019-04-03T02:18:25.700+0900: 31582.018: [GC concurrent-mark-end, 0.0825615 secs]
2019-04-03T02:18:25.700+0900: 31582.019: [GC remark 2019-04-03T02:18:25.700+0900: 31582.019: [Finalize Marking, 0.0005116 secs] 2019-04-03T02:18:25.701+0900: 31582.019: [GC ref-proc, 0.0010163 secs] 2019-04-03T02:18:25.702+0900: 31582.020: [Unloading, 0.0442064 secs], 0.0492969 secs]
 [Times: user=0.04 sys=0.00, real=0.05 secs] 
2019-04-03T02:18:25.752+0900: 31582.070: [GC cleanup 181M->180M(512M), 0.0019895 secs]
 [Times: user=0.00 sys=0.00, real=0.00 secs] 
2019-04-03T02:18:25.754+0900: 31582.073: [GC concurrent-cleanup-start]
2019-04-03T02:18:25.754+0900: 31582.073: [GC concurrent-cleanup-end, 0.0000262 secs]
2019-04-03T02:20:20.480+0900: 31696.799: [GC pause (G1 Evacuation Pause) (young), 0.0398955 secs]
   [Parallel Time: 39.2 ms, GC Workers: 1]
      [GC Worker Start (ms):  31696798.7]
      [Ext Root Scanning (ms):  2.7]
      [Update RS (ms):  3.8]
         [Processed Buffers:  36]
      [Scan RS (ms):  7.8]
      [Code Root Scanning (ms):  0.0]
      [Object Copy (ms):  24.8]
      [Termination (ms):  0.0]
         [Termination Attempts:  1]
      [GC Worker Other (ms):  0.0]
      [GC Worker Total (ms):  39.1]
      [GC Worker End (ms):  31696837.8]
   [Code Root Fixup: 0.0 ms]
   [Code Root Purge: 0.0 ms]
   [Clear CT: 0.2 ms]
   [Other: 0.6 ms]
      [Choose CSet: 0.0 ms]
      [Ref Proc: 0.1 ms]
      [Ref Enq: 0.0 ms]
      [Redirty Cards: 0.1 ms]
      [Humongous Register: 0.0 ms]
      [Humongous Reclaim: 0.0 ms]
      [Free CSet: 0.0 ms]
   [Eden: 22.0M(22.0M)->0.0B(21.0M) Survivors: 3072.0K->4096.0K Heap: 202.4M(512.0M)->181.4M(512.0M)]
 [Times: user=0.04 sys=0.00, real=0.04 secs] 
2019-04-03T02:22:08.734+0900: 31805.052: [GC pause (G1 Evacuation Pause) (mixed), 0.0637753 secs]
   [Parallel Time: 63.0 ms, GC Workers: 1]
      [GC Worker Start (ms):  31805052.4]
      [Ext Root Scanning (ms):  2.7]
      [Update RS (ms):  5.2]
         [Processed Buffers:  36]
      [Scan RS (ms):  7.4]
      [Code Root Scanning (ms):  0.0]
      [Object Copy (ms):  47.6]
      [Termination (ms):  0.0]
         [Termination Attempts:  1]
      [GC Worker Other (ms):  0.0]
      [GC Worker Total (ms):  62.9]
      [GC Worker End (ms):  31805115.4]
   [Code Root Fixup: 0.0 ms]
   [Code Root Purge: 0.0 ms]
   [Clear CT: 0.1 ms]
   [Other: 0.7 ms]
      [Choose CSet: 0.0 ms]
      [Ref Proc: 0.3 ms]
      [Ref Enq: 0.0 ms]
      [Redirty Cards: 0.1 ms]
      [Humongous Register: 0.0 ms]
      [Humongous Reclaim: 0.0 ms]
      [Free CSet: 0.1 ms]
   [Eden: 21.0M(21.0M)->0.0B(21.0M) Survivors: 4096.0K->4096.0K Heap: 202.4M(512.0M)->176.3M(512.0M)]
 [Times: user=0.05 sys=0.00, real=0.07 secs] 
2019-04-03T02:24:01.114+0900: 31917.432: [GC pause (G1 Evacuation Pause) (mixed), 0.0558815 secs]
   [Parallel Time: 54.9 ms, GC Workers: 1]
      [GC Worker Start (ms):  31917432.5]
      [Ext Root Scanning (ms):  3.1]
      [Update RS (ms):  5.7]
         [Processed Buffers:  38]
      [Scan RS (ms):  10.1]
      [Code Root Scanning (ms):  1.0]
      [Object Copy (ms):  34.8]
      [Termination (ms):  0.0]
         [Termination Attempts:  1]
      [GC Worker Other (ms):  0.0]
      [GC Worker Total (ms):  54.9]
      [GC Worker End (ms):  31917487.3]
   [Code Root Fixup: 0.2 ms]
   [Code Root Purge: 0.0 ms]
   [Clear CT: 0.1 ms]
   [Other: 0.7 ms]
      [Choose CSet: 0.0 ms]
      [Ref Proc: 0.2 ms]
      [Ref Enq: 0.0 ms]
      [Redirty Cards: 0.1 ms]
      [Humongous Register: 0.0 ms]
      [Humongous Reclaim: 0.0 ms]
      [Free CSet: 0.1 ms]
   [Eden: 21.0M(21.0M)->0.0B(21.0M) Survivors: 4096.0K->4096.0K Heap: 197.3M(512.0M)->171.5M(512.0M)]
 [Times: user=0.06 sys=0.00, real=0.06 secs] 
2019-04-03T02:25:49.032+0900: 32025.350: [GC pause (G1 Evacuation Pause) (mixed), 0.0410943 secs]
   [Parallel Time: 40.2 ms, GC Workers: 1]
      [GC Worker Start (ms):  32025350.3]
      [Ext Root Scanning (ms):  2.6]
      [Update RS (ms):  5.0]
         [Processed Buffers:  35]
      [Scan RS (ms):  9.7]
      [Code Root Scanning (ms):  0.0]
      [Object Copy (ms):  22.8]
      [Termination (ms):  0.0]
         [Termination Attempts:  1]
      [GC Worker Other (ms):  0.0]
      [GC Worker Total (ms):  40.1]
      [GC Worker End (ms):  32025390.4]
   [Code Root Fixup: 0.0 ms]
   [Code Root Purge: 0.0 ms]
   [Clear CT: 0.2 ms]
   [Other: 0.6 ms]
      [Choose CSet: 0.0 ms]
      [Ref Proc: 0.2 ms]
      [Ref Enq: 0.0 ms]
      [Redirty Cards: 0.1 ms]
      [Humongous Register: 0.0 ms]
      [Humongous Reclaim: 0.0 ms]
      [Free CSet: 0.1 ms]
   [Eden: 21.0M(21.0M)->0.0B(22.0M) Survivors: 4096.0K->3072.0K Heap: 192.5M(512.0M)->169.0M(512.0M)]
 [Times: user=0.04 sys=0.00, real=0.04 secs] 
2019-04-03T02:27:43.540+0900: 32139.859: [GC pause (G1 Evacuation Pause) (young), 0.0465654 secs]
   [Parallel Time: 45.8 ms, GC Workers: 1]
      [GC Worker Start (ms):  32139858.9]
      [Ext Root Scanning (ms):  2.6]
      [Update RS (ms):  5.2]
         [Processed Buffers:  35]
      [Scan RS (ms):  8.4]
      [Code Root Scanning (ms):  0.0]
      [Object Copy (ms):  29.4]
      [Termination (ms):  0.0]
         [Termination Attempts:  1]
      [GC Worker Other (ms):  0.0]
      [GC Worker Total (ms):  45.7]
      [GC Worker End (ms):  32139904.6]
   [Code Root Fixup: 0.0 ms]
   [Code Root Purge: 0.0 ms]
   [Clear CT: 0.1 ms]
   [Other: 0.7 ms]
      [Choose CSet: 0.0 ms]
      [Ref Proc: 0.2 ms]
      [Ref Enq: 0.0 ms]
      [Redirty Cards: 0.1 ms]
      [Humongous Register: 0.0 ms]
      [Humongous Reclaim: 0.0 ms]
      [Free CSet: 0.0 ms]
   [Eden: 22.0M(22.0M)->0.0B(22.0M) Survivors: 3072.0K->3072.0K Heap: 191.0M(512.0M)->169.5M(512.0M)]
 [Times: user=0.05 sys=0.00, real=0.05 secs] 
2019-04-03T02:29:37.991+0900: 32254.310: [GC pause (G1 Evacuation Pause) (young), 0.0505742 secs]
   [Parallel Time: 49.9 ms, GC Workers: 1]
      [GC Worker Start (ms):  32254310.2]
      [Ext Root Scanning (ms):  2.6]
      [Update RS (ms):  4.9]
         [Processed Buffers:  36]
      [Scan RS (ms):  6.9]
      [Code Root Scanning (ms):  0.0]
      [Object Copy (ms):  35.4]
      [Termination (ms):  0.0]
         [Termination Attempts:  1]
      [GC Worker Other (ms):  0.0]
      [GC Worker Total (ms):  49.8]
      [GC Worker End (ms):  32254360.0]
   [Code Root Fixup: 0.0 ms]
   [Code Root Purge: 0.0 ms]
   [Clear CT: 0.1 ms]
   [Other: 0.6 ms]
      [Choose CSet: 0.0 ms]
      [Ref Proc: 0.1 ms]
      [Ref Enq: 0.0 ms]
      [Redirty Cards: 0.1 ms]
      [Humongous Register: 0.0 ms]
      [Humongous Reclaim: 0.0 ms]
      [Free CSet: 0.0 ms]
   [Eden: 22.0M(22.0M)->0.0B(21.0M) Survivors: 3072.0K->4096.0K Heap: 191.5M(512.0M)->170.9M(512.0M)]
 [Times: user=0.05 sys=0.00, real=0.05 secs] 
2019-04-03T02:31:30.238+0900: 32366.557: [GC pause (G1 Evacuation Pause) (young), 0.0536984 secs]
   [Parallel Time: 53.0 ms, GC Workers: 1]
      [GC Worker Start (ms):  32366557.0]
      [Ext Root Scanning (ms):  2.6]
      [Update RS (ms):  4.7]
         [Processed Buffers:  37]
      [Scan RS (ms):  7.2]
      [Code Root Scanning (ms):  0.0]
      [Object Copy (ms):  38.4]
      [Termination (ms):  0.0]
         [Termination Attempts:  1]
      [GC Worker Other (ms):  0.1]
      [GC Worker Total (ms):  53.0]
      [GC Worker End (ms):  32366610.0]
   [Code Root Fixup: 0.0 ms]
   [Code Root Purge: 0.0 ms]
   [Clear CT: 0.1 ms]
   [Other: 0.6 ms]
      [Choose CSet: 0.0 ms]
      [Ref Proc: 0.1 ms]
      [Ref Enq: 0.0 ms]
      [Redirty Cards: 0.1 ms]
      [Humongous Register: 0.0 ms]
      [Humongous Reclaim: 0.0 ms]
      [Free CSet: 0.0 ms]
   [Eden: 21.0M(21.0M)->0.0B(22.0M) Survivors: 4096.0K->3072.0K Heap: 191.9M(512.0M)->172.0M(512.0M)]
 [Times: user=0.05 sys=0.00, real=0.05 secs] 
2019-04-03T02:33:02.250+0900: 32458.568: [GC pause (G1 Evacuation Pause) (young), 0.1045330 secs]
   [Parallel Time: 103.8 ms, GC Workers: 1]
      [GC Worker Start (ms):  32458568.5]
      [Ext Root Scanning (ms):  2.3]
      [Update RS (ms):  6.9]
         [Processed Buffers:  49]
      [Scan RS (ms):  16.2]
      [Code Root Scanning (ms):  0.0]
      [Object Copy (ms):  78.0]
      [Termination (ms):  0.0]
         [Termination Attempts:  1]
      [GC Worker Other (ms):  0.1]
      [GC Worker Total (ms):  103.5]
      [GC Worker End (ms):  32458672.1]
   [Code Root Fixup: 0.0 ms]
   [Code Root Purge: 0.0 ms]
   [Clear CT: 0.1 ms]
   [Other: 0.7 ms]
      [Choose CSet: 0.0 ms]
      [Ref Proc: 0.2 ms]
      [Ref Enq: 0.0 ms]
      [Redirty Cards: 0.1 ms]
      [Humongous Register: 0.0 ms]
      [Humongous Reclaim: 0.0 ms]
      [Free CSet: 0.1 ms]
   [Eden: 22.0M(22.0M)->0.0B(21.0M) Survivors: 3072.0K->4096.0K Heap: 194.0M(512.0M)->176.5M(512.0M)]
 [Times: user=0.09 sys=0.00, real=0.10 secs] 
2019-04-03T02:34:50.764+0900: 32567.083: [GC pause (G1 Evacuation Pause) (young), 0.0521869 secs]
   [Parallel Time: 51.5 ms, GC Workers: 1]
      [GC Worker Start (ms):  32567082.9]
      [Ext Root Scanning (ms):  2.6]
      [Update RS (ms):  6.2]
         [Processed Buffers:  47]
      [Scan RS (ms):  10.2]
      [Code Root Scanning (ms):  0.0]
      [Object Copy (ms):  32.4]
      [Termination (ms):  0.0]
         [Termination Attempts:  1]
      [GC Worker Other (ms):  0.0]
      [GC Worker Total (ms):  51.4]
      [GC Worker End (ms):  32567134.3]
   [Code Root Fixup: 0.0 ms]
   [Code Root Purge: 0.0 ms]
   [Clear CT: 0.1 ms]
   [Other: 0.6 ms]
      [Choose CSet: 0.0 ms]
      [Ref Proc: 0.1 ms]
      [Ref Enq: 0.0 ms]
      [Redirty Cards: 0.1 ms]
      [Humongous Register: 0.0 ms]
      [Humongous Reclaim: 0.0 ms]
      [Free CSet: 0.0 ms]
   [Eden: 21.0M(21.0M)->0.0B(23.0M) Survivors: 4096.0K->2048.0K Heap: 197.5M(512.0M)->177.0M(512.0M)]
 [Times: user=0.05 sys=0.00, real=0.06 secs] 
2019-04-03T02:36:51.842+0900: 32688.160: [GC pause (G1 Evacuation Pause) (young), 0.0324489 secs]
   [Parallel Time: 31.7 ms, GC Workers: 1]
      [GC Worker Start (ms):  32688160.3]
      [Ext Root Scanning (ms):  2.6]
      [Update RS (ms):  4.9]
         [Processed Buffers:  43]
      [Scan RS (ms):  5.8]
      [Code Root Scanning (ms):  0.0]
      [Object Copy (ms):  18.3]
      [Termination (ms):  0.0]
         [Termination Attempts:  1]
      [GC Worker Other (ms):  0.0]
      [GC Worker Total (ms):  31.6]
      [GC Worker End (ms):  32688191.9]
   [Code Root Fixup: 0.0 ms]
   [Code Root Purge: 0.0 ms]
   [Clear CT: 0.2 ms]
   [Other: 0.6 ms]
      [Choose CSet: 0.0 ms]
      [Ref Proc: 0.2 ms]
      [Ref Enq: 0.0 ms]
      [Redirty Cards: 0.1 ms]
      [Humongous Register: 0.0 ms]
      [Humongous Reclaim: 0.0 ms]
      [Free CSet: 0.0 ms]
   [Eden: 23.0M(23.0M)->0.0B(22.0M) Survivors: 2048.0K->3072.0K Heap: 200.0M(512.0M)->178.0M(512.0M)]
 [Times: user=0.04 sys=0.00, real=0.03 secs] 
2019-04-03T02:38:46.020+0900: 32802.338: [GC pause (G1 Evacuation Pause) (young), 0.0404701 secs]
   [Parallel Time: 39.6 ms, GC Workers: 1]
      [GC Worker Start (ms):  32802338.6]
      [Ext Root Scanning (ms):  2.4]
      [Update RS (ms):  2.4]
         [Processed Buffers:  35]
      [Scan RS (ms):  5.9]
      [Code Root Scanning (ms):  0.0]
      [Object Copy (ms):  28.8]
      [Termination (ms):  0.0]
         [Termination Attempts:  1]
      [GC Worker Other (ms):  0.0]
      [GC Worker Total (ms):  39.6]
      [GC Worker End (ms):  32802378.1]
   [Code Root Fixup: 0.0 ms]
   [Code Root Purge: 0.0 ms]
   [Clear CT: 0.1 ms]
   [Other: 0.8 ms]
      [Choose CSet: 0.0 ms]
      [Ref Proc: 0.2 ms]
      [Ref Enq: 0.0 ms]
      [Redirty Cards: 0.1 ms]
      [Humongous Register: 0.0 ms]
      [Humongous Reclaim: 0.0 ms]
      [Free CSet: 0.0 ms]
   [Eden: 22.0M(22.0M)->0.0B(21.0M) Survivors: 3072.0K->4096.0K Heap: 200.0M(512.0M)->179.0M(512.0M)]
 [Times: user=0.04 sys=0.00, real=0.04 secs] 
2019-04-03T02:40:35.744+0900: 32912.063: [GC pause (G1 Evacuation Pause) (young), 0.0526316 secs]
   [Parallel Time: 51.9 ms, GC Workers: 1]
      [GC Worker Start (ms):  32912063.1]
      [Ext Root Scanning (ms):  2.4]
      [Update RS (ms):  2.9]
         [Processed Buffers:  35]
      [Scan RS (ms):  5.9]
      [Code Root Scanning (ms):  0.0]
      [Object Copy (ms):  40.5]
      [Termination (ms):  0.0]
         [Termination Attempts:  1]
      [GC Worker Other (ms):  0.0]
      [GC Worker Total (ms):  51.8]
      [GC Worker End (ms):  32912114.9]
   [Code Root Fixup: 0.0 ms]
   [Code Root Purge: 0.0 ms]
   [Clear CT: 0.1 ms]
   [Other: 0.7 ms]
      [Choose CSet: 0.0 ms]
      [Ref Proc: 0.1 ms]
      [Ref Enq: 0.0 ms]
      [Redirty Cards: 0.1 ms]
      [Humongous Register: 0.0 ms]
      [Humongous Reclaim: 0.0 ms]
      [Free CSet: 0.0 ms]
   [Eden: 21.0M(21.0M)->0.0B(22.0M) Survivors: 4096.0K->3072.0K Heap: 200.0M(512.0M)->179.9M(512.0M)]
 [Times: user=0.05 sys=0.00, real=0.06 secs] 
2019-04-03T02:42:33.650+0900: 33029.968: [GC pause (G1 Evacuation Pause) (young), 0.0313912 secs]
   [Parallel Time: 30.8 ms, GC Workers: 1]
      [GC Worker Start (ms):  33029968.6]
      [Ext Root Scanning (ms):  2.5]
      [Update RS (ms):  5.8]
         [Processed Buffers:  37]
      [Scan RS (ms):  5.9]
      [Code Root Scanning (ms):  0.0]
      [Object Copy (ms):  16.4]
      [Termination (ms):  0.0]
         [Termination Attempts:  1]
      [GC Worker Other (ms):  0.0]
      [GC Worker Total (ms):  30.7]
      [GC Worker End (ms):  33029999.3]
   [Code Root Fixup: 0.0 ms]
   [Code Root Purge: 0.0 ms]
   [Clear CT: 0.0 ms]
   [Other: 0.6 ms]
      [Choose CSet: 0.0 ms]
      [Ref Proc: 0.1 ms]
      [Ref Enq: 0.0 ms]
      [Redirty Cards: 0.1 ms]
      [Humongous Register: 0.0 ms]
      [Humongous Reclaim: 0.0 ms]
      [Free CSet: 0.0 ms]
   [Eden: 22.0M(22.0M)->0.0B(22.0M) Survivors: 3072.0K->3072.0K Heap: 201.9M(512.0M)->179.9M(512.0M)]
 [Times: user=0.03 sys=0.00, real=0.03 secs] 
2019-04-03T02:44:28.699+0900: 33145.017: [GC pause (G1 Evacuation Pause) (young), 0.0409995 secs]
   [Parallel Time: 40.3 ms, GC Workers: 1]
      [GC Worker Start (ms):  33145017.7]
      [Ext Root Scanning (ms):  2.5]
      [Update RS (ms):  4.9]
         [Processed Buffers:  36]
      [Scan RS (ms):  6.8]
      [Code Root Scanning (ms):  0.0]
      [Object Copy (ms):  25.9]
      [Termination (ms):  0.0]
         [Termination Attempts:  1]
      [GC Worker Other (ms):  0.0]
      [GC Worker Total (ms):  40.1]
      [GC Worker End (ms):  33145057.8]
   [Code Root Fixup: 0.0 ms]
   [Code Root Purge: 0.0 ms]
   [Clear CT: 0.1 ms]
   [Other: 0.6 ms]
      [Choose CSet: 0.0 ms]
      [Ref Proc: 0.2 ms]
      [Ref Enq: 0.0 ms]
      [Redirty Cards: 0.1 ms]
      [Humongous Register: 0.0 ms]
      [Humongous Reclaim: 0.0 ms]
      [Free CSet: 0.0 ms]
   [Eden: 22.0M(22.0M)->0.0B(21.0M) Survivors: 3072.0K->4096.0K Heap: 201.9M(512.0M)->180.9M(512.0M)]
 [Times: user=0.04 sys=0.00, real=0.04 secs] 
2019-04-03T02:46:17.986+0900: 33254.305: [GC pause (G1 Evacuation Pause) (young), 0.0494103 secs]
   [Parallel Time: 48.6 ms, GC Workers: 1]
      [GC Worker Start (ms):  33254304.8]
      [Ext Root Scanning (ms):  2.5]
      [Update RS (ms):  5.2]
         [Processed Buffers:  35]
      [Scan RS (ms):  5.0]
      [Code Root Scanning (ms):  0.0]
      [Object Copy (ms):  35.7]
      [Termination (ms):  0.0]
         [Termination Attempts:  1]
      [GC Worker Other (ms):  0.0]
      [GC Worker Total (ms):  48.5]
      [GC Worker End (ms):  33254353.4]
   [Code Root Fixup: 0.0 ms]
   [Code Root Purge: 0.0 ms]
   [Clear CT: 0.1 ms]
   [Other: 0.7 ms]
      [Choose CSet: 0.0 ms]
      [Ref Proc: 0.2 ms]
      [Ref Enq: 0.0 ms]
      [Redirty Cards: 0.1 ms]
      [Humongous Register: 0.1 ms]
      [Humongous Reclaim: 0.0 ms]
      [Free CSet: 0.0 ms]
   [Eden: 21.0M(21.0M)->0.0B(21.0M) Survivors: 4096.0K->4096.0K Heap: 201.9M(512.0M)->181.9M(512.0M)]
 [Times: user=0.05 sys=0.00, real=0.05 secs] 
2019-04-03T02:48:06.741+0900: 33363.059: [GC pause (G1 Evacuation Pause) (young) (initial-mark), 0.0539950 secs]
   [Parallel Time: 53.4 ms, GC Workers: 1]
      [GC Worker Start (ms):  33363059.3]
      [Ext Root Scanning (ms):  3.4]
      [Update RS (ms):  5.0]
         [Processed Buffers:  35]
      [Scan RS (ms):  6.6]
      [Code Root Scanning (ms):  0.0]
      [Object Copy (ms):  38.3]
      [Termination (ms):  0.0]
         [Termination Attempts:  1]
      [GC Worker Other (ms):  0.0]
      [GC Worker Total (ms):  53.3]
      [GC Worker End (ms):  33363112.7]
   [Code Root Fixup: 0.0 ms]
   [Code Root Purge: 0.0 ms]
   [Clear CT: 0.0 ms]
   [Other: 0.5 ms]
      [Choose CSet: 0.0 ms]
      [Ref Proc: 0.1 ms]
      [Ref Enq: 0.0 ms]
      [Redirty Cards: 0.1 ms]
      [Humongous Register: 0.0 ms]
      [Humongous Reclaim: 0.0 ms]
      [Free CSet: 0.0 ms]
   [Eden: 21.0M(21.0M)->0.0B(21.0M) Survivors: 4096.0K->4096.0K Heap: 202.9M(512.0M)->183.0M(512.0M)]
 [Times: user=0.05 sys=0.00, real=0.05 secs] 
2019-04-03T02:48:06.795+0900: 33363.113: [GC concurrent-root-region-scan-start]
2019-04-03T02:48:06.818+0900: 33363.137: [GC concurrent-root-region-scan-end, 0.0235338 secs]
2019-04-03T02:48:06.819+0900: 33363.137: [GC concurrent-mark-start]
2019-04-03T02:48:06.911+0900: 33363.229: [GC concurrent-mark-end, 0.0921935 secs]
2019-04-03T02:48:06.911+0900: 33363.230: [GC remark 2019-04-03T02:48:06.911+0900: 33363.230: [Finalize Marking, 0.0004002 secs] 2019-04-03T02:48:06.912+0900: 33363.230: [GC ref-proc, 0.0009728 secs] 2019-04-03T02:48:06.913+0900: 33363.231: [Unloading, 0.0333146 secs], 0.0385468 secs]
 [Times: user=0.04 sys=0.00, real=0.04 secs] 
2019-04-03T02:48:06.950+0900: 33363.269: [GC cleanup 183M->183M(512M), 0.0028328 secs]
 [Times: user=0.00 sys=0.00, real=0.00 secs] 
2019-04-03T02:49:57.973+0900: 33474.292: [GC pause (G1 Evacuation Pause) (young), 0.0562486 secs]
   [Parallel Time: 55.4 ms, GC Workers: 1]
      [GC Worker Start (ms):  33474292.1]
      [Ext Root Scanning (ms):  2.5]
      [Update RS (ms):  4.1]
         [Processed Buffers:  37]
      [Scan RS (ms):  7.6]
      [Code Root Scanning (ms):  0.0]
      [Object Copy (ms):  41.2]
      [Termination (ms):  0.0]
         [Termination Attempts:  1]
      [GC Worker Other (ms):  0.0]
      [GC Worker Total (ms):  55.3]
      [GC Worker End (ms):  33474347.4]
   [Code Root Fixup: 0.0 ms]
   [Code Root Purge: 0.0 ms]
   [Clear CT: 0.1 ms]
   [Other: 0.8 ms]
      [Choose CSet: 0.0 ms]
      [Ref Proc: 0.2 ms]
      [Ref Enq: 0.0 ms]
      [Redirty Cards: 0.1 ms]
      [Humongous Register: 0.0 ms]
      [Humongous Reclaim: 0.0 ms]
      [Free CSet: 0.0 ms]
   [Eden: 21.0M(21.0M)->0.0B(21.0M) Survivors: 4096.0K->4096.0K Heap: 204.0M(512.0M)->184.3M(512.0M)]
 [Times: user=0.06 sys=0.00, real=0.06 secs] 
2019-04-03T02:51:47.230+0900: 33583.549: [GC pause (G1 Evacuation Pause) (mixed), 0.0398662 secs]
   [Parallel Time: 39.1 ms, GC Workers: 1]
      [GC Worker Start (ms):  33583549.0]
      [Ext Root Scanning (ms):  2.6]
      [Update RS (ms):  4.3]
         [Processed Buffers:  36]
      [Scan RS (ms):  8.5]
      [Code Root Scanning (ms):  0.0]
      [Object Copy (ms):  23.6]
      [Termination (ms):  0.0]
         [Termination Attempts:  1]
      [GC Worker Other (ms):  0.0]
      [GC Worker Total (ms):  38.9]
      [GC Worker End (ms):  33583587.9]
   [Code Root Fixup: 0.0 ms]
   [Code Root Purge: 0.0 ms]
   [Clear CT: 0.1 ms]
   [Other: 0.7 ms]
      [Choose CSet: 0.1 ms]
      [Ref Proc: 0.1 ms]
      [Ref Enq: 0.0 ms]
      [Redirty Cards: 0.1 ms]
      [Humongous Register: 0.0 ms]
      [Humongous Reclaim: 0.0 ms]
      [Free CSet: 0.1 ms]
   [Eden: 21.0M(21.0M)->0.0B(22.0M) Survivors: 4096.0K->3072.0K Heap: 205.3M(512.0M)->177.0M(512.0M)]
 [Times: user=0.04 sys=0.00, real=0.04 secs] 
2019-04-03T02:53:43.509+0900: 33699.827: [GC pause (G1 Evacuation Pause) (mixed), 0.0445983 secs]
   [Parallel Time: 43.8 ms, GC Workers: 1]
      [GC Worker Start (ms):  33699827.7]
      [Ext Root Scanning (ms):  2.7]
      [Update RS (ms):  5.4]
         [Processed Buffers:  38]
      [Scan RS (ms):  8.3]
      [Code Root Scanning (ms):  0.0]
      [Object Copy (ms):  27.3]
      [Termination (ms):  0.0]
         [Termination Attempts:  1]
      [GC Worker Other (ms):  0.0]
      [GC Worker Total (ms):  43.7]
      [GC Worker End (ms):  33699871.4]
   [Code Root Fixup: 0.0 ms]
   [Code Root Purge: 0.0 ms]
   [Clear CT: 0.1 ms]
   [Other: 0.7 ms]
      [Choose CSet: 0.0 ms]
      [Ref Proc: 0.1 ms]
      [Ref Enq: 0.0 ms]
      [Redirty Cards: 0.2 ms]
      [Humongous Register: 0.0 ms]
      [Humongous Reclaim: 0.0 ms]
      [Free CSet: 0.1 ms]
   [Eden: 22.0M(22.0M)->0.0B(21.0M) Survivors: 3072.0K->4096.0K Heap: 199.0M(512.0M)->171.5M(512.0M)]
 [Times: user=0.05 sys=0.00, real=0.04 secs] 
2019-04-03T02:55:34.927+0900: 33811.246: [GC pause (G1 Evacuation Pause) (mixed), 0.0561864 secs]
   [Parallel Time: 55.3 ms, GC Workers: 1]
      [GC Worker Start (ms):  33811245.9]
      [Ext Root Scanning (ms):  2.9]
      [Update RS (ms):  6.9]
         [Processed Buffers:  35]
      [Scan RS (ms):  7.9]
      [Code Root Scanning (ms):  0.0]
      [Object Copy (ms):  37.4]
      [Termination (ms):  0.0]
         [Termination Attempts:  1]
      [GC Worker Other (ms):  0.0]
      [GC Worker Total (ms):  55.2]
      [GC Worker End (ms):  33811301.2]
   [Code Root Fixup: 0.0 ms]
   [Code Root Purge: 0.0 ms]
   [Clear CT: 0.1 ms]
   [Other: 0.8 ms]
      [Choose CSet: 0.0 ms]
      [Ref Proc: 0.2 ms]
      [Ref Enq: 0.0 ms]
      [Redirty Cards: 0.1 ms]
      [Humongous Register: 0.0 ms]
      [Humongous Reclaim: 0.0 ms]
      [Free CSet: 0.1 ms]
   [Eden: 21.0M(21.0M)->0.0B(21.0M) Survivors: 4096.0K->4096.0K Heap: 192.5M(512.0M)->169.5M(512.0M)]
 [Times: user=0.06 sys=0.00, real=0.05 secs] 
2019-04-03T02:57:23.404+0900: 33919.723: [GC pause (G1 Evacuation Pause) (young), 0.0594149 secs]
   [Parallel Time: 58.8 ms, GC Workers: 1]
      [GC Worker Start (ms):  33919723.2]
      [Ext Root Scanning (ms):  2.6]
      [Update RS (ms):  4.9]
         [Processed Buffers:  40]
      [Scan RS (ms):  11.2]
      [Code Root Scanning (ms):  0.0]
      [Object Copy (ms):  39.9]
      [Termination (ms):  0.0]
         [Termination Attempts:  1]
      [GC Worker Other (ms):  0.0]
      [GC Worker Total (ms):  58.6]
      [GC Worker End (ms):  33919781.8]
   [Code Root Fixup: 0.0 ms]
   [Code Root Purge: 0.0 ms]
   [Clear CT: 0.0 ms]
   [Other: 0.6 ms]
      [Choose CSet: 0.0 ms]
      [Ref Proc: 0.1 ms]
      [Ref Enq: 0.0 ms]
      [Redirty Cards: 0.1 ms]
      [Humongous Register: 0.0 ms]
      [Humongous Reclaim: 0.0 ms]
      [Free CSet: 0.0 ms]
   [Eden: 21.0M(21.0M)->0.0B(21.0M) Survivors: 4096.0K->4096.0K Heap: 190.5M(512.0M)->170.5M(512.0M)]
 [Times: user=0.06 sys=0.00, real=0.06 secs] 
2019-04-03T02:59:12.531+0900: 34028.849: [GC pause (G1 Evacuation Pause) (young), 0.0352953 secs]
   [Parallel Time: 34.6 ms, GC Workers: 1]
      [GC Worker Start (ms):  34028849.5]
      [Ext Root Scanning (ms):  2.6]
      [Update RS (ms):  5.1]
         [Processed Buffers:  33]
      [Scan RS (ms):  6.9]
      [Code Root Scanning (ms):  0.0]
      [Object Copy (ms):  19.9]
      [Termination (ms):  0.0]
         [Termination Attempts:  1]
      [GC Worker Other (ms):  0.0]
      [GC Worker Total (ms):  34.5]
      [GC Worker End (ms):  34028884.0]
   [Code Root Fixup: 0.0 ms]
   [Code Root Purge: 0.0 ms]
   [Clear CT: 0.0 ms]
   [Other: 0.7 ms]
      [Choose CSet: 0.0 ms]
      [Ref Proc: 0.1 ms]
      [Ref Enq: 0.0 ms]
      [Redirty Cards: 0.1 ms]
      [Humongous Register: 0.0 ms]
      [Humongous Reclaim: 0.0 ms]
      [Free CSet: 0.0 ms]
   [Eden: 21.0M(21.0M)->0.0B(23.0M) Survivors: 4096.0K->2048.0K Heap: 191.5M(512.0M)->169.5M(512.0M)]
 [Times: user=0.04 sys=0.00, real=0.04 secs] 
2019-04-03T03:01:13.012+0900: 34149.330: [GC pause (G1 Evacuation Pause) (young), 0.0487574 secs]
   [Parallel Time: 46.2 ms, GC Workers: 1]
      [GC Worker Start (ms):  34149331.8]
      [Ext Root Scanning (ms):  2.9]
      [Update RS (ms):  7.6]
         [Processed Buffers:  37]
      [Scan RS (ms):  7.6]
      [Code Root Scanning (ms):  0.0]
      [Object Copy (ms):  28.0]
      [Termination (ms):  0.0]
         [Termination Attempts:  1]
      [GC Worker Other (ms):  0.0]
      [GC Worker Total (ms):  46.1]
      [GC Worker End (ms):  34149378.0]
   [Code Root Fixup: 0.0 ms]
   [Code Root Purge: 0.0 ms]
   [Clear CT: 0.1 ms]
   [Other: 2.5 ms]
      [Choose CSet: 0.0 ms]
      [Ref Proc: 0.3 ms]
      [Ref Enq: 0.0 ms]
      [Redirty Cards: 0.1 ms]
      [Humongous Register: 0.1 ms]
      [Humongous Reclaim: 0.3 ms]
      [Free CSet: 0.1 ms]
   [Eden: 23.0M(23.0M)->0.0B(21.0M) Survivors: 2048.0K->4096.0K Heap: 192.5M(512.0M)->171.0M(512.0M)]
 [Times: user=0.05 sys=0.00, real=0.05 secs] 
2019-04-03T03:03:04.726+0900: 34261.045: [GC pause (G1 Evacuation Pause) (young), 0.0691463 secs]
   [Parallel Time: 57.6 ms, GC Workers: 1]
      [GC Worker Start (ms):  34261056.1]
      [Ext Root Scanning (ms):  3.9]
      [Update RS (ms):  5.5]
         [Processed Buffers:  37]
      [Scan RS (ms):  10.8]
      [Code Root Scanning (ms):  0.0]
      [Object Copy (ms):  37.3]
      [Termination (ms):  0.0]
         [Termination Attempts:  1]
      [GC Worker Other (ms):  0.0]
      [GC Worker Total (ms):  57.5]
      [GC Worker End (ms):  34261113.5]
   [Code Root Fixup: 0.0 ms]
   [Code Root Purge: 0.0 ms]
   [Clear CT: 0.1 ms]
   [Other: 11.5 ms]
      [Choose CSet: 0.0 ms]
      [Ref Proc: 0.2 ms]
      [Ref Enq: 0.0 ms]
      [Redirty Cards: 0.1 ms]
      [Humongous Register: 0.1 ms]
      [Humongous Reclaim: 0.0 ms]
      [Free CSet: 0.0 ms]
   [Eden: 21.0M(21.0M)->0.0B(21.0M) Survivors: 4096.0K->4096.0K Heap: 192.0M(512.0M)->172.1M(512.0M)]
 [Times: user=0.05 sys=0.00, real=0.11 secs] 
2019-04-03T03:04:54.058+0900: 34370.376: [GC pause (G1 Evacuation Pause) (young), 0.0496665 secs]
   [Parallel Time: 48.9 ms, GC Workers: 1]
      [GC Worker Start (ms):  34370376.7]
      [Ext Root Scanning (ms):  2.5]
      [Update RS (ms):  5.6]
         [Processed Buffers:  37]
      [Scan RS (ms):  8.3]
      [Code Root Scanning (ms):  0.0]
      [Object Copy (ms):  32.4]
      [Termination (ms):  0.0]
         [Termination Attempts:  1]
      [GC Worker Other (ms):  0.0]
      [GC Worker Total (ms):  48.8]
      [GC Worker End (ms):  34370425.5]
   [Code Root Fixup: 0.0 ms]
   [Code Root Purge: 0.0 ms]
   [Clear CT: 0.1 ms]
   [Other: 0.7 ms]
      [Choose CSet: 0.0 ms]
      [Ref Proc: 0.1 ms]
      [Ref Enq: 0.0 ms]
      [Redirty Cards: 0.1 ms]
      [Humongous Register: 0.0 ms]
      [Humongous Reclaim: 0.0 ms]
      [Free CSet: 0.1 ms]
   [Eden: 21.0M(21.0M)->0.0B(22.0M) Survivors: 4096.0K->3072.0K Heap: 193.1M(512.0M)->173.5M(512.0M)]
 [Times: user=0.05 sys=0.00, real=0.05 secs] 
2019-04-03T03:06:48.326+0900: 34484.644: [GC pause (G1 Evacuation Pause) (young), 0.0546324 secs]
   [Parallel Time: 53.9 ms, GC Workers: 1]
      [GC Worker Start (ms):  34484644.3]
      [Ext Root Scanning (ms):  2.7]
      [Update RS (ms):  13.9]
         [Processed Buffers:  35]
      [Scan RS (ms):  6.5]
      [Code Root Scanning (ms):  0.0]
      [Object Copy (ms):  30.7]
      [Termination (ms):  0.0]
         [Termination Attempts:  1]
      [GC Worker Other (ms):  0.0]
      [GC Worker Total (ms):  53.8]
      [GC Worker End (ms):  34484698.2]
   [Code Root Fixup: 0.0 ms]
   [Code Root Purge: 0.0 ms]
   [Clear CT: 0.1 ms]
   [Other: 0.7 ms]
      [Choose CSet: 0.0 ms]
      [Ref Proc: 0.2 ms]
      [Ref Enq: 0.0 ms]
      [Redirty Cards: 0.1 ms]
      [Humongous Register: 0.0 ms]
      [Humongous Reclaim: 0.0 ms]
      [Free CSet: 0.0 ms]
   [Eden: 22.0M(22.0M)->0.0B(21.0M) Survivors: 3072.0K->4096.0K Heap: 195.5M(512.0M)->174.5M(512.0M)]
 [Times: user=0.04 sys=0.00, real=0.05 secs] 
2019-04-03T03:08:38.894+0900: 34595.213: [GC pause (G1 Evacuation Pause) (young), 0.0374148 secs]
   [Parallel Time: 36.6 ms, GC Workers: 1]
      [GC Worker Start (ms):  34595213.0]
      [Ext Root Scanning (ms):  2.5]
      [Update RS (ms):  4.2]
         [Processed Buffers:  36]
      [Scan RS (ms):  7.9]
      [Code Root Scanning (ms):  0.0]
      [Object Copy (ms):  22.0]
      [Termination (ms):  0.0]
         [Termination Attempts:  1]
      [GC Worker Other (ms):  0.0]
      [GC Worker Total (ms):  36.6]
      [GC Worker End (ms):  34595249.6]
   [Code Root Fixup: 0.0 ms]
   [Code Root Purge: 0.0 ms]
   [Clear CT: 0.0 ms]
   [Other: 0.7 ms]
      [Choose CSet: 0.0 ms]
      [Ref Proc: 0.1 ms]
      [Ref Enq: 0.0 ms]
      [Redirty Cards: 0.1 ms]
      [Humongous Register: 0.0 ms]
      [Humongous Reclaim: 0.0 ms]
      [Free CSet: 0.1 ms]
   [Eden: 21.0M(21.0M)->0.0B(22.0M) Survivors: 4096.0K->3072.0K Heap: 195.5M(512.0M)->174.2M(512.0M)]
 [Times: user=0.03 sys=0.00, real=0.04 secs] 
2019-04-03T03:10:35.132+0900: 34711.451: [GC pause (G1 Evacuation Pause) (young), 0.0579806 secs]
   [Parallel Time: 55.0 ms, GC Workers: 1]
      [GC Worker Start (ms):  34711451.5]
      [Ext Root Scanning (ms):  2.6]
      [Update RS (ms):  6.2]
         [Processed Buffers:  37]
      [Scan RS (ms):  9.5]
      [Code Root Scanning (ms):  0.0]
      [Object Copy (ms):  36.4]
      [Termination (ms):  0.0]
         [Termination Attempts:  1]
      [GC Worker Other (ms):  0.0]
      [GC Worker Total (ms):  54.7]
      [GC Worker End (ms):  34711506.2]
   [Code Root Fixup: 0.0 ms]
   [Code Root Purge: 0.0 ms]
   [Clear CT: 1.6 ms]
   [Other: 1.3 ms]
      [Choose CSet: 0.0 ms]
      [Ref Proc: 0.2 ms]
      [Ref Enq: 0.0 ms]
      [Redirty Cards: 0.8 ms]
      [Humongous Register: 0.0 ms]
      [Humongous Reclaim: 0.0 ms]
      [Free CSet: 0.0 ms]
   [Eden: 22.0M(22.0M)->0.0B(21.0M) Survivors: 3072.0K->4096.0K Heap: 196.2M(512.0M)->175.2M(512.0M)]
 [Times: user=0.05 sys=0.00, real=0.06 secs] 
2019-04-03T03:12:25.478+0900: 34821.796: [GC pause (G1 Evacuation Pause) (young), 0.0589280 secs]
   [Parallel Time: 58.3 ms, GC Workers: 1]
      [GC Worker Start (ms):  34821796.4]
      [Ext Root Scanning (ms):  3.6]
      [Update RS (ms):  5.0]
         [Processed Buffers:  40]
      [Scan RS (ms):  7.4]
      [Code Root Scanning (ms):  0.0]
      [Object Copy (ms):  42.2]
      [Termination (ms):  0.0]
         [Termination Attempts:  1]
      [GC Worker Other (ms):  0.0]
      [GC Worker Total (ms):  58.2]
      [GC Worker End (ms):  34821854.6]
   [Code Root Fixup: 0.0 ms]
   [Code Root Purge: 0.0 ms]
   [Clear CT: 0.1 ms]
   [Other: 0.6 ms]
      [Choose CSet: 0.0 ms]
      [Ref Proc: 0.1 ms]
      [Ref Enq: 0.0 ms]
      [Redirty Cards: 0.1 ms]
      [Humongous Register: 0.0 ms]
      [Humongous Reclaim: 0.0 ms]
      [Free CSet: 0.0 ms]
   [Eden: 21.0M(21.0M)->0.0B(21.0M) Survivors: 4096.0K->4096.0K Heap: 196.2M(512.0M)->176.3M(512.0M)]
 [Times: user=0.06 sys=0.00, real=0.06 secs] 
2019-04-03T03:14:15.444+0900: 34931.762: [GC pause (G1 Evacuation Pause) (young), 0.0488518 secs]
   [Parallel Time: 48.2 ms, GC Workers: 1]
      [GC Worker Start (ms):  34931762.2]
      [Ext Root Scanning (ms):  2.5]
      [Update RS (ms):  5.3]
         [Processed Buffers:  35]
      [Scan RS (ms):  6.4]
      [Code Root Scanning (ms):  0.0]
      [Object Copy (ms):  34.0]
      [Termination (ms):  0.0]
         [Termination Attempts:  1]
      [GC Worker Other (ms):  0.0]
      [GC Worker Total (ms):  48.2]
      [GC Worker End (ms):  34931810.4]
   [Code Root Fixup: 0.0 ms]
   [Code Root Purge: 0.0 ms]
   [Clear CT: 0.1 ms]
   [Other: 0.6 ms]
      [Choose CSet: 0.0 ms]
      [Ref Proc: 0.1 ms]
      [Ref Enq: 0.0 ms]
      [Redirty Cards: 0.1 ms]
      [Humongous Register: 0.0 ms]
      [Humongous Reclaim: 0.0 ms]
      [Free CSet: 0.0 ms]
   [Eden: 21.0M(21.0M)->0.0B(21.0M) Survivors: 4096.0K->4096.0K Heap: 197.3M(512.0M)->177.5M(512.0M)]
 [Times: user=0.05 sys=0.00, real=0.05 secs] 
2019-04-03T03:16:05.119+0900: 35041.438: [GC pause (G1 Evacuation Pause) (young), 0.0408882 secs]
   [Parallel Time: 39.6 ms, GC Workers: 1]
      [GC Worker Start (ms):  35041438.0]
      [Ext Root Scanning (ms):  2.4]
      [Update RS (ms):  5.1]
         [Processed Buffers:  36]
      [Scan RS (ms):  6.7]
      [Code Root Scanning (ms):  0.0]
      [Object Copy (ms):  24.8]
      [Termination (ms):  0.0]
         [Termination Attempts:  1]
      [GC Worker Other (ms):  0.0]
      [GC Worker Total (ms):  39.0]
      [GC Worker End (ms):  35041477.0]
   [Code Root Fixup: 0.0 ms]
   [Code Root Purge: 0.0 ms]
   [Clear CT: 0.1 ms]
   [Other: 1.2 ms]
      [Choose CSet: 0.0 ms]
      [Ref Proc: 0.1 ms]
      [Ref Enq: 0.0 ms]
      [Redirty Cards: 0.7 ms]
      [Humongous Register: 0.0 ms]
      [Humongous Reclaim: 0.0 ms]
      [Free CSet: 0.0 ms]
   [Eden: 21.0M(21.0M)->0.0B(22.0M) Survivors: 4096.0K->3072.0K Heap: 198.5M(512.0M)->177.0M(512.0M)]
 [Times: user=0.04 sys=0.00, real=0.04 secs] 
2019-04-03T03:18:01.600+0900: 35157.919: [GC pause (G1 Evacuation Pause) (young), 0.0439976 secs]
   [Parallel Time: 43.4 ms, GC Workers: 1]
      [GC Worker Start (ms):  35157919.1]
      [Ext Root Scanning (ms):  2.6]
      [Update RS (ms):  13.2]
         [Processed Buffers:  49]
      [Scan RS (ms):  3.3]
      [Code Root Scanning (ms):  0.0]
      [Object Copy (ms):  24.3]
      [Termination (ms):  0.0]
         [Termination Attempts:  1]
      [GC Worker Other (ms):  0.0]
      [GC Worker Total (ms):  43.3]
      [GC Worker End (ms):  35157962.4]
   [Code Root Fixup: 0.0 ms]
   [Code Root Purge: 0.0 ms]
   [Clear CT: 0.0 ms]
   [Other: 0.6 ms]
      [Choose CSet: 0.0 ms]
      [Ref Proc: 0.1 ms]
      [Ref Enq: 0.0 ms]
      [Redirty Cards: 0.1 ms]
      [Humongous Register: 0.0 ms]
      [Humongous Reclaim: 0.0 ms]
      [Free CSet: 0.0 ms]
   [Eden: 22.0M(22.0M)->0.0B(21.0M) Survivors: 3072.0K->4096.0K Heap: 199.0M(512.0M)->178.0M(512.0M)]
 [Times: user=0.04 sys=0.00, real=0.04 secs] 
2019-04-03T03:19:49.638+0900: 35265.956: [GC pause (G1 Evacuation Pause) (young), 0.1173871 secs]
   [Parallel Time: 92.7 ms, GC Workers: 1]
      [GC Worker Start (ms):  35265980.4]
      [Ext Root Scanning (ms):  4.5]
      [Update RS (ms):  6.3]
         [Processed Buffers:  37]
      [Scan RS (ms):  9.0]
      [Code Root Scanning (ms):  0.0]
      [Object Copy (ms):  34.2]
      [Termination (ms):  0.0]
         [Termination Attempts:  1]
      [GC Worker Other (ms):  38.6]
      [GC Worker Total (ms):  92.6]
      [GC Worker End (ms):  35266073.0]
   [Code Root Fixup: 0.0 ms]
   [Code Root Purge: 0.0 ms]
   [Clear CT: 0.1 ms]
   [Other: 24.6 ms]
      [Choose CSet: 0.0 ms]
      [Ref Proc: 0.2 ms]
      [Ref Enq: 0.0 ms]
      [Redirty Cards: 0.1 ms]
      [Humongous Register: 23.9 ms]
      [Humongous Reclaim: 0.0 ms]
      [Free CSet: 0.0 ms]
   [Eden: 21.0M(21.0M)->0.0B(21.0M) Survivors: 4096.0K->4096.0K Heap: 199.0M(512.0M)->179.1M(512.0M)]
 [Times: user=0.05 sys=0.00, real=0.12 secs] 
2019-04-03T03:21:40.990+0900: 35377.309: [GC pause (G1 Evacuation Pause) (young), 0.0868456 secs]
   [Parallel Time: 85.6 ms, GC Workers: 1]
      [GC Worker Start (ms):  35377309.7]
      [Ext Root Scanning (ms):  4.7]
      [Update RS (ms):  8.6]
         [Processed Buffers:  37]
      [Scan RS (ms):  8.6]
      [Code Root Scanning (ms):  0.0]
      [Object Copy (ms):  62.8]
      [Termination (ms):  0.0]
         [Termination Attempts:  1]
      [GC Worker Other (ms):  0.0]
      [GC Worker Total (ms):  84.8]
      [GC Worker End (ms):  35377394.5]
   [Code Root Fixup: 0.0 ms]
   [Code Root Purge: 0.0 ms]
   [Clear CT: 0.1 ms]
   [Other: 1.2 ms]
      [Choose CSet: 0.0 ms]
      [Ref Proc: 0.2 ms]
      [Ref Enq: 0.0 ms]
      [Redirty Cards: 0.1 ms]
      [Humongous Register: 0.0 ms]
      [Humongous Reclaim: 0.0 ms]
      [Free CSet: 0.0 ms]
   [Eden: 21.0M(21.0M)->0.0B(21.0M) Survivors: 4096.0K->4096.0K Heap: 200.1M(512.0M)->181.0M(512.0M)]
 [Times: user=0.06 sys=0.00, real=0.11 secs] 
2019-04-03T03:23:32.442+0900: 35488.761: [GC pause (G1 Evacuation Pause) (young), 0.1086345 secs]
   [Parallel Time: 107.6 ms, GC Workers: 1]
      [GC Worker Start (ms):  35488760.9]
      [Ext Root Scanning (ms):  2.5]
      [Update RS (ms):  5.1]
         [Processed Buffers:  38]
      [Scan RS (ms):  7.5]
      [Code Root Scanning (ms):  0.0]
      [Object Copy (ms):  92.3]
      [Termination (ms):  0.0]
         [Termination Attempts:  1]
      [GC Worker Other (ms):  0.0]
      [GC Worker Total (ms):  107.5]
      [GC Worker End (ms):  35488868.4]
   [Code Root Fixup: 0.0 ms]
   [Code Root Purge: 0.0 ms]
   [Clear CT: 0.2 ms]
   [Other: 0.8 ms]
      [Choose CSet: 0.0 ms]
      [Ref Proc: 0.2 ms]
      [Ref Enq: 0.0 ms]
      [Redirty Cards: 0.1 ms]
      [Humongous Register: 0.0 ms]
      [Humongous Reclaim: 0.0 ms]
      [Free CSet: 0.0 ms]
   [Eden: 21.0M(21.0M)->0.0B(21.0M) Survivors: 4096.0K->4096.0K Heap: 202.0M(512.0M)->182.4M(512.0M)]
 [Times: user=0.06 sys=0.00, real=0.11 secs] 
2019-04-03T03:25:21.098+0900: 35597.416: [GC pause (G1 Evacuation Pause) (young) (initial-mark), 0.0447111 secs]
   [Parallel Time: 43.2 ms, GC Workers: 1]
      [GC Worker Start (ms):  35597417.0]
      [Ext Root Scanning (ms):  4.4]
      [Update RS (ms):  4.6]
         [Processed Buffers:  38]
      [Scan RS (ms):  8.3]
      [Code Root Scanning (ms):  0.0]
      [Object Copy (ms):  25.1]
      [Termination (ms):  0.0]
         [Termination Attempts:  1]
      [GC Worker Other (ms):  0.0]
      [GC Worker Total (ms):  42.4]
      [GC Worker End (ms):  35597459.4]
   [Code Root Fixup: 0.0 ms]
   [Code Root Purge: 0.0 ms]
   [Clear CT: 0.1 ms]
   [Other: 1.4 ms]
      [Choose CSet: 0.0 ms]
      [Ref Proc: 0.2 ms]
      [Ref Enq: 0.0 ms]
      [Redirty Cards: 0.1 ms]
      [Humongous Register: 0.0 ms]
      [Humongous Reclaim: 0.0 ms]
      [Free CSet: 0.5 ms]
   [Eden: 21.0M(21.0M)->0.0B(22.0M) Survivors: 4096.0K->3072.0K Heap: 203.4M(512.0M)->182.0M(512.0M)]
 [Times: user=0.05 sys=0.00, real=0.04 secs] 
2019-04-03T03:25:21.143+0900: 35597.461: [GC concurrent-root-region-scan-start]
2019-04-03T03:25:21.163+0900: 35597.482: [GC concurrent-root-region-scan-end, 0.0202583 secs]
2019-04-03T03:25:21.163+0900: 35597.482: [GC concurrent-mark-start]
2019-04-03T03:25:21.237+0900: 35597.555: [GC concurrent-mark-end, 0.0736665 secs]
2019-04-03T03:25:21.237+0900: 35597.556: [GC remark 2019-04-03T03:25:21.237+0900: 35597.556: [Finalize Marking, 0.0003607 secs] 2019-04-03T03:25:21.238+0900: 35597.556: [GC ref-proc, 0.0012594 secs] 2019-04-03T03:25:21.239+0900: 35597.558: [Unloading, 0.0296861 secs], 0.0342660 secs]
 [Times: user=0.03 sys=0.00, real=0.03 secs] 
2019-04-03T03:25:21.272+0900: 35597.591: [GC cleanup 182M->181M(512M), 0.0018929 secs]
 [Times: user=0.01 sys=0.00, real=0.00 secs] 
2019-04-03T03:25:21.274+0900: 35597.593: [GC concurrent-cleanup-start]
2019-04-03T03:25:21.274+0900: 35597.593: [GC concurrent-cleanup-end, 0.0000240 secs]
2019-04-03T03:27:15.504+0900: 35711.822: [GC pause (G1 Evacuation Pause) (young), 0.0407867 secs]
   [Parallel Time: 40.1 ms, GC Workers: 1]
      [GC Worker Start (ms):  35711822.5]
      [Ext Root Scanning (ms):  2.4]
      [Update RS (ms):  5.0]
         [Processed Buffers:  36]
      [Scan RS (ms):  7.5]
      [Code Root Scanning (ms):  0.0]
      [Object Copy (ms):  25.1]
      [Termination (ms):  0.0]
         [Termination Attempts:  1]
      [GC Worker Other (ms):  0.0]
      [GC Worker Total (ms):  39.9]
      [GC Worker End (ms):  35711862.4]
   [Code Root Fixup: 0.0 ms]
   [Code Root Purge: 0.0 ms]
   [Clear CT: 0.1 ms]
   [Other: 0.7 ms]
      [Choose CSet: 0.0 ms]
      [Ref Proc: 0.1 ms]
      [Ref Enq: 0.0 ms]
      [Redirty Cards: 0.1 ms]
      [Humongous Register: 0.0 ms]
      [Humongous Reclaim: 0.0 ms]
      [Free CSet: 0.1 ms]
   [Eden: 22.0M(22.0M)->0.0B(21.0M) Survivors: 3072.0K->4096.0K Heap: 203.0M(512.0M)->182.0M(512.0M)]
 [Times: user=0.04 sys=0.00, real=0.04 secs] 
2019-04-03T03:29:05.164+0900: 35821.483: [GC pause (G1 Evacuation Pause) (mixed), 0.0653175 secs]
   [Parallel Time: 63.7 ms, GC Workers: 1]
      [GC Worker Start (ms):  35821483.0]
      [Ext Root Scanning (ms):  2.6]
      [Update RS (ms):  5.8]
         [Processed Buffers:  36]
      [Scan RS (ms):  10.3]
      [Code Root Scanning (ms):  0.0]
      [Object Copy (ms):  43.6]
      [Termination (ms):  0.0]
         [Termination Attempts:  1]
      [GC Worker Other (ms):  0.0]
      [GC Worker Total (ms):  62.2]
      [GC Worker End (ms):  35821545.2]
   [Code Root Fixup: 0.0 ms]
   [Code Root Purge: 0.0 ms]
   [Clear CT: 0.6 ms]
   [Other: 1.0 ms]
      [Choose CSet: 0.0 ms]
      [Ref Proc: 0.3 ms]
      [Ref Enq: 0.0 ms]
      [Redirty Cards: 0.1 ms]
      [Humongous Register: 0.0 ms]
      [Humongous Reclaim: 0.0 ms]
      [Free CSet: 0.1 ms]
   [Eden: 21.0M(21.0M)->0.0B(21.0M) Survivors: 4096.0K->4096.0K Heap: 203.0M(512.0M)->176.9M(512.0M)]
 [Times: user=0.06 sys=0.00, real=0.07 secs] 
2019-04-03T03:30:53.420+0900: 35929.738: [GC pause (G1 Evacuation Pause) (mixed), 0.0557612 secs]
   [Parallel Time: 53.6 ms, GC Workers: 1]
      [GC Worker Start (ms):  35929738.6]
      [Ext Root Scanning (ms):  2.8]
      [Update RS (ms):  5.9]
         [Processed Buffers:  37]
      [Scan RS (ms):  10.6]
      [Code Root Scanning (ms):  0.0]
      [Object Copy (ms):  34.3]
      [Termination (ms):  0.0]
         [Termination Attempts:  1]
      [GC Worker Other (ms):  0.0]
      [GC Worker Total (ms):  53.5]
      [GC Worker End (ms):  35929792.1]
   [Code Root Fixup: 0.0 ms]
   [Code Root Purge: 0.0 ms]
   [Clear CT: 0.1 ms]
   [Other: 2.1 ms]
      [Choose CSet: 0.0 ms]
      [Ref Proc: 0.1 ms]
      [Ref Enq: 0.0 ms]
      [Redirty Cards: 0.3 ms]
      [Humongous Register: 0.2 ms]
      [Humongous Reclaim: 0.0 ms]
      [Free CSet: 0.3 ms]
   [Eden: 21.0M(21.0M)->0.0B(21.0M) Survivors: 4096.0K->4096.0K Heap: 197.9M(512.0M)->172.0M(512.0M)]
 [Times: user=0.06 sys=0.00, real=0.06 secs] 
2019-04-03T03:32:34.490+0900: 36030.809: [GC pause (G1 Evacuation Pause) (mixed), 0.0511012 secs]
   [Parallel Time: 50.4 ms, GC Workers: 1]
      [GC Worker Start (ms):  36030809.2]
      [Ext Root Scanning (ms):  3.7]
      [Update RS (ms):  5.2]
         [Processed Buffers:  35]
      [Scan RS (ms):  8.7]
      [Code Root Scanning (ms):  0.0]
      [Object Copy (ms):  32.7]
      [Termination (ms):  0.0]
         [Termination Attempts:  1]
      [GC Worker Other (ms):  0.0]
      [GC Worker Total (ms):  50.2]
      [GC Worker End (ms):  36030859.5]
   [Code Root Fixup: 0.0 ms]
   [Code Root Purge: 0.0 ms]
   [Clear CT: 0.1 ms]
   [Other: 0.6 ms]
      [Choose CSet: 0.0 ms]
      [Ref Proc: 0.1 ms]
      [Ref Enq: 0.0 ms]
      [Redirty Cards: 0.1 ms]
      [Humongous Register: 0.0 ms]
      [Humongous Reclaim: 0.0 ms]
      [Free CSet: 0.1 ms]
   [Eden: 21.0M(21.0M)->0.0B(21.0M) Survivors: 4096.0K->4096.0K Heap: 193.0M(512.0M)->169.0M(512.0M)]
 [Times: user=0.05 sys=0.00, real=0.05 secs] 
2019-04-03T03:34:08.789+0900: 36125.107: [GC pause (G1 Evacuation Pause) (young), 0.0806897 secs]
   [Parallel Time: 79.8 ms, GC Workers: 1]
      [GC Worker Start (ms):  36125107.3]
      [Ext Root Scanning (ms):  2.3]
      [Update RS (ms):  6.5]
         [Processed Buffers:  40]
      [Scan RS (ms):  14.6]
      [Code Root Scanning (ms):  0.0]
      [Object Copy (ms):  56.2]
      [Termination (ms):  0.0]
         [Termination Attempts:  1]
      [GC Worker Other (ms):  0.0]
      [GC Worker Total (ms):  79.7]
      [GC Worker End (ms):  36125187.1]
   [Code Root Fixup: 0.0 ms]
   [Code Root Purge: 0.0 ms]
   [Clear CT: 0.1 ms]
   [Other: 0.8 ms]
      [Choose CSet: 0.0 ms]
      [Ref Proc: 0.2 ms]
      [Ref Enq: 0.0 ms]
      [Redirty Cards: 0.1 ms]
      [Humongous Register: 0.1 ms]
      [Humongous Reclaim: 0.0 ms]
      [Free CSet: 0.0 ms]
   [Eden: 21.0M(21.0M)->0.0B(21.0M) Survivors: 4096.0K->4096.0K Heap: 190.0M(512.0M)->171.8M(512.0M)]
 [Times: user=0.08 sys=0.00, real=0.08 secs] 
2019-04-03T03:36:00.490+0900: 36236.809: [GC pause (G1 Evacuation Pause) (young), 0.0661869 secs]
   [Parallel Time: 65.4 ms, GC Workers: 1]
      [GC Worker Start (ms):  36236809.2]
      [Ext Root Scanning (ms):  2.7]
      [Update RS (ms):  4.9]
         [Processed Buffers:  42]
      [Scan RS (ms):  11.4]
      [Code Root Scanning (ms):  0.0]
      [Object Copy (ms):  46.3]
      [Termination (ms):  0.0]
         [Termination Attempts:  1]
      [GC Worker Other (ms):  0.0]
      [GC Worker Total (ms):  65.3]
      [GC Worker End (ms):  36236874.5]
   [Code Root Fixup: 0.0 ms]
   [Code Root Purge: 0.0 ms]
   [Clear CT: 0.2 ms]
   [Other: 0.6 ms]
      [Choose CSet: 0.0 ms]
      [Ref Proc: 0.1 ms]
      [Ref Enq: 0.0 ms]
      [Redirty Cards: 0.1 ms]
      [Humongous Register: 0.0 ms]
      [Humongous Reclaim: 0.0 ms]
      [Free CSet: 0.0 ms]
   [Eden: 21.0M(21.0M)->0.0B(23.0M) Survivors: 4096.0K->2048.0K Heap: 192.8M(512.0M)->173.5M(512.0M)]
 [Times: user=0.06 sys=0.00, real=0.07 secs] 
2019-04-03T03:37:58.586+0900: 36354.905: [GC pause (G1 Evacuation Pause) (young), 0.0327154 secs]
   [Parallel Time: 32.0 ms, GC Workers: 1]
      [GC Worker Start (ms):  36354904.8]
      [Ext Root Scanning (ms):  3.5]
      [Update RS (ms):  6.4]
         [Processed Buffers:  35]
      [Scan RS (ms):  3.3]
      [Code Root Scanning (ms):  0.0]
      [Object Copy (ms):  18.6]
      [Termination (ms):  0.0]
         [Termination Attempts:  1]
      [GC Worker Other (ms):  0.0]
      [GC Worker Total (ms):  31.9]
      [GC Worker End (ms):  36354936.7]
   [Code Root Fixup: 0.0 ms]
   [Code Root Purge: 0.0 ms]
   [Clear CT: 0.1 ms]
   [Other: 0.7 ms]
      [Choose CSet: 0.0 ms]
      [Ref Proc: 0.2 ms]
      [Ref Enq: 0.0 ms]
      [Redirty Cards: 0.0 ms]
      [Humongous Register: 0.0 ms]
      [Humongous Reclaim: 0.0 ms]
      [Free CSet: 0.0 ms]
   [Eden: 23.0M(23.0M)->0.0B(22.0M) Survivors: 2048.0K->3072.0K Heap: 196.5M(512.0M)->174.5M(512.0M)]
 [Times: user=0.04 sys=0.00, real=0.03 secs] 
2019-04-03T03:39:52.972+0900: 36469.291: [GC pause (G1 Evacuation Pause) (young), 0.0383881 secs]
   [Parallel Time: 37.8 ms, GC Workers: 1]
      [GC Worker Start (ms):  36469291.2]
      [Ext Root Scanning (ms):  2.5]
      [Update RS (ms):  2.2]
         [Processed Buffers:  34]
      [Scan RS (ms):  5.1]
      [Code Root Scanning (ms):  0.0]
      [Object Copy (ms):  28.0]
      [Termination (ms):  0.0]
         [Termination Attempts:  1]
      [GC Worker Other (ms):  0.0]
      [GC Worker Total (ms):  37.7]
      [GC Worker End (ms):  36469328.9]
   [Code Root Fixup: 0.0 ms]
   [Code Root Purge: 0.0 ms]
   [Clear CT: 0.0 ms]
   [Other: 0.5 ms]
      [Choose CSet: 0.0 ms]
      [Ref Proc: 0.1 ms]
      [Ref Enq: 0.0 ms]
      [Redirty Cards: 0.0 ms]
      [Humongous Register: 0.0 ms]
      [Humongous Reclaim: 0.0 ms]
      [Free CSet: 0.0 ms]
   [Eden: 22.0M(22.0M)->0.0B(21.0M) Survivors: 3072.0K->4096.0K Heap: 196.5M(512.0M)->175.5M(512.0M)]
 [Times: user=0.03 sys=0.00, real=0.04 secs] 
2019-04-03T03:41:42.464+0900: 36578.782: [GC pause (G1 Evacuation Pause) (young), 0.0338226 secs]
   [Parallel Time: 33.1 ms, GC Workers: 1]
      [GC Worker Start (ms):  36578782.4]
      [Ext Root Scanning (ms):  2.3]
      [Update RS (ms):  2.2]
         [Processed Buffers:  39]
      [Scan RS (ms):  5.7]
      [Code Root Scanning (ms):  0.0]
      [Object Copy (ms):  22.7]
      [Termination (ms):  0.0]
         [Termination Attempts:  1]
      [GC Worker Other (ms):  0.0]
      [GC Worker Total (ms):  33.0]
      [GC Worker End (ms):  36578815.4]
   [Code Root Fixup: 0.0 ms]
   [Code Root Purge: 0.0 ms]
   [Clear CT: 0.0 ms]
   [Other: 0.7 ms]
      [Choose CSet: 0.0 ms]
      [Ref Proc: 0.1 ms]
      [Ref Enq: 0.0 ms]
      [Redirty Cards: 0.1 ms]
      [Humongous Register: 0.0 ms]
      [Humongous Reclaim: 0.0 ms]
      [Free CSet: 0.0 ms]
   [Eden: 21.0M(21.0M)->0.0B(23.0M) Survivors: 4096.0K->2048.0K Heap: 196.5M(512.0M)->175.0M(512.0M)]
 [Times: user=0.04 sys=0.00, real=0.04 secs] 
2019-04-03T03:43:41.751+0900: 36698.069: [GC pause (G1 Evacuation Pause) (young), 0.0386386 secs]
   [Parallel Time: 37.8 ms, GC Workers: 1]
      [GC Worker Start (ms):  36698069.7]
      [Ext Root Scanning (ms):  2.6]
      [Update RS (ms):  4.2]
         [Processed Buffers:  35]
      [Scan RS (ms):  5.9]
      [Code Root Scanning (ms):  0.0]
      [Object Copy (ms):  25.0]
      [Termination (ms):  0.0]
         [Termination Attempts:  1]
      [GC Worker Other (ms):  0.0]
      [GC Worker Total (ms):  37.7]
      [GC Worker End (ms):  36698107.5]
   [Code Root Fixup: 0.0 ms]
   [Code Root Purge: 0.0 ms]
   [Clear CT: 0.1 ms]
   [Other: 0.8 ms]
      [Choose CSet: 0.0 ms]
      [Ref Proc: 0.2 ms]
      [Ref Enq: 0.0 ms]
      [Redirty Cards: 0.0 ms]
      [Humongous Register: 0.0 ms]
      [Humongous Reclaim: 0.0 ms]
      [Free CSet: 0.0 ms]
   [Eden: 23.0M(23.0M)->0.0B(22.0M) Survivors: 2048.0K->3072.0K Heap: 198.0M(512.0M)->176.0M(512.0M)]
 [Times: user=0.03 sys=0.00, real=0.04 secs] 
2019-04-03T03:45:35.188+0900: 36811.507: [GC pause (G1 Evacuation Pause) (young), 0.0533785 secs]
   [Parallel Time: 52.6 ms, GC Workers: 1]
      [GC Worker Start (ms):  36811506.9]
      [Ext Root Scanning (ms):  2.7]
      [Update RS (ms):  5.8]
         [Processed Buffers:  35]
      [Scan RS (ms):  5.5]
      [Code Root Scanning (ms):  0.0]
      [Object Copy (ms):  38.1]
      [Termination (ms):  0.0]
         [Termination Attempts:  1]
      [GC Worker Other (ms):  0.0]
      [GC Worker Total (ms):  52.1]
      [GC Worker End (ms):  36811559.0]
   [Code Root Fixup: 0.0 ms]
   [Code Root Purge: 0.0 ms]
   [Clear CT: 0.0 ms]
   [Other: 0.7 ms]
      [Choose CSet: 0.0 ms]
      [Ref Proc: 0.1 ms]
      [Ref Enq: 0.0 ms]
      [Redirty Cards: 0.2 ms]
      [Humongous Register: 0.0 ms]
      [Humongous Reclaim: 0.0 ms]
      [Free CSet: 0.0 ms]
   [Eden: 22.0M(22.0M)->0.0B(21.0M) Survivors: 3072.0K->4096.0K Heap: 198.0M(512.0M)->177.0M(512.0M)]
 [Times: user=0.05 sys=0.00, real=0.05 secs] 
2019-04-03T03:47:26.125+0900: 36922.443: [GC pause (G1 Evacuation Pause) (young), 0.0501957 secs]
   [Parallel Time: 49.4 ms, GC Workers: 1]
      [GC Worker Start (ms):  36922443.6]
      [Ext Root Scanning (ms):  2.4]
      [Update RS (ms):  4.9]
         [Processed Buffers:  36]
      [Scan RS (ms):  6.3]
      [Code Root Scanning (ms):  0.0]
      [Object Copy (ms):  35.6]
      [Termination (ms):  0.0]
         [Termination Attempts:  1]
      [GC Worker Other (ms):  0.0]
      [GC Worker Total (ms):  49.2]
      [GC Worker End (ms):  36922492.8]
   [Code Root Fixup: 0.0 ms]
   [Code Root Purge: 0.0 ms]
   [Clear CT: 0.1 ms]
   [Other: 0.7 ms]
      [Choose CSet: 0.0 ms]
      [Ref Proc: 0.1 ms]
      [Ref Enq: 0.0 ms]
      [Redirty Cards: 0.1 ms]
      [Humongous Register: 0.0 ms]
      [Humongous Reclaim: 0.0 ms]
      [Free CSet: 0.0 ms]
   [Eden: 21.0M(21.0M)->0.0B(22.0M) Survivors: 4096.0K->3072.0K Heap: 198.0M(512.0M)->178.3M(512.0M)]
 [Times: user=0.05 sys=0.00, real=0.05 secs] 
2019-04-03T03:49:18.907+0900: 37035.225: [GC pause (G1 Evacuation Pause) (young), 0.0408194 secs]
   [Parallel Time: 40.1 ms, GC Workers: 1]
      [GC Worker Start (ms):  37035225.5]
      [Ext Root Scanning (ms):  2.6]
      [Update RS (ms):  5.6]
         [Processed Buffers:  37]
      [Scan RS (ms):  7.0]
      [Code Root Scanning (ms):  0.0]
      [Object Copy (ms):  24.7]
      [Termination (ms):  0.0]
         [Termination Attempts:  1]
      [GC Worker Other (ms):  0.0]
      [GC Worker Total (ms):  40.0]
      [GC Worker End (ms):  37035265.5]
   [Code Root Fixup: 0.0 ms]
   [Code Root Purge: 0.0 ms]
   [Clear CT: 0.2 ms]
   [Other: 0.6 ms]
      [Choose CSet: 0.0 ms]
      [Ref Proc: 0.2 ms]
      [Ref Enq: 0.0 ms]
      [Redirty Cards: 0.1 ms]
      [Humongous Register: 0.0 ms]
      [Humongous Reclaim: 0.0 ms]
      [Free CSet: 0.0 ms]
   [Eden: 22.0M(22.0M)->0.0B(23.0M) Survivors: 3072.0K->2048.0K Heap: 200.3M(512.0M)->177.8M(512.0M)]
 [Times: user=0.03 sys=0.00, real=0.04 secs] 
2019-04-03T03:51:16.530+0900: 37152.848: [GC pause (G1 Evacuation Pause) (young), 0.0397905 secs]
   [Parallel Time: 39.0 ms, GC Workers: 1]
      [GC Worker Start (ms):  37152848.4]
      [Ext Root Scanning (ms):  2.5]
      [Update RS (ms):  4.8]
         [Processed Buffers:  37]
      [Scan RS (ms):  5.6]
      [Code Root Scanning (ms):  0.0]
      [Object Copy (ms):  26.0]
      [Termination (ms):  0.0]
         [Termination Attempts:  1]
      [GC Worker Other (ms):  0.0]
      [GC Worker Total (ms):  38.9]
      [GC Worker End (ms):  37152887.3]
   [Code Root Fixup: 0.0 ms]
   [Code Root Purge: 0.0 ms]
   [Clear CT: 0.2 ms]
   [Other: 0.6 ms]
      [Choose CSet: 0.0 ms]
      [Ref Proc: 0.2 ms]
      [Ref Enq: 0.0 ms]
      [Redirty Cards: 0.1 ms]
      [Humongous Register: 0.0 ms]
      [Humongous Reclaim: 0.0 ms]
      [Free CSet: 0.0 ms]
   [Eden: 23.0M(23.0M)->0.0B(22.0M) Survivors: 2048.0K->3072.0K Heap: 200.8M(512.0M)->178.8M(512.0M)]
 [Times: user=0.04 sys=0.00, real=0.04 secs] 
2019-04-03T03:53:10.713+0900: 37267.032: [GC pause (G1 Evacuation Pause) (young), 0.0474335 secs]
   [Parallel Time: 45.7 ms, GC Workers: 1]
      [GC Worker Start (ms):  37267031.8]
      [Ext Root Scanning (ms):  2.6]
      [Update RS (ms):  4.7]
         [Processed Buffers:  37]
      [Scan RS (ms):  5.9]
      [Code Root Scanning (ms):  0.0]
      [Object Copy (ms):  32.4]
      [Termination (ms):  0.0]
         [Termination Attempts:  1]
      [GC Worker Other (ms):  0.0]
      [GC Worker Total (ms):  45.6]
      [GC Worker End (ms):  37267077.5]
   [Code Root Fixup: 0.0 ms]
   [Code Root Purge: 0.0 ms]
   [Clear CT: 0.0 ms]
   [Other: 1.7 ms]
      [Choose CSet: 0.0 ms]
      [Ref Proc: 0.2 ms]
      [Ref Enq: 0.0 ms]
      [Redirty Cards: 0.1 ms]
      [Humongous Register: 0.0 ms]
      [Humongous Reclaim: 0.0 ms]
      [Free CSet: 0.0 ms]
   [Eden: 22.0M(22.0M)->0.0B(21.0M) Survivors: 3072.0K->4096.0K Heap: 200.8M(512.0M)->180.3M(512.0M)]
 [Times: user=0.05 sys=0.00, real=0.05 secs] 
2019-04-03T03:55:00.853+0900: 37377.171: [GC pause (G1 Evacuation Pause) (young), 0.0547898 secs]
   [Parallel Time: 54.1 ms, GC Workers: 1]
      [GC Worker Start (ms):  37377171.5]
      [Ext Root Scanning (ms):  2.6]
      [Update RS (ms):  5.3]
         [Processed Buffers:  37]
      [Scan RS (ms):  7.2]
      [Code Root Scanning (ms):  0.0]
      [Object Copy (ms):  38.8]
      [Termination (ms):  0.0]
         [Termination Attempts:  1]
      [GC Worker Other (ms):  0.0]
      [GC Worker Total (ms):  54.0]
      [GC Worker End (ms):  37377225.6]
   [Code Root Fixup: 0.0 ms]
   [Code Root Purge: 0.0 ms]
   [Clear CT: 0.1 ms]
   [Other: 0.6 ms]
      [Choose CSet: 0.0 ms]
      [Ref Proc: 0.2 ms]
      [Ref Enq: 0.0 ms]
      [Redirty Cards: 0.1 ms]
      [Humongous Register: 0.0 ms]
      [Humongous Reclaim: 0.0 ms]
      [Free CSet: 0.0 ms]
   [Eden: 21.0M(21.0M)->0.0B(22.0M) Survivors: 4096.0K->3072.0K Heap: 201.3M(512.0M)->181.5M(512.0M)]
 [Times: user=0.05 sys=0.00, real=0.06 secs] 
2019-04-03T03:56:54.735+0900: 37491.054: [GC pause (G1 Evacuation Pause) (young) (initial-mark), 0.0465742 secs]
   [Parallel Time: 45.8 ms, GC Workers: 1]
      [GC Worker Start (ms):  37491054.2]
      [Ext Root Scanning (ms):  3.4]
      [Update RS (ms):  5.1]
         [Processed Buffers:  35]
      [Scan RS (ms):  6.6]
      [Code Root Scanning (ms):  0.0]
      [Object Copy (ms):  30.6]
      [Termination (ms):  0.0]
         [Termination Attempts:  1]
      [GC Worker Other (ms):  0.0]
      [GC Worker Total (ms):  45.7]
      [GC Worker End (ms):  37491099.9]
   [Code Root Fixup: 0.0 ms]
   [Code Root Purge: 0.0 ms]
   [Clear CT: 0.1 ms]
   [Other: 0.7 ms]
      [Choose CSet: 0.0 ms]
      [Ref Proc: 0.2 ms]
      [Ref Enq: 0.0 ms]
      [Redirty Cards: 0.1 ms]
      [Humongous Register: 0.0 ms]
      [Humongous Reclaim: 0.0 ms]
      [Free CSet: 0.1 ms]
   [Eden: 22.0M(22.0M)->0.0B(21.0M) Survivors: 3072.0K->4096.0K Heap: 203.5M(512.0M)->182.5M(512.0M)]
 [Times: user=0.04 sys=0.00, real=0.04 secs] 
2019-04-03T03:56:54.782+0900: 37491.101: [GC concurrent-root-region-scan-start]
2019-04-03T03:56:54.837+0900: 37491.155: [GC concurrent-root-region-scan-end, 0.0545491 secs]
2019-04-03T03:56:54.837+0900: 37491.155: [GC concurrent-mark-start]
2019-04-03T03:56:54.923+0900: 37491.241: [GC concurrent-mark-end, 0.0857460 secs]
2019-04-03T03:56:54.923+0900: 37491.242: [GC remark 2019-04-03T03:56:54.923+0900: 37491.242: [Finalize Marking, 0.0004935 secs] 2019-04-03T03:56:54.924+0900: 37491.242: [GC ref-proc, 0.0009743 secs] 2019-04-03T03:56:54.925+0900: 37491.243: [Unloading, 0.0381485 secs], 0.0425112 secs]
 [Times: user=0.03 sys=0.00, real=0.05 secs] 
2019-04-03T03:56:54.966+0900: 37491.285: [GC cleanup 182M->182M(512M), 0.0018808 secs]
 [Times: user=0.00 sys=0.00, real=0.00 secs] 
2019-04-03T03:58:43.527+0900: 37599.846: [GC pause (G1 Evacuation Pause) (young), 0.0380103 secs]
   [Parallel Time: 37.3 ms, GC Workers: 1]
      [GC Worker Start (ms):  37599846.2]
      [Ext Root Scanning (ms):  2.6]
      [Update RS (ms):  3.4]
         [Processed Buffers:  37]
      [Scan RS (ms):  7.5]
      [Code Root Scanning (ms):  0.0]
      [Object Copy (ms):  23.7]
      [Termination (ms):  0.0]
         [Termination Attempts:  1]
      [GC Worker Other (ms):  0.0]
      [GC Worker Total (ms):  37.2]
      [GC Worker End (ms):  37599883.4]
   [Code Root Fixup: 0.0 ms]
   [Code Root Purge: 0.0 ms]
   [Clear CT: 0.1 ms]
   [Other: 0.7 ms]
      [Choose CSet: 0.0 ms]
      [Ref Proc: 0.2 ms]
      [Ref Enq: 0.0 ms]
      [Redirty Cards: 0.1 ms]
      [Humongous Register: 0.0 ms]
      [Humongous Reclaim: 0.0 ms]
      [Free CSet: 0.0 ms]
   [Eden: 21.0M(21.0M)->0.0B(22.0M) Survivors: 4096.0K->3072.0K Heap: 203.5M(512.0M)->182.2M(512.0M)]
 [Times: user=0.03 sys=0.00, real=0.04 secs] 
2019-04-03T04:00:37.861+0900: 37714.180: [GC pause (G1 Evacuation Pause) (mixed), 0.0520076 secs]
   [Parallel Time: 45.8 ms, GC Workers: 1]
      [GC Worker Start (ms):  37714185.1]
      [Ext Root Scanning (ms):  3.2]
      [Update RS (ms):  5.9]
         [Processed Buffers:  38]
      [Scan RS (ms):  8.5]
      [Code Root Scanning (ms):  0.0]
      [Object Copy (ms):  28.1]
      [Termination (ms):  0.0]
         [Termination Attempts:  1]
      [GC Worker Other (ms):  0.0]
      [GC Worker Total (ms):  45.7]
      [GC Worker End (ms):  37714230.8]
   [Code Root Fixup: 0.0 ms]
   [Code Root Purge: 0.0 ms]
   [Clear CT: 0.1 ms]
   [Other: 6.1 ms]
      [Choose CSet: 0.0 ms]
      [Ref Proc: 0.2 ms]
      [Ref Enq: 0.0 ms]
      [Redirty Cards: 0.1 ms]
      [Humongous Register: 0.0 ms]
      [Humongous Reclaim: 0.0 ms]
      [Free CSet: 0.2 ms]
   [Eden: 22.0M(22.0M)->0.0B(21.0M) Survivors: 3072.0K->4096.0K Heap: 204.2M(512.0M)->177.9M(512.0M)]
 [Times: user=0.04 sys=0.00, real=0.05 secs] 
2019-04-03T04:02:29.384+0900: 37825.703: [GC pause (G1 Evacuation Pause) (mixed), 0.0498435 secs]
   [Parallel Time: 49.0 ms, GC Workers: 1]
      [GC Worker Start (ms):  37825703.3]
      [Ext Root Scanning (ms):  2.8]
      [Update RS (ms):  4.9]
         [Processed Buffers:  37]
      [Scan RS (ms):  7.2]
      [Code Root Scanning (ms):  0.0]
      [Object Copy (ms):  33.9]
      [Termination (ms):  0.0]
         [Termination Attempts:  1]
      [GC Worker Other (ms):  0.0]
      [GC Worker Total (ms):  48.9]
      [GC Worker End (ms):  37825752.2]
   [Code Root Fixup: 0.0 ms]
   [Code Root Purge: 0.0 ms]
   [Clear CT: 0.1 ms]
   [Other: 0.8 ms]
      [Choose CSet: 0.0 ms]
      [Ref Proc: 0.1 ms]
      [Ref Enq: 0.0 ms]
      [Redirty Cards: 0.1 ms]
      [Humongous Register: 0.0 ms]
      [Humongous Reclaim: 0.0 ms]
      [Free CSet: 0.1 ms]
   [Eden: 21.0M(21.0M)->0.0B(21.0M) Survivors: 4096.0K->4096.0K Heap: 198.9M(512.0M)->172.9M(512.0M)]
 [Times: user=0.05 sys=0.00, real=0.05 secs] 
2019-04-03T04:04:16.479+0900: 37932.798: [GC pause (G1 Evacuation Pause) (mixed), 0.0555938 secs]
   [Parallel Time: 54.7 ms, GC Workers: 1]
      [GC Worker Start (ms):  37932797.7]
      [Ext Root Scanning (ms):  2.7]
      [Update RS (ms):  4.7]
         [Processed Buffers:  38]
      [Scan RS (ms):  8.0]
      [Code Root Scanning (ms):  0.0]
      [Object Copy (ms):  39.3]
      [Termination (ms):  0.0]
         [Termination Attempts:  1]
      [GC Worker Other (ms):  0.0]
      [GC Worker Total (ms):  54.7]
      [GC Worker End (ms):  37932852.4]
   [Code Root Fixup: 0.0 ms]
   [Code Root Purge: 0.0 ms]
   [Clear CT: 0.1 ms]
   [Other: 0.8 ms]
      [Choose CSet: 0.0 ms]
      [Ref Proc: 0.3 ms]
      [Ref Enq: 0.0 ms]
      [Redirty Cards: 0.1 ms]
      [Humongous Register: 0.0 ms]
      [Humongous Reclaim: 0.0 ms]
      [Free CSet: 0.1 ms]
   [Eden: 21.0M(21.0M)->0.0B(21.0M) Survivors: 4096.0K->4096.0K Heap: 193.9M(512.0M)->170.0M(512.0M)]
 [Times: user=0.05 sys=0.00, real=0.05 secs] 
2019-04-03T04:06:05.175+0900: 38041.494: [GC pause (G1 Evacuation Pause) (young), 0.0434331 secs]
   [Parallel Time: 42.8 ms, GC Workers: 1]
      [GC Worker Start (ms):  38041493.9]
      [Ext Root Scanning (ms):  2.4]
      [Update RS (ms):  5.3]
         [Processed Buffers:  36]
      [Scan RS (ms):  8.7]
      [Code Root Scanning (ms):  0.0]
      [Object Copy (ms):  25.7]
      [Termination (ms):  0.0]
         [Termination Attempts:  1]
      [GC Worker Other (ms):  0.0]
      [GC Worker Total (ms):  42.2]
      [GC Worker End (ms):  38041536.1]
   [Code Root Fixup: 0.0 ms]
   [Code Root Purge: 0.0 ms]
   [Clear CT: 0.1 ms]
   [Other: 0.6 ms]
      [Choose CSet: 0.0 ms]
      [Ref Proc: 0.1 ms]
      [Ref Enq: 0.0 ms]
      [Redirty Cards: 0.1 ms]
      [Humongous Register: 0.0 ms]
      [Humongous Reclaim: 0.0 ms]
      [Free CSet: 0.0 ms]
   [Eden: 21.0M(21.0M)->0.0B(23.0M) Survivors: 4096.0K->2048.0K Heap: 191.0M(512.0M)->169.0M(512.0M)]
 [Times: user=0.04 sys=0.00, real=0.04 secs] 
2019-04-03T04:08:05.127+0900: 38161.446: [GC pause (G1 Evacuation Pause) (young), 0.0457562 secs]
   [Parallel Time: 44.7 ms, GC Workers: 1]
      [GC Worker Start (ms):  38161445.9]
      [Ext Root Scanning (ms):  2.9]
      [Update RS (ms):  6.4]
         [Processed Buffers:  37]
      [Scan RS (ms):  7.6]
      [Code Root Scanning (ms):  0.0]
      [Object Copy (ms):  27.1]
      [Termination (ms):  0.0]
         [Termination Attempts:  1]
      [GC Worker Other (ms):  0.0]
      [GC Worker Total (ms):  44.2]
      [GC Worker End (ms):  38161490.0]
   [Code Root Fixup: 0.0 ms]
   [Code Root Purge: 0.0 ms]
   [Clear CT: 0.1 ms]
   [Other: 1.0 ms]
      [Choose CSet: 0.0 ms]
      [Ref Proc: 0.3 ms]
      [Ref Enq: 0.0 ms]
      [Redirty Cards: 0.1 ms]
      [Humongous Register: 0.0 ms]
      [Humongous Reclaim: 0.0 ms]
      [Free CSet: 0.1 ms]
   [Eden: 23.0M(23.0M)->0.0B(22.0M) Survivors: 2048.0K->3072.0K Heap: 192.0M(512.0M)->170.0M(512.0M)]
 [Times: user=0.04 sys=0.00, real=0.04 secs] 
2019-04-03T04:10:00.092+0900: 38276.411: [GC pause (G1 Evacuation Pause) (young), 0.0515543 secs]
   [Parallel Time: 50.8 ms, GC Workers: 1]
      [GC Worker Start (ms):  38276410.9]
      [Ext Root Scanning (ms):  2.6]
      [Update RS (ms):  5.3]
         [Processed Buffers:  37]
      [Scan RS (ms):  6.0]
      [Code Root Scanning (ms):  0.0]
      [Object Copy (ms):  36.7]
      [Termination (ms):  0.0]
         [Termination Attempts:  1]
      [GC Worker Other (ms):  0.0]
      [GC Worker Total (ms):  50.7]
      [GC Worker End (ms):  38276461.6]
   [Code Root Fixup: 0.0 ms]
   [Code Root Purge: 0.0 ms]
   [Clear CT: 0.1 ms]
   [Other: 0.7 ms]
      [Choose CSet: 0.0 ms]
      [Ref Proc: 0.3 ms]
      [Ref Enq: 0.0 ms]
      [Redirty Cards: 0.1 ms]
      [Humongous Register: 0.0 ms]
      [Humongous Reclaim: 0.0 ms]
      [Free CSet: 0.0 ms]
   [Eden: 22.0M(22.0M)->0.0B(21.0M) Survivors: 3072.0K->4096.0K Heap: 192.0M(512.0M)->171.0M(512.0M)]
 [Times: user=0.05 sys=0.00, real=0.05 secs] 
2019-04-03T04:11:47.621+0900: 38383.939: [GC pause (G1 Evacuation Pause) (young), 0.0721271 secs]
   [Parallel Time: 71.4 ms, GC Workers: 1]
      [GC Worker Start (ms):  38383939.4]
      [Ext Root Scanning (ms):  2.6]
      [Update RS (ms):  5.4]
         [Processed Buffers:  38]
      [Scan RS (ms):  7.4]
      [Code Root Scanning (ms):  0.0]
      [Object Copy (ms):  56.0]
      [Termination (ms):  0.0]
         [Termination Attempts:  1]
      [GC Worker Other (ms):  0.0]
      [GC Worker Total (ms):  71.3]
      [GC Worker End (ms):  38384010.7]
   [Code Root Fixup: 0.0 ms]
   [Code Root Purge: 0.0 ms]
   [Clear CT: 0.1 ms]
   [Other: 0.7 ms]
      [Choose CSet: 0.0 ms]
      [Ref Proc: 0.2 ms]
      [Ref Enq: 0.0 ms]
      [Redirty Cards: 0.1 ms]
      [Humongous Register: 0.0 ms]
      [Humongous Reclaim: 0.0 ms]
      [Free CSet: 0.0 ms]
   [Eden: 21.0M(21.0M)->0.0B(22.0M) Survivors: 4096.0K->3072.0K Heap: 192.0M(512.0M)->172.9M(512.0M)]
 [Times: user=0.06 sys=0.00, real=0.07 secs] 
2019-04-03T04:13:42.529+0900: 38498.847: [GC pause (G1 Evacuation Pause) (young), 0.1148822 secs]
   [Parallel Time: 114.1 ms, GC Workers: 1]
      [GC Worker Start (ms):  38498847.4]
      [Ext Root Scanning (ms):  2.9]
      [Update RS (ms):  15.1]
         [Processed Buffers:  36]
      [Scan RS (ms):  10.1]
      [Code Root Scanning (ms):  0.0]
      [Object Copy (ms):  85.9]
      [Termination (ms):  0.0]
         [Termination Attempts:  1]
      [GC Worker Other (ms):  0.0]
      [GC Worker Total (ms):  114.1]
      [GC Worker End (ms):  38498961.4]
   [Code Root Fixup: 0.0 ms]
   [Code Root Purge: 0.0 ms]
   [Clear CT: 0.1 ms]
   [Other: 0.7 ms]
      [Choose CSet: 0.0 ms]
      [Ref Proc: 0.2 ms]
      [Ref Enq: 0.0 ms]
      [Redirty Cards: 0.1 ms]
      [Humongous Register: 0.0 ms]
      [Humongous Reclaim: 0.0 ms]
      [Free CSet: 0.0 ms]
   [Eden: 22.0M(22.0M)->0.0B(21.0M) Survivors: 3072.0K->4096.0K Heap: 194.9M(512.0M)->173.9M(512.0M)]
 [Times: user=0.05 sys=0.00, real=0.11 secs] 
2019-04-03T04:15:33.239+0900: 38609.558: [GC pause (G1 Evacuation Pause) (young), 0.0410853 secs]
   [Parallel Time: 40.2 ms, GC Workers: 1]
      [GC Worker Start (ms):  38609558.1]
      [Ext Root Scanning (ms):  2.6]
      [Update RS (ms):  6.8]
         [Processed Buffers:  37]
      [Scan RS (ms):  6.1]
      [Code Root Scanning (ms):  0.0]
      [Object Copy (ms):  24.6]
      [Termination (ms):  0.0]
         [Termination Attempts:  1]
      [GC Worker Other (ms):  0.0]
      [GC Worker Total (ms):  40.1]
      [GC Worker End (ms):  38609598.2]
   [Code Root Fixup: 0.0 ms]
   [Code Root Purge: 0.0 ms]
   [Clear CT: 0.1 ms]
   [Other: 0.8 ms]
      [Choose CSet: 0.0 ms]
      [Ref Proc: 0.2 ms]
      [Ref Enq: 0.0 ms]
      [Redirty Cards: 0.2 ms]
      [Humongous Register: 0.0 ms]
      [Humongous Reclaim: 0.0 ms]
      [Free CSet: 0.0 ms]
   [Eden: 21.0M(21.0M)->0.0B(22.0M) Survivors: 4096.0K->3072.0K Heap: 194.9M(512.0M)->173.9M(512.0M)]
 [Times: user=0.04 sys=0.00, real=0.04 secs] 
2019-04-03T04:17:27.806+0900: 38724.125: [GC pause (G1 Evacuation Pause) (young), 0.0446431 secs]
   [Parallel Time: 43.9 ms, GC Workers: 1]
      [GC Worker Start (ms):  38724124.8]
      [Ext Root Scanning (ms):  2.5]
      [Update RS (ms):  4.9]
         [Processed Buffers:  35]
      [Scan RS (ms):  6.9]
      [Code Root Scanning (ms):  0.0]
      [Object Copy (ms):  29.4]
      [Termination (ms):  0.0]
         [Termination Attempts:  1]
      [GC Worker Other (ms):  0.0]
      [GC Worker Total (ms):  43.8]
      [GC Worker End (ms):  38724168.6]
   [Code Root Fixup: 0.0 ms]
   [Code Root Purge: 0.0 ms]
   [Clear CT: 0.1 ms]
   [Other: 0.6 ms]
      [Choose CSet: 0.0 ms]
      [Ref Proc: 0.2 ms]
      [Ref Enq: 0.0 ms]
      [Redirty Cards: 0.1 ms]
      [Humongous Register: 0.0 ms]
      [Humongous Reclaim: 0.0 ms]
      [Free CSet: 0.0 ms]
   [Eden: 22.0M(22.0M)->0.0B(21.0M) Survivors: 3072.0K->4096.0K Heap: 195.9M(512.0M)->174.9M(512.0M)]
 [Times: user=0.04 sys=0.00, real=0.04 secs] 
2019-04-03T04:19:15.836+0900: 38832.154: [GC pause (G1 Evacuation Pause) (young), 0.0516494 secs]
   [Parallel Time: 51.0 ms, GC Workers: 1]
      [GC Worker Start (ms):  38832154.5]
      [Ext Root Scanning (ms):  2.5]
      [Update RS (ms):  5.4]
         [Processed Buffers:  37]
      [Scan RS (ms):  6.1]
      [Code Root Scanning (ms):  0.0]
      [Object Copy (ms):  36.7]
      [Termination (ms):  0.0]
         [Termination Attempts:  1]
      [GC Worker Other (ms):  0.0]
      [GC Worker Total (ms):  50.8]
      [GC Worker End (ms):  38832205.2]
   [Code Root Fixup: 0.0 ms]
   [Code Root Purge: 0.0 ms]
   [Clear CT: 0.1 ms]
   [Other: 0.6 ms]
      [Choose CSet: 0.0 ms]
      [Ref Proc: 0.1 ms]
      [Ref Enq: 0.0 ms]
      [Redirty Cards: 0.1 ms]
      [Humongous Register: 0.0 ms]
      [Humongous Reclaim: 0.0 ms]
      [Free CSet: 0.0 ms]
   [Eden: 21.0M(21.0M)->0.0B(21.0M) Survivors: 4096.0K->4096.0K Heap: 195.9M(512.0M)->176.0M(512.0M)]
 [Times: user=0.05 sys=0.00, real=0.05 secs] 
2019-04-03T04:21:05.108+0900: 38941.427: [GC pause (G1 Evacuation Pause) (young), 0.0710654 secs]
   [Parallel Time: 70.3 ms, GC Workers: 1]
      [GC Worker Start (ms):  38941427.1]
      [Ext Root Scanning (ms):  2.4]
      [Update RS (ms):  6.3]
         [Processed Buffers:  38]
      [Scan RS (ms):  6.8]
      [Code Root Scanning (ms):  0.0]
      [Object Copy (ms):  54.7]
      [Termination (ms):  0.0]
         [Termination Attempts:  1]
      [GC Worker Other (ms):  0.0]
      [GC Worker Total (ms):  70.2]
      [GC Worker End (ms):  38941497.4]
   [Code Root Fixup: 0.0 ms]
   [Code Root Purge: 0.0 ms]
   [Clear CT: 0.1 ms]
   [Other: 0.7 ms]
      [Choose CSet: 0.0 ms]
      [Ref Proc: 0.1 ms]
      [Ref Enq: 0.0 ms]
      [Redirty Cards: 0.1 ms]
      [Humongous Register: 0.0 ms]
      [Humongous Reclaim: 0.0 ms]
      [Free CSet: 0.0 ms]
   [Eden: 21.0M(21.0M)->0.0B(21.0M) Survivors: 4096.0K->4096.0K Heap: 197.0M(512.0M)->177.0M(512.0M)]
 [Times: user=0.06 sys=0.00, real=0.07 secs] 
2019-04-03T04:22:53.889+0900: 39050.207: [GC pause (G1 Evacuation Pause) (young), 0.0376318 secs]
   [Parallel Time: 36.9 ms, GC Workers: 1]
      [GC Worker Start (ms):  39050207.3]
      [Ext Root Scanning (ms):  2.6]
      [Update RS (ms):  10.5]
         [Processed Buffers:  45]
      [Scan RS (ms):  3.4]
      [Code Root Scanning (ms):  0.0]
      [Object Copy (ms):  20.3]
      [Termination (ms):  0.0]
         [Termination Attempts:  1]
      [GC Worker Other (ms):  0.0]
      [GC Worker Total (ms):  36.8]
      [GC Worker End (ms):  39050244.1]
   [Code Root Fixup: 0.0 ms]
   [Code Root Purge: 0.0 ms]
   [Clear CT: 0.1 ms]
   [Other: 0.7 ms]
      [Choose CSet: 0.0 ms]
      [Ref Proc: 0.1 ms]
      [Ref Enq: 0.0 ms]
      [Redirty Cards: 0.1 ms]
      [Humongous Register: 0.0 ms]
      [Humongous Reclaim: 0.0 ms]
      [Free CSet: 0.0 ms]
   [Eden: 21.0M(21.0M)->0.0B(23.0M) Survivors: 4096.0K->2048.0K Heap: 198.0M(512.0M)->176.0M(512.0M)]
 [Times: user=0.04 sys=0.00, real=0.04 secs] 
2019-04-03T04:24:52.974+0900: 39169.293: [GC pause (G1 Evacuation Pause) (young), 0.0419925 secs]
   [Parallel Time: 41.2 ms, GC Workers: 1]
      [GC Worker Start (ms):  39169292.8]
      [Ext Root Scanning (ms):  2.4]
      [Update RS (ms):  5.0]
         [Processed Buffers:  37]
      [Scan RS (ms):  7.7]
      [Code Root Scanning (ms):  0.0]
      [Object Copy (ms):  26.1]
      [Termination (ms):  0.0]
         [Termination Attempts:  1]
      [GC Worker Other (ms):  0.0]
      [GC Worker Total (ms):  41.2]
      [GC Worker End (ms):  39169333.9]
   [Code Root Fixup: 0.0 ms]
   [Code Root Purge: 0.0 ms]
   [Clear CT: 0.1 ms]
   [Other: 0.7 ms]
      [Choose CSet: 0.0 ms]
      [Ref Proc: 0.3 ms]
      [Ref Enq: 0.0 ms]
      [Redirty Cards: 0.1 ms]
      [Humongous Register: 0.0 ms]
      [Humongous Reclaim: 0.0 ms]
      [Free CSet: 0.0 ms]
   [Eden: 23.0M(23.0M)->0.0B(22.0M) Survivors: 2048.0K->3072.0K Heap: 199.0M(512.0M)->177.0M(512.0M)]
 [Times: user=0.04 sys=0.00, real=0.05 secs] 
2019-04-03T04:26:46.792+0900: 39283.110: [GC pause (G1 Evacuation Pause) (young), 0.0473622 secs]
   [Parallel Time: 46.5 ms, GC Workers: 1]
      [GC Worker Start (ms):  39283110.6]
      [Ext Root Scanning (ms):  2.5]
      [Update RS (ms):  4.6]
         [Processed Buffers:  38]
      [Scan RS (ms):  6.6]
      [Code Root Scanning (ms):  0.0]
      [Object Copy (ms):  32.8]
      [Termination (ms):  0.0]
         [Termination Attempts:  1]
      [GC Worker Other (ms):  0.0]
      [GC Worker Total (ms):  46.5]
      [GC Worker End (ms):  39283157.0]
   [Code Root Fixup: 0.0 ms]
   [Code Root Purge: 0.0 ms]
   [Clear CT: 0.1 ms]
   [Other: 0.7 ms]
      [Choose CSet: 0.0 ms]
      [Ref Proc: 0.2 ms]
      [Ref Enq: 0.0 ms]
      [Redirty Cards: 0.1 ms]
      [Humongous Register: 0.0 ms]
      [Humongous Reclaim: 0.0 ms]
      [Free CSet: 0.0 ms]
   [Eden: 22.0M(22.0M)->0.0B(21.0M) Survivors: 3072.0K->4096.0K Heap: 199.0M(512.0M)->178.4M(512.0M)]
 [Times: user=0.04 sys=0.00, real=0.05 secs] 
2019-04-03T04:28:36.560+0900: 39392.879: [GC pause (G1 Evacuation Pause) (young), 0.0519632 secs]
   [Parallel Time: 51.3 ms, GC Workers: 1]
      [GC Worker Start (ms):  39392879.0]
      [Ext Root Scanning (ms):  2.3]
      [Update RS (ms):  5.3]
         [Processed Buffers:  35]
      [Scan RS (ms):  8.3]
      [Code Root Scanning (ms):  0.0]
      [Object Copy (ms):  35.2]
      [Termination (ms):  0.0]
         [Termination Attempts:  1]
      [GC Worker Other (ms):  0.0]
      [GC Worker Total (ms):  51.2]
      [GC Worker End (ms):  39392930.2]
   [Code Root Fixup: 0.0 ms]
   [Code Root Purge: 0.0 ms]
   [Clear CT: 0.1 ms]
   [Other: 0.6 ms]
      [Choose CSet: 0.0 ms]
      [Ref Proc: 0.1 ms]
      [Ref Enq: 0.0 ms]
      [Redirty Cards: 0.1 ms]
      [Humongous Register: 0.0 ms]
      [Humongous Reclaim: 0.0 ms]
      [Free CSet: 0.0 ms]
   [Eden: 21.0M(21.0M)->0.0B(22.0M) Survivors: 4096.0K->3072.0K Heap: 199.4M(512.0M)->179.5M(512.0M)]
 [Times: user=0.05 sys=0.00, real=0.05 secs] 
2019-04-03T04:30:33.646+0900: 39509.964: [GC pause (G1 Evacuation Pause) (young), 0.0471438 secs]
   [Parallel Time: 46.5 ms, GC Workers: 1]
      [GC Worker Start (ms):  39509964.5]
      [Ext Root Scanning (ms):  2.5]
      [Update RS (ms):  5.5]
         [Processed Buffers:  34]
      [Scan RS (ms):  6.3]
      [Code Root Scanning (ms):  0.0]
      [Object Copy (ms):  32.0]
      [Termination (ms):  0.0]
         [Termination Attempts:  1]
      [GC Worker Other (ms):  0.0]
      [GC Worker Total (ms):  46.4]
      [GC Worker End (ms):  39510010.9]
   [Code Root Fixup: 0.0 ms]
   [Code Root Purge: 0.0 ms]
   [Clear CT: 0.1 ms]
   [Other: 0.6 ms]
      [Choose CSet: 0.0 ms]
      [Ref Proc: 0.2 ms]
      [Ref Enq: 0.0 ms]
      [Redirty Cards: 0.1 ms]
      [Humongous Register: 0.0 ms]
      [Humongous Reclaim: 0.0 ms]
      [Free CSet: 0.0 ms]
   [Eden: 22.0M(22.0M)->0.0B(21.0M) Survivors: 3072.0K->4096.0K Heap: 201.5M(512.0M)->180.5M(512.0M)]
 [Times: user=0.04 sys=0.00, real=0.04 secs] 
2019-04-03T04:32:18.191+0900: 39614.510: [GC pause (G1 Evacuation Pause) (young), 0.0417869 secs]
   [Parallel Time: 41.1 ms, GC Workers: 1]
      [GC Worker Start (ms):  39614510.2]
      [Ext Root Scanning (ms):  2.4]
      [Update RS (ms):  4.5]
         [Processed Buffers:  38]
      [Scan RS (ms):  6.3]
      [Code Root Scanning (ms):  0.0]
      [Object Copy (ms):  27.7]
      [Termination (ms):  0.0]
         [Termination Attempts:  1]
      [GC Worker Other (ms):  0.1]
      [GC Worker Total (ms):  41.0]
      [GC Worker End (ms):  39614551.1]
   [Code Root Fixup: 0.0 ms]
   [Code Root Purge: 0.0 ms]
   [Clear CT: 0.1 ms]
   [Other: 0.7 ms]
      [Choose CSet: 0.0 ms]
      [Ref Proc: 0.1 ms]
      [Ref Enq: 0.0 ms]
      [Redirty Cards: 0.1 ms]
      [Humongous Register: 0.0 ms]
      [Humongous Reclaim: 0.0 ms]
      [Free CSet: 0.0 ms]
   [Eden: 21.0M(21.0M)->0.0B(22.0M) Survivors: 4096.0K->3072.0K Heap: 201.5M(512.0M)->180.7M(512.0M)]
 [Times: user=0.04 sys=0.00, real=0.04 secs] 
2019-04-03T04:33:52.974+0900: 39709.293: [GC pause (G1 Evacuation Pause) (young), 0.0864324 secs]
   [Parallel Time: 85.5 ms, GC Workers: 1]
      [GC Worker Start (ms):  39709293.2]
      [Ext Root Scanning (ms):  2.5]
      [Update RS (ms):  5.5]
         [Processed Buffers:  47]
      [Scan RS (ms):  15.3]
      [Code Root Scanning (ms):  0.0]
      [Object Copy (ms):  62.1]
      [Termination (ms):  0.0]
         [Termination Attempts:  1]
      [GC Worker Other (ms):  0.0]
      [GC Worker Total (ms):  85.5]
      [GC Worker End (ms):  39709378.7]
   [Code Root Fixup: 0.0 ms]
   [Code Root Purge: 0.0 ms]
   [Clear CT: 0.1 ms]
   [Other: 0.8 ms]
      [Choose CSet: 0.0 ms]
      [Ref Proc: 0.1 ms]
      [Ref Enq: 0.0 ms]
      [Redirty Cards: 0.1 ms]
      [Humongous Register: 0.0 ms]
      [Humongous Reclaim: 0.0 ms]
      [Free CSet: 0.1 ms]
   [Eden: 22.0M(22.0M)->0.0B(21.0M) Survivors: 3072.0K->4096.0K Heap: 202.7M(512.0M)->184.4M(512.0M)]
 [Times: user=0.09 sys=0.00, real=0.09 secs] 
2019-04-03T04:35:41.711+0900: 39818.029: [GC pause (G1 Evacuation Pause) (young) (initial-mark), 0.0687907 secs]
   [Parallel Time: 67.9 ms, GC Workers: 1]
      [GC Worker Start (ms):  39818029.6]
      [Ext Root Scanning (ms):  3.4]
      [Update RS (ms):  5.5]
         [Processed Buffers:  46]
      [Scan RS (ms):  10.6]
      [Code Root Scanning (ms):  0.0]
      [Object Copy (ms):  48.1]
      [Termination (ms):  0.0]
         [Termination Attempts:  1]
      [GC Worker Other (ms):  0.0]
      [GC Worker Total (ms):  67.7]
      [GC Worker End (ms):  39818097.3]
   [Code Root Fixup: 0.0 ms]
   [Code Root Purge: 0.0 ms]
   [Clear CT: 0.1 ms]
   [Other: 0.8 ms]
      [Choose CSet: 0.0 ms]
      [Ref Proc: 0.1 ms]
      [Ref Enq: 0.0 ms]
      [Redirty Cards: 0.1 ms]
      [Humongous Register: 0.0 ms]
      [Humongous Reclaim: 0.1 ms]
      [Free CSet: 0.0 ms]
   [Eden: 21.0M(21.0M)->0.0B(23.0M) Survivors: 4096.0K->2048.0K Heap: 205.4M(512.0M)->186.0M(512.0M)]
 [Times: user=0.07 sys=0.00, real=0.07 secs] 
2019-04-03T04:35:41.780+0900: 39818.098: [GC concurrent-root-region-scan-start]
2019-04-03T04:35:41.792+0900: 39818.111: [GC concurrent-root-region-scan-end, 0.0122703 secs]
2019-04-03T04:35:41.792+0900: 39818.111: [GC concurrent-mark-start]
2019-04-03T04:35:41.918+0900: 39818.236: [GC concurrent-mark-end, 0.1255137 secs]
2019-04-03T04:35:41.920+0900: 39818.239: [GC remark 2019-04-03T04:35:41.920+0900: 39818.239: [Finalize Marking, 0.0003968 secs] 2019-04-03T04:35:41.921+0900: 39818.239: [GC ref-proc, 0.0010017 secs] 2019-04-03T04:35:41.922+0900: 39818.240: [Unloading, 0.0369806 secs], 0.0414881 secs]
 [Times: user=0.05 sys=0.00, real=0.04 secs] 
2019-04-03T04:35:41.962+0900: 39818.281: [GC cleanup 186M->183M(512M), 0.0021671 secs]
 [Times: user=0.00 sys=0.00, real=0.00 secs] 
2019-04-03T04:35:41.964+0900: 39818.283: [GC concurrent-cleanup-start]
2019-04-03T04:35:41.964+0900: 39818.283: [GC concurrent-cleanup-end, 0.0000331 secs]
2019-04-03T04:37:40.972+0900: 39937.291: [GC pause (G1 Evacuation Pause) (young), 0.0325631 secs]
   [Parallel Time: 31.7 ms, GC Workers: 1]
      [GC Worker Start (ms):  39937291.3]
      [Ext Root Scanning (ms):  3.6]
      [Update RS (ms):  3.8]
         [Processed Buffers:  45]
      [Scan RS (ms):  5.1]
      [Code Root Scanning (ms):  0.0]
      [Object Copy (ms):  19.2]
      [Termination (ms):  0.0]
         [Termination Attempts:  1]
      [GC Worker Other (ms):  0.0]
      [GC Worker Total (ms):  31.6]
      [GC Worker End (ms):  39937323.0]
   [Code Root Fixup: 0.0 ms]
   [Code Root Purge: 0.0 ms]
   [Clear CT: 0.1 ms]
   [Other: 0.8 ms]
      [Choose CSet: 0.0 ms]
      [Ref Proc: 0.2 ms]
      [Ref Enq: 0.0 ms]
      [Redirty Cards: 0.0 ms]
      [Humongous Register: 0.0 ms]
      [Humongous Reclaim: 0.0 ms]
      [Free CSet: 0.1 ms]
   [Eden: 23.0M(23.0M)->0.0B(22.0M) Survivors: 2048.0K->3072.0K Heap: 206.0M(512.0M)->184.0M(512.0M)]
 [Times: user=0.03 sys=0.00, real=0.03 secs] 
2019-04-03T04:39:35.176+0900: 40051.495: [GC pause (G1 Evacuation Pause) (mixed), 0.0382645 secs]
   [Parallel Time: 37.4 ms, GC Workers: 1]
      [GC Worker Start (ms):  40051495.1]
      [Ext Root Scanning (ms):  3.2]
      [Update RS (ms):  3.4]
         [Processed Buffers:  38]
      [Scan RS (ms):  8.4]
      [Code Root Scanning (ms):  0.0]
      [Object Copy (ms):  22.2]
      [Termination (ms):  0.0]
         [Termination Attempts:  1]
      [GC Worker Other (ms):  0.1]
      [GC Worker Total (ms):  37.3]
      [GC Worker End (ms):  40051532.4]
   [Code Root Fixup: 0.0 ms]
   [Code Root Purge: 0.0 ms]
   [Clear CT: 0.1 ms]
   [Other: 0.8 ms]
      [Choose CSet: 0.0 ms]
      [Ref Proc: 0.2 ms]
      [Ref Enq: 0.0 ms]
      [Redirty Cards: 0.1 ms]
      [Humongous Register: 0.0 ms]
      [Humongous Reclaim: 0.0 ms]
      [Free CSet: 0.1 ms]
   [Eden: 22.0M(22.0M)->0.0B(23.0M) Survivors: 3072.0K->2048.0K Heap: 206.0M(512.0M)->177.5M(512.0M)]
 [Times: user=0.03 sys=0.00, real=0.03 secs] 
2019-04-03T04:41:35.129+0900: 40171.448: [GC pause (G1 Evacuation Pause) (mixed), 0.0427970 secs]
   [Parallel Time: 42.0 ms, GC Workers: 1]
      [GC Worker Start (ms):  40171448.0]
      [Ext Root Scanning (ms):  2.9]
      [Update RS (ms):  7.2]
         [Processed Buffers:  42]
      [Scan RS (ms):  5.7]
      [Code Root Scanning (ms):  0.0]
      [Object Copy (ms):  25.7]
      [Termination (ms):  0.0]
         [Termination Attempts:  1]
      [GC Worker Other (ms):  0.0]
      [GC Worker Total (ms):  41.6]
      [GC Worker End (ms):  40171489.5]
   [Code Root Fixup: 0.0 ms]
   [Code Root Purge: 0.0 ms]
   [Clear CT: 0.2 ms]
   [Other: 0.6 ms]
      [Choose CSet: 0.0 ms]
      [Ref Proc: 0.1 ms]
      [Ref Enq: 0.0 ms]
      [Redirty Cards: 0.1 ms]
      [Humongous Register: 0.0 ms]
      [Humongous Reclaim: 0.0 ms]
      [Free CSet: 0.1 ms]
   [Eden: 23.0M(23.0M)->0.0B(22.0M) Survivors: 2048.0K->3072.0K Heap: 200.5M(512.0M)->171.7M(512.0M)]
 [Times: user=0.04 sys=0.00, real=0.04 secs] 
2019-04-03T04:43:30.437+0900: 40286.756: [GC pause (G1 Evacuation Pause) (mixed), 0.0488059 secs]
   [Parallel Time: 48.0 ms, GC Workers: 1]
      [GC Worker Start (ms):  40286756.0]
      [Ext Root Scanning (ms):  2.6]
      [Update RS (ms):  4.3]
         [Processed Buffers:  37]
      [Scan RS (ms):  6.8]
      [Code Root Scanning (ms):  0.0]
      [Object Copy (ms):  34.2]
      [Termination (ms):  0.0]
         [Termination Attempts:  1]
      [GC Worker Other (ms):  0.0]
      [GC Worker Total (ms):  47.9]
      [GC Worker End (ms):  40286803.8]
   [Code Root Fixup: 0.0 ms]
   [Code Root Purge: 0.0 ms]
   [Clear CT: 0.1 ms]
   [Other: 0.7 ms]
      [Choose CSet: 0.0 ms]
      [Ref Proc: 0.2 ms]
      [Ref Enq: 0.0 ms]
      [Redirty Cards: 0.1 ms]
      [Humongous Register: 0.0 ms]
      [Humongous Reclaim: 0.0 ms]
      [Free CSet: 0.1 ms]
   [Eden: 22.0M(22.0M)->0.0B(21.0M) Survivors: 3072.0K->4096.0K Heap: 193.7M(512.0M)->169.2M(512.0M)]
 [Times: user=0.04 sys=0.00, real=0.05 secs] 
2019-04-03T04:45:16.992+0900: 40393.310: [GC pause (G1 Evacuation Pause) (young), 0.0493647 secs]
   [Parallel Time: 48.6 ms, GC Workers: 1]
      [GC Worker Start (ms):  40393310.7]
      [Ext Root Scanning (ms):  2.6]
      [Update RS (ms):  4.7]
         [Processed Buffers:  36]
      [Scan RS (ms):  7.0]
      [Code Root Scanning (ms):  0.0]
      [Object Copy (ms):  34.3]
      [Termination (ms):  0.0]
         [Termination Attempts:  1]
      [GC Worker Other (ms):  0.0]
      [GC Worker Total (ms):  48.6]
      [GC Worker End (ms):  40393359.2]
   [Code Root Fixup: 0.0 ms]
   [Code Root Purge: 0.0 ms]
   [Clear CT: 0.1 ms]
   [Other: 0.7 ms]
      [Choose CSet: 0.0 ms]
      [Ref Proc: 0.1 ms]
      [Ref Enq: 0.0 ms]
      [Redirty Cards: 0.2 ms]
      [Humongous Register: 0.0 ms]
      [Humongous Reclaim: 0.0 ms]
      [Free CSet: 0.0 ms]
   [Eden: 21.0M(21.0M)->0.0B(22.0M) Survivors: 4096.0K->3072.0K Heap: 190.2M(512.0M)->170.5M(512.0M)]
 [Times: user=0.05 sys=0.00, real=0.05 secs] 
2019-04-03T04:47:11.006+0900: 40507.324: [GC pause (G1 Evacuation Pause) (young), 0.0665831 secs]
   [Parallel Time: 65.8 ms, GC Workers: 1]
      [GC Worker Start (ms):  40507324.8]
      [Ext Root Scanning (ms):  2.7]
      [Update RS (ms):  4.9]
         [Processed Buffers:  38]
      [Scan RS (ms):  5.4]
      [Code Root Scanning (ms):  0.0]
      [Object Copy (ms):  52.5]
      [Termination (ms):  0.0]
         [Termination Attempts:  1]
      [GC Worker Other (ms):  0.0]
      [GC Worker Total (ms):  65.7]
      [GC Worker End (ms):  40507390.4]
   [Code Root Fixup: 0.0 ms]
   [Code Root Purge: 0.0 ms]
   [Clear CT: 0.0 ms]
   [Other: 0.7 ms]
      [Choose CSet: 0.0 ms]
      [Ref Proc: 0.1 ms]
      [Ref Enq: 0.0 ms]
      [Redirty Cards: 0.1 ms]
      [Humongous Register: 0.0 ms]
      [Humongous Reclaim: 0.0 ms]
      [Free CSet: 0.0 ms]
   [Eden: 22.0M(22.0M)->0.0B(21.0M) Survivors: 3072.0K->4096.0K Heap: 192.5M(512.0M)->171.5M(512.0M)]
 [Times: user=0.04 sys=0.00, real=0.06 secs] 
2019-04-03T04:49:02.388+0900: 40618.706: [GC pause (G1 Evacuation Pause) (young), 0.0465786 secs]
   [Parallel Time: 45.9 ms, GC Workers: 1]
      [GC Worker Start (ms):  40618706.3]
      [Ext Root Scanning (ms):  2.6]
      [Update RS (ms):  6.3]
         [Processed Buffers:  36]
      [Scan RS (ms):  6.5]
      [Code Root Scanning (ms):  0.0]
      [Object Copy (ms):  30.4]
      [Termination (ms):  0.0]
         [Termination Attempts:  1]
      [GC Worker Other (ms):  0.0]
      [GC Worker Total (ms):  45.8]
      [GC Worker End (ms):  40618752.1]
   [Code Root Fixup: 0.0 ms]
   [Code Root Purge: 0.0 ms]
   [Clear CT: 0.1 ms]
   [Other: 0.6 ms]
      [Choose CSet: 0.0 ms]
      [Ref Proc: 0.1 ms]
      [Ref Enq: 0.0 ms]
      [Redirty Cards: 0.1 ms]
      [Humongous Register: 0.0 ms]
      [Humongous Reclaim: 0.0 ms]
      [Free CSet: 0.0 ms]
   [Eden: 21.0M(21.0M)->0.0B(22.0M) Survivors: 4096.0K->3072.0K Heap: 192.5M(512.0M)->171.2M(512.0M)]
 [Times: user=0.03 sys=0.00, real=0.04 secs] 
2019-04-03T04:50:55.488+0900: 40731.807: [GC pause (G1 Evacuation Pause) (young), 0.0425914 secs]
   [Parallel Time: 41.8 ms, GC Workers: 1]
      [GC Worker Start (ms):  40731807.3]
      [Ext Root Scanning (ms):  2.4]
      [Update RS (ms):  5.2]
         [Processed Buffers:  38]
      [Scan RS (ms):  6.9]
      [Code Root Scanning (ms):  0.0]
      [Object Copy (ms):  27.2]
      [Termination (ms):  0.0]
         [Termination Attempts:  1]
      [GC Worker Other (ms):  0.0]
      [GC Worker Total (ms):  41.7]
      [GC Worker End (ms):  40731849.0]
   [Code Root Fixup: 0.0 ms]
   [Code Root Purge: 0.0 ms]
   [Clear CT: 0.1 ms]
   [Other: 0.8 ms]
      [Choose CSet: 0.0 ms]
      [Ref Proc: 0.2 ms]
      [Ref Enq: 0.0 ms]
      [Redirty Cards: 0.1 ms]
      [Humongous Register: 0.0 ms]
      [Humongous Reclaim: 0.0 ms]
      [Free CSet: 0.0 ms]
   [Eden: 22.0M(22.0M)->0.0B(21.0M) Survivors: 3072.0K->4096.0K Heap: 193.2M(512.0M)->172.2M(512.0M)]
 [Times: user=0.04 sys=0.00, real=0.04 secs] 
2019-04-03T04:52:43.913+0900: 40840.231: [GC pause (G1 Evacuation Pause) (young), 0.0530552 secs]
   [Parallel Time: 52.3 ms, GC Workers: 1]
      [GC Worker Start (ms):  40840231.6]
      [Ext Root Scanning (ms):  4.9]
      [Update RS (ms):  5.1]
         [Processed Buffers:  38]
      [Scan RS (ms):  6.8]
      [Code Root Scanning (ms):  0.0]
      [Object Copy (ms):  35.4]
      [Termination (ms):  0.0]
         [Termination Attempts:  1]
      [GC Worker Other (ms):  0.0]
      [GC Worker Total (ms):  52.3]
      [GC Worker End (ms):  40840283.8]
   [Code Root Fixup: 0.0 ms]
   [Code Root Purge: 0.0 ms]
   [Clear CT: 0.1 ms]
   [Other: 0.6 ms]
      [Choose CSet: 0.0 ms]
      [Ref Proc: 0.2 ms]
      [Ref Enq: 0.0 ms]
      [Redirty Cards: 0.1 ms]
      [Humongous Register: 0.0 ms]
      [Humongous Reclaim: 0.0 ms]
      [Free CSet: 0.0 ms]
   [Eden: 21.0M(21.0M)->0.0B(21.0M) Survivors: 4096.0K->4096.0K Heap: 193.2M(512.0M)->173.2M(512.0M)]
 [Times: user=0.05 sys=0.00, real=0.06 secs] 
2019-04-03T04:54:35.126+0900: 40951.445: [GC pause (G1 Evacuation Pause) (young), 0.0620968 secs]
   [Parallel Time: 61.4 ms, GC Workers: 1]
      [GC Worker Start (ms):  40951445.0]
      [Ext Root Scanning (ms):  2.8]
      [Update RS (ms):  9.2]
         [Processed Buffers:  37]
      [Scan RS (ms):  12.7]
      [Code Root Scanning (ms):  0.0]
      [Object Copy (ms):  36.6]
      [Termination (ms):  0.0]
         [Termination Attempts:  1]
      [GC Worker Other (ms):  0.0]
      [GC Worker Total (ms):  61.3]
      [GC Worker End (ms):  40951506.3]
   [Code Root Fixup: 0.0 ms]
   [Code Root Purge: 0.0 ms]
   [Clear CT: 0.0 ms]
   [Other: 0.6 ms]
      [Choose CSet: 0.0 ms]
      [Ref Proc: 0.1 ms]
      [Ref Enq: 0.0 ms]
      [Redirty Cards: 0.1 ms]
      [Humongous Register: 0.0 ms]
      [Humongous Reclaim: 0.0 ms]
      [Free CSet: 0.0 ms]
   [Eden: 21.0M(21.0M)->0.0B(21.0M) Survivors: 4096.0K->4096.0K Heap: 194.2M(512.0M)->174.5M(512.0M)]
 [Times: user=0.05 sys=0.00, real=0.06 secs] 
2019-04-03T04:56:23.611+0900: 41059.929: [GC pause (G1 Evacuation Pause) (young), 0.0364935 secs]
   [Parallel Time: 35.4 ms, GC Workers: 1]
      [GC Worker Start (ms):  41059929.7]
      [Ext Root Scanning (ms):  2.4]
      [Update RS (ms):  4.8]
         [Processed Buffers:  39]
      [Scan RS (ms):  7.7]
      [Code Root Scanning (ms):  0.0]
      [Object Copy (ms):  20.3]
      [Termination (ms):  0.0]
         [Termination Attempts:  1]
      [GC Worker Other (ms):  0.0]
      [GC Worker Total (ms):  35.3]
      [GC Worker End (ms):  41059965.0]
   [Code Root Fixup: 0.0 ms]
   [Code Root Purge: 0.0 ms]
   [Clear CT: 0.1 ms]
   [Other: 1.0 ms]
      [Choose CSet: 0.0 ms]
      [Ref Proc: 0.6 ms]
      [Ref Enq: 0.0 ms]
      [Redirty Cards: 0.1 ms]
      [Humongous Register: 0.0 ms]
      [Humongous Reclaim: 0.0 ms]
      [Free CSet: 0.0 ms]
   [Eden: 21.0M(21.0M)->0.0B(23.0M) Survivors: 4096.0K->2048.0K Heap: 195.5M(512.0M)->173.5M(512.0M)]
 [Times: user=0.04 sys=0.00, real=0.04 secs] 
2019-04-03T04:58:22.974+0900: 41179.293: [GC pause (G1 Evacuation Pause) (young), 0.0423487 secs]
   [Parallel Time: 41.5 ms, GC Workers: 1]
      [GC Worker Start (ms):  41179293.2]
      [Ext Root Scanning (ms):  2.7]
      [Update RS (ms):  4.5]
         [Processed Buffers:  36]
      [Scan RS (ms):  8.4]
      [Code Root Scanning (ms):  0.0]
      [Object Copy (ms):  25.9]
      [Termination (ms):  0.0]
         [Termination Attempts:  1]
      [GC Worker Other (ms):  0.0]
      [GC Worker Total (ms):  41.4]
      [GC Worker End (ms):  41179334.6]
   [Code Root Fixup: 0.0 ms]
   [Code Root Purge: 0.0 ms]
   [Clear CT: 0.0 ms]
   [Other: 0.8 ms]
      [Choose CSet: 0.0 ms]
      [Ref Proc: 0.2 ms]
      [Ref Enq: 0.0 ms]
      [Redirty Cards: 0.1 ms]
      [Humongous Register: 0.0 ms]
      [Humongous Reclaim: 0.0 ms]
      [Free CSet: 0.0 ms]
   [Eden: 23.0M(23.0M)->0.0B(22.0M) Survivors: 2048.0K->3072.0K Heap: 196.5M(512.0M)->174.5M(512.0M)]
 [Times: user=0.04 sys=0.00, real=0.05 secs] 
2019-04-03T05:00:35.618+0900: 41313.439: [GC pause (G1 Evacuation Pause) (young), 55.1664361 secs]
   [Parallel Time: 29810.6 ms, GC Workers: 1]
      [GC Worker Start (ms):  41325623.4]
      [Ext Root Scanning (ms):  14921.5]
      [Update RS (ms):  2245.3]
         [Processed Buffers:  38]
      [Scan RS (ms):  8.3]
      [Code Root Scanning (ms):  971.6]
      [Object Copy (ms):  9255.1]
      [Termination (ms):  0.0]
         [Termination Attempts:  1]
      [GC Worker Other (ms):  480.5]
      [GC Worker Total (ms):  27882.4]
      [GC Worker End (ms):  41353505.8]
   [Code Root Fixup: 0.0 ms]
   [Code Root Purge: 0.0 ms]
   [Clear CT: 712.3 ms]
   [Other: 24643.5 ms]
      [Choose CSet: 0.0 ms]
      [Ref Proc: 1032.1 ms]
      [Ref Enq: 762.0 ms]
      [Redirty Cards: 543.8 ms]
      [Humongous Register: 0.1 ms]
      [Humongous Reclaim: 324.8 ms]
      [Free CSet: 1126.0 ms]
   [Eden: 22.0M(22.0M)->0.0B(22.0M) Survivors: 3072.0K->3072.0K Heap: 196.5M(512.0M)->175.5M(512.0M)]
 [Times: user=0.09 sys=0.09, real=68.40 secs] 
2019-04-03T05:03:27.997+0900: 41484.315: [GC pause (G1 Evacuation Pause) (young), 0.0611460 secs]
   [Parallel Time: 60.2 ms, GC Workers: 1]
      [GC Worker Start (ms):  41484316.1]
      [Ext Root Scanning (ms):  3.0]
      [Update RS (ms):  17.2]
         [Processed Buffers:  43]
      [Scan RS (ms):  8.1]
      [Code Root Scanning (ms):  0.1]
      [Object Copy (ms):  31.2]
      [Termination (ms):  0.0]
         [Termination Attempts:  1]
      [GC Worker Other (ms):  0.0]
      [GC Worker Total (ms):  59.6]
      [GC Worker End (ms):  41484375.7]
   [Code Root Fixup: 0.0 ms]
   [Code Root Purge: 0.0 ms]
   [Clear CT: 0.1 ms]
   [Other: 0.9 ms]
      [Choose CSet: 0.0 ms]
      [Ref Proc: 0.2 ms]
      [Ref Enq: 0.0 ms]
      [Redirty Cards: 0.1 ms]
      [Humongous Register: 0.0 ms]
      [Humongous Reclaim: 0.0 ms]
      [Free CSet: 0.1 ms]
   [Eden: 22.0M(22.0M)->0.0B(21.0M) Survivors: 3072.0K->4096.0K Heap: 197.5M(512.0M)->177.0M(512.0M)]
 [Times: user=0.05 sys=0.00, real=0.09 secs] 
2019-04-03T05:05:15.344+0900: 41591.663: [GC pause (G1 Evacuation Pause) (young), 0.0521480 secs]
   [Parallel Time: 51.2 ms, GC Workers: 1]
      [GC Worker Start (ms):  41591663.1]
      [Ext Root Scanning (ms):  2.9]
      [Update RS (ms):  5.6]
         [Processed Buffers:  35]
      [Scan RS (ms):  6.1]
      [Code Root Scanning (ms):  0.1]
      [Object Copy (ms):  36.4]
      [Termination (ms):  0.0]
         [Termination Attempts:  1]
      [GC Worker Other (ms):  0.0]
      [GC Worker Total (ms):  51.1]
      [GC Worker End (ms):  41591714.2]
   [Code Root Fixup: 0.0 ms]
   [Code Root Purge: 0.0 ms]
   [Clear CT: 0.1 ms]
   [Other: 0.9 ms]
      [Choose CSet: 0.0 ms]
      [Ref Proc: 0.1 ms]
      [Ref Enq: 0.0 ms]
      [Redirty Cards: 0.1 ms]
      [Humongous Register: 0.0 ms]
      [Humongous Reclaim: 0.0 ms]
      [Free CSet: 0.2 ms]
   [Eden: 21.0M(21.0M)->0.0B(21.0M) Survivors: 4096.0K->4096.0K Heap: 198.0M(512.0M)->178.5M(512.0M)]
 [Times: user=0.05 sys=0.00, real=0.06 secs] 
2019-04-03T05:07:05.120+0900: 41701.439: [GC pause (G1 Evacuation Pause) (young), 0.0425171 secs]
   [Parallel Time: 41.2 ms, GC Workers: 1]
      [GC Worker Start (ms):  41701438.8]
      [Ext Root Scanning (ms):  2.8]
      [Update RS (ms):  6.2]
         [Processed Buffers:  34]
      [Scan RS (ms):  8.2]
      [Code Root Scanning (ms):  0.1]
      [Object Copy (ms):  23.9]
      [Termination (ms):  0.0]
         [Termination Attempts:  1]
      [GC Worker Other (ms):  0.0]
      [GC Worker Total (ms):  41.2]
      [GC Worker End (ms):  41701479.9]
   [Code Root Fixup: 0.0 ms]
   [Code Root Purge: 0.0 ms]
   [Clear CT: 0.1 ms]
   [Other: 1.2 ms]
      [Choose CSet: 0.0 ms]
      [Ref Proc: 0.8 ms]
      [Ref Enq: 0.0 ms]
      [Redirty Cards: 0.1 ms]
      [Humongous Register: 0.0 ms]
      [Humongous Reclaim: 0.0 ms]
      [Free CSet: 0.0 ms]
   [Eden: 21.0M(21.0M)->0.0B(23.0M) Survivors: 4096.0K->2048.0K Heap: 199.5M(512.0M)->177.5M(512.0M)]
 [Times: user=0.04 sys=0.00, real=0.04 secs] 
2019-04-03T05:09:05.223+0900: 41821.541: [GC pause (G1 Evacuation Pause) (young), 0.0733826 secs]
   [Parallel Time: 72.8 ms, GC Workers: 1]
      [GC Worker Start (ms):  41821541.4]
      [Ext Root Scanning (ms):  2.4]
      [Update RS (ms):  11.9]
         [Processed Buffers:  34]
      [Scan RS (ms):  13.0]
      [Code Root Scanning (ms):  0.1]
      [Object Copy (ms):  45.0]
      [Termination (ms):  0.0]
         [Termination Attempts:  1]
      [GC Worker Other (ms):  0.0]
      [GC Worker Total (ms):  72.5]
      [GC Worker End (ms):  41821613.9]
   [Code Root Fixup: 0.0 ms]
   [Code Root Purge: 0.0 ms]
   [Clear CT: 0.1 ms]
   [Other: 0.5 ms]
      [Choose CSet: 0.0 ms]
      [Ref Proc: 0.1 ms]
      [Ref Enq: 0.0 ms]
      [Redirty Cards: 0.1 ms]
      [Humongous Register: 0.0 ms]
      [Humongous Reclaim: 0.0 ms]
      [Free CSet: 0.0 ms]
   [Eden: 23.0M(23.0M)->0.0B(22.0M) Survivors: 2048.0K->3072.0K Heap: 200.5M(512.0M)->178.5M(512.0M)]
 [Times: user=0.04 sys=0.00, real=0.08 secs] 
2019-04-03T05:10:59.904+0900: 41936.223: [GC pause (G1 Evacuation Pause) (young), 0.0511338 secs]
   [Parallel Time: 50.5 ms, GC Workers: 1]
      [GC Worker Start (ms):  41936223.2]
      [Ext Root Scanning (ms):  2.4]
      [Update RS (ms):  5.8]
         [Processed Buffers:  35]
      [Scan RS (ms):  7.0]
      [Code Root Scanning (ms):  0.1]
      [Object Copy (ms):  35.1]
      [Termination (ms):  0.0]
         [Termination Attempts:  1]
      [GC Worker Other (ms):  0.0]
      [GC Worker Total (ms):  50.4]
      [GC Worker End (ms):  41936273.7]
   [Code Root Fixup: 0.0 ms]
   [Code Root Purge: 0.0 ms]
   [Clear CT: 0.1 ms]
   [Other: 0.6 ms]
      [Choose CSet: 0.0 ms]
      [Ref Proc: 0.1 ms]
      [Ref Enq: 0.0 ms]
      [Redirty Cards: 0.1 ms]
      [Humongous Register: 0.0 ms]
      [Humongous Reclaim: 0.0 ms]
      [Free CSet: 0.0 ms]
   [Eden: 22.0M(22.0M)->0.0B(21.0M) Survivors: 3072.0K->4096.0K Heap: 200.5M(512.0M)->179.6M(512.0M)]
 [Times: user=0.05 sys=0.00, real=0.06 secs] 
2019-04-03T05:12:48.526+0900: 42044.845: [GC pause (G1 Evacuation Pause) (young), 0.0632608 secs]
   [Parallel Time: 62.5 ms, GC Workers: 1]
      [GC Worker Start (ms):  42044844.7]
      [Ext Root Scanning (ms):  3.8]
      [Update RS (ms):  7.3]
         [Processed Buffers:  39]
      [Scan RS (ms):  8.9]
      [Code Root Scanning (ms):  0.0]
      [Object Copy (ms):  42.5]
      [Termination (ms):  0.0]
         [Termination Attempts:  1]
      [GC Worker Other (ms):  0.0]
      [GC Worker Total (ms):  62.4]
      [GC Worker End (ms):  42044907.1]
   [Code Root Fixup: 0.0 ms]
   [Code Root Purge: 0.0 ms]
   [Clear CT: 0.1 ms]
   [Other: 0.7 ms]
      [Choose CSet: 0.0 ms]
      [Ref Proc: 0.2 ms]
      [Ref Enq: 0.0 ms]
      [Redirty Cards: 0.1 ms]
      [Humongous Register: 0.0 ms]
      [Humongous Reclaim: 0.0 ms]
      [Free CSet: 0.0 ms]
   [Eden: 21.0M(21.0M)->0.0B(22.0M) Survivors: 4096.0K->3072.0K Heap: 200.6M(512.0M)->180.8M(512.0M)]
 [Times: user=0.07 sys=0.00, real=0.06 secs] 
2019-04-03T05:14:42.973+0900: 42159.291: [GC pause (G1 Evacuation Pause) (young) (initial-mark), 0.0492432 secs]
   [Parallel Time: 48.7 ms, GC Workers: 1]
      [GC Worker Start (ms):  42159291.5]
      [Ext Root Scanning (ms):  3.3]
      [Update RS (ms):  5.3]
         [Processed Buffers:  34]
      [Scan RS (ms):  9.0]
      [Code Root Scanning (ms):  0.0]
      [Object Copy (ms):  30.7]
      [Termination (ms):  0.0]
         [Termination Attempts:  1]
      [GC Worker Other (ms):  0.0]
      [GC Worker Total (ms):  48.4]
      [GC Worker End (ms):  42159339.9]
   [Code Root Fixup: 0.0 ms]
   [Code Root Purge: 0.0 ms]
   [Clear CT: 0.0 ms]
   [Other: 0.5 ms]
      [Choose CSet: 0.0 ms]
      [Ref Proc: 0.1 ms]
      [Ref Enq: 0.0 ms]
      [Redirty Cards: 0.1 ms]
      [Humongous Register: 0.0 ms]
      [Humongous Reclaim: 0.0 ms]
      [Free CSet: 0.0 ms]
   [Eden: 22.0M(22.0M)->0.0B(21.0M) Survivors: 3072.0K->4096.0K Heap: 202.8M(512.0M)->181.8M(512.0M)]
 [Times: user=0.04 sys=0.00, real=0.05 secs] 
2019-04-03T05:14:43.022+0900: 42159.341: [GC concurrent-root-region-scan-start]
2019-04-03T05:14:43.043+0900: 42159.362: [GC concurrent-root-region-scan-end, 0.0211909 secs]
2019-04-03T05:14:43.044+0900: 42159.362: [GC concurrent-mark-start]
2019-04-03T05:14:43.118+0900: 42159.436: [GC concurrent-mark-end, 0.0742073 secs]
2019-04-03T05:14:43.118+0900: 42159.437: [GC remark 2019-04-03T05:14:43.118+0900: 42159.437: [Finalize Marking, 0.0004262 secs] 2019-04-03T05:14:43.119+0900: 42159.437: [GC ref-proc, 0.0008320 secs] 2019-04-03T05:14:43.119+0900: 42159.438: [Unloading, 0.0299232 secs], 0.0338386 secs]
 [Times: user=0.03 sys=0.00, real=0.03 secs] 
2019-04-03T05:14:43.165+0900: 42159.484: [GC cleanup 182M->181M(512M), 0.0016914 secs]
 [Times: user=0.00 sys=0.00, real=0.00 secs] 
2019-04-03T05:14:43.167+0900: 42159.486: [GC concurrent-cleanup-start]
2019-04-03T05:14:43.167+0900: 42159.486: [GC concurrent-cleanup-end, 0.0000282 secs]
2019-04-03T05:16:34.322+0900: 42270.640: [GC pause (G1 Evacuation Pause) (young), 0.0392019 secs]
   [Parallel Time: 38.6 ms, GC Workers: 1]
      [GC Worker Start (ms):  42270640.6]
      [Ext Root Scanning (ms):  2.4]
      [Update RS (ms):  4.4]
         [Processed Buffers:  35]
      [Scan RS (ms):  7.1]
      [Code Root Scanning (ms):  0.0]
      [Object Copy (ms):  24.6]
      [Termination (ms):  0.0]
         [Termination Attempts:  1]
      [GC Worker Other (ms):  0.0]
      [GC Worker Total (ms):  38.5]
      [GC Worker End (ms):  42270679.1]
   [Code Root Fixup: 0.0 ms]
   [Code Root Purge: 0.0 ms]
   [Clear CT: 0.1 ms]
   [Other: 0.5 ms]
      [Choose CSet: 0.0 ms]
      [Ref Proc: 0.1 ms]
      [Ref Enq: 0.0 ms]
      [Redirty Cards: 0.1 ms]
      [Humongous Register: 0.0 ms]
      [Humongous Reclaim: 0.0 ms]
      [Free CSet: 0.0 ms]
   [Eden: 21.0M(21.0M)->0.0B(22.0M) Survivors: 4096.0K->3072.0K Heap: 201.8M(512.0M)->180.9M(512.0M)]
 [Times: user=0.04 sys=0.00, real=0.04 secs] 
2019-04-03T05:18:27.981+0900: 42384.300: [GC pause (G1 Evacuation Pause) (mixed), 0.0445901 secs]
   [Parallel Time: 43.9 ms, GC Workers: 1]
      [GC Worker Start (ms):  42384300.1]
      [Ext Root Scanning (ms):  2.7]
      [Update RS (ms):  5.1]
         [Processed Buffers:  37]
      [Scan RS (ms):  8.0]
      [Code Root Scanning (ms):  0.0]
      [Object Copy (ms):  28.0]
      [Termination (ms):  0.0]
         [Termination Attempts:  1]
      [GC Worker Other (ms):  0.0]
      [GC Worker Total (ms):  43.8]
      [GC Worker End (ms):  42384343.9]
   [Code Root Fixup: 0.0 ms]
   [Code Root Purge: 0.0 ms]
   [Clear CT: 0.2 ms]
   [Other: 0.5 ms]
      [Choose CSet: 0.0 ms]
      [Ref Proc: 0.1 ms]
      [Ref Enq: 0.0 ms]
      [Redirty Cards: 0.1 ms]
      [Humongous Register: 0.0 ms]
      [Humongous Reclaim: 0.0 ms]
      [Free CSet: 0.1 ms]
   [Eden: 22.0M(22.0M)->0.0B(21.0M) Survivors: 3072.0K->4096.0K Heap: 202.9M(512.0M)->176.3M(512.0M)]
 [Times: user=0.04 sys=0.00, real=0.05 secs] 
2019-04-03T05:20:16.212+0900: 42492.531: [GC pause (G1 Evacuation Pause) (mixed), 0.0514982 secs]
   [Parallel Time: 50.7 ms, GC Workers: 1]
      [GC Worker Start (ms):  42492530.8]
      [Ext Root Scanning (ms):  3.1]
      [Update RS (ms):  5.1]
         [Processed Buffers:  36]
      [Scan RS (ms):  7.0]
      [Code Root Scanning (ms):  0.0]
      [Object Copy (ms):  35.3]
      [Termination (ms):  0.0]
         [Termination Attempts:  1]
      [GC Worker Other (ms):  0.0]
      [GC Worker Total (ms):  50.6]
      [GC Worker End (ms):  42492581.4]
   [Code Root Fixup: 0.0 ms]
   [Code Root Purge: 0.0 ms]
   [Clear CT: 0.1 ms]
   [Other: 0.7 ms]
      [Choose CSet: 0.0 ms]
      [Ref Proc: 0.1 ms]
      [Ref Enq: 0.0 ms]
      [Redirty Cards: 0.1 ms]
      [Humongous Register: 0.0 ms]
      [Humongous Reclaim: 0.0 ms]
      [Free CSet: 0.1 ms]
   [Eden: 21.0M(21.0M)->0.0B(21.0M) Survivors: 4096.0K->4096.0K Heap: 197.3M(512.0M)->171.3M(512.0M)]
 [Times: user=0.05 sys=0.00, real=0.05 secs] 
2019-04-03T05:22:05.115+0900: 42601.433: [GC pause (G1 Evacuation Pause) (mixed), 0.0739228 secs]
   [Parallel Time: 73.2 ms, GC Workers: 1]
      [GC Worker Start (ms):  42601433.3]
      [Ext Root Scanning (ms):  3.2]
      [Update RS (ms):  6.3]
         [Processed Buffers:  36]
      [Scan RS (ms):  9.1]
      [Code Root Scanning (ms):  0.0]
      [Object Copy (ms):  54.1]
      [Termination (ms):  0.0]
         [Termination Attempts:  1]
      [GC Worker Other (ms):  0.0]
      [GC Worker Total (ms):  72.7]
      [GC Worker End (ms):  42601506.1]
   [Code Root Fixup: 0.0 ms]
   [Code Root Purge: 0.0 ms]
   [Clear CT: 0.2 ms]
   [Other: 0.6 ms]
      [Choose CSet: 0.0 ms]
      [Ref Proc: 0.1 ms]
      [Ref Enq: 0.0 ms]
      [Redirty Cards: 0.1 ms]
      [Humongous Register: 0.0 ms]
      [Humongous Reclaim: 0.0 ms]
      [Free CSet: 0.1 ms]
   [Eden: 21.0M(21.0M)->0.0B(21.0M) Survivors: 4096.0K->4096.0K Heap: 192.3M(512.0M)->170.5M(512.0M)]
 [Times: user=0.05 sys=0.00, real=0.08 secs] 
2019-04-03T05:23:53.990+0900: 42710.308: [GC pause (G1 Evacuation Pause) (young), 0.0454101 secs]
   [Parallel Time: 44.7 ms, GC Workers: 1]
      [GC Worker Start (ms):  42710308.7]
      [Ext Root Scanning (ms):  2.4]
      [Update RS (ms):  4.7]
         [Processed Buffers:  39]
      [Scan RS (ms):  7.0]
      [Code Root Scanning (ms):  0.0]
      [Object Copy (ms):  30.2]
      [Termination (ms):  0.0]
         [Termination Attempts:  1]
      [GC Worker Other (ms):  0.0]
      [GC Worker Total (ms):  44.4]
      [GC Worker End (ms):  42710353.2]
   [Code Root Fixup: 0.0 ms]
   [Code Root Purge: 0.0 ms]
   [Clear CT: 0.1 ms]
   [Other: 0.7 ms]
      [Choose CSet: 0.0 ms]
      [Ref Proc: 0.1 ms]
      [Ref Enq: 0.0 ms]
      [Redirty Cards: 0.2 ms]
      [Humongous Register: 0.0 ms]
      [Humongous Reclaim: 0.0 ms]
      [Free CSet: 0.0 ms]
   [Eden: 21.0M(21.0M)->0.0B(23.0M) Survivors: 4096.0K->2048.0K Heap: 191.5M(512.0M)->169.5M(512.0M)]
 [Times: user=0.04 sys=0.00, real=0.05 secs] 
2019-04-03T05:25:54.983+0900: 42831.301: [GC pause (G1 Evacuation Pause) (young), 0.0729870 secs]
   [Parallel Time: 69.8 ms, GC Workers: 1]
      [GC Worker Start (ms):  42831301.5]
      [Ext Root Scanning (ms):  2.6]
      [Update RS (ms):  5.0]
         [Processed Buffers:  38]
      [Scan RS (ms):  14.3]
      [Code Root Scanning (ms):  0.0]
      [Object Copy (ms):  46.8]
      [Termination (ms):  0.0]
         [Termination Attempts:  1]
      [GC Worker Other (ms):  0.0]
      [GC Worker Total (ms):  68.8]
      [GC Worker End (ms):  42831370.3]
   [Code Root Fixup: 0.0 ms]
   [Code Root Purge: 0.0 ms]
   [Clear CT: 0.1 ms]
   [Other: 3.0 ms]
      [Choose CSet: 0.0 ms]
      [Ref Proc: 2.5 ms]
      [Ref Enq: 0.0 ms]
      [Redirty Cards: 0.1 ms]
      [Humongous Register: 0.0 ms]
      [Humongous Reclaim: 0.0 ms]
      [Free CSet: 0.0 ms]
   [Eden: 23.0M(23.0M)->0.0B(22.0M) Survivors: 2048.0K->3072.0K Heap: 192.5M(512.0M)->170.5M(512.0M)]
 [Times: user=0.04 sys=0.00, real=0.08 secs] 
2019-04-03T05:27:49.532+0900: 42945.851: [GC pause (G1 Evacuation Pause) (young), 0.0505989 secs]
   [Parallel Time: 49.9 ms, GC Workers: 1]
      [GC Worker Start (ms):  42945850.9]
      [Ext Root Scanning (ms):  2.5]
      [Update RS (ms):  5.4]
         [Processed Buffers:  36]
      [Scan RS (ms):  6.4]
      [Code Root Scanning (ms):  0.0]
      [Object Copy (ms):  35.6]
      [Termination (ms):  0.0]
         [Termination Attempts:  1]
      [GC Worker Other (ms):  0.0]
      [GC Worker Total (ms):  49.9]
      [GC Worker End (ms):  42945900.8]
   [Code Root Fixup: 0.0 ms]
   [Code Root Purge: 0.0 ms]
   [Clear CT: 0.1 ms]
   [Other: 0.6 ms]
      [Choose CSet: 0.0 ms]
      [Ref Proc: 0.1 ms]
      [Ref Enq: 0.0 ms]
      [Redirty Cards: 0.1 ms]
      [Humongous Register: 0.0 ms]
      [Humongous Reclaim: 0.0 ms]
      [Free CSet: 0.0 ms]
   [Eden: 22.0M(22.0M)->0.0B(21.0M) Survivors: 3072.0K->4096.0K Heap: 192.5M(512.0M)->172.0M(512.0M)]
 [Times: user=0.05 sys=0.00, real=0.05 secs] 
2019-04-03T05:29:38.591+0900: 43054.909: [GC pause (G1 Evacuation Pause) (young), 0.0507788 secs]
   [Parallel Time: 50.1 ms, GC Workers: 1]
      [GC Worker Start (ms):  43054909.5]
      [Ext Root Scanning (ms):  2.4]
      [Update RS (ms):  5.0]
         [Processed Buffers:  36]
      [Scan RS (ms):  9.2]
      [Code Root Scanning (ms):  0.0]
      [Object Copy (ms):  33.3]
      [Termination (ms):  0.0]
         [Termination Attempts:  1]
      [GC Worker Other (ms):  0.0]
      [GC Worker Total (ms):  50.0]
      [GC Worker End (ms):  43054959.4]
   [Code Root Fixup: 0.0 ms]
   [Code Root Purge: 0.0 ms]
   [Clear CT: 0.1 ms]
   [Other: 0.6 ms]
      [Choose CSet: 0.0 ms]
      [Ref Proc: 0.1 ms]
      [Ref Enq: 0.0 ms]
      [Redirty Cards: 0.1 ms]
      [Humongous Register: 0.0 ms]
      [Humongous Reclaim: 0.0 ms]
      [Free CSet: 0.0 ms]
   [Eden: 21.0M(21.0M)->0.0B(22.0M) Survivors: 4096.0K->3072.0K Heap: 193.0M(512.0M)->173.5M(512.0M)]
 [Times: user=0.05 sys=0.00, real=0.05 secs] 
2019-04-03T05:31:35.101+0900: 43171.419: [GC pause (G1 Evacuation Pause) (young), 0.0484635 secs]
   [Parallel Time: 47.8 ms, GC Workers: 1]
      [GC Worker Start (ms):  43171419.4]
      [Ext Root Scanning (ms):  2.7]
      [Update RS (ms):  6.2]
         [Processed Buffers:  35]
      [Scan RS (ms):  6.4]
      [Code Root Scanning (ms):  0.0]
      [Object Copy (ms):  31.8]
      [Termination (ms):  0.0]
         [Termination Attempts:  1]
      [GC Worker Other (ms):  0.0]
      [GC Worker Total (ms):  47.2]
      [GC Worker End (ms):  43171466.6]
   [Code Root Fixup: 0.0 ms]
   [Code Root Purge: 0.0 ms]
   [Clear CT: 0.1 ms]
   [Other: 0.6 ms]
      [Choose CSet: 0.0 ms]
      [Ref Proc: 0.1 ms]
      [Ref Enq: 0.0 ms]
      [Redirty Cards: 0.1 ms]
      [Humongous Register: 0.0 ms]
      [Humongous Reclaim: 0.0 ms]
      [Free CSet: 0.0 ms]
   [Eden: 22.0M(22.0M)->0.0B(21.0M) Survivors: 3072.0K->4096.0K Heap: 195.5M(512.0M)->174.5M(512.0M)]
 [Times: user=0.04 sys=0.00, real=0.05 secs] 
2019-04-03T05:33:01.623+0900: 43257.942: [GC pause (G1 Evacuation Pause) (young), 0.0906060 secs]
   [Parallel Time: 89.8 ms, GC Workers: 1]
      [GC Worker Start (ms):  43257942.3]
      [Ext Root Scanning (ms):  2.6]
      [Update RS (ms):  5.8]
         [Processed Buffers:  43]
      [Scan RS (ms):  14.2]
      [Code Root Scanning (ms):  0.0]
      [Object Copy (ms):  67.1]
      [Termination (ms):  0.0]
         [Termination Attempts:  1]
      [GC Worker Other (ms):  0.0]
      [GC Worker Total (ms):  89.8]
      [GC Worker End (ms):  43258032.0]
   [Code Root Fixup: 0.0 ms]
   [Code Root Purge: 0.0 ms]
   [Clear CT: 0.1 ms]
   [Other: 0.7 ms]
      [Choose CSet: 0.0 ms]
      [Ref Proc: 0.2 ms]
      [Ref Enq: 0.0 ms]
      [Redirty Cards: 0.1 ms]
      [Humongous Register: 0.0 ms]
      [Humongous Reclaim: 0.0 ms]
      [Free CSet: 0.1 ms]
   [Eden: 21.0M(21.0M)->0.0B(21.0M) Survivors: 4096.0K->4096.0K Heap: 195.5M(512.0M)->177.7M(512.0M)]
 [Times: user=0.08 sys=0.00, real=0.09 secs] 
2019-04-03T05:34:50.223+0900: 43366.542: [GC pause (G1 Evacuation Pause) (young), 0.0827110 secs]
   [Parallel Time: 81.0 ms, GC Workers: 1]
      [GC Worker Start (ms):  43366542.0]
      [Ext Root Scanning (ms):  2.5]
      [Update RS (ms):  15.4]
         [Processed Buffers:  47]
      [Scan RS (ms):  15.4]
      [Code Root Scanning (ms):  0.0]
      [Object Copy (ms):  47.6]
      [Termination (ms):  0.0]
         [Termination Attempts:  1]
      [GC Worker Other (ms):  0.0]
      [GC Worker Total (ms):  80.9]
      [GC Worker End (ms):  43366622.9]
   [Code Root Fixup: 0.0 ms]
   [Code Root Purge: 0.0 ms]
   [Clear CT: 0.1 ms]
   [Other: 1.6 ms]
      [Choose CSet: 0.0 ms]
      [Ref Proc: 0.1 ms]
      [Ref Enq: 0.0 ms]
      [Redirty Cards: 1.2 ms]
      [Humongous Register: 0.0 ms]
      [Humongous Reclaim: 0.0 ms]
      [Free CSet: 0.0 ms]
   [Eden: 21.0M(21.0M)->0.0B(23.0M) Survivors: 4096.0K->2048.0K Heap: 198.7M(512.0M)->179.5M(512.0M)]
 [Times: user=0.07 sys=0.00, real=0.09 secs] 
2019-04-03T05:36:49.370+0900: 43485.688: [GC pause (G1 Evacuation Pause) (young), 0.0339408 secs]
   [Parallel Time: 33.0 ms, GC Workers: 1]
      [GC Worker Start (ms):  43485688.5]
      [Ext Root Scanning (ms):  2.4]
      [Update RS (ms):  5.4]
         [Processed Buffers:  47]
      [Scan RS (ms):  4.6]
      [Code Root Scanning (ms):  0.0]
      [Object Copy (ms):  20.4]
      [Termination (ms):  0.0]
         [Termination Attempts:  1]
      [GC Worker Other (ms):  0.1]
      [GC Worker Total (ms):  32.9]
      [GC Worker End (ms):  43485721.3]
   [Code Root Fixup: 0.0 ms]
   [Code Root Purge: 0.0 ms]
   [Clear CT: 0.1 ms]
   [Other: 0.8 ms]
      [Choose CSet: 0.0 ms]
      [Ref Proc: 0.3 ms]
      [Ref Enq: 0.0 ms]
      [Redirty Cards: 0.0 ms]
      [Humongous Register: 0.0 ms]
      [Humongous Reclaim: 0.0 ms]
      [Free CSet: 0.0 ms]
   [Eden: 23.0M(23.0M)->0.0B(22.0M) Survivors: 2048.0K->3072.0K Heap: 202.5M(512.0M)->181.0M(512.0M)]
 [Times: user=0.04 sys=0.00, real=0.03 secs] 
2019-04-03T05:38:43.511+0900: 43599.829: [GC pause (G1 Evacuation Pause) (young), 0.0424862 secs]
   [Parallel Time: 41.7 ms, GC Workers: 1]
      [GC Worker Start (ms):  43599829.4]
      [Ext Root Scanning (ms):  2.6]
      [Update RS (ms):  2.6]
         [Processed Buffers:  34]
      [Scan RS (ms):  5.6]
      [Code Root Scanning (ms):  0.0]
      [Object Copy (ms):  30.8]
      [Termination (ms):  0.0]
         [Termination Attempts:  1]
      [GC Worker Other (ms):  0.0]
      [GC Worker Total (ms):  41.6]
      [GC Worker End (ms):  43599870.9]
   [Code Root Fixup: 0.0 ms]
   [Code Root Purge: 0.0 ms]
   [Clear CT: 0.1 ms]
   [Other: 0.8 ms]
      [Choose CSet: 0.0 ms]
      [Ref Proc: 0.2 ms]
      [Ref Enq: 0.0 ms]
      [Redirty Cards: 0.1 ms]
      [Humongous Register: 0.0 ms]
      [Humongous Reclaim: 0.0 ms]
      [Free CSet: 0.0 ms]
   [Eden: 22.0M(22.0M)->0.0B(22.0M) Survivors: 3072.0K->3072.0K Heap: 203.0M(512.0M)->182.0M(512.0M)]
 [Times: user=0.04 sys=0.00, real=0.04 secs] 
2019-04-03T05:40:35.945+0900: 43712.264: [GC pause (G1 Evacuation Pause) (young) (initial-mark), 0.0285682 secs]
   [Parallel Time: 27.9 ms, GC Workers: 1]
      [GC Worker Start (ms):  43712263.7]
      [Ext Root Scanning (ms):  3.5]
      [Update RS (ms):  3.3]
         [Processed Buffers:  36]
      [Scan RS (ms):  5.3]
      [Code Root Scanning (ms):  0.0]
      [Object Copy (ms):  15.7]
      [Termination (ms):  0.0]
         [Termination Attempts:  1]
      [GC Worker Other (ms):  0.0]
      [GC Worker Total (ms):  27.8]
      [GC Worker End (ms):  43712291.6]
   [Code Root Fixup: 0.0 ms]
   [Code Root Purge: 0.0 ms]
   [Clear CT: 0.0 ms]
   [Other: 0.6 ms]
      [Choose CSet: 0.0 ms]
      [Ref Proc: 0.2 ms]
      [Ref Enq: 0.0 ms]
      [Redirty Cards: 0.1 ms]
      [Humongous Register: 0.0 ms]
      [Humongous Reclaim: 0.0 ms]
      [Free CSet: 0.0 ms]
   [Eden: 22.0M(22.0M)->0.0B(23.0M) Survivors: 3072.0K->2048.0K Heap: 204.0M(512.0M)->181.0M(512.0M)]
 [Times: user=0.03 sys=0.00, real=0.03 secs] 
2019-04-03T05:40:35.974+0900: 43712.292: [GC concurrent-root-region-scan-start]
2019-04-03T05:40:35.989+0900: 43712.307: [GC concurrent-root-region-scan-end, 0.0147910 secs]
2019-04-03T05:40:35.989+0900: 43712.307: [GC concurrent-mark-start]
2019-04-03T05:40:36.061+0900: 43712.380: [GC concurrent-mark-end, 0.0722457 secs]
2019-04-03T05:40:36.061+0900: 43712.380: [GC remark 2019-04-03T05:40:36.061+0900: 43712.380: [Finalize Marking, 0.0004968 secs] 2019-04-03T05:40:36.062+0900: 43712.380: [GC ref-proc, 0.0009594 secs] 2019-04-03T05:40:36.063+0900: 43712.381: [Unloading, 0.0574712 secs], 0.0627153 secs]
 [Times: user=0.04 sys=0.00, real=0.06 secs] 
2019-04-03T05:40:36.125+0900: 43712.443: [GC cleanup 181M->179M(512M), 0.0022105 secs]
 [Times: user=0.01 sys=0.00, real=0.01 secs] 
2019-04-03T05:40:36.127+0900: 43712.446: [GC concurrent-cleanup-start]
2019-04-03T05:40:36.127+0900: 43712.446: [GC concurrent-cleanup-end, 0.0000275 secs]
2019-04-03T05:42:35.377+0900: 43831.696: [GC pause (G1 Evacuation Pause) (young), 0.0328368 secs]
   [Parallel Time: 32.1 ms, GC Workers: 1]
      [GC Worker Start (ms):  43831696.0]
      [Ext Root Scanning (ms):  2.7]
      [Update RS (ms):  3.8]
         [Processed Buffers:  38]
      [Scan RS (ms):  6.2]
      [Code Root Scanning (ms):  0.0]
      [Object Copy (ms):  19.3]
      [Termination (ms):  0.0]
         [Termination Attempts:  1]
      [GC Worker Other (ms):  0.0]
      [GC Worker Total (ms):  32.0]
      [GC Worker End (ms):  43831728.0]
   [Code Root Fixup: 0.0 ms]
   [Code Root Purge: 0.0 ms]
   [Clear CT: 0.1 ms]
   [Other: 0.7 ms]
      [Choose CSet: 0.0 ms]
      [Ref Proc: 0.2 ms]
      [Ref Enq: 0.0 ms]
      [Redirty Cards: 0.1 ms]
      [Humongous Register: 0.0 ms]
      [Humongous Reclaim: 0.0 ms]
      [Free CSet: 0.0 ms]
   [Eden: 23.0M(23.0M)->0.0B(22.0M) Survivors: 2048.0K->3072.0K Heap: 202.0M(512.0M)->180.0M(512.0M)]
 [Times: user=0.03 sys=0.00, real=0.03 secs] 
2019-04-03T05:44:31.524+0900: 43947.842: [GC pause (G1 Evacuation Pause) (mixed), 0.0499105 secs]
   [Parallel Time: 49.1 ms, GC Workers: 1]
      [GC Worker Start (ms):  43947842.6]
      [Ext Root Scanning (ms):  3.5]
      [Update RS (ms):  5.3]
         [Processed Buffers:  37]
      [Scan RS (ms):  7.9]
      [Code Root Scanning (ms):  0.0]
      [Object Copy (ms):  32.0]
      [Termination (ms):  0.0]
         [Termination Attempts:  1]
      [GC Worker Other (ms):  0.0]
      [GC Worker Total (ms):  48.7]
      [GC Worker End (ms):  43947891.3]
   [Code Root Fixup: 0.0 ms]
   [Code Root Purge: 0.0 ms]
   [Clear CT: 0.1 ms]
   [Other: 0.7 ms]
      [Choose CSet: 0.0 ms]
      [Ref Proc: 0.3 ms]
      [Ref Enq: 0.0 ms]
      [Redirty Cards: 0.1 ms]
      [Humongous Register: 0.0 ms]
      [Humongous Reclaim: 0.0 ms]
      [Free CSet: 0.1 ms]
   [Eden: 22.0M(22.0M)->0.0B(21.0M) Survivors: 3072.0K->4096.0K Heap: 202.0M(512.0M)->175.1M(512.0M)]
 [Times: user=0.05 sys=0.00, real=0.05 secs] 
2019-04-03T05:46:18.062+0900: 44054.381: [GC pause (G1 Evacuation Pause) (mixed), 0.0564237 secs]
   [Parallel Time: 55.6 ms, GC Workers: 1]
      [GC Worker Start (ms):  44054381.0]
      [Ext Root Scanning (ms):  2.9]
      [Update RS (ms):  6.1]
         [Processed Buffers:  36]
      [Scan RS (ms):  6.9]
      [Code Root Scanning (ms):  0.0]
      [Object Copy (ms):  39.6]
      [Termination (ms):  0.0]
         [Termination Attempts:  1]
      [GC Worker Other (ms):  0.0]
      [GC Worker Total (ms):  55.5]
      [GC Worker End (ms):  44054436.5]
   [Code Root Fixup: 0.0 ms]
   [Code Root Purge: 0.0 ms]
   [Clear CT: 0.2 ms]
   [Other: 0.7 ms]
      [Choose CSet: 0.0 ms]
      [Ref Proc: 0.2 ms]
      [Ref Enq: 0.0 ms]
      [Redirty Cards: 0.1 ms]
      [Humongous Register: 0.0 ms]
      [Humongous Reclaim: 0.0 ms]
      [Free CSet: 0.1 ms]
   [Eden: 21.0M(21.0M)->0.0B(22.0M) Survivors: 4096.0K->3072.0K Heap: 196.1M(512.0M)->170.1M(512.0M)]
 [Times: user=0.06 sys=0.00, real=0.06 secs] 
2019-04-03T05:48:10.637+0900: 44166.955: [GC pause (G1 Evacuation Pause) (mixed), 0.0589798 secs]
   [Parallel Time: 58.2 ms, GC Workers: 1]
      [GC Worker Start (ms):  44166955.5]
      [Ext Root Scanning (ms):  2.7]
      [Update RS (ms):  4.5]
         [Processed Buffers:  35]
      [Scan RS (ms):  12.7]
      [Code Root Scanning (ms):  0.0]
      [Object Copy (ms):  37.4]
      [Termination (ms):  0.0]
         [Termination Attempts:  1]
      [GC Worker Other (ms):  0.0]
      [GC Worker Total (ms):  57.4]
      [GC Worker End (ms):  44167012.9]
   [Code Root Fixup: 0.0 ms]
   [Code Root Purge: 0.0 ms]
   [Clear CT: 0.1 ms]
   [Other: 0.7 ms]
      [Choose CSet: 0.0 ms]
      [Ref Proc: 0.2 ms]
      [Ref Enq: 0.0 ms]
      [Redirty Cards: 0.1 ms]
      [Humongous Register: 0.0 ms]
      [Humongous Reclaim: 0.0 ms]
      [Free CSet: 0.1 ms]
   [Eden: 22.0M(22.0M)->0.0B(21.0M) Survivors: 3072.0K->4096.0K Heap: 192.1M(512.0M)->169.0M(512.0M)]
 [Times: user=0.04 sys=0.00, real=0.06 secs] 
2019-04-03T05:50:01.193+0900: 44277.512: [GC pause (G1 Evacuation Pause) (young), 0.0352723 secs]
   [Parallel Time: 34.7 ms, GC Workers: 1]
      [GC Worker Start (ms):  44277511.9]
      [Ext Root Scanning (ms):  2.4]
      [Update RS (ms):  4.9]
         [Processed Buffers:  37]
      [Scan RS (ms):  5.4]
      [Code Root Scanning (ms):  0.0]
      [Object Copy (ms):  21.8]
      [Termination (ms):  0.0]
         [Termination Attempts:  1]
      [GC Worker Other (ms):  0.0]
      [GC Worker Total (ms):  34.6]
      [GC Worker End (ms):  44277546.5]
   [Code Root Fixup: 0.0 ms]
   [Code Root Purge: 0.0 ms]
   [Clear CT: 0.0 ms]
   [Other: 0.6 ms]
      [Choose CSet: 0.0 ms]
      [Ref Proc: 0.1 ms]
      [Ref Enq: 0.0 ms]
      [Redirty Cards: 0.1 ms]
      [Humongous Register: 0.0 ms]
      [Humongous Reclaim: 0.0 ms]
      [Free CSet: 0.0 ms]
   [Eden: 21.0M(21.0M)->0.0B(22.0M) Survivors: 4096.0K->3072.0K Heap: 190.0M(512.0M)->168.9M(512.0M)]
 [Times: user=0.03 sys=0.00, real=0.04 secs] 
2019-04-03T05:51:53.271+0900: 44389.589: [GC pause (G1 Evacuation Pause) (young), 0.0443555 secs]
   [Parallel Time: 43.5 ms, GC Workers: 1]
      [GC Worker Start (ms):  44389589.6]
      [Ext Root Scanning (ms):  2.5]
      [Update RS (ms):  5.0]
         [Processed Buffers:  36]
      [Scan RS (ms):  8.2]
      [Code Root Scanning (ms):  0.0]
      [Object Copy (ms):  27.6]
      [Termination (ms):  0.0]
         [Termination Attempts:  1]
      [GC Worker Other (ms):  0.0]
      [GC Worker Total (ms):  43.4]
      [GC Worker End (ms):  44389633.0]
   [Code Root Fixup: 0.0 ms]
   [Code Root Purge: 0.0 ms]
   [Clear CT: 0.1 ms]
   [Other: 0.8 ms]
      [Choose CSet: 0.0 ms]
      [Ref Proc: 0.1 ms]
      [Ref Enq: 0.0 ms]
      [Redirty Cards: 0.2 ms]
      [Humongous Register: 0.1 ms]
      [Humongous Reclaim: 0.0 ms]
      [Free CSet: 0.1 ms]
   [Eden: 22.0M(22.0M)->0.0B(21.0M) Survivors: 3072.0K->4096.0K Heap: 190.9M(512.0M)->169.9M(512.0M)]
 [Times: user=0.04 sys=0.00, real=0.04 secs] 
2019-04-03T05:53:42.357+0900: 44498.675: [GC pause (G1 Evacuation Pause) (young), 0.0486981 secs]
   [Parallel Time: 47.9 ms, GC Workers: 1]
      [GC Worker Start (ms):  44498675.4]
      [Ext Root Scanning (ms):  2.5]
      [Update RS (ms):  5.1]
         [Processed Buffers:  37]
      [Scan RS (ms):  6.2]
      [Code Root Scanning (ms):  0.0]
      [Object Copy (ms):  34.0]
      [Termination (ms):  0.0]
         [Termination Attempts:  1]
      [GC Worker Other (ms):  0.0]
      [GC Worker Total (ms):  47.8]
      [GC Worker End (ms):  44498723.2]
   [Code Root Fixup: 0.0 ms]
   [Code Root Purge: 0.0 ms]
   [Clear CT: 0.1 ms]
   [Other: 0.7 ms]
      [Choose CSet: 0.0 ms]
      [Ref Proc: 0.3 ms]
      [Ref Enq: 0.0 ms]
      [Redirty Cards: 0.1 ms]
      [Humongous Register: 0.0 ms]
      [Humongous Reclaim: 0.0 ms]
      [Free CSet: 0.0 ms]
   [Eden: 21.0M(21.0M)->0.0B(21.0M) Survivors: 4096.0K->4096.0K Heap: 190.9M(512.0M)->170.8M(512.0M)]
 [Times: user=0.05 sys=0.00, real=0.05 secs] 
2019-04-03T05:55:32.894+0900: 44609.212: [GC pause (G1 Evacuation Pause) (young), 0.0661100 secs]
   [Parallel Time: 65.4 ms, GC Workers: 1]
      [GC Worker Start (ms):  44609212.7]
      [Ext Root Scanning (ms):  2.5]
      [Update RS (ms):  5.3]
         [Processed Buffers:  35]
      [Scan RS (ms):  7.2]
      [Code Root Scanning (ms):  0.0]
      [Object Copy (ms):  50.2]
      [Termination (ms):  0.0]
         [Termination Attempts:  1]
      [GC Worker Other (ms):  0.0]
      [GC Worker Total (ms):  65.3]
      [GC Worker End (ms):  44609277.9]
   [Code Root Fixup: 0.0 ms]
   [Code Root Purge: 0.0 ms]
   [Clear CT: 0.2 ms]
   [Other: 0.6 ms]
      [Choose CSet: 0.0 ms]
      [Ref Proc: 0.1 ms]
      [Ref Enq: 0.0 ms]
      [Redirty Cards: 0.1 ms]
      [Humongous Register: 0.0 ms]
      [Humongous Reclaim: 0.0 ms]
      [Free CSet: 0.0 ms]
   [Eden: 21.0M(21.0M)->0.0B(21.0M) Survivors: 4096.0K->4096.0K Heap: 191.8M(512.0M)->172.0M(512.0M)]
 [Times: user=0.05 sys=0.00, real=0.07 secs] 
2019-04-03T05:57:19.646+0900: 44715.965: [GC pause (G1 Evacuation Pause) (young), 0.0348424 secs]
   [Parallel Time: 34.1 ms, GC Workers: 1]
      [GC Worker Start (ms):  44715964.9]
      [Ext Root Scanning (ms):  2.5]
      [Update RS (ms):  4.6]
         [Processed Buffers:  36]
      [Scan RS (ms):  7.2]
      [Code Root Scanning (ms):  0.0]
      [Object Copy (ms):  19.6]
      [Termination (ms):  0.0]
         [Termination Attempts:  1]
      [GC Worker Other (ms):  0.0]
      [GC Worker Total (ms):  34.0]
      [GC Worker End (ms):  44715998.9]
   [Code Root Fixup: 0.0 ms]
   [Code Root Purge: 0.0 ms]
   [Clear CT: 0.2 ms]
   [Other: 0.6 ms]
      [Choose CSet: 0.0 ms]
      [Ref Proc: 0.1 ms]
      [Ref Enq: 0.0 ms]
      [Redirty Cards: 0.1 ms]
      [Humongous Register: 0.0 ms]
      [Humongous Reclaim: 0.0 ms]
      [Free CSet: 0.0 ms]
   [Eden: 21.0M(21.0M)->0.0B(23.0M) Survivors: 4096.0K->2048.0K Heap: 193.0M(512.0M)->171.0M(512.0M)]
 [Times: user=0.03 sys=0.00, real=0.03 secs] 
2019-04-03T05:59:18.256+0900: 44834.574: [GC pause (G1 Evacuation Pause) (young), 0.0406169 secs]
   [Parallel Time: 40.0 ms, GC Workers: 1]
      [GC Worker Start (ms):  44834574.6]
      [Ext Root Scanning (ms):  2.6]
      [Update RS (ms):  4.9]
         [Processed Buffers:  38]
      [Scan RS (ms):  7.1]
      [Code Root Scanning (ms):  0.0]
      [Object Copy (ms):  25.3]
      [Termination (ms):  0.0]
         [Termination Attempts:  1]
      [GC Worker Other (ms):  0.0]
      [GC Worker Total (ms):  39.9]
      [GC Worker End (ms):  44834614.5]
   [Code Root Fixup: 0.0 ms]
   [Code Root Purge: 0.0 ms]
   [Clear CT: 0.0 ms]
   [Other: 0.5 ms]
      [Choose CSet: 0.0 ms]
      [Ref Proc: 0.1 ms]
      [Ref Enq: 0.0 ms]
      [Redirty Cards: 0.1 ms]
      [Humongous Register: 0.0 ms]
      [Humongous Reclaim: 0.0 ms]
      [Free CSet: 0.0 ms]
   [Eden: 23.0M(23.0M)->0.0B(22.0M) Survivors: 2048.0K->3072.0K Heap: 194.0M(512.0M)->172.0M(512.0M)]
 [Times: user=0.04 sys=0.00, real=0.04 secs] 
2019-04-03T06:01:10.526+0900: 44946.845: [GC pause (G1 Evacuation Pause) (young), 0.0510274 secs]
   [Parallel Time: 50.2 ms, GC Workers: 1]
      [GC Worker Start (ms):  44946845.0]
      [Ext Root Scanning (ms):  2.5]
      [Update RS (ms):  6.2]
         [Processed Buffers:  36]
      [Scan RS (ms):  6.1]
      [Code Root Scanning (ms):  0.0]
      [Object Copy (ms):  35.3]
      [Termination (ms):  0.0]
         [Termination Attempts:  1]
      [GC Worker Other (ms):  0.0]
      [GC Worker Total (ms):  50.1]
      [GC Worker End (ms):  44946895.1]
   [Code Root Fixup: 0.0 ms]
   [Code Root Purge: 0.0 ms]
   [Clear CT: 0.0 ms]
   [Other: 0.7 ms]
      [Choose CSet: 0.0 ms]
      [Ref Proc: 0.1 ms]
      [Ref Enq: 0.0 ms]
      [Redirty Cards: 0.1 ms]
      [Humongous Register: 0.0 ms]
      [Humongous Reclaim: 0.0 ms]
      [Free CSet: 0.0 ms]
   [Eden: 22.0M(22.0M)->0.0B(21.0M) Survivors: 3072.0K->4096.0K Heap: 194.0M(512.0M)->173.0M(512.0M)]
 [Times: user=0.04 sys=0.00, real=0.05 secs] 
2019-04-03T06:03:00.849+0900: 45057.168: [GC pause (G1 Evacuation Pause) (young), 0.0510600 secs]
   [Parallel Time: 50.4 ms, GC Workers: 1]
      [GC Worker Start (ms):  45057168.1]
      [Ext Root Scanning (ms):  2.6]
      [Update RS (ms):  4.5]
         [Processed Buffers:  39]
      [Scan RS (ms):  8.0]
      [Code Root Scanning (ms):  0.0]
      [Object Copy (ms):  35.2]
      [Termination (ms):  0.0]
         [Termination Attempts:  1]
      [GC Worker Other (ms):  0.0]
      [GC Worker Total (ms):  50.3]
      [GC Worker End (ms):  45057218.5]
   [Code Root Fixup: 0.0 ms]
   [Code Root Purge: 0.0 ms]
   [Clear CT: 0.0 ms]
   [Other: 0.6 ms]
      [Choose CSet: 0.0 ms]
      [Ref Proc: 0.1 ms]
      [Ref Enq: 0.0 ms]
      [Redirty Cards: 0.1 ms]
      [Humongous Register: 0.0 ms]
      [Humongous Reclaim: 0.0 ms]
      [Free CSet: 0.0 ms]
   [Eden: 21.0M(21.0M)->0.0B(22.0M) Survivors: 4096.0K->3072.0K Heap: 194.0M(512.0M)->174.9M(512.0M)]
 [Times: user=0.05 sys=0.00, real=0.05 secs] 
2019-04-03T06:04:53.616+0900: 45169.934: [GC pause (G1 Evacuation Pause) (young), 0.0478253 secs]
   [Parallel Time: 47.0 ms, GC Workers: 1]
      [GC Worker Start (ms):  45169934.6]
      [Ext Root Scanning (ms):  2.4]
      [Update RS (ms):  5.9]
         [Processed Buffers:  36]
      [Scan RS (ms):  6.5]
      [Code Root Scanning (ms):  0.0]
      [Object Copy (ms):  32.1]
      [Termination (ms):  0.0]
         [Termination Attempts:  1]
      [GC Worker Other (ms):  0.0]
      [GC Worker Total (ms):  46.9]
      [GC Worker End (ms):  45169981.5]
   [Code Root Fixup: 0.0 ms]
   [Code Root Purge: 0.0 ms]
   [Clear CT: 0.2 ms]
   [Other: 0.6 ms]
      [Choose CSet: 0.0 ms]
      [Ref Proc: 0.2 ms]
      [Ref Enq: 0.0 ms]
      [Redirty Cards: 0.1 ms]
      [Humongous Register: 0.0 ms]
      [Humongous Reclaim: 0.0 ms]
      [Free CSet: 0.0 ms]
   [Eden: 22.0M(22.0M)->0.0B(21.0M) Survivors: 3072.0K->4096.0K Heap: 196.9M(512.0M)->175.9M(512.0M)]
 [Times: user=0.05 sys=0.00, real=0.04 secs] 
2019-04-03T06:06:42.973+0900: 45279.291: [GC pause (G1 Evacuation Pause) (young), 0.0384388 secs]
   [Parallel Time: 37.5 ms, GC Workers: 1]
      [GC Worker Start (ms):  45279291.6]
      [Ext Root Scanning (ms):  2.8]
      [Update RS (ms):  4.8]
         [Processed Buffers:  35]
      [Scan RS (ms):  6.3]
      [Code Root Scanning (ms):  0.0]
      [Object Copy (ms):  23.5]
      [Termination (ms):  0.0]
         [Termination Attempts:  1]
      [GC Worker Other (ms):  0.0]
      [GC Worker Total (ms):  37.4]
      [GC Worker End (ms):  45279329.1]
   [Code Root Fixup: 0.0 ms]
   [Code Root Purge: 0.0 ms]
   [Clear CT: 0.1 ms]
   [Other: 0.8 ms]
      [Choose CSet: 0.0 ms]
      [Ref Proc: 0.1 ms]
      [Ref Enq: 0.0 ms]
      [Redirty Cards: 0.1 ms]
      [Humongous Register: 0.0 ms]
      [Humongous Reclaim: 0.0 ms]
      [Free CSet: 0.0 ms]
   [Eden: 21.0M(21.0M)->0.0B(22.0M) Survivors: 4096.0K->3072.0K Heap: 196.9M(512.0M)->175.9M(512.0M)]
 [Times: user=0.04 sys=0.00, real=0.04 secs] 
2019-04-03T06:08:35.207+0900: 45391.526: [GC pause (G1 Evacuation Pause) (young), 0.0479323 secs]
   [Parallel Time: 46.8 ms, GC Workers: 1]
      [GC Worker Start (ms):  45391526.1]
      [Ext Root Scanning (ms):  4.4]
      [Update RS (ms):  4.6]
         [Processed Buffers:  36]
      [Scan RS (ms):  8.4]
      [Code Root Scanning (ms):  0.0]
      [Object Copy (ms):  29.1]
      [Termination (ms):  0.0]
         [Termination Attempts:  1]
      [GC Worker Other (ms):  0.0]
      [GC Worker Total (ms):  46.5]
      [GC Worker End (ms):  45391572.6]
   [Code Root Fixup: 0.0 ms]
   [Code Root Purge: 0.0 ms]
   [Clear CT: 0.0 ms]
   [Other: 1.0 ms]
      [Choose CSet: 0.0 ms]
      [Ref Proc: 0.6 ms]
      [Ref Enq: 0.0 ms]
      [Redirty Cards: 0.1 ms]
      [Humongous Register: 0.0 ms]
      [Humongous Reclaim: 0.0 ms]
      [Free CSet: 0.0 ms]
   [Eden: 22.0M(22.0M)->0.0B(21.0M) Survivors: 3072.0K->4096.0K Heap: 197.9M(512.0M)->176.9M(512.0M)]
 [Times: user=0.05 sys=0.00, real=0.04 secs] 
2019-04-03T06:10:25.488+0900: 45501.806: [GC pause (G1 Evacuation Pause) (young), 0.0527826 secs]
   [Parallel Time: 51.1 ms, GC Workers: 1]
      [GC Worker Start (ms):  45501807.5]
      [Ext Root Scanning (ms):  2.5]
      [Update RS (ms):  6.2]
         [Processed Buffers:  35]
      [Scan RS (ms):  6.0]
      [Code Root Scanning (ms):  0.0]
      [Object Copy (ms):  36.4]
      [Termination (ms):  0.0]
         [Termination Attempts:  1]
      [GC Worker Other (ms):  0.0]
      [GC Worker Total (ms):  51.0]
      [GC Worker End (ms):  45501858.6]
   [Code Root Fixup: 0.0 ms]
   [Code Root Purge: 0.0 ms]
   [Clear CT: 0.0 ms]
   [Other: 1.6 ms]
      [Choose CSet: 0.0 ms]
      [Ref Proc: 0.1 ms]
      [Ref Enq: 0.0 ms]
      [Redirty Cards: 0.1 ms]
      [Humongous Register: 0.0 ms]
      [Humongous Reclaim: 0.0 ms]
      [Free CSet: 0.0 ms]
   [Eden: 21.0M(21.0M)->0.0B(21.0M) Survivors: 4096.0K->4096.0K Heap: 197.9M(512.0M)->177.9M(512.0M)]
 [Times: user=0.05 sys=0.00, real=0.05 secs] 
2019-04-03T06:12:12.465+0900: 45608.784: [GC pause (G1 Evacuation Pause) (young), 0.0518467 secs]
   [Parallel Time: 51.1 ms, GC Workers: 1]
      [GC Worker Start (ms):  45608783.7]
      [Ext Root Scanning (ms):  2.5]
      [Update RS (ms):  4.4]
         [Processed Buffers:  36]
      [Scan RS (ms):  6.9]
      [Code Root Scanning (ms):  0.0]
      [Object Copy (ms):  37.1]
      [Termination (ms):  0.0]
         [Termination Attempts:  1]
      [GC Worker Other (ms):  0.0]
      [GC Worker Total (ms):  51.0]
      [GC Worker End (ms):  45608834.7]
   [Code Root Fixup: 0.0 ms]
   [Code Root Purge: 0.0 ms]
   [Clear CT: 0.2 ms]
   [Other: 0.6 ms]
      [Choose CSet: 0.0 ms]
      [Ref Proc: 0.2 ms]
      [Ref Enq: 0.0 ms]
      [Redirty Cards: 0.1 ms]
      [Humongous Register: 0.0 ms]
      [Humongous Reclaim: 0.0 ms]
      [Free CSet: 0.0 ms]
   [Eden: 21.0M(21.0M)->0.0B(21.0M) Survivors: 4096.0K->4096.0K Heap: 198.9M(512.0M)->179.0M(512.0M)]
 [Times: user=0.05 sys=0.00, real=0.06 secs] 
2019-04-03T06:14:03.266+0900: 45719.585: [GC pause (G1 Evacuation Pause) (young), 0.0362420 secs]
   [Parallel Time: 35.5 ms, GC Workers: 1]
      [GC Worker Start (ms):  45719585.3]
      [Ext Root Scanning (ms):  2.5]
      [Update RS (ms):  5.2]
         [Processed Buffers:  39]
      [Scan RS (ms):  8.3]
      [Code Root Scanning (ms):  0.0]
      [Object Copy (ms):  19.5]
      [Termination (ms):  0.0]
         [Termination Attempts:  1]
      [GC Worker Other (ms):  0.0]
      [GC Worker Total (ms):  35.4]
      [GC Worker End (ms):  45719620.7]
   [Code Root Fixup: 0.0 ms]
   [Code Root Purge: 0.0 ms]
   [Clear CT: 0.0 ms]
   [Other: 0.7 ms]
      [Choose CSet: 0.0 ms]
      [Ref Proc: 0.1 ms]
      [Ref Enq: 0.0 ms]
      [Redirty Cards: 0.1 ms]
      [Humongous Register: 0.0 ms]
      [Humongous Reclaim: 0.0 ms]
      [Free CSet: 0.0 ms]
   [Eden: 21.0M(21.0M)->0.0B(23.0M) Survivors: 4096.0K->2048.0K Heap: 200.0M(512.0M)->178.0M(512.0M)]
 [Times: user=0.03 sys=0.00, real=0.03 secs] 
2019-04-03T06:16:01.946+0900: 45838.264: [GC pause (G1 Evacuation Pause) (young), 0.0415528 secs]
   [Parallel Time: 40.8 ms, GC Workers: 1]
      [GC Worker Start (ms):  45838264.5]
      [Ext Root Scanning (ms):  2.5]
      [Update RS (ms):  5.0]
         [Processed Buffers:  39]
      [Scan RS (ms):  7.2]
      [Code Root Scanning (ms):  0.0]
      [Object Copy (ms):  26.0]
      [Termination (ms):  0.0]
         [Termination Attempts:  1]
      [GC Worker Other (ms):  0.0]
      [GC Worker Total (ms):  40.7]
      [GC Worker End (ms):  45838305.2]
   [Code Root Fixup: 0.0 ms]
   [Code Root Purge: 0.0 ms]
   [Clear CT: 0.0 ms]
   [Other: 0.7 ms]
      [Choose CSet: 0.0 ms]
      [Ref Proc: 0.2 ms]
      [Ref Enq: 0.0 ms]
      [Redirty Cards: 0.1 ms]
      [Humongous Register: 0.0 ms]
      [Humongous Reclaim: 0.0 ms]
      [Free CSet: 0.0 ms]
   [Eden: 23.0M(23.0M)->0.0B(22.0M) Survivors: 2048.0K->3072.0K Heap: 201.0M(512.0M)->179.0M(512.0M)]
 [Times: user=0.04 sys=0.00, real=0.04 secs] 
2019-04-03T06:17:55.374+0900: 45951.692: [GC pause (G1 Evacuation Pause) (young), 0.0484638 secs]
   [Parallel Time: 47.6 ms, GC Workers: 1]
      [GC Worker Start (ms):  45951692.7]
      [Ext Root Scanning (ms):  2.4]
      [Update RS (ms):  6.0]
         [Processed Buffers:  36]
      [Scan RS (ms):  6.0]
      [Code Root Scanning (ms):  0.0]
      [Object Copy (ms):  33.1]
      [Termination (ms):  0.0]
         [Termination Attempts:  1]
      [GC Worker Other (ms):  0.0]
      [GC Worker Total (ms):  47.6]
      [GC Worker End (ms):  45951740.2]
   [Code Root Fixup: 0.0 ms]
   [Code Root Purge: 0.0 ms]
   [Clear CT: 0.0 ms]
   [Other: 0.8 ms]
      [Choose CSet: 0.0 ms]
      [Ref Proc: 0.2 ms]
      [Ref Enq: 0.0 ms]
      [Redirty Cards: 0.1 ms]
      [Humongous Register: 0.2 ms]
      [Humongous Reclaim: 0.0 ms]
      [Free CSet: 0.0 ms]
   [Eden: 22.0M(22.0M)->0.0B(21.0M) Survivors: 3072.0K->4096.0K Heap: 201.0M(512.0M)->180.0M(512.0M)]
 [Times: user=0.04 sys=0.00, real=0.05 secs] 
2019-04-03T06:19:43.446+0900: 46059.765: [GC pause (G1 Evacuation Pause) (young), 0.0531989 secs]
   [Parallel Time: 52.5 ms, GC Workers: 1]
      [GC Worker Start (ms):  46059764.9]
      [Ext Root Scanning (ms):  2.6]
      [Update RS (ms):  5.7]
         [Processed Buffers:  37]
      [Scan RS (ms):  7.5]
      [Code Root Scanning (ms):  0.0]
      [Object Copy (ms):  36.6]
      [Termination (ms):  0.0]
         [Termination Attempts:  1]
      [GC Worker Other (ms):  0.0]
      [GC Worker Total (ms):  52.4]
      [GC Worker End (ms):  46059817.3]
   [Code Root Fixup: 0.0 ms]
   [Code Root Purge: 0.0 ms]
   [Clear CT: 0.1 ms]
   [Other: 0.7 ms]
      [Choose CSet: 0.0 ms]
      [Ref Proc: 0.1 ms]
      [Ref Enq: 0.0 ms]
      [Redirty Cards: 0.1 ms]
      [Humongous Register: 0.0 ms]
      [Humongous Reclaim: 0.0 ms]
      [Free CSet: 0.0 ms]
   [Eden: 21.0M(21.0M)->0.0B(22.0M) Survivors: 4096.0K->3072.0K Heap: 201.0M(512.0M)->181.9M(512.0M)]
 [Times: user=0.06 sys=0.00, real=0.05 secs] 
2019-04-03T06:21:36.470+0900: 46172.789: [GC pause (G1 Evacuation Pause) (young) (initial-mark), 0.0466188 secs]
   [Parallel Time: 45.4 ms, GC Workers: 1]
      [GC Worker Start (ms):  46172789.2]
      [Ext Root Scanning (ms):  3.2]
      [Update RS (ms):  5.3]
         [Processed Buffers:  35]
      [Scan RS (ms):  6.6]
      [Code Root Scanning (ms):  0.0]
      [Object Copy (ms):  29.9]
      [Termination (ms):  0.0]
         [Termination Attempts:  1]
      [GC Worker Other (ms):  0.0]
      [GC Worker Total (ms):  45.1]
      [GC Worker End (ms):  46172834.3]
   [Code Root Fixup: 0.0 ms]
   [Code Root Purge: 0.0 ms]
   [Clear CT: 0.4 ms]
   [Other: 0.8 ms]
      [Choose CSet: 0.0 ms]
      [Ref Proc: 0.1 ms]
      [Ref Enq: 0.0 ms]
      [Redirty Cards: 0.1 ms]
      [Humongous Register: 0.0 ms]
      [Humongous Reclaim: 0.0 ms]
      [Free CSet: 0.0 ms]
   [Eden: 22.0M(22.0M)->0.0B(21.0M) Survivors: 3072.0K->4096.0K Heap: 203.9M(512.0M)->182.9M(512.0M)]
 [Times: user=0.05 sys=0.00, real=0.05 secs] 
2019-04-03T06:21:36.519+0900: 46172.838: [GC concurrent-root-region-scan-start]
2019-04-03T06:21:36.540+0900: 46172.859: [GC concurrent-root-region-scan-end, 0.0212211 secs]
2019-04-03T06:21:36.540+0900: 46172.859: [GC concurrent-mark-start]
2019-04-03T06:21:36.630+0900: 46172.948: [GC concurrent-mark-end, 0.0894348 secs]
2019-04-03T06:21:36.630+0900: 46172.949: [GC remark 2019-04-03T06:21:36.630+0900: 46172.949: [Finalize Marking, 0.0004148 secs] 2019-04-03T06:21:36.631+0900: 46172.949: [GC ref-proc, 0.0009289 secs] 2019-04-03T06:21:36.632+0900: 46172.950: [Unloading, 0.0344391 secs], 0.0392836 secs]
 [Times: user=0.04 sys=0.00, real=0.04 secs] 
2019-04-03T06:21:36.671+0900: 46172.990: [GC cleanup 183M->182M(512M), 0.0019429 secs]
 [Times: user=0.00 sys=0.00, real=0.00 secs] 
2019-04-03T06:21:36.673+0900: 46172.992: [GC concurrent-cleanup-start]
2019-04-03T06:21:36.673+0900: 46172.992: [GC concurrent-cleanup-end, 0.0000288 secs]
2019-04-03T06:23:26.357+0900: 46282.675: [GC pause (G1 Evacuation Pause) (young), 0.0388729 secs]
   [Parallel Time: 38.2 ms, GC Workers: 1]
      [GC Worker Start (ms):  46282675.6]
      [Ext Root Scanning (ms):  2.4]
      [Update RS (ms):  4.4]
         [Processed Buffers:  39]
      [Scan RS (ms):  8.5]
      [Code Root Scanning (ms):  0.0]
      [Object Copy (ms):  22.7]
      [Termination (ms):  0.0]
         [Termination Attempts:  1]
      [GC Worker Other (ms):  0.0]
      [GC Worker Total (ms):  38.1]
      [GC Worker End (ms):  46282713.6]
   [Code Root Fixup: 0.0 ms]
   [Code Root Purge: 0.0 ms]
   [Clear CT: 0.1 ms]
   [Other: 0.6 ms]
      [Choose CSet: 0.0 ms]
      [Ref Proc: 0.2 ms]
      [Ref Enq: 0.0 ms]
      [Redirty Cards: 0.1 ms]
      [Humongous Register: 0.0 ms]
      [Humongous Reclaim: 0.0 ms]
      [Free CSet: 0.0 ms]
   [Eden: 21.0M(21.0M)->0.0B(22.0M) Survivors: 4096.0K->3072.0K Heap: 202.9M(512.0M)->181.9M(512.0M)]
 [Times: user=0.04 sys=0.00, real=0.04 secs] 
2019-04-03T06:25:19.862+0900: 46396.181: [GC pause (G1 Evacuation Pause) (mixed), 0.0552027 secs]
   [Parallel Time: 54.5 ms, GC Workers: 1]
      [GC Worker Start (ms):  46396180.9]
      [Ext Root Scanning (ms):  2.5]
      [Update RS (ms):  4.6]
         [Processed Buffers:  36]
      [Scan RS (ms):  19.3]
      [Code Root Scanning (ms):  0.0]
      [Object Copy (ms):  28.0]
      [Termination (ms):  0.0]
         [Termination Attempts:  1]
      [GC Worker Other (ms):  0.0]
      [GC Worker Total (ms):  54.4]
      [GC Worker End (ms):  46396235.2]
   [Code Root Fixup: 0.0 ms]
   [Code Root Purge: 0.0 ms]
   [Clear CT: 0.1 ms]
   [Other: 0.6 ms]
      [Choose CSet: 0.0 ms]
      [Ref Proc: 0.2 ms]
      [Ref Enq: 0.0 ms]
      [Redirty Cards: 0.1 ms]
      [Humongous Register: 0.0 ms]
      [Humongous Reclaim: 0.0 ms]
      [Free CSet: 0.1 ms]
   [Eden: 22.0M(22.0M)->0.0B(21.0M) Survivors: 3072.0K->4096.0K Heap: 203.9M(512.0M)->177.3M(512.0M)]
 [Times: user=0.04 sys=0.00, real=0.06 secs] 
2019-04-03T06:27:06.985+0900: 46503.303: [GC pause (G1 Evacuation Pause) (mixed), 0.0512183 secs]
   [Parallel Time: 50.5 ms, GC Workers: 1]
      [GC Worker Start (ms):  46503303.4]
      [Ext Root Scanning (ms):  2.6]
      [Update RS (ms):  5.3]
         [Processed Buffers:  36]
      [Scan RS (ms):  7.4]
      [Code Root Scanning (ms):  0.0]
      [Object Copy (ms):  35.1]
      [Termination (ms):  0.0]
         [Termination Attempts:  1]
      [GC Worker Other (ms):  0.0]
      [GC Worker Total (ms):  50.5]
      [GC Worker End (ms):  46503353.8]
   [Code Root Fixup: 0.0 ms]
   [Code Root Purge: 0.0 ms]
   [Clear CT: 0.1 ms]
   [Other: 0.6 ms]
      [Choose CSet: 0.0 ms]
      [Ref Proc: 0.1 ms]
      [Ref Enq: 0.0 ms]
      [Redirty Cards: 0.1 ms]
      [Humongous Register: 0.0 ms]
      [Humongous Reclaim: 0.0 ms]
      [Free CSet: 0.1 ms]
   [Eden: 21.0M(21.0M)->0.0B(21.0M) Survivors: 4096.0K->4096.0K Heap: 198.3M(512.0M)->172.4M(512.0M)]
 [Times: user=0.05 sys=0.00, real=0.06 secs] 
2019-04-03T06:28:56.740+0900: 46613.058: [GC pause (G1 Evacuation Pause) (mixed), 0.0546394 secs]
   [Parallel Time: 53.9 ms, GC Workers: 1]
      [GC Worker Start (ms):  46613058.8]
      [Ext Root Scanning (ms):  2.7]
      [Update RS (ms):  4.7]
         [Processed Buffers:  36]
      [Scan RS (ms):  7.9]
      [Code Root Scanning (ms):  0.9]
      [Object Copy (ms):  37.4]
      [Termination (ms):  0.0]
         [Termination Attempts:  1]
      [GC Worker Other (ms):  0.0]
      [GC Worker Total (ms):  53.7]
      [GC Worker End (ms):  46613112.5]
   [Code Root Fixup: 0.0 ms]
   [Code Root Purge: 0.0 ms]
   [Clear CT: 0.1 ms]
   [Other: 0.6 ms]
      [Choose CSet: 0.0 ms]
      [Ref Proc: 0.1 ms]
      [Ref Enq: 0.0 ms]
      [Redirty Cards: 0.1 ms]
      [Humongous Register: 0.0 ms]
      [Humongous Reclaim: 0.0 ms]
      [Free CSet: 0.1 ms]
   [Eden: 21.0M(21.0M)->0.0B(21.0M) Survivors: 4096.0K->4096.0K Heap: 193.4M(512.0M)->170.5M(512.0M)]
 [Times: user=0.06 sys=0.00, real=0.05 secs] 
2019-04-03T06:30:43.580+0900: 46719.899: [GC pause (G1 Evacuation Pause) (young), 0.0551389 secs]
   [Parallel Time: 54.3 ms, GC Workers: 1]
      [GC Worker Start (ms):  46719899.1]
      [Ext Root Scanning (ms):  2.5]
      [Update RS (ms):  4.9]
         [Processed Buffers:  33]
      [Scan RS (ms):  9.1]
      [Code Root Scanning (ms):  0.0]
      [Object Copy (ms):  37.7]
      [Termination (ms):  0.0]
         [Termination Attempts:  1]
      [GC Worker Other (ms):  0.0]
      [GC Worker Total (ms):  54.2]
      [GC Worker End (ms):  46719953.3]
   [Code Root Fixup: 0.0 ms]
   [Code Root Purge: 0.0 ms]
   [Clear CT: 0.1 ms]
   [Other: 0.8 ms]
      [Choose CSet: 0.0 ms]
      [Ref Proc: 0.2 ms]
      [Ref Enq: 0.0 ms]
      [Redirty Cards: 0.1 ms]
      [Humongous Register: 0.0 ms]
      [Humongous Reclaim: 0.0 ms]
      [Free CSet: 0.0 ms]
   [Eden: 21.0M(21.0M)->0.0B(21.0M) Survivors: 4096.0K->4096.0K Heap: 191.5M(512.0M)->171.5M(512.0M)]
 [Times: user=0.06 sys=0.00, real=0.06 secs] 
2019-04-03T06:32:24.579+0900: 46820.897: [GC pause (G1 Evacuation Pause) (young), 0.0535985 secs]
   [Parallel Time: 52.9 ms, GC Workers: 1]
      [GC Worker Start (ms):  46820897.5]
      [Ext Root Scanning (ms):  2.5]
      [Update RS (ms):  5.3]
         [Processed Buffers:  34]
      [Scan RS (ms):  7.4]
      [Code Root Scanning (ms):  0.0]
      [Object Copy (ms):  37.7]
      [Termination (ms):  0.0]
         [Termination Attempts:  1]
      [GC Worker Other (ms):  0.0]
      [GC Worker Total (ms):  52.8]
      [GC Worker End (ms):  46820950.4]
   [Code Root Fixup: 0.0 ms]
   [Code Root Purge: 0.0 ms]
   [Clear CT: 0.1 ms]
   [Other: 0.6 ms]
      [Choose CSet: 0.0 ms]
      [Ref Proc: 0.1 ms]
      [Ref Enq: 0.0 ms]
      [Redirty Cards: 0.1 ms]
      [Humongous Register: 0.0 ms]
      [Humongous Reclaim: 0.0 ms]
      [Free CSet: 0.0 ms]
   [Eden: 21.0M(21.0M)->0.0B(21.0M) Survivors: 4096.0K->4096.0K Heap: 192.5M(512.0M)->172.5M(512.0M)]
 [Times: user=0.05 sys=0.00, real=0.05 secs] 
2019-04-03T06:34:00.658+0900: 46916.977: [GC pause (G1 Evacuation Pause) (young), 0.0804003 secs]
   [Parallel Time: 79.5 ms, GC Workers: 1]
      [GC Worker Start (ms):  46916977.2]
      [Ext Root Scanning (ms):  2.4]
      [Update RS (ms):  5.4]
         [Processed Buffers:  46]
      [Scan RS (ms):  14.7]
      [Code Root Scanning (ms):  0.0]
      [Object Copy (ms):  56.9]
      [Termination (ms):  0.0]
         [Termination Attempts:  1]
      [GC Worker Other (ms):  0.0]
      [GC Worker Total (ms):  79.4]
      [GC Worker End (ms):  46917056.6]
   [Code Root Fixup: 0.0 ms]
   [Code Root Purge: 0.0 ms]
   [Clear CT: 0.1 ms]
   [Other: 0.9 ms]
      [Choose CSet: 0.0 ms]
      [Ref Proc: 0.1 ms]
      [Ref Enq: 0.0 ms]
      [Redirty Cards: 0.1 ms]
      [Humongous Register: 0.0 ms]
      [Humongous Reclaim: 0.0 ms]
      [Free CSet: 0.1 ms]
   [Eden: 21.0M(21.0M)->0.0B(21.0M) Survivors: 4096.0K->4096.0K Heap: 193.5M(512.0M)->176.0M(512.0M)]
 [Times: user=0.08 sys=0.00, real=0.08 secs] 
2019-04-03T06:35:47.973+0900: 47024.292: [GC pause (G1 Evacuation Pause) (young), 0.0546152 secs]
   [Parallel Time: 53.8 ms, GC Workers: 1]
      [GC Worker Start (ms):  47024291.9]
      [Ext Root Scanning (ms):  2.4]
      [Update RS (ms):  5.5]
         [Processed Buffers:  47]
      [Scan RS (ms):  10.1]
      [Code Root Scanning (ms):  0.0]
      [Object Copy (ms):  35.6]
      [Termination (ms):  0.0]
         [Termination Attempts:  1]
      [GC Worker Other (ms):  0.0]
      [GC Worker Total (ms):  53.7]
      [GC Worker End (ms):  47024345.6]
   [Code Root Fixup: 0.0 ms]
   [Code Root Purge: 0.0 ms]
   [Clear CT: 0.1 ms]
   [Other: 0.7 ms]
      [Choose CSet: 0.0 ms]
      [Ref Proc: 0.1 ms]
      [Ref Enq: 0.0 ms]
      [Redirty Cards: 0.1 ms]
      [Humongous Register: 0.0 ms]
      [Humongous Reclaim: 0.0 ms]
      [Free CSet: 0.0 ms]
   [Eden: 21.0M(21.0M)->0.0B(23.0M) Survivors: 4096.0K->2048.0K Heap: 197.0M(512.0M)->177.5M(512.0M)]
 [Times: user=0.06 sys=0.00, real=0.06 secs] 
2019-04-03T06:37:45.636+0900: 47141.954: [GC pause (G1 Evacuation Pause) (young), 0.0353661 secs]
   [Parallel Time: 34.7 ms, GC Workers: 1]
      [GC Worker Start (ms):  47141954.6]
      [Ext Root Scanning (ms):  2.6]
      [Update RS (ms):  5.3]
         [Processed Buffers:  47]
      [Scan RS (ms):  6.4]
      [Code Root Scanning (ms):  0.0]
      [Object Copy (ms):  20.3]
      [Termination (ms):  0.0]
         [Termination Attempts:  1]
      [GC Worker Other (ms):  0.0]
      [GC Worker Total (ms):  34.6]
      [GC Worker End (ms):  47141989.2]
   [Code Root Fixup: 0.0 ms]
   [Code Root Purge: 0.0 ms]
   [Clear CT: 0.1 ms]
   [Other: 0.6 ms]
      [Choose CSet: 0.0 ms]
      [Ref Proc: 0.2 ms]
      [Ref Enq: 0.0 ms]
      [Redirty Cards: 0.0 ms]
      [Humongous Register: 0.0 ms]
      [Humongous Reclaim: 0.0 ms]
      [Free CSet: 0.0 ms]
   [Eden: 23.0M(23.0M)->0.0B(22.0M) Survivors: 2048.0K->3072.0K Heap: 200.5M(512.0M)->178.5M(512.0M)]
 [Times: user=0.04 sys=0.00, real=0.03 secs] 
2019-04-03T06:39:40.708+0900: 47257.027: [GC pause (G1 Evacuation Pause) (young), 0.0273958 secs]
   [Parallel Time: 26.6 ms, GC Workers: 1]
      [GC Worker Start (ms):  47257027.3]
      [Ext Root Scanning (ms):  2.4]
      [Update RS (ms):  3.4]
         [Processed Buffers:  38]
      [Scan RS (ms):  4.8]
      [Code Root Scanning (ms):  0.0]
      [Object Copy (ms):  15.8]
      [Termination (ms):  0.0]
         [Termination Attempts:  1]
      [GC Worker Other (ms):  0.0]
      [GC Worker Total (ms):  26.5]
      [GC Worker End (ms):  47257053.7]
   [Code Root Fixup: 0.0 ms]
   [Code Root Purge: 0.0 ms]
   [Clear CT: 0.0 ms]
   [Other: 0.7 ms]
      [Choose CSet: 0.0 ms]
      [Ref Proc: 0.2 ms]
      [Ref Enq: 0.0 ms]
      [Redirty Cards: 0.1 ms]
      [Humongous Register: 0.0 ms]
      [Humongous Reclaim: 0.0 ms]
      [Free CSet: 0.0 ms]
   [Eden: 22.0M(22.0M)->0.0B(22.0M) Survivors: 3072.0K->3072.0K Heap: 200.5M(512.0M)->178.5M(512.0M)]
 [Times: user=0.03 sys=0.00, real=0.03 secs] 
2019-04-03T06:41:35.125+0900: 47371.443: [GC pause (G1 Evacuation Pause) (young), 0.0461532 secs]
   [Parallel Time: 45.2 ms, GC Workers: 1]
      [GC Worker Start (ms):  47371443.4]
      [Ext Root Scanning (ms):  2.8]
      [Update RS (ms):  4.7]
         [Processed Buffers:  36]
      [Scan RS (ms):  7.7]
      [Code Root Scanning (ms):  0.0]
      [Object Copy (ms):  29.9]
      [Termination (ms):  0.0]
         [Termination Attempts:  1]
      [GC Worker Other (ms):  0.0]
      [GC Worker Total (ms):  45.1]
      [GC Worker End (ms):  47371488.6]
   [Code Root Fixup: 0.0 ms]
   [Code Root Purge: 0.0 ms]
   [Clear CT: 0.1 ms]
   [Other: 0.9 ms]
      [Choose CSet: 0.0 ms]
      [Ref Proc: 0.2 ms]
      [Ref Enq: 0.0 ms]
      [Redirty Cards: 0.2 ms]
      [Humongous Register: 0.0 ms]
      [Humongous Reclaim: 0.0 ms]
      [Free CSet: 0.0 ms]
   [Eden: 22.0M(22.0M)->0.0B(21.0M) Survivors: 3072.0K->4096.0K Heap: 200.5M(512.0M)->179.5M(512.0M)]
 [Times: user=0.04 sys=0.00, real=0.05 secs] 
2019-04-03T06:43:22.997+0900: 47479.315: [GC pause (G1 Evacuation Pause) (young), 0.0483713 secs]
   [Parallel Time: 47.5 ms, GC Workers: 1]
      [GC Worker Start (ms):  47479315.6]
      [Ext Root Scanning (ms):  2.6]
      [Update RS (ms):  4.4]
         [Processed Buffers:  36]
      [Scan RS (ms):  5.9]
      [Code Root Scanning (ms):  0.0]
      [Object Copy (ms):  34.4]
      [Termination (ms):  0.0]
         [Termination Attempts:  1]
      [GC Worker Other (ms):  0.0]
      [GC Worker Total (ms):  47.4]
      [GC Worker End (ms):  47479362.9]
   [Code Root Fixup: 0.0 ms]
   [Code Root Purge: 0.0 ms]
   [Clear CT: 0.1 ms]
   [Other: 0.8 ms]
      [Choose CSet: 0.0 ms]
      [Ref Proc: 0.3 ms]
      [Ref Enq: 0.0 ms]
      [Redirty Cards: 0.1 ms]
      [Humongous Register: 0.0 ms]
      [Humongous Reclaim: 0.0 ms]
      [Free CSet: 0.0 ms]
   [Eden: 21.0M(21.0M)->0.0B(21.0M) Survivors: 4096.0K->4096.0K Heap: 200.5M(512.0M)->180.4M(512.0M)]
 [Times: user=0.05 sys=0.00, real=0.04 secs] 
2019-04-03T06:45:10.356+0900: 47586.674: [GC pause (G1 Evacuation Pause) (young), 0.0548925 secs]
   [Parallel Time: 54.2 ms, GC Workers: 1]
      [GC Worker Start (ms):  47586674.7]
      [Ext Root Scanning (ms):  3.2]
      [Update RS (ms):  6.1]
         [Processed Buffers:  35]
      [Scan RS (ms):  6.4]
      [Code Root Scanning (ms):  0.0]
      [Object Copy (ms):  38.5]
      [Termination (ms):  0.0]
         [Termination Attempts:  1]
      [GC Worker Other (ms):  0.0]
      [GC Worker Total (ms):  54.2]
      [GC Worker End (ms):  47586728.8]
   [Code Root Fixup: 0.0 ms]
   [Code Root Purge: 0.0 ms]
   [Clear CT: 0.1 ms]
   [Other: 0.6 ms]
      [Choose CSet: 0.0 ms]
      [Ref Proc: 0.2 ms]
      [Ref Enq: 0.0 ms]
      [Redirty Cards: 0.1 ms]
      [Humongous Register: 0.0 ms]
      [Humongous Reclaim: 0.0 ms]
      [Free CSet: 0.0 ms]
   [Eden: 21.0M(21.0M)->0.0B(21.0M) Survivors: 4096.0K->4096.0K Heap: 201.4M(512.0M)->181.5M(512.0M)]
 [Times: user=0.05 sys=0.00, real=0.05 secs] 
2019-04-03T06:47:00.295+0900: 47696.613: [GC pause (G1 Evacuation Pause) (young), 0.0522673 secs]
   [Parallel Time: 51.5 ms, GC Workers: 1]
      [GC Worker Start (ms):  47696613.4]
      [Ext Root Scanning (ms):  2.5]
      [Update RS (ms):  4.5]
         [Processed Buffers:  38]
      [Scan RS (ms):  6.8]
      [Code Root Scanning (ms):  0.0]
      [Object Copy (ms):  37.7]
      [Termination (ms):  0.0]
         [Termination Attempts:  1]
      [GC Worker Other (ms):  0.0]
      [GC Worker Total (ms):  51.5]
      [GC Worker End (ms):  47696664.8]
   [Code Root Fixup: 0.0 ms]
   [Code Root Purge: 0.0 ms]
   [Clear CT: 0.0 ms]
   [Other: 0.7 ms]
      [Choose CSet: 0.0 ms]
      [Ref Proc: 0.1 ms]
      [Ref Enq: 0.0 ms]
      [Redirty Cards: 0.1 ms]
      [Humongous Register: 0.0 ms]
      [Humongous Reclaim: 0.0 ms]
      [Free CSet: 0.0 ms]
   [Eden: 21.0M(21.0M)->0.0B(21.0M) Survivors: 4096.0K->4096.0K Heap: 202.5M(512.0M)->182.5M(512.0M)]
 [Times: user=0.05 sys=0.00, real=0.06 secs] 
2019-04-03T06:48:47.801+0900: 47804.119: [GC pause (G1 Evacuation Pause) (young) (initial-mark), 0.0400873 secs]
   [Parallel Time: 39.3 ms, GC Workers: 1]
      [GC Worker Start (ms):  47804119.9]
      [Ext Root Scanning (ms):  3.2]
      [Update RS (ms):  5.2]
         [Processed Buffers:  37]
      [Scan RS (ms):  7.0]
      [Code Root Scanning (ms):  0.0]
      [Object Copy (ms):  23.8]
      [Termination (ms):  0.0]
         [Termination Attempts:  1]
      [GC Worker Other (ms):  0.0]
      [GC Worker Total (ms):  39.1]
      [GC Worker End (ms):  47804159.0]
   [Code Root Fixup: 0.0 ms]
   [Code Root Purge: 0.0 ms]
   [Clear CT: 0.1 ms]
   [Other: 0.7 ms]
      [Choose CSet: 0.0 ms]
      [Ref Proc: 0.2 ms]
      [Ref Enq: 0.0 ms]
      [Redirty Cards: 0.1 ms]
      [Humongous Register: 0.0 ms]
      [Humongous Reclaim: 0.0 ms]
      [Free CSet: 0.0 ms]
   [Eden: 21.0M(21.0M)->0.0B(22.0M) Survivors: 4096.0K->3072.0K Heap: 203.5M(512.0M)->182.0M(512.0M)]
 [Times: user=0.04 sys=0.00, real=0.04 secs] 
2019-04-03T06:48:47.841+0900: 47804.160: [GC concurrent-root-region-scan-start]
2019-04-03T06:48:47.873+0900: 47804.192: [GC concurrent-root-region-scan-end, 0.0315070 secs]
2019-04-03T06:48:47.873+0900: 47804.192: [GC concurrent-mark-start]
2019-04-03T06:48:47.949+0900: 47804.268: [GC concurrent-mark-end, 0.0762542 secs]
2019-04-03T06:48:47.950+0900: 47804.268: [GC remark 2019-04-03T06:48:47.950+0900: 47804.268: [Finalize Marking, 0.0003961 secs] 2019-04-03T06:48:47.950+0900: 47804.269: [GC ref-proc, 0.0014698 secs] 2019-04-03T06:48:47.952+0900: 47804.270: [Unloading, 0.0358737 secs], 0.0410784 secs]
 [Times: user=0.04 sys=0.00, real=0.04 secs] 
2019-04-03T06:48:47.993+0900: 47804.312: [GC cleanup 182M->181M(512M), 0.0021213 secs]
 [Times: user=0.00 sys=0.00, real=0.00 secs] 
2019-04-03T06:48:47.995+0900: 47804.314: [GC concurrent-cleanup-start]
2019-04-03T06:48:47.995+0900: 47804.314: [GC concurrent-cleanup-end, 0.0000260 secs]
2019-04-03T06:50:41.920+0900: 47918.238: [GC pause (G1 Evacuation Pause) (young), 0.0415951 secs]
   [Parallel Time: 40.9 ms, GC Workers: 1]
      [GC Worker Start (ms):  47918238.7]
      [Ext Root Scanning (ms):  2.6]
      [Update RS (ms):  4.5]
         [Processed Buffers:  39]
      [Scan RS (ms):  7.8]
      [Code Root Scanning (ms):  0.0]
      [Object Copy (ms):  25.8]
      [Termination (ms):  0.0]
         [Termination Attempts:  1]
      [GC Worker Other (ms):  0.0]
      [GC Worker Total (ms):  40.8]
      [GC Worker End (ms):  47918279.5]
   [Code Root Fixup: 0.0 ms]
   [Code Root Purge: 0.0 ms]
   [Clear CT: 0.1 ms]
   [Other: 0.7 ms]
      [Choose CSet: 0.0 ms]
      [Ref Proc: 0.1 ms]
      [Ref Enq: 0.0 ms]
      [Redirty Cards: 0.1 ms]
      [Humongous Register: 0.0 ms]
      [Humongous Reclaim: 0.0 ms]
      [Free CSet: 0.1 ms]
   [Eden: 22.0M(22.0M)->0.0B(21.0M) Survivors: 3072.0K->4096.0K Heap: 203.0M(512.0M)->182.0M(512.0M)]
 [Times: user=0.04 sys=0.00, real=0.04 secs] 
2019-04-03T06:52:31.966+0900: 48028.285: [GC pause (G1 Evacuation Pause) (mixed), 0.0480406 secs]
   [Parallel Time: 47.3 ms, GC Workers: 1]
      [GC Worker Start (ms):  48028284.8]
      [Ext Root Scanning (ms):  2.7]
      [Update RS (ms):  4.5]
         [Processed Buffers:  37]
      [Scan RS (ms):  7.4]
      [Code Root Scanning (ms):  0.0]
      [Object Copy (ms):  32.8]
      [Termination (ms):  0.0]
         [Termination Attempts:  1]
      [GC Worker Other (ms):  0.0]
      [GC Worker Total (ms):  47.3]
      [GC Worker End (ms):  48028332.1]
   [Code Root Fixup: 0.0 ms]
   [Code Root Purge: 0.0 ms]
   [Clear CT: 0.1 ms]
   [Other: 0.6 ms]
      [Choose CSet: 0.0 ms]
      [Ref Proc: 0.1 ms]
      [Ref Enq: 0.0 ms]
      [Redirty Cards: 0.1 ms]
      [Humongous Register: 0.0 ms]
      [Humongous Reclaim: 0.0 ms]
      [Free CSet: 0.1 ms]
   [Eden: 21.0M(21.0M)->0.0B(21.0M) Survivors: 4096.0K->4096.0K Heap: 203.0M(512.0M)->176.9M(512.0M)]
 [Times: user=0.05 sys=0.00, real=0.04 secs] 
2019-04-03T06:54:18.862+0900: 48135.181: [GC pause (G1 Evacuation Pause) (mixed), 0.0532774 secs]
   [Parallel Time: 52.6 ms, GC Workers: 1]
      [GC Worker Start (ms):  48135181.2]
      [Ext Root Scanning (ms):  2.5]
      [Update RS (ms):  4.4]
         [Processed Buffers:  38]
      [Scan RS (ms):  9.6]
      [Code Root Scanning (ms):  0.0]
      [Object Copy (ms):  35.7]
      [Termination (ms):  0.0]
         [Termination Attempts:  1]
      [GC Worker Other (ms):  0.0]
      [GC Worker Total (ms):  52.3]
      [GC Worker End (ms):  48135233.5]
   [Code Root Fixup: 0.0 ms]
   [Code Root Purge: 0.0 ms]
   [Clear CT: 0.1 ms]
   [Other: 0.6 ms]
      [Choose CSet: 0.0 ms]
      [Ref Proc: 0.1 ms]
      [Ref Enq: 0.0 ms]
      [Redirty Cards: 0.1 ms]
      [Humongous Register: 0.0 ms]
      [Humongous Reclaim: 0.0 ms]
      [Free CSet: 0.1 ms]
   [Eden: 21.0M(21.0M)->0.0B(21.0M) Survivors: 4096.0K->4096.0K Heap: 197.9M(512.0M)->172.0M(512.0M)]
 [Times: user=0.06 sys=0.00, real=0.06 secs] 
2019-04-03T06:56:05.490+0900: 48241.809: [GC pause (G1 Evacuation Pause) (mixed), 0.0371733 secs]
   [Parallel Time: 36.5 ms, GC Workers: 1]
      [GC Worker Start (ms):  48241809.0]
      [Ext Root Scanning (ms):  2.7]
      [Update RS (ms):  5.1]
         [Processed Buffers:  38]
      [Scan RS (ms):  7.3]
      [Code Root Scanning (ms):  0.0]
      [Object Copy (ms):  21.2]
      [Termination (ms):  0.0]
         [Termination Attempts:  1]
      [GC Worker Other (ms):  0.0]
      [GC Worker Total (ms):  36.4]
      [GC Worker End (ms):  48241845.4]
   [Code Root Fixup: 0.0 ms]
   [Code Root Purge: 0.0 ms]
   [Clear CT: 0.1 ms]
   [Other: 0.6 ms]
      [Choose CSet: 0.0 ms]
      [Ref Proc: 0.2 ms]
      [Ref Enq: 0.0 ms]
      [Redirty Cards: 0.1 ms]
      [Humongous Register: 0.0 ms]
      [Humongous Reclaim: 0.0 ms]
      [Free CSet: 0.1 ms]
   [Eden: 21.0M(21.0M)->0.0B(23.0M) Survivors: 4096.0K->2048.0K Heap: 193.0M(512.0M)->167.0M(512.0M)]
 [Times: user=0.04 sys=0.00, real=0.04 secs] 
2019-04-03T06:58:05.115+0900: 48361.433: [GC pause (G1 Evacuation Pause) (young), 0.0439274 secs]
   [Parallel Time: 43.2 ms, GC Workers: 1]
      [GC Worker Start (ms):  48361433.7]
      [Ext Root Scanning (ms):  2.6]
      [Update RS (ms):  5.3]
         [Processed Buffers:  36]
      [Scan RS (ms):  8.3]
      [Code Root Scanning (ms):  0.0]
      [Object Copy (ms):  26.4]
      [Termination (ms):  0.0]
         [Termination Attempts:  1]
      [GC Worker Other (ms):  0.0]
      [GC Worker Total (ms):  42.6]
      [GC Worker End (ms):  48361476.3]
   [Code Root Fixup: 0.0 ms]
   [Code Root Purge: 0.0 ms]
   [Clear CT: 0.1 ms]
   [Other: 0.7 ms]
      [Choose CSet: 0.0 ms]
      [Ref Proc: 0.2 ms]
      [Ref Enq: 0.0 ms]
      [Redirty Cards: 0.1 ms]
      [Humongous Register: 0.0 ms]
      [Humongous Reclaim: 0.0 ms]
      [Free CSet: 0.0 ms]
   [Eden: 23.0M(23.0M)->0.0B(22.0M) Survivors: 2048.0K->3072.0K Heap: 190.0M(512.0M)->168.0M(512.0M)]
 [Times: user=0.04 sys=0.00, real=0.05 secs] 
2019-04-03T06:59:59.385+0900: 48475.703: [GC pause (G1 Evacuation Pause) (young), 0.0516863 secs]
   [Parallel Time: 50.9 ms, GC Workers: 1]
      [GC Worker Start (ms):  48475703.4]
      [Ext Root Scanning (ms):  2.4]
      [Update RS (ms):  8.2]
         [Processed Buffers:  43]
      [Scan RS (ms):  3.0]
      [Code Root Scanning (ms):  0.0]
      [Object Copy (ms):  37.2]
      [Termination (ms):  0.0]
         [Termination Attempts:  1]
      [GC Worker Other (ms):  0.0]
      [GC Worker Total (ms):  50.8]
      [GC Worker End (ms):  48475754.2]
   [Code Root Fixup: 0.0 ms]
   [Code Root Purge: 0.0 ms]
   [Clear CT: 0.1 ms]
   [Other: 0.7 ms]
      [Choose CSet: 0.0 ms]
      [Ref Proc: 0.3 ms]
      [Ref Enq: 0.0 ms]
      [Redirty Cards: 0.1 ms]
      [Humongous Register: 0.0 ms]
      [Humongous Reclaim: 0.0 ms]
      [Free CSet: 0.0 ms]
   [Eden: 22.0M(22.0M)->0.0B(21.0M) Survivors: 3072.0K->4096.0K Heap: 190.0M(512.0M)->169.0M(512.0M)]
 [Times: user=0.05 sys=0.00, real=0.06 secs] 
2019-04-03T07:01:46.702+0900: 48583.021: [GC pause (G1 Evacuation Pause) (young), 0.0654414 secs]
   [Parallel Time: 64.6 ms, GC Workers: 1]
      [GC Worker Start (ms):  48583020.8]
      [Ext Root Scanning (ms):  2.6]
      [Update RS (ms):  4.7]
         [Processed Buffers:  45]
      [Scan RS (ms):  9.2]
      [Code Root Scanning (ms):  0.0]
      [Object Copy (ms):  47.9]
      [Termination (ms):  0.0]
         [Termination Attempts:  1]
      [GC Worker Other (ms):  0.0]
      [GC Worker Total (ms):  64.5]
      [GC Worker End (ms):  48583085.3]
   [Code Root Fixup: 0.0 ms]
   [Code Root Purge: 0.0 ms]
   [Clear CT: 0.1 ms]
   [Other: 0.8 ms]
      [Choose CSet: 0.0 ms]
      [Ref Proc: 0.2 ms]
      [Ref Enq: 0.0 ms]
      [Redirty Cards: 0.1 ms]
      [Humongous Register: 0.0 ms]
      [Humongous Reclaim: 0.0 ms]
      [Free CSet: 0.2 ms]
   [Eden: 21.0M(21.0M)->0.0B(22.0M) Survivors: 4096.0K->3072.0K Heap: 190.0M(512.0M)->170.9M(512.0M)]
 [Times: user=0.06 sys=0.00, real=0.07 secs] 
2019-04-03T07:03:40.499+0900: 48696.818: [GC pause (G1 Evacuation Pause) (young), 0.0433318 secs]
   [Parallel Time: 42.7 ms, GC Workers: 1]
      [GC Worker Start (ms):  48696818.1]
      [Ext Root Scanning (ms):  2.6]
      [Update RS (ms):  5.1]
         [Processed Buffers:  47]
      [Scan RS (ms):  6.5]
      [Code Root Scanning (ms):  0.0]
      [Object Copy (ms):  28.4]
      [Termination (ms):  0.0]
         [Termination Attempts:  1]
      [GC Worker Other (ms):  0.0]
      [GC Worker Total (ms):  42.6]
      [GC Worker End (ms):  48696860.7]
   [Code Root Fixup: 0.0 ms]
   [Code Root Purge: 0.0 ms]
   [Clear CT: 0.1 ms]
   [Other: 0.6 ms]
      [Choose CSet: 0.0 ms]
      [Ref Proc: 0.1 ms]
      [Ref Enq: 0.0 ms]
      [Redirty Cards: 0.1 ms]
      [Humongous Register: 0.0 ms]
      [Humongous Reclaim: 0.0 ms]
      [Free CSet: 0.0 ms]
   [Eden: 22.0M(22.0M)->0.0B(21.0M) Survivors: 3072.0K->4096.0K Heap: 192.9M(512.0M)->171.9M(512.0M)]
 [Times: user=0.04 sys=0.00, real=0.04 secs] 
2019-04-03T07:05:30.167+0900: 48806.485: [GC pause (G1 Evacuation Pause) (young), 0.0373291 secs]
   [Parallel Time: 36.7 ms, GC Workers: 1]
      [GC Worker Start (ms):  48806485.5]
      [Ext Root Scanning (ms):  2.6]
      [Update RS (ms):  5.3]
         [Processed Buffers:  38]
      [Scan RS (ms):  5.9]
      [Code Root Scanning (ms):  0.0]
      [Object Copy (ms):  22.8]
      [Termination (ms):  0.0]
         [Termination Attempts:  1]
      [GC Worker Other (ms):  0.0]
      [GC Worker Total (ms):  36.6]
      [GC Worker End (ms):  48806522.1]
   [Code Root Fixup: 0.0 ms]
   [Code Root Purge: 0.0 ms]
   [Clear CT: 0.0 ms]
   [Other: 0.6 ms]
      [Choose CSet: 0.0 ms]
      [Ref Proc: 0.1 ms]
      [Ref Enq: 0.0 ms]
      [Redirty Cards: 0.1 ms]
      [Humongous Register: 0.0 ms]
      [Humongous Reclaim: 0.0 ms]
      [Free CSet: 0.0 ms]
   [Eden: 21.0M(21.0M)->0.0B(22.0M) Survivors: 4096.0K->3072.0K Heap: 192.9M(512.0M)->171.9M(512.0M)]
 [Times: user=0.03 sys=0.00, real=0.03 secs] 
2019-04-03T07:07:22.974+0900: 48919.292: [GC pause (G1 Evacuation Pause) (young), 0.0465612 secs]
   [Parallel Time: 45.8 ms, GC Workers: 1]
      [GC Worker Start (ms):  48919292.4]
      [Ext Root Scanning (ms):  2.5]
      [Update RS (ms):  6.8]
         [Processed Buffers:  40]
      [Scan RS (ms):  8.5]
      [Code Root Scanning (ms):  0.0]
      [Object Copy (ms):  27.9]
      [Termination (ms):  0.0]
         [Termination Attempts:  1]
      [GC Worker Other (ms):  0.0]
      [GC Worker Total (ms):  45.6]
      [GC Worker End (ms):  48919338.1]
   [Code Root Fixup: 0.0 ms]
   [Code Root Purge: 0.0 ms]
   [Clear CT: 0.1 ms]
   [Other: 0.7 ms]
      [Choose CSet: 0.0 ms]
      [Ref Proc: 0.2 ms]
      [Ref Enq: 0.0 ms]
      [Redirty Cards: 0.1 ms]
      [Humongous Register: 0.0 ms]
      [Humongous Reclaim: 0.0 ms]
      [Free CSet: 0.0 ms]
   [Eden: 22.0M(22.0M)->0.0B(21.0M) Survivors: 3072.0K->4096.0K Heap: 193.9M(512.0M)->172.9M(512.0M)]
 [Times: user=0.05 sys=0.00, real=0.05 secs] 
2019-04-03T07:09:09.101+0900: 49025.419: [GC pause (G1 Evacuation Pause) (young), 0.0584515 secs]
   [Parallel Time: 57.7 ms, GC Workers: 1]
      [GC Worker Start (ms):  49025419.4]
      [Ext Root Scanning (ms):  2.5]
      [Update RS (ms):  14.1]
         [Processed Buffers:  36]
      [Scan RS (ms):  5.9]
      [Code Root Scanning (ms):  0.0]
      [Object Copy (ms):  35.1]
      [Termination (ms):  0.0]
         [Termination Attempts:  1]
      [GC Worker Other (ms):  0.0]
      [GC Worker Total (ms):  57.6]
      [GC Worker End (ms):  49025477.0]
   [Code Root Fixup: 0.0 ms]
   [Code Root Purge: 0.0 ms]
   [Clear CT: 0.1 ms]
   [Other: 0.6 ms]
      [Choose CSet: 0.0 ms]
      [Ref Proc: 0.2 ms]
      [Ref Enq: 0.0 ms]
      [Redirty Cards: 0.1 ms]
      [Humongous Register: 0.0 ms]
      [Humongous Reclaim: 0.0 ms]
      [Free CSet: 0.0 ms]
   [Eden: 21.0M(21.0M)->0.0B(21.0M) Survivors: 4096.0K->4096.0K Heap: 193.9M(512.0M)->173.9M(512.0M)]
 [Times: user=0.05 sys=0.00, real=0.06 secs] 
2019-04-03T07:10:58.542+0900: 49134.861: [GC pause (G1 Evacuation Pause) (young), 0.0500006 secs]
   [Parallel Time: 49.4 ms, GC Workers: 1]
      [GC Worker Start (ms):  49134861.1]
      [Ext Root Scanning (ms):  2.5]
      [Update RS (ms):  5.1]
         [Processed Buffers:  36]
      [Scan RS (ms):  6.4]
      [Code Root Scanning (ms):  0.0]
      [Object Copy (ms):  35.3]
      [Termination (ms):  0.0]
         [Termination Attempts:  1]
      [GC Worker Other (ms):  0.0]
      [GC Worker Total (ms):  49.3]
      [GC Worker End (ms):  49134910.4]
   [Code Root Fixup: 0.0 ms]
   [Code Root Purge: 0.0 ms]
   [Clear CT: 0.1 ms]
   [Other: 0.6 ms]
      [Choose CSet: 0.0 ms]
      [Ref Proc: 0.1 ms]
      [Ref Enq: 0.0 ms]
      [Redirty Cards: 0.1 ms]
      [Humongous Register: 0.0 ms]
      [Humongous Reclaim: 0.0 ms]
      [Free CSet: 0.0 ms]
   [Eden: 21.0M(21.0M)->0.0B(21.0M) Survivors: 4096.0K->4096.0K Heap: 194.9M(512.0M)->175.0M(512.0M)]
 [Times: user=0.05 sys=0.00, real=0.05 secs] 
2019-04-03T07:12:46.196+0900: 49242.515: [GC pause (G1 Evacuation Pause) (young), 0.0336092 secs]
   [Parallel Time: 32.8 ms, GC Workers: 1]
      [GC Worker Start (ms):  49242515.1]
      [Ext Root Scanning (ms):  2.5]
      [Update RS (ms):  4.5]
         [Processed Buffers:  39]
      [Scan RS (ms):  6.7]
      [Code Root Scanning (ms):  0.0]
      [Object Copy (ms):  18.9]
      [Termination (ms):  0.0]
         [Termination Attempts:  1]
      [GC Worker Other (ms):  0.0]
      [GC Worker Total (ms):  32.7]
      [GC Worker End (ms):  49242547.8]
   [Code Root Fixup: 0.0 ms]
   [Code Root Purge: 0.0 ms]
   [Clear CT: 0.0 ms]
   [Other: 0.8 ms]
      [Choose CSet: 0.0 ms]
      [Ref Proc: 0.1 ms]
      [Ref Enq: 0.0 ms]
      [Redirty Cards: 0.2 ms]
      [Humongous Register: 0.0 ms]
      [Humongous Reclaim: 0.0 ms]
      [Free CSet: 0.0 ms]
   [Eden: 21.0M(21.0M)->0.0B(23.0M) Survivors: 4096.0K->2048.0K Heap: 196.0M(512.0M)->174.0M(512.0M)]
 [Times: user=0.03 sys=0.00, real=0.03 secs] 
2019-04-03T07:14:45.287+0900: 49361.605: [GC pause (G1 Evacuation Pause) (young), 0.0426335 secs]
   [Parallel Time: 41.9 ms, GC Workers: 1]
      [GC Worker Start (ms):  49361605.8]
      [Ext Root Scanning (ms):  2.5]
      [Update RS (ms):  5.1]
         [Processed Buffers:  34]
      [Scan RS (ms):  8.5]
      [Code Root Scanning (ms):  0.0]
      [Object Copy (ms):  25.5]
      [Termination (ms):  0.0]
         [Termination Attempts:  1]
      [GC Worker Other (ms):  0.0]
      [GC Worker Total (ms):  41.7]
      [GC Worker End (ms):  49361647.4]
   [Code Root Fixup: 0.0 ms]
   [Code Root Purge: 0.0 ms]
   [Clear CT: 0.1 ms]
   [Other: 0.7 ms]
      [Choose CSet: 0.0 ms]
      [Ref Proc: 0.3 ms]
      [Ref Enq: 0.0 ms]
      [Redirty Cards: 0.1 ms]
      [Humongous Register: 0.0 ms]
      [Humongous Reclaim: 0.0 ms]
      [Free CSet: 0.0 ms]
   [Eden: 23.0M(23.0M)->0.0B(22.0M) Survivors: 2048.0K->3072.0K Heap: 197.0M(512.0M)->175.0M(512.0M)]
 [Times: user=0.04 sys=0.00, real=0.04 secs] 
2019-04-03T07:16:38.884+0900: 49475.202: [GC pause (G1 Evacuation Pause) (young), 0.0487407 secs]
   [Parallel Time: 48.1 ms, GC Workers: 1]
      [GC Worker Start (ms):  49475202.4]
      [Ext Root Scanning (ms):  2.7]
      [Update RS (ms):  5.4]
         [Processed Buffers:  35]
      [Scan RS (ms):  5.9]
      [Code Root Scanning (ms):  0.0]
      [Object Copy (ms):  34.0]
      [Termination (ms):  0.0]
         [Termination Attempts:  1]
      [GC Worker Other (ms):  0.0]
      [GC Worker Total (ms):  48.0]
      [GC Worker End (ms):  49475250.4]
   [Code Root Fixup: 0.0 ms]
   [Code Root Purge: 0.0 ms]
   [Clear CT: 0.1 ms]
   [Other: 0.5 ms]
      [Choose CSet: 0.0 ms]
      [Ref Proc: 0.1 ms]
      [Ref Enq: 0.0 ms]
      [Redirty Cards: 0.1 ms]
      [Humongous Register: 0.0 ms]
      [Humongous Reclaim: 0.0 ms]
      [Free CSet: 0.0 ms]
   [Eden: 22.0M(22.0M)->0.0B(21.0M) Survivors: 3072.0K->4096.0K Heap: 197.0M(512.0M)->176.0M(512.0M)]
 [Times: user=0.05 sys=0.00, real=0.05 secs] 
2019-04-03T07:18:29.119+0900: 49585.438: [GC pause (G1 Evacuation Pause) (young), 0.0583045 secs]
   [Parallel Time: 57.4 ms, GC Workers: 1]
      [GC Worker Start (ms):  49585437.8]
      [Ext Root Scanning (ms):  2.4]
      [Update RS (ms):  5.3]
         [Processed Buffers:  36]
      [Scan RS (ms):  7.6]
      [Code Root Scanning (ms):  0.1]
      [Object Copy (ms):  41.8]
      [Termination (ms):  0.0]
         [Termination Attempts:  1]
      [GC Worker Other (ms):  0.0]
      [GC Worker Total (ms):  57.2]
      [GC Worker End (ms):  49585495.1]
   [Code Root Fixup: 0.0 ms]
   [Code Root Purge: 0.0 ms]
   [Clear CT: 0.1 ms]
   [Other: 0.8 ms]
      [Choose CSet: 0.0 ms]
      [Ref Proc: 0.3 ms]
      [Ref Enq: 0.0 ms]
      [Redirty Cards: 0.2 ms]
      [Humongous Register: 0.0 ms]
      [Humongous Reclaim: 0.0 ms]
      [Free CSet: 0.0 ms]
   [Eden: 21.0M(21.0M)->0.0B(22.0M) Survivors: 4096.0K->3072.0K Heap: 197.0M(512.0M)->177.9M(512.0M)]
 [Times: user=0.05 sys=0.00, real=0.06 secs] 
2019-04-03T07:20:22.956+0900: 49699.275: [GC pause (G1 Evacuation Pause) (young), 0.0559198 secs]
   [Parallel Time: 55.3 ms, GC Workers: 1]
      [GC Worker Start (ms):  49699274.9]
      [Ext Root Scanning (ms):  2.6]
      [Update RS (ms):  5.0]
         [Processed Buffers:  34]
      [Scan RS (ms):  17.2]
      [Code Root Scanning (ms):  0.0]
      [Object Copy (ms):  30.3]
      [Termination (ms):  0.0]
         [Termination Attempts:  1]
      [GC Worker Other (ms):  0.0]
      [GC Worker Total (ms):  55.1]
      [GC Worker End (ms):  49699330.0]
   [Code Root Fixup: 0.0 ms]
   [Code Root Purge: 0.0 ms]
   [Clear CT: 0.1 ms]
   [Other: 0.5 ms]
      [Choose CSet: 0.0 ms]
      [Ref Proc: 0.1 ms]
      [Ref Enq: 0.0 ms]
      [Redirty Cards: 0.1 ms]
      [Humongous Register: 0.0 ms]
      [Humongous Reclaim: 0.0 ms]
      [Free CSet: 0.0 ms]
   [Eden: 22.0M(22.0M)->0.0B(21.0M) Survivors: 3072.0K->4096.0K Heap: 199.9M(512.0M)->178.9M(512.0M)]
 [Times: user=0.04 sys=0.00, real=0.05 secs] 
2019-04-03T07:22:09.375+0900: 49805.693: [GC pause (G1 Evacuation Pause) (young), 0.0378390 secs]
   [Parallel Time: 36.9 ms, GC Workers: 1]
      [GC Worker Start (ms):  49805693.6]
      [Ext Root Scanning (ms):  2.4]
      [Update RS (ms):  4.6]
         [Processed Buffers:  37]
      [Scan RS (ms):  7.4]
      [Code Root Scanning (ms):  0.0]
      [Object Copy (ms):  22.4]
      [Termination (ms):  0.0]
         [Termination Attempts:  1]
      [GC Worker Other (ms):  0.0]
      [GC Worker Total (ms):  36.8]
      [GC Worker End (ms):  49805730.4]
   [Code Root Fixup: 0.1 ms]
   [Code Root Purge: 0.0 ms]
   [Clear CT: 0.1 ms]
   [Other: 0.8 ms]
      [Choose CSet: 0.0 ms]
      [Ref Proc: 0.2 ms]
      [Ref Enq: 0.0 ms]
      [Redirty Cards: 0.1 ms]
      [Humongous Register: 0.0 ms]
      [Humongous Reclaim: 0.0 ms]
      [Free CSet: 0.0 ms]
   [Eden: 21.0M(21.0M)->0.0B(22.0M) Survivors: 4096.0K->3072.0K Heap: 199.9M(512.0M)->178.9M(512.0M)]
 [Times: user=0.04 sys=0.00, real=0.04 secs] 
2019-04-03T07:24:05.100+0900: 49921.418: [GC pause (G1 Evacuation Pause) (young), 0.0473904 secs]
   [Parallel Time: 46.7 ms, GC Workers: 1]
      [GC Worker Start (ms):  49921418.4]
      [Ext Root Scanning (ms):  2.6]
      [Update RS (ms):  5.4]
         [Processed Buffers:  36]
      [Scan RS (ms):  9.7]
      [Code Root Scanning (ms):  0.0]
      [Object Copy (ms):  28.4]
      [Termination (ms):  0.0]
         [Termination Attempts:  1]
      [GC Worker Other (ms):  0.0]
      [GC Worker Total (ms):  46.1]
      [GC Worker End (ms):  49921464.5]
   [Code Root Fixup: 0.0 ms]
   [Code Root Purge: 0.0 ms]
   [Clear CT: 0.1 ms]
   [Other: 0.6 ms]
      [Choose CSet: 0.0 ms]
      [Ref Proc: 0.2 ms]
      [Ref Enq: 0.0 ms]
      [Redirty Cards: 0.1 ms]
      [Humongous Register: 0.0 ms]
      [Humongous Reclaim: 0.0 ms]
      [Free CSet: 0.0 ms]
   [Eden: 22.0M(22.0M)->0.0B(21.0M) Survivors: 3072.0K->4096.0K Heap: 200.9M(512.0M)->179.9M(512.0M)]
 [Times: user=0.04 sys=0.00, real=0.05 secs] 
2019-04-03T07:25:51.994+0900: 50028.312: [GC pause (G1 Evacuation Pause) (young), 0.0684663 secs]
   [Parallel Time: 67.9 ms, GC Workers: 1]
      [GC Worker Start (ms):  50028312.6]
      [Ext Root Scanning (ms):  2.5]
      [Update RS (ms):  6.8]
         [Processed Buffers:  37]
      [Scan RS (ms):  6.0]
      [Code Root Scanning (ms):  0.0]
      [Object Copy (ms):  52.5]
      [Termination (ms):  0.0]
         [Termination Attempts:  1]
      [GC Worker Other (ms):  0.0]
      [GC Worker Total (ms):  67.8]
      [GC Worker End (ms):  50028380.4]
   [Code Root Fixup: 0.0 ms]
   [Code Root Purge: 0.0 ms]
   [Clear CT: 0.1 ms]
   [Other: 0.5 ms]
      [Choose CSet: 0.0 ms]
      [Ref Proc: 0.1 ms]
      [Ref Enq: 0.0 ms]
      [Redirty Cards: 0.1 ms]
      [Humongous Register: 0.0 ms]
      [Humongous Reclaim: 0.0 ms]
      [Free CSet: 0.0 ms]
   [Eden: 21.0M(21.0M)->0.0B(21.0M) Survivors: 4096.0K->4096.0K Heap: 200.9M(512.0M)->180.9M(512.0M)]
 [Times: user=0.06 sys=0.00, real=0.07 secs] 
2019-04-03T07:27:40.498+0900: 50136.816: [GC pause (G1 Evacuation Pause) (young), 0.0512002 secs]
   [Parallel Time: 50.6 ms, GC Workers: 1]
      [GC Worker Start (ms):  50136816.6]
      [Ext Root Scanning (ms):  2.5]
      [Update RS (ms):  4.8]
         [Processed Buffers:  36]
      [Scan RS (ms):  6.8]
      [Code Root Scanning (ms):  0.0]
      [Object Copy (ms):  36.3]
      [Termination (ms):  0.0]
         [Termination Attempts:  1]
      [GC Worker Other (ms):  0.0]
      [GC Worker Total (ms):  50.4]
      [GC Worker End (ms):  50136867.0]
   [Code Root Fixup: 0.0 ms]
   [Code Root Purge: 0.0 ms]
   [Clear CT: 0.1 ms]
   [Other: 0.6 ms]
      [Choose CSet: 0.0 ms]
      [Ref Proc: 0.1 ms]
      [Ref Enq: 0.0 ms]
      [Redirty Cards: 0.1 ms]
      [Humongous Register: 0.0 ms]
      [Humongous Reclaim: 0.0 ms]
      [Free CSet: 0.0 ms]
   [Eden: 21.0M(21.0M)->0.0B(21.0M) Survivors: 4096.0K->4096.0K Heap: 201.9M(512.0M)->182.0M(512.0M)]
 [Times: user=0.05 sys=0.00, real=0.05 secs] 
2019-04-03T07:29:31.093+0900: 50247.411: [GC pause (G1 Evacuation Pause) (young) (initial-mark), 0.0446583 secs]
   [Parallel Time: 43.9 ms, GC Workers: 1]
      [GC Worker Start (ms):  50247411.5]
      [Ext Root Scanning (ms):  3.1]
      [Update RS (ms):  4.6]
         [Processed Buffers:  35]
      [Scan RS (ms):  6.2]
      [Code Root Scanning (ms):  0.1]
      [Object Copy (ms):  29.7]
      [Termination (ms):  0.0]
         [Termination Attempts:  1]
      [GC Worker Other (ms):  0.0]
      [GC Worker Total (ms):  43.8]
      [GC Worker End (ms):  50247455.3]
   [Code Root Fixup: 0.0 ms]
   [Code Root Purge: 0.0 ms]
   [Clear CT: 0.1 ms]
   [Other: 0.7 ms]
      [Choose CSet: 0.0 ms]
      [Ref Proc: 0.1 ms]
      [Ref Enq: 0.0 ms]
      [Redirty Cards: 0.2 ms]
      [Humongous Register: 0.0 ms]
      [Humongous Reclaim: 0.0 ms]
      [Free CSet: 0.0 ms]
   [Eden: 21.0M(21.0M)->0.0B(23.0M) Survivors: 4096.0K->2048.0K Heap: 203.0M(512.0M)->181.0M(512.0M)]
 [Times: user=0.03 sys=0.00, real=0.05 secs] 
2019-04-03T07:29:31.138+0900: 50247.456: [GC concurrent-root-region-scan-start]
2019-04-03T07:29:31.159+0900: 50247.478: [GC concurrent-root-region-scan-end, 0.0212998 secs]
2019-04-03T07:29:31.159+0900: 50247.478: [GC concurrent-mark-start]
2019-04-03T07:29:31.237+0900: 50247.556: [GC concurrent-mark-end, 0.0780963 secs]
2019-04-03T07:29:31.237+0900: 50247.556: [GC remark 2019-04-03T07:29:31.238+0900: 50247.556: [Finalize Marking, 0.0004615 secs] 2019-04-03T07:29:31.238+0900: 50247.557: [GC ref-proc, 0.0008832 secs] 2019-04-03T07:29:31.239+0900: 50247.557: [Unloading, 0.0296446 secs], 0.0338776 secs]
 [Times: user=0.04 sys=0.00, real=0.03 secs] 
2019-04-03T07:29:31.272+0900: 50247.591: [GC cleanup 181M->178M(512M), 0.0018292 secs]
 [Times: user=0.00 sys=0.00, real=0.00 secs] 
2019-04-03T07:29:31.274+0900: 50247.592: [GC concurrent-cleanup-start]
2019-04-03T07:29:31.274+0900: 50247.592: [GC concurrent-cleanup-end, 0.0000296 secs]
2019-04-03T07:31:30.679+0900: 50366.997: [GC pause (G1 Evacuation Pause) (young), 0.0401721 secs]
   [Parallel Time: 39.5 ms, GC Workers: 1]
      [GC Worker Start (ms):  50366997.3]
      [Ext Root Scanning (ms):  2.6]
      [Update RS (ms):  4.5]
         [Processed Buffers:  35]
      [Scan RS (ms):  7.8]
      [Code Root Scanning (ms):  0.0]
      [Object Copy (ms):  23.5]
      [Termination (ms):  0.0]
         [Termination Attempts:  1]
      [GC Worker Other (ms):  0.0]
      [GC Worker Total (ms):  38.5]
      [GC Worker End (ms):  50367035.8]
   [Code Root Fixup: 0.0 ms]
   [Code Root Purge: 0.0 ms]
   [Clear CT: 0.1 ms]
   [Other: 0.6 ms]
      [Choose CSet: 0.0 ms]
      [Ref Proc: 0.2 ms]
      [Ref Enq: 0.0 ms]
      [Redirty Cards: 0.1 ms]
      [Humongous Register: 0.0 ms]
      [Humongous Reclaim: 0.0 ms]
      [Free CSet: 0.0 ms]
   [Eden: 23.0M(23.0M)->0.0B(22.0M) Survivors: 2048.0K->3072.0K Heap: 201.0M(512.0M)->179.0M(512.0M)]
 [Times: user=0.04 sys=0.00, real=0.04 secs] 
2019-04-03T07:33:02.196+0900: 50458.514: [GC pause (G1 Evacuation Pause) (mixed), 0.0927622 secs]
   [Parallel Time: 91.9 ms, GC Workers: 1]
      [GC Worker Start (ms):  50458514.6]
      [Ext Root Scanning (ms):  2.6]
      [Update RS (ms):  5.1]
         [Processed Buffers:  44]
      [Scan RS (ms):  15.1]
      [Code Root Scanning (ms):  0.0]
      [Object Copy (ms):  69.0]
      [Termination (ms):  0.0]
         [Termination Attempts:  1]
      [GC Worker Other (ms):  0.0]
      [GC Worker Total (ms):  91.8]
      [GC Worker End (ms):  50458606.4]
   [Code Root Fixup: 0.0 ms]
   [Code Root Purge: 0.0 ms]
   [Clear CT: 0.2 ms]
   [Other: 0.7 ms]
      [Choose CSet: 0.0 ms]
      [Ref Proc: 0.1 ms]
      [Ref Enq: 0.0 ms]
      [Redirty Cards: 0.1 ms]
      [Humongous Register: 0.0 ms]
      [Humongous Reclaim: 0.0 ms]
      [Free CSet: 0.1 ms]
   [Eden: 22.0M(22.0M)->0.0B(21.0M) Survivors: 3072.0K->4096.0K Heap: 201.0M(512.0M)->176.7M(512.0M)]
 [Times: user=0.08 sys=0.00, real=0.09 secs] 
2019-04-03T07:34:49.318+0900: 50565.637: [GC pause (G1 Evacuation Pause) (mixed), 0.0874509 secs]
   [Parallel Time: 86.5 ms, GC Workers: 1]
      [GC Worker Start (ms):  50565637.1]
      [Ext Root Scanning (ms):  2.6]
      [Update RS (ms):  6.6]
         [Processed Buffers:  46]
      [Scan RS (ms):  21.9]
      [Code Root Scanning (ms):  0.4]
      [Object Copy (ms):  54.8]
      [Termination (ms):  0.0]
         [Termination Attempts:  1]
      [GC Worker Other (ms):  0.0]
      [GC Worker Total (ms):  86.3]
      [GC Worker End (ms):  50565723.5]
   [Code Root Fixup: 0.0 ms]
   [Code Root Purge: 0.0 ms]
   [Clear CT: 0.1 ms]
   [Other: 0.9 ms]
      [Choose CSet: 0.0 ms]
      [Ref Proc: 0.2 ms]
      [Ref Enq: 0.0 ms]
      [Redirty Cards: 0.2 ms]
      [Humongous Register: 0.0 ms]
      [Humongous Reclaim: 0.0 ms]
      [Free CSet: 0.2 ms]
   [Eden: 21.0M(21.0M)->0.0B(23.0M) Survivors: 4096.0K->2048.0K Heap: 197.7M(512.0M)->173.0M(512.0M)]
 [Times: user=0.09 sys=0.00, real=0.09 secs] 
2019-04-03T07:36:47.437+0900: 50683.756: [GC pause (G1 Evacuation Pause) (mixed), 0.0342066 secs]
   [Parallel Time: 33.5 ms, GC Workers: 1]
      [GC Worker Start (ms):  50683755.8]
      [Ext Root Scanning (ms):  2.9]
      [Update RS (ms):  5.6]
         [Processed Buffers:  39]
      [Scan RS (ms):  5.6]
      [Code Root Scanning (ms):  0.0]
      [Object Copy (ms):  19.3]
      [Termination (ms):  0.0]
         [Termination Attempts:  1]
      [GC Worker Other (ms):  0.0]
      [GC Worker Total (ms):  33.4]
      [GC Worker End (ms):  50683789.2]
   [Code Root Fixup: 0.0 ms]
   [Code Root Purge: 0.0 ms]
   [Clear CT: 0.1 ms]
   [Other: 0.7 ms]
      [Choose CSet: 0.0 ms]
      [Ref Proc: 0.2 ms]
      [Ref Enq: 0.0 ms]
      [Redirty Cards: 0.0 ms]
      [Humongous Register: 0.0 ms]
      [Humongous Reclaim: 0.0 ms]
      [Free CSet: 0.0 ms]
   [Eden: 23.0M(23.0M)->0.0B(22.0M) Survivors: 2048.0K->3072.0K Heap: 196.0M(512.0M)->173.5M(512.0M)]
 [Times: user=0.03 sys=0.00, real=0.03 secs] 
2019-04-03T07:38:42.306+0900: 50798.625: [GC pause (G1 Evacuation Pause) (young), 0.0354004 secs]
   [Parallel Time: 34.7 ms, GC Workers: 1]
      [GC Worker Start (ms):  50798625.1]
      [Ext Root Scanning (ms):  2.7]
      [Update RS (ms):  5.2]
         [Processed Buffers:  36]
      [Scan RS (ms):  10.5]
      [Code Root Scanning (ms):  0.0]
      [Object Copy (ms):  16.1]
      [Termination (ms):  0.0]
         [Termination Attempts:  1]
      [GC Worker Other (ms):  0.0]
      [GC Worker Total (ms):  34.6]
      [GC Worker End (ms):  50798659.6]
   [Code Root Fixup: 0.0 ms]
   [Code Root Purge: 0.0 ms]
   [Clear CT: 0.0 ms]
   [Other: 0.6 ms]
      [Choose CSet: 0.0 ms]
      [Ref Proc: 0.2 ms]
      [Ref Enq: 0.0 ms]
      [Redirty Cards: 0.0 ms]
      [Humongous Register: 0.0 ms]
      [Humongous Reclaim: 0.0 ms]
      [Free CSet: 0.0 ms]
   [Eden: 22.0M(22.0M)->0.0B(22.0M) Survivors: 3072.0K->3072.0K Heap: 195.5M(512.0M)->173.5M(512.0M)]
 [Times: user=0.03 sys=0.00, real=0.03 secs] 
2019-04-03T07:40:35.139+0900: 50911.458: [GC pause (G1 Evacuation Pause) (young), 0.0447228 secs]
   [Parallel Time: 43.1 ms, GC Workers: 1]
      [GC Worker Start (ms):  50911457.9]
      [Ext Root Scanning (ms):  2.4]
      [Update RS (ms):  5.2]
         [Processed Buffers:  38]
      [Scan RS (ms):  5.5]
      [Code Root Scanning (ms):  0.0]
      [Object Copy (ms):  29.9]
      [Termination (ms):  0.0]
         [Termination Attempts:  1]
      [GC Worker Other (ms):  0.0]
      [GC Worker Total (ms):  43.0]
      [GC Worker End (ms):  50911500.9]
   [Code Root Fixup: 0.0 ms]
   [Code Root Purge: 0.0 ms]
   [Clear CT: 0.6 ms]
   [Other: 1.0 ms]
      [Choose CSet: 0.0 ms]
      [Ref Proc: 0.5 ms]
      [Ref Enq: 0.0 ms]
      [Redirty Cards: 0.1 ms]
      [Humongous Register: 0.0 ms]
      [Humongous Reclaim: 0.1 ms]
      [Free CSet: 0.0 ms]
   [Eden: 22.0M(22.0M)->0.0B(21.0M) Survivors: 3072.0K->4096.0K Heap: 195.5M(512.0M)->174.5M(512.0M)]
 [Times: user=0.04 sys=0.00, real=0.04 secs] 
2019-04-03T07:42:24.687+0900: 51021.005: [GC pause (G1 Evacuation Pause) (young), 0.0502795 secs]
   [Parallel Time: 48.6 ms, GC Workers: 1]
      [GC Worker Start (ms):  51021006.5]
      [Ext Root Scanning (ms):  2.8]
      [Update RS (ms):  5.8]
         [Processed Buffers:  41]
      [Scan RS (ms):  4.4]
      [Code Root Scanning (ms):  0.0]
      [Object Copy (ms):  35.4]
      [Termination (ms):  0.0]
         [Termination Attempts:  1]
      [GC Worker Other (ms):  0.0]
      [GC Worker Total (ms):  48.5]
      [GC Worker End (ms):  51021055.0]
   [Code Root Fixup: 0.0 ms]
   [Code Root Purge: 0.0 ms]
   [Clear CT: 0.1 ms]
   [Other: 1.6 ms]
      [Choose CSet: 0.0 ms]
      [Ref Proc: 0.1 ms]
      [Ref Enq: 0.0 ms]
      [Redirty Cards: 0.1 ms]
      [Humongous Register: 0.0 ms]
      [Humongous Reclaim: 0.0 ms]
      [Free CSet: 0.0 ms]
   [Eden: 21.0M(21.0M)->0.0B(21.0M) Survivors: 4096.0K->4096.0K Heap: 195.5M(512.0M)->175.4M(512.0M)]
 [Times: user=0.05 sys=0.00, real=0.05 secs] 
2019-04-03T07:44:11.241+0900: 51127.559: [GC pause (G1 Evacuation Pause) (young), 0.0532834 secs]
   [Parallel Time: 52.5 ms, GC Workers: 1]
      [GC Worker Start (ms):  51127559.6]
      [Ext Root Scanning (ms):  2.4]
      [Update RS (ms):  4.8]
         [Processed Buffers:  38]
      [Scan RS (ms):  7.2]
      [Code Root Scanning (ms):  0.0]
      [Object Copy (ms):  37.9]
      [Termination (ms):  0.0]
         [Termination Attempts:  1]
      [GC Worker Other (ms):  0.0]
      [GC Worker Total (ms):  52.4]
      [GC Worker End (ms):  51127612.0]
   [Code Root Fixup: 0.0 ms]
   [Code Root Purge: 0.0 ms]
   [Clear CT: 0.1 ms]
   [Other: 0.7 ms]
      [Choose CSet: 0.0 ms]
      [Ref Proc: 0.2 ms]
      [Ref Enq: 0.0 ms]
      [Redirty Cards: 0.1 ms]
      [Humongous Register: 0.1 ms]
      [Humongous Reclaim: 0.0 ms]
      [Free CSet: 0.0 ms]
   [Eden: 21.0M(21.0M)->0.0B(21.0M) Survivors: 4096.0K->4096.0K Heap: 196.4M(512.0M)->176.5M(512.0M)]
 [Times: user=0.05 sys=0.00, real=0.05 secs] 
2019-04-03T07:46:02.056+0900: 51238.375: [GC pause (G1 Evacuation Pause) (young), 0.2845580 secs]
   [Parallel Time: 283.8 ms, GC Workers: 1]
      [GC Worker Start (ms):  51238375.0]
      [Ext Root Scanning (ms):  2.3]
      [Update RS (ms):  4.5]
         [Processed Buffers:  37]
      [Scan RS (ms):  6.4]
      [Code Root Scanning (ms):  0.0]
      [Object Copy (ms):  270.4]
      [Termination (ms):  0.0]
         [Termination Attempts:  1]
      [GC Worker Other (ms):  0.0]
      [GC Worker Total (ms):  283.7]
      [GC Worker End (ms):  51238658.7]
   [Code Root Fixup: 0.0 ms]
   [Code Root Purge: 0.0 ms]
   [Clear CT: 0.1 ms]
   [Other: 0.7 ms]
      [Choose CSet: 0.0 ms]
      [Ref Proc: 0.1 ms]
      [Ref Enq: 0.0 ms]
      [Redirty Cards: 0.1 ms]
      [Humongous Register: 0.0 ms]
      [Humongous Reclaim: 0.0 ms]
      [Free CSet: 0.0 ms]
   [Eden: 21.0M(21.0M)->0.0B(21.0M) Survivors: 4096.0K->4096.0K Heap: 197.5M(512.0M)->177.5M(512.0M)]
 [Times: user=0.06 sys=0.00, real=0.28 secs] 
2019-04-03T07:47:48.561+0900: 51344.879: [GC pause (G1 Evacuation Pause) (young), 0.0414100 secs]
   [Parallel Time: 40.7 ms, GC Workers: 1]
      [GC Worker Start (ms):  51344879.4]
      [Ext Root Scanning (ms):  2.6]
      [Update RS (ms):  5.0]
         [Processed Buffers:  40]
      [Scan RS (ms):  6.4]
      [Code Root Scanning (ms):  0.0]
      [Object Copy (ms):  26.6]
      [Termination (ms):  0.0]
         [Termination Attempts:  1]
      [GC Worker Other (ms):  0.0]
      [GC Worker Total (ms):  40.6]
      [GC Worker End (ms):  51344920.0]
   [Code Root Fixup: 0.1 ms]
   [Code Root Purge: 0.0 ms]
   [Clear CT: 0.1 ms]
   [Other: 0.6 ms]
      [Choose CSet: 0.0 ms]
      [Ref Proc: 0.2 ms]
      [Ref Enq: 0.0 ms]
      [Redirty Cards: 0.1 ms]
      [Humongous Register: 0.0 ms]
      [Humongous Reclaim: 0.0 ms]
      [Free CSet: 0.0 ms]
   [Eden: 21.0M(21.0M)->0.0B(22.0M) Survivors: 4096.0K->3072.0K Heap: 198.5M(512.0M)->177.0M(512.0M)]
 [Times: user=0.04 sys=0.00, real=0.04 secs] 
2019-04-03T07:49:42.879+0900: 51459.197: [GC pause (G1 Evacuation Pause) (young), 0.0424429 secs]
   [Parallel Time: 41.6 ms, GC Workers: 1]
      [GC Worker Start (ms):  51459197.7]
      [Ext Root Scanning (ms):  2.5]
      [Update RS (ms):  4.8]
         [Processed Buffers:  37]
      [Scan RS (ms):  6.6]
      [Code Root Scanning (ms):  0.0]
      [Object Copy (ms):  27.6]
      [Termination (ms):  0.0]
         [Termination Attempts:  1]
      [GC Worker Other (ms):  0.0]
      [GC Worker Total (ms):  41.5]
      [GC Worker End (ms):  51459239.2]
   [Code Root Fixup: 0.0 ms]
   [Code Root Purge: 0.0 ms]
   [Clear CT: 0.1 ms]
   [Other: 0.8 ms]
      [Choose CSet: 0.0 ms]
      [Ref Proc: 0.2 ms]
      [Ref Enq: 0.0 ms]
      [Redirty Cards: 0.1 ms]
      [Humongous Register: 0.0 ms]
      [Humongous Reclaim: 0.0 ms]
      [Free CSet: 0.0 ms]
   [Eden: 22.0M(22.0M)->0.0B(21.0M) Survivors: 3072.0K->4096.0K Heap: 199.0M(512.0M)->178.0M(512.0M)]
 [Times: user=0.04 sys=0.00, real=0.04 secs] 
2019-04-03T07:51:32.954+0900: 51569.273: [GC pause (G1 Evacuation Pause) (young), 0.0561970 secs]
   [Parallel Time: 55.5 ms, GC Workers: 1]
      [GC Worker Start (ms):  51569273.2]
      [Ext Root Scanning (ms):  3.2]
      [Update RS (ms):  5.7]
         [Processed Buffers:  38]
      [Scan RS (ms):  7.3]
      [Code Root Scanning (ms):  0.0]
      [Object Copy (ms):  39.1]
      [Termination (ms):  0.0]
         [Termination Attempts:  1]
      [GC Worker Other (ms):  0.0]
      [GC Worker Total (ms):  55.4]
      [GC Worker End (ms):  51569328.6]
   [Code Root Fixup: 0.0 ms]
   [Code Root Purge: 0.0 ms]
   [Clear CT: 0.1 ms]
   [Other: 0.6 ms]
      [Choose CSet: 0.0 ms]
      [Ref Proc: 0.1 ms]
      [Ref Enq: 0.0 ms]
      [Redirty Cards: 0.1 ms]
      [Humongous Register: 0.0 ms]
      [Humongous Reclaim: 0.0 ms]
      [Free CSet: 0.1 ms]
   [Eden: 21.0M(21.0M)->0.0B(21.0M) Survivors: 4096.0K->4096.0K Heap: 199.0M(512.0M)->179.1M(512.0M)]
 [Times: user=0.05 sys=0.00, real=0.06 secs] 
2019-04-03T07:53:19.967+0900: 51676.285: [GC pause (G1 Evacuation Pause) (young), 0.0538933 secs]
   [Parallel Time: 53.2 ms, GC Workers: 1]
      [GC Worker Start (ms):  51676285.5]
      [Ext Root Scanning (ms):  2.4]
      [Update RS (ms):  4.5]
         [Processed Buffers:  39]
      [Scan RS (ms):  8.2]
      [Code Root Scanning (ms):  0.0]
      [Object Copy (ms):  38.0]
      [Termination (ms):  0.0]
         [Termination Attempts:  1]
      [GC Worker Other (ms):  0.0]
      [GC Worker Total (ms):  53.2]
      [GC Worker End (ms):  51676338.6]
   [Code Root Fixup: 0.0 ms]
   [Code Root Purge: 0.0 ms]
   [Clear CT: 0.1 ms]
   [Other: 0.6 ms]
      [Choose CSet: 0.0 ms]
      [Ref Proc: 0.2 ms]
      [Ref Enq: 0.0 ms]
      [Redirty Cards: 0.1 ms]
      [Humongous Register: 0.0 ms]
      [Humongous Reclaim: 0.0 ms]
      [Free CSet: 0.0 ms]
   [Eden: 21.0M(21.0M)->0.0B(21.0M) Survivors: 4096.0K->4096.0K Heap: 200.1M(512.0M)->180.5M(512.0M)]
 [Times: user=0.06 sys=0.00, real=0.05 secs] 
2019-04-03T07:55:07.005+0900: 51783.323: [GC pause (G1 Evacuation Pause) (young), 0.0421777 secs]
   [Parallel Time: 41.4 ms, GC Workers: 1]
      [GC Worker Start (ms):  51783323.6]
      [Ext Root Scanning (ms):  2.5]
      [Update RS (ms):  5.7]
         [Processed Buffers:  37]
      [Scan RS (ms):  7.5]
      [Code Root Scanning (ms):  0.0]
      [Object Copy (ms):  25.7]
      [Termination (ms):  0.0]
         [Termination Attempts:  1]
      [GC Worker Other (ms):  0.0]
      [GC Worker Total (ms):  41.3]
      [GC Worker End (ms):  51783365.0]
   [Code Root Fixup: 0.0 ms]
   [Code Root Purge: 0.0 ms]
   [Clear CT: 0.1 ms]
   [Other: 0.7 ms]
      [Choose CSet: 0.0 ms]
      [Ref Proc: 0.3 ms]
      [Ref Enq: 0.0 ms]
      [Redirty Cards: 0.1 ms]
      [Humongous Register: 0.0 ms]
      [Humongous Reclaim: 0.0 ms]
      [Free CSet: 0.0 ms]
   [Eden: 21.0M(21.0M)->0.0B(22.0M) Survivors: 4096.0K->3072.0K Heap: 201.5M(512.0M)->180.0M(512.0M)]
 [Times: user=0.04 sys=0.00, real=0.05 secs] 
2019-04-03T07:57:03.090+0900: 51899.409: [GC pause (G1 Evacuation Pause) (young), 0.0428734 secs]
   [Parallel Time: 42.1 ms, GC Workers: 1]
      [GC Worker Start (ms):  51899409.2]
      [Ext Root Scanning (ms):  2.5]
      [Update RS (ms):  4.8]
         [Processed Buffers:  36]
      [Scan RS (ms):  7.4]
      [Code Root Scanning (ms):  0.0]
      [Object Copy (ms):  27.4]
      [Termination (ms):  0.0]
         [Termination Attempts:  1]
      [GC Worker Other (ms):  0.0]
      [GC Worker Total (ms):  42.0]
      [GC Worker End (ms):  51899451.2]
   [Code Root Fixup: 0.0 ms]
   [Code Root Purge: 0.0 ms]
   [Clear CT: 0.1 ms]
   [Other: 0.7 ms]
      [Choose CSet: 0.0 ms]
      [Ref Proc: 0.2 ms]
      [Ref Enq: 0.0 ms]
      [Redirty Cards: 0.1 ms]
      [Humongous Register: 0.0 ms]
      [Humongous Reclaim: 0.0 ms]
      [Free CSet: 0.0 ms]
   [Eden: 22.0M(22.0M)->0.0B(21.0M) Survivors: 3072.0K->4096.0K Heap: 202.0M(512.0M)->181.0M(512.0M)]
 [Times: user=0.05 sys=0.00, real=0.04 secs] 
2019-04-03T07:58:51.062+0900: 52007.381: [GC pause (G1 Evacuation Pause) (young), 0.0502657 secs]
   [Parallel Time: 49.5 ms, GC Workers: 1]
      [GC Worker Start (ms):  52007380.7]
      [Ext Root Scanning (ms):  3.4]
      [Update RS (ms):  5.8]
         [Processed Buffers:  34]
      [Scan RS (ms):  6.7]
      [Code Root Scanning (ms):  0.0]
      [Object Copy (ms):  33.5]
      [Termination (ms):  0.0]
         [Termination Attempts:  1]
      [GC Worker Other (ms):  0.0]
      [GC Worker Total (ms):  49.5]
      [GC Worker End (ms):  52007430.2]
   [Code Root Fixup: 0.0 ms]
   [Code Root Purge: 0.0 ms]
   [Clear CT: 0.0 ms]
   [Other: 0.7 ms]
      [Choose CSet: 0.0 ms]
      [Ref Proc: 0.1 ms]
      [Ref Enq: 0.0 ms]
      [Redirty Cards: 0.1 ms]
      [Humongous Register: 0.0 ms]
      [Humongous Reclaim: 0.0 ms]
      [Free CSet: 0.0 ms]
   [Eden: 21.0M(21.0M)->0.0B(21.0M) Survivors: 4096.0K->4096.0K Heap: 202.0M(512.0M)->182.1M(512.0M)]
 [Times: user=0.05 sys=0.00, real=0.05 secs] 
2019-04-03T08:00:38.144+0900: 52114.463: [GC pause (G1 Evacuation Pause) (young) (initial-mark), 0.0518113 secs]
   [Parallel Time: 51.2 ms, GC Workers: 1]
      [GC Worker Start (ms):  52114463.0]
      [Ext Root Scanning (ms):  3.4]
      [Update RS (ms):  4.6]
         [Processed Buffers:  37]
      [Scan RS (ms):  7.3]
      [Code Root Scanning (ms):  0.0]
      [Object Copy (ms):  35.6]
      [Termination (ms):  0.0]
         [Termination Attempts:  1]
      [GC Worker Other (ms):  0.0]
      [GC Worker Total (ms):  51.0]
      [GC Worker End (ms):  52114514.0]
   [Code Root Fixup: 0.0 ms]
   [Code Root Purge: 0.0 ms]
   [Clear CT: 0.1 ms]
   [Other: 0.6 ms]
      [Choose CSet: 0.0 ms]
      [Ref Proc: 0.1 ms]
      [Ref Enq: 0.0 ms]
      [Redirty Cards: 0.1 ms]
      [Humongous Register: 0.0 ms]
      [Humongous Reclaim: 0.0 ms]
      [Free CSet: 0.0 ms]
   [Eden: 21.0M(21.0M)->0.0B(21.0M) Survivors: 4096.0K->4096.0K Heap: 203.1M(512.0M)->183.5M(512.0M)]
 [Times: user=0.05 sys=0.00, real=0.06 secs] 
2019-04-03T08:00:38.196+0900: 52114.515: [GC concurrent-root-region-scan-start]
2019-04-03T08:00:38.224+0900: 52114.542: [GC concurrent-root-region-scan-end, 0.0272041 secs]
2019-04-03T08:00:38.224+0900: 52114.542: [GC concurrent-mark-start]
2019-04-03T08:00:38.310+0900: 52114.629: [GC concurrent-mark-end, 0.0866888 secs]
2019-04-03T08:00:38.311+0900: 52114.629: [GC remark 2019-04-03T08:00:38.311+0900: 52114.629: [Finalize Marking, 0.0003538 secs] 2019-04-03T08:00:38.311+0900: 52114.630: [GC ref-proc, 0.0009279 secs] 2019-04-03T08:00:38.312+0900: 52114.631: [Unloading, 0.0319886 secs], 0.0366048 secs]
 [Times: user=0.03 sys=0.00, real=0.04 secs] 
2019-04-03T08:00:38.348+0900: 52114.667: [GC cleanup 183M->182M(512M), 0.0020881 secs]
 [Times: user=0.01 sys=0.00, real=0.00 secs] 
2019-04-03T08:00:38.350+0900: 52114.669: [GC concurrent-cleanup-start]
2019-04-03T08:00:38.350+0900: 52114.669: [GC concurrent-cleanup-end, 0.0000311 secs]
2019-04-03T08:02:28.696+0900: 52225.015: [GC pause (G1 Evacuation Pause) (young), 0.0512442 secs]
   [Parallel Time: 50.5 ms, GC Workers: 1]
      [GC Worker Start (ms):  52225015.0]
      [Ext Root Scanning (ms):  2.6]
      [Update RS (ms):  4.2]
         [Processed Buffers:  38]
      [Scan RS (ms):  7.8]
      [Code Root Scanning (ms):  0.0]
      [Object Copy (ms):  35.7]
      [Termination (ms):  0.0]
         [Termination Attempts:  1]
      [GC Worker Other (ms):  0.1]
      [GC Worker Total (ms):  50.4]
      [GC Worker End (ms):  52225065.4]
   [Code Root Fixup: 0.0 ms]
   [Code Root Purge: 0.0 ms]
   [Clear CT: 0.1 ms]
   [Other: 0.7 ms]
      [Choose CSet: 0.0 ms]
      [Ref Proc: 0.1 ms]
      [Ref Enq: 0.0 ms]
      [Redirty Cards: 0.1 ms]
      [Humongous Register: 0.0 ms]
      [Humongous Reclaim: 0.0 ms]
      [Free CSet: 0.2 ms]
   [Eden: 21.0M(21.0M)->0.0B(21.0M) Survivors: 4096.0K->4096.0K Heap: 203.5M(512.0M)->184.3M(512.0M)]
 [Times: user=0.05 sys=0.00, real=0.05 secs] 
2019-04-03T08:04:14.890+0900: 52331.208: [GC pause (G1 Evacuation Pause) (mixed), 0.0564786 secs]
   [Parallel Time: 55.7 ms, GC Workers: 1]
      [GC Worker Start (ms):  52331208.5]
      [Ext Root Scanning (ms):  2.7]
      [Update RS (ms):  5.3]
         [Processed Buffers:  34]
      [Scan RS (ms):  8.3]
      [Code Root Scanning (ms):  0.0]
      [Object Copy (ms):  39.3]
      [Termination (ms):  0.0]
         [Termination Attempts:  1]
      [GC Worker Other (ms):  0.0]
      [GC Worker Total (ms):  55.6]
      [GC Worker End (ms):  52331264.1]
   [Code Root Fixup: 0.0 ms]
   [Code Root Purge: 0.0 ms]
   [Clear CT: 0.1 ms]
   [Other: 0.7 ms]
      [Choose CSet: 0.0 ms]
      [Ref Proc: 0.2 ms]
      [Ref Enq: 0.0 ms]
      [Redirty Cards: 0.1 ms]
      [Humongous Register: 0.0 ms]
      [Humongous Reclaim: 0.0 ms]
      [Free CSet: 0.1 ms]
   [Eden: 21.0M(21.0M)->0.0B(22.0M) Survivors: 4096.0K->3072.0K Heap: 205.3M(512.0M)->178.0M(512.0M)]
 [Times: user=0.04 sys=0.00, real=0.06 secs] 
2019-04-03T08:06:07.973+0900: 52444.291: [GC pause (G1 Evacuation Pause) (mixed), 0.0461065 secs]
   [Parallel Time: 45.4 ms, GC Workers: 1]
      [GC Worker Start (ms):  52444291.3]
      [Ext Root Scanning (ms):  2.6]
      [Update RS (ms):  6.0]
         [Processed Buffers:  35]
      [Scan RS (ms):  7.7]
      [Code Root Scanning (ms):  0.2]
      [Object Copy (ms):  28.7]
      [Termination (ms):  0.0]
         [Termination Attempts:  1]
      [GC Worker Other (ms):  0.0]
      [GC Worker Total (ms):  45.2]
      [GC Worker End (ms):  52444336.4]
   [Code Root Fixup: 0.0 ms]
   [Code Root Purge: 0.0 ms]
   [Clear CT: 0.1 ms]
   [Other: 0.6 ms]
      [Choose CSet: 0.0 ms]
      [Ref Proc: 0.2 ms]
      [Ref Enq: 0.0 ms]
      [Redirty Cards: 0.1 ms]
      [Humongous Register: 0.0 ms]
      [Humongous Reclaim: 0.0 ms]
      [Free CSet: 0.1 ms]
   [Eden: 22.0M(22.0M)->0.0B(21.0M) Survivors: 3072.0K->4096.0K Heap: 200.0M(512.0M)->173.5M(512.0M)]
 [Times: user=0.05 sys=0.00, real=0.05 secs] 
2019-04-03T08:07:57.975+0900: 52554.293: [GC pause (G1 Evacuation Pause) (mixed), 0.0537017 secs]
   [Parallel Time: 52.9 ms, GC Workers: 1]
      [GC Worker Start (ms):  52554293.3]
      [Ext Root Scanning (ms):  2.7]
      [Update RS (ms):  6.1]
         [Processed Buffers:  35]
      [Scan RS (ms):  7.7]
      [Code Root Scanning (ms):  0.0]
      [Object Copy (ms):  36.3]
      [Termination (ms):  0.0]
         [Termination Attempts:  1]
      [GC Worker Other (ms):  0.0]
      [GC Worker Total (ms):  52.8]
      [GC Worker End (ms):  52554346.1]
   [Code Root Fixup: 0.0 ms]
   [Code Root Purge: 0.0 ms]
   [Clear CT: 0.2 ms]
   [Other: 0.6 ms]
      [Choose CSet: 0.0 ms]
      [Ref Proc: 0.1 ms]
      [Ref Enq: 0.0 ms]
      [Redirty Cards: 0.1 ms]
      [Humongous Register: 0.0 ms]
      [Humongous Reclaim: 0.0 ms]
      [Free CSet: 0.1 ms]
   [Eden: 21.0M(21.0M)->0.0B(21.0M) Survivors: 4096.0K->4096.0K Heap: 194.5M(512.0M)->170.5M(512.0M)]
 [Times: user=0.05 sys=0.00, real=0.06 secs] 
2019-04-03T08:09:45.320+0900: 52661.638: [GC pause (G1 Evacuation Pause) (young), 0.0513185 secs]
   [Parallel Time: 50.6 ms, GC Workers: 1]
      [GC Worker Start (ms):  52661638.7]
      [Ext Root Scanning (ms):  2.5]
      [Update RS (ms):  4.7]
         [Processed Buffers:  35]
      [Scan RS (ms):  8.2]
      [Code Root Scanning (ms):  0.0]
      [Object Copy (ms):  35.0]
      [Termination (ms):  0.0]
         [Termination Attempts:  1]
      [GC Worker Other (ms):  0.0]
      [GC Worker Total (ms):  50.4]
      [GC Worker End (ms):  52661689.1]
   [Code Root Fixup: 0.0 ms]
   [Code Root Purge: 0.0 ms]
   [Clear CT: 0.1 ms]
   [Other: 0.6 ms]
      [Choose CSet: 0.0 ms]
      [Ref Proc: 0.1 ms]
      [Ref Enq: 0.0 ms]
      [Redirty Cards: 0.1 ms]
      [Humongous Register: 0.0 ms]
      [Humongous Reclaim: 0.0 ms]
      [Free CSet: 0.0 ms]
   [Eden: 21.0M(21.0M)->0.0B(21.0M) Survivors: 4096.0K->4096.0K Heap: 191.5M(512.0M)->171.5M(512.0M)]
 [Times: user=0.05 sys=0.00, real=0.05 secs] 
2019-04-03T08:11:35.168+0900: 52771.486: [GC pause (G1 Evacuation Pause) (young), 0.0438376 secs]
   [Parallel Time: 42.9 ms, GC Workers: 1]
      [GC Worker Start (ms):  52771486.5]
      [Ext Root Scanning (ms):  2.6]
      [Update RS (ms):  6.3]
         [Processed Buffers:  36]
      [Scan RS (ms):  9.0]
      [Code Root Scanning (ms):  0.0]
      [Object Copy (ms):  24.5]
      [Termination (ms):  0.0]
         [Termination Attempts:  1]
      [GC Worker Other (ms):  0.0]
      [GC Worker Total (ms):  42.4]
      [GC Worker End (ms):  52771528.9]
   [Code Root Fixup: 0.0 ms]
   [Code Root Purge: 0.0 ms]
   [Clear CT: 0.0 ms]
   [Other: 0.9 ms]
      [Choose CSet: 0.0 ms]
      [Ref Proc: 0.1 ms]
      [Ref Enq: 0.0 ms]
      [Redirty Cards: 0.3 ms]
      [Humongous Register: 0.0 ms]
      [Humongous Reclaim: 0.0 ms]
      [Free CSet: 0.0 ms]
   [Eden: 21.0M(21.0M)->0.0B(23.0M) Survivors: 4096.0K->2048.0K Heap: 192.5M(512.0M)->170.5M(512.0M)]
 [Times: user=0.04 sys=0.00, real=0.04 secs] 
2019-04-03T08:13:35.131+0900: 52891.450: [GC pause (G1 Evacuation Pause) (young), 0.0491167 secs]
   [Parallel Time: 48.4 ms, GC Workers: 1]
      [GC Worker Start (ms):  52891450.0]
      [Ext Root Scanning (ms):  2.6]
      [Update RS (ms):  12.2]
         [Processed Buffers:  49]
      [Scan RS (ms):  4.9]
      [Code Root Scanning (ms):  0.0]
      [Object Copy (ms):  28.1]
      [Termination (ms):  0.0]
         [Termination Attempts:  1]
      [GC Worker Other (ms):  0.1]
      [GC Worker Total (ms):  47.8]
      [GC Worker End (ms):  52891497.8]
   [Code Root Fixup: 0.0 ms]
   [Code Root Purge: 0.0 ms]
   [Clear CT: 0.1 ms]
   [Other: 0.7 ms]
      [Choose CSet: 0.0 ms]
      [Ref Proc: 0.2 ms]
      [Ref Enq: 0.0 ms]
      [Redirty Cards: 0.1 ms]
      [Humongous Register: 0.0 ms]
      [Humongous Reclaim: 0.0 ms]
      [Free CSet: 0.0 ms]
   [Eden: 23.0M(23.0M)->0.0B(22.0M) Survivors: 2048.0K->3072.0K Heap: 193.5M(512.0M)->171.5M(512.0M)]
 [Times: user=0.04 sys=0.00, real=0.05 secs] 
2019-04-03T08:15:28.985+0900: 53005.304: [GC pause (G1 Evacuation Pause) (young), 0.0533280 secs]
   [Parallel Time: 52.6 ms, GC Workers: 1]
      [GC Worker Start (ms):  53005304.2]
      [Ext Root Scanning (ms):  3.2]
      [Update RS (ms):  6.9]
         [Processed Buffers:  39]
      [Scan RS (ms):  6.8]
      [Code Root Scanning (ms):  0.0]
      [Object Copy (ms):  35.6]
      [Termination (ms):  0.0]
         [Termination Attempts:  1]
      [GC Worker Other (ms):  0.0]
      [GC Worker Total (ms):  52.5]
      [GC Worker End (ms):  53005356.7]
   [Code Root Fixup: 0.0 ms]
   [Code Root Purge: 0.0 ms]
   [Clear CT: 0.1 ms]
   [Other: 0.7 ms]
      [Choose CSet: 0.0 ms]
      [Ref Proc: 0.2 ms]
      [Ref Enq: 0.0 ms]
      [Redirty Cards: 0.1 ms]
      [Humongous Register: 0.0 ms]
      [Humongous Reclaim: 0.0 ms]
      [Free CSet: 0.0 ms]
   [Eden: 22.0M(22.0M)->0.0B(21.0M) Survivors: 3072.0K->4096.0K Heap: 193.5M(512.0M)->173.0M(512.0M)]
 [Times: user=0.05 sys=0.00, real=0.05 secs] 
2019-04-03T08:17:16.735+0900: 53113.054: [GC pause (G1 Evacuation Pause) (young), 0.0512882 secs]
   [Parallel Time: 50.6 ms, GC Workers: 1]
      [GC Worker Start (ms):  53113054.1]
      [Ext Root Scanning (ms):  2.5]
      [Update RS (ms):  4.8]
         [Processed Buffers:  36]
      [Scan RS (ms):  9.1]
      [Code Root Scanning (ms):  0.0]
      [Object Copy (ms):  34.2]
      [Termination (ms):  0.0]
         [Termination Attempts:  1]
      [GC Worker Other (ms):  0.0]
      [GC Worker Total (ms):  50.5]
      [GC Worker End (ms):  53113104.7]
   [Code Root Fixup: 0.0 ms]
   [Code Root Purge: 0.0 ms]
   [Clear CT: 0.1 ms]
   [Other: 0.6 ms]
      [Choose CSet: 0.0 ms]
      [Ref Proc: 0.1 ms]
      [Ref Enq: 0.0 ms]
      [Redirty Cards: 0.1 ms]
      [Humongous Register: 0.0 ms]
      [Humongous Reclaim: 0.0 ms]
      [Free CSet: 0.0 ms]
   [Eden: 21.0M(21.0M)->0.0B(22.0M) Survivors: 4096.0K->3072.0K Heap: 194.0M(512.0M)->174.5M(512.0M)]
 [Times: user=0.05 sys=0.00, real=0.05 secs] 
2019-04-03T08:19:09.955+0900: 53226.274: [GC pause (G1 Evacuation Pause) (young), 0.0502092 secs]
   [Parallel Time: 49.5 ms, GC Workers: 1]
      [GC Worker Start (ms):  53226274.0]
      [Ext Root Scanning (ms):  2.4]
      [Update RS (ms):  5.0]
         [Processed Buffers:  35]
      [Scan RS (ms):  6.4]
      [Code Root Scanning (ms):  0.0]
      [Object Copy (ms):  35.4]
      [Termination (ms):  0.0]
         [Termination Attempts:  1]
      [GC Worker Other (ms):  0.0]
      [GC Worker Total (ms):  49.3]
      [GC Worker End (ms):  53226323.4]
   [Code Root Fixup: 0.0 ms]
   [Code Root Purge: 0.0 ms]
   [Clear CT: 0.0 ms]
   [Other: 0.6 ms]
      [Choose CSet: 0.0 ms]
      [Ref Proc: 0.2 ms]
      [Ref Enq: 0.0 ms]
      [Redirty Cards: 0.1 ms]
      [Humongous Register: 0.0 ms]
      [Humongous Reclaim: 0.0 ms]
      [Free CSet: 0.0 ms]
   [Eden: 22.0M(22.0M)->0.0B(21.0M) Survivors: 3072.0K->4096.0K Heap: 196.5M(512.0M)->175.5M(512.0M)]
 [Times: user=0.05 sys=0.00, real=0.06 secs] 
2019-04-03T08:20:59.805+0900: 53336.123: [GC pause (G1 Evacuation Pause) (young), 0.0391694 secs]
   [Parallel Time: 37.5 ms, GC Workers: 1]
      [GC Worker Start (ms):  53336123.6]
      [Ext Root Scanning (ms):  2.5]
      [Update RS (ms):  5.3]
         [Processed Buffers:  38]
      [Scan RS (ms):  6.6]
      [Code Root Scanning (ms):  0.0]
      [Object Copy (ms):  23.0]
      [Termination (ms):  0.0]
         [Termination Attempts:  1]
      [GC Worker Other (ms):  0.0]
      [GC Worker Total (ms):  37.4]
      [GC Worker End (ms):  53336161.0]
   [Code Root Fixup: 0.0 ms]
   [Code Root Purge: 0.0 ms]
   [Clear CT: 0.1 ms]
   [Other: 1.6 ms]
      [Choose CSet: 0.0 ms]
      [Ref Proc: 1.2 ms]
      [Ref Enq: 0.0 ms]
      [Redirty Cards: 0.1 ms]
      [Humongous Register: 0.0 ms]
      [Humongous Reclaim: 0.0 ms]
      [Free CSet: 0.0 ms]
   [Eden: 21.0M(21.0M)->0.0B(22.0M) Survivors: 4096.0K->3072.0K Heap: 196.5M(512.0M)->175.2M(512.0M)]
 [Times: user=0.04 sys=0.00, real=0.04 secs] 
2019-04-03T08:22:53.189+0900: 53449.507: [GC pause (G1 Evacuation Pause) (young), 0.0473988 secs]
   [Parallel Time: 46.7 ms, GC Workers: 1]
      [GC Worker Start (ms):  53449507.7]
      [Ext Root Scanning (ms):  2.5]
      [Update RS (ms):  5.1]
         [Processed Buffers:  38]
      [Scan RS (ms):  8.1]
      [Code Root Scanning (ms):  0.0]
      [Object Copy (ms):  30.8]
      [Termination (ms):  0.0]
         [Termination Attempts:  1]
      [GC Worker Other (ms):  0.0]
      [GC Worker Total (ms):  46.5]
      [GC Worker End (ms):  53449554.2]
   [Code Root Fixup: 0.0 ms]
   [Code Root Purge: 0.0 ms]
   [Clear CT: 0.1 ms]
   [Other: 0.7 ms]
      [Choose CSet: 0.0 ms]
      [Ref Proc: 0.2 ms]
      [Ref Enq: 0.0 ms]
      [Redirty Cards: 0.1 ms]
      [Humongous Register: 0.0 ms]
      [Humongous Reclaim: 0.0 ms]
      [Free CSet: 0.0 ms]
   [Eden: 22.0M(22.0M)->0.0B(21.0M) Survivors: 3072.0K->4096.0K Heap: 197.2M(512.0M)->176.2M(512.0M)]
 [Times: user=0.05 sys=0.00, real=0.05 secs] 
2019-04-03T08:24:42.775+0900: 53559.094: [GC pause (G1 Evacuation Pause) (young), 0.0539291 secs]
   [Parallel Time: 53.3 ms, GC Workers: 1]
      [GC Worker Start (ms):  53559093.7]
      [Ext Root Scanning (ms):  2.6]
      [Update RS (ms):  7.0]
         [Processed Buffers:  35]
      [Scan RS (ms):  6.6]
      [Code Root Scanning (ms):  0.0]
      [Object Copy (ms):  36.9]
      [Termination (ms):  0.0]
         [Termination Attempts:  1]
      [GC Worker Other (ms):  0.0]
      [GC Worker Total (ms):  53.2]
      [GC Worker End (ms):  53559146.9]
   [Code Root Fixup: 0.0 ms]
   [Code Root Purge: 0.0 ms]
   [Clear CT: 0.1 ms]
   [Other: 0.6 ms]
      [Choose CSet: 0.0 ms]
      [Ref Proc: 0.2 ms]
      [Ref Enq: 0.0 ms]
      [Redirty Cards: 0.1 ms]
      [Humongous Register: 0.0 ms]
      [Humongous Reclaim: 0.0 ms]
      [Free CSet: 0.0 ms]
   [Eden: 21.0M(21.0M)->0.0B(21.0M) Survivors: 4096.0K->4096.0K Heap: 197.2M(512.0M)->177.2M(512.0M)]
 [Times: user=0.06 sys=0.00, real=0.06 secs] 
2019-04-03T08:26:32.068+0900: 53668.387: [GC pause (G1 Evacuation Pause) (young), 0.0533542 secs]
   [Parallel Time: 52.5 ms, GC Workers: 1]
      [GC Worker Start (ms):  53668387.2]
      [Ext Root Scanning (ms):  2.4]
      [Update RS (ms):  5.9]
         [Processed Buffers:  37]
      [Scan RS (ms):  7.0]
      [Code Root Scanning (ms):  0.0]
      [Object Copy (ms):  37.1]
      [Termination (ms):  0.0]
         [Termination Attempts:  1]
      [GC Worker Other (ms):  0.0]
      [GC Worker Total (ms):  52.4]
      [GC Worker End (ms):  53668439.6]
   [Code Root Fixup: 0.0 ms]
   [Code Root Purge: 0.0 ms]
   [Clear CT: 0.1 ms]
   [Other: 0.8 ms]
      [Choose CSet: 0.0 ms]
      [Ref Proc: 0.2 ms]
      [Ref Enq: 0.0 ms]
      [Redirty Cards: 0.1 ms]
      [Humongous Register: 0.0 ms]
      [Humongous Reclaim: 0.0 ms]
      [Free CSet: 0.0 ms]
   [Eden: 21.0M(21.0M)->0.0B(21.0M) Survivors: 4096.0K->4096.0K Heap: 198.2M(512.0M)->178.5M(512.0M)]
 [Times: user=0.06 sys=0.00, real=0.05 secs] 
2019-04-03T08:28:19.201+0900: 53775.519: [GC pause (G1 Evacuation Pause) (young), 0.0430106 secs]
   [Parallel Time: 42.3 ms, GC Workers: 1]
      [GC Worker Start (ms):  53775519.6]
      [Ext Root Scanning (ms):  2.6]
      [Update RS (ms):  4.8]
         [Processed Buffers:  37]
      [Scan RS (ms):  7.0]
      [Code Root Scanning (ms):  0.0]
      [Object Copy (ms):  27.8]
      [Termination (ms):  0.0]
         [Termination Attempts:  1]
      [GC Worker Other (ms):  0.0]
      [GC Worker Total (ms):  42.2]
      [GC Worker End (ms):  53775561.9]
   [Code Root Fixup: 0.0 ms]
   [Code Root Purge: 0.0 ms]
   [Clear CT: 0.1 ms]
   [Other: 0.7 ms]
      [Choose CSet: 0.0 ms]
      [Ref Proc: 0.2 ms]
      [Ref Enq: 0.0 ms]
      [Redirty Cards: 0.1 ms]
      [Humongous Register: 0.0 ms]
      [Humongous Reclaim: 0.0 ms]
      [Free CSet: 0.0 ms]
   [Eden: 21.0M(21.0M)->0.0B(23.0M) Survivors: 4096.0K->2048.0K Heap: 199.5M(512.0M)->177.5M(512.0M)]
 [Times: user=0.04 sys=0.00, real=0.04 secs] 
2019-04-03T08:30:18.002+0900: 53894.320: [GC pause (G1 Evacuation Pause) (young), 0.0529304 secs]
   [Parallel Time: 52.3 ms, GC Workers: 1]
      [GC Worker Start (ms):  53894320.7]
      [Ext Root Scanning (ms):  2.5]
      [Update RS (ms):  5.9]
         [Processed Buffers:  40]
      [Scan RS (ms):  18.6]
      [Code Root Scanning (ms):  0.0]
      [Object Copy (ms):  25.1]
      [Termination (ms):  0.0]
         [Termination Attempts:  1]
      [GC Worker Other (ms):  0.0]
      [GC Worker Total (ms):  52.1]
      [GC Worker End (ms):  53894372.8]
   [Code Root Fixup: 0.0 ms]
   [Code Root Purge: 0.0 ms]
   [Clear CT: 0.1 ms]
   [Other: 0.6 ms]
      [Choose CSet: 0.0 ms]
      [Ref Proc: 0.2 ms]
      [Ref Enq: 0.0 ms]
      [Redirty Cards: 0.1 ms]
      [Humongous Register: 0.0 ms]
      [Humongous Reclaim: 0.0 ms]
      [Free CSet: 0.0 ms]
   [Eden: 23.0M(23.0M)->0.0B(22.0M) Survivors: 2048.0K->3072.0K Heap: 200.5M(512.0M)->178.5M(512.0M)]
 [Times: user=0.04 sys=0.00, real=0.05 secs] 
2019-04-03T08:32:09.865+0900: 54006.184: [GC pause (G1 Evacuation Pause) (young), 0.0516397 secs]
   [Parallel Time: 51.0 ms, GC Workers: 1]
      [GC Worker Start (ms):  54006184.0]
      [Ext Root Scanning (ms):  2.5]
      [Update RS (ms):  5.4]
         [Processed Buffers:  37]
      [Scan RS (ms):  6.2]
      [Code Root Scanning (ms):  0.0]
      [Object Copy (ms):  36.5]
      [Termination (ms):  0.0]
         [Termination Attempts:  1]
      [GC Worker Other (ms):  0.0]
      [GC Worker Total (ms):  50.6]
      [GC Worker End (ms):  54006234.7]
   [Code Root Fixup: 0.0 ms]
   [Code Root Purge: 0.0 ms]
   [Clear CT: 0.1 ms]
   [Other: 0.6 ms]
      [Choose CSet: 0.0 ms]
      [Ref Proc: 0.2 ms]
      [Ref Enq: 0.0 ms]
      [Redirty Cards: 0.1 ms]
      [Humongous Register: 0.0 ms]
      [Humongous Reclaim: 0.0 ms]
      [Free CSet: 0.0 ms]
   [Eden: 22.0M(22.0M)->0.0B(21.0M) Survivors: 3072.0K->4096.0K Heap: 200.5M(512.0M)->180.0M(512.0M)]
 [Times: user=0.05 sys=0.00, real=0.06 secs] 
2019-04-03T08:33:36.297+0900: 54092.615: [GC pause (G1 Evacuation Pause) (young), 0.0898768 secs]
   [Parallel Time: 89.2 ms, GC Workers: 1]
      [GC Worker Start (ms):  54092615.6]
      [Ext Root Scanning (ms):  2.5]
      [Update RS (ms):  5.7]
         [Processed Buffers:  46]
      [Scan RS (ms):  17.5]
      [Code Root Scanning (ms):  0.0]
      [Object Copy (ms):  63.3]
      [Termination (ms):  0.0]
         [Termination Attempts:  1]
      [GC Worker Other (ms):  0.0]
      [GC Worker Total (ms):  89.0]
      [GC Worker End (ms):  54092704.6]
   [Code Root Fixup: 0.0 ms]
   [Code Root Purge: 0.0 ms]
   [Clear CT: 0.1 ms]
   [Other: 0.6 ms]
      [Choose CSet: 0.0 ms]
      [Ref Proc: 0.1 ms]
      [Ref Enq: 0.0 ms]
      [Redirty Cards: 0.1 ms]
      [Humongous Register: 0.0 ms]
      [Humongous Reclaim: 0.0 ms]
      [Free CSet: 0.1 ms]
   [Eden: 21.0M(21.0M)->0.0B(21.0M) Survivors: 4096.0K->4096.0K Heap: 201.0M(512.0M)->184.0M(512.0M)]
 [Times: user=0.09 sys=0.00, real=0.09 secs] 
2019-04-03T08:35:27.114+0900: 54203.432: [GC pause (G1 Evacuation Pause) (young) (initial-mark), 0.0813454 secs]
   [Parallel Time: 80.6 ms, GC Workers: 1]
      [GC Worker Start (ms):  54203432.7]
      [Ext Root Scanning (ms):  3.4]
      [Update RS (ms):  4.9]
         [Processed Buffers:  44]
      [Scan RS (ms):  9.7]
      [Code Root Scanning (ms):  0.0]
      [Object Copy (ms):  62.5]
      [Termination (ms):  0.0]
         [Termination Attempts:  1]
      [GC Worker Other (ms):  0.0]
      [GC Worker Total (ms):  80.5]
      [GC Worker End (ms):  54203513.2]
   [Code Root Fixup: 0.0 ms]
   [Code Root Purge: 0.0 ms]
   [Clear CT: 0.1 ms]
   [Other: 0.7 ms]
      [Choose CSet: 0.0 ms]
      [Ref Proc: 0.1 ms]
      [Ref Enq: 0.0 ms]
      [Redirty Cards: 0.1 ms]
      [Humongous Register: 0.0 ms]
      [Humongous Reclaim: 0.0 ms]
      [Free CSet: 0.0 ms]
   [Eden: 21.0M(21.0M)->0.0B(23.0M) Survivors: 4096.0K->2048.0K Heap: 205.0M(512.0M)->186.0M(512.0M)]
 [Times: user=0.07 sys=0.00, real=0.08 secs] 
2019-04-03T08:35:27.196+0900: 54203.514: [GC concurrent-root-region-scan-start]
2019-04-03T08:35:27.216+0900: 54203.535: [GC concurrent-root-region-scan-end, 0.0209406 secs]
2019-04-03T08:35:27.216+0900: 54203.535: [GC concurrent-mark-start]
2019-04-03T08:35:27.345+0900: 54203.664: [GC concurrent-mark-end, 0.1285433 secs]
2019-04-03T08:35:27.345+0900: 54203.664: [GC remark 2019-04-03T08:35:27.346+0900: 54203.664: [Finalize Marking, 0.0005344 secs] 2019-04-03T08:35:27.346+0900: 54203.665: [GC ref-proc, 0.0009604 secs] 2019-04-03T08:35:27.347+0900: 54203.666: [Unloading, 0.0376801 secs], 0.0447786 secs]
 [Times: user=0.04 sys=0.00, real=0.04 secs] 
2019-04-03T08:35:27.391+0900: 54203.709: [GC cleanup 186M->185M(512M), 0.0031675 secs]
 [Times: user=0.01 sys=0.00, real=0.00 secs] 
2019-04-03T08:35:27.394+0900: 54203.713: [GC concurrent-cleanup-start]
2019-04-03T08:35:27.394+0900: 54203.713: [GC concurrent-cleanup-end, 0.0000324 secs]
2019-04-03T08:37:24.975+0900: 54321.294: [GC pause (G1 Evacuation Pause) (young), 0.0249858 secs]
   [Parallel Time: 24.2 ms, GC Workers: 1]
      [GC Worker Start (ms):  54321294.3]
      [Ext Root Scanning (ms):  2.4]
      [Update RS (ms):  5.2]
         [Processed Buffers:  44]
      [Scan RS (ms):  3.3]
      [Code Root Scanning (ms):  0.0]
      [Object Copy (ms):  13.2]
      [Termination (ms):  0.0]
         [Termination Attempts:  1]
      [GC Worker Other (ms):  0.0]
      [GC Worker Total (ms):  24.1]
      [GC Worker End (ms):  54321318.4]
   [Code Root Fixup: 0.0 ms]
   [Code Root Purge: 0.0 ms]
   [Clear CT: 0.1 ms]
   [Other: 0.7 ms]
      [Choose CSet: 0.0 ms]
      [Ref Proc: 0.3 ms]
      [Ref Enq: 0.0 ms]
      [Redirty Cards: 0.0 ms]
      [Humongous Register: 0.0 ms]
      [Humongous Reclaim: 0.0 ms]
      [Free CSet: 0.0 ms]
   [Eden: 23.0M(23.0M)->0.0B(23.0M) Survivors: 2048.0K->2048.0K Heap: 208.0M(512.0M)->185.5M(512.0M)]
 [Times: user=0.02 sys=0.00, real=0.02 secs] 
2019-04-03T08:39:24.033+0900: 54440.351: [GC pause (G1 Evacuation Pause) (mixed), 0.0346492 secs]
   [Parallel Time: 33.9 ms, GC Workers: 1]
      [GC Worker Start (ms):  54440351.4]
      [Ext Root Scanning (ms):  2.7]
      [Update RS (ms):  2.5]
         [Processed Buffers:  37]
      [Scan RS (ms):  6.1]
      [Code Root Scanning (ms):  0.0]
      [Object Copy (ms):  22.4]
      [Termination (ms):  0.0]
         [Termination Attempts:  1]
      [GC Worker Other (ms):  0.0]
      [GC Worker Total (ms):  33.8]
      [GC Worker End (ms):  54440385.2]
   [Code Root Fixup: 0.0 ms]
   [Code Root Purge: 0.0 ms]
   [Clear CT: 0.1 ms]
   [Other: 0.7 ms]
      [Choose CSet: 0.0 ms]
      [Ref Proc: 0.1 ms]
      [Ref Enq: 0.0 ms]
      [Redirty Cards: 0.0 ms]
      [Humongous Register: 0.0 ms]
      [Humongous Reclaim: 0.0 ms]
      [Free CSet: 0.1 ms]
   [Eden: 23.0M(23.0M)->0.0B(22.0M) Survivors: 2048.0K->3072.0K Heap: 208.5M(512.0M)->180.5M(512.0M)]
 [Times: user=0.04 sys=0.00, real=0.04 secs] 
2019-04-03T08:41:16.754+0900: 54553.073: [GC pause (G1 Evacuation Pause) (mixed), 0.0472010 secs]
   [Parallel Time: 46.5 ms, GC Workers: 1]
      [GC Worker Start (ms):  54553073.1]
      [Ext Root Scanning (ms):  3.6]
      [Update RS (ms):  3.5]
         [Processed Buffers:  38]
      [Scan RS (ms):  7.3]
      [Code Root Scanning (ms):  0.0]
      [Object Copy (ms):  32.0]
      [Termination (ms):  0.0]
         [Termination Attempts:  1]
      [GC Worker Other (ms):  0.0]
      [GC Worker Total (ms):  46.4]
      [GC Worker End (ms):  54553119.5]
   [Code Root Fixup: 0.0 ms]
   [Code Root Purge: 0.0 ms]
   [Clear CT: 0.1 ms]
   [Other: 0.6 ms]
      [Choose CSet: 0.0 ms]
      [Ref Proc: 0.1 ms]
      [Ref Enq: 0.0 ms]
      [Redirty Cards: 0.1 ms]
      [Humongous Register: 0.0 ms]
      [Humongous Reclaim: 0.0 ms]
      [Free CSet: 0.1 ms]
   [Eden: 22.0M(22.0M)->0.0B(21.0M) Survivors: 3072.0K->4096.0K Heap: 202.5M(512.0M)->174.4M(512.0M)]
 [Times: user=0.05 sys=0.00, real=0.05 secs] 
2019-04-03T08:43:05.163+0900: 54661.482: [GC pause (G1 Evacuation Pause) (mixed), 0.0649450 secs]
   [Parallel Time: 63.9 ms, GC Workers: 1]
      [GC Worker Start (ms):  54661482.0]
      [Ext Root Scanning (ms):  2.6]
      [Update RS (ms):  5.8]
         [Processed Buffers:  35]
      [Scan RS (ms):  8.0]
      [Code Root Scanning (ms):  0.0]
      [Object Copy (ms):  46.6]
      [Termination (ms):  0.0]
         [Termination Attempts:  1]
      [GC Worker Other (ms):  0.0]
      [GC Worker Total (ms):  63.1]
      [GC Worker End (ms):  54661545.1]
   [Code Root Fixup: 0.0 ms]
   [Code Root Purge: 0.0 ms]
   [Clear CT: 0.1 ms]
   [Other: 0.9 ms]
      [Choose CSet: 0.0 ms]
      [Ref Proc: 0.4 ms]
      [Ref Enq: 0.0 ms]
      [Redirty Cards: 0.1 ms]
      [Humongous Register: 0.0 ms]
      [Humongous Reclaim: 0.0 ms]
      [Free CSet: 0.1 ms]
   [Eden: 21.0M(21.0M)->0.0B(22.0M) Survivors: 4096.0K->3072.0K Heap: 195.4M(512.0M)->170.9M(512.0M)]
 [Times: user=0.06 sys=0.00, real=0.07 secs] 
2019-04-03T08:45:00.134+0900: 54776.452: [GC pause (G1 Evacuation Pause) (young), 0.0362773 secs]
   [Parallel Time: 35.7 ms, GC Workers: 1]
      [GC Worker Start (ms):  54776452.4]
      [Ext Root Scanning (ms):  2.5]
      [Update RS (ms):  13.0]
         [Processed Buffers:  46]
      [Scan RS (ms):  2.9]
      [Code Root Scanning (ms):  0.0]
      [Object Copy (ms):  17.0]
      [Termination (ms):  0.0]
         [Termination Attempts:  1]
      [GC Worker Other (ms):  0.0]
      [GC Worker Total (ms):  35.4]
      [GC Worker End (ms):  54776487.8]
   [Code Root Fixup: 0.0 ms]
   [Code Root Purge: 0.0 ms]
   [Clear CT: 0.1 ms]
   [Other: 0.6 ms]
      [Choose CSet: 0.0 ms]
      [Ref Proc: 0.1 ms]
      [Ref Enq: 0.0 ms]
      [Redirty Cards: 0.1 ms]
      [Humongous Register: 0.0 ms]
      [Humongous Reclaim: 0.0 ms]
      [Free CSet: 0.0 ms]
   [Eden: 22.0M(22.0M)->0.0B(23.0M) Survivors: 3072.0K->2048.0K Heap: 192.9M(512.0M)->170.4M(512.0M)]
 [Times: user=0.03 sys=0.00, real=0.04 secs] 
2019-04-03T08:46:59.213+0900: 54895.532: [GC pause (G1 Evacuation Pause) (young), 0.0411395 secs]
   [Parallel Time: 40.2 ms, GC Workers: 1]
      [GC Worker Start (ms):  54895532.1]
      [Ext Root Scanning (ms):  2.6]
      [Update RS (ms):  4.9]
         [Processed Buffers:  36]
      [Scan RS (ms):  6.9]
      [Code Root Scanning (ms):  0.0]
      [Object Copy (ms):  25.0]
      [Termination (ms):  0.0]
         [Termination Attempts:  1]
      [GC Worker Other (ms):  0.0]
      [GC Worker Total (ms):  39.5]
      [GC Worker End (ms):  54895571.6]
   [Code Root Fixup: 0.0 ms]
   [Code Root Purge: 0.0 ms]
   [Clear CT: 0.1 ms]
   [Other: 0.9 ms]
      [Choose CSet: 0.0 ms]
      [Ref Proc: 0.5 ms]
      [Ref Enq: 0.0 ms]
      [Redirty Cards: 0.1 ms]
      [Humongous Register: 0.0 ms]
      [Humongous Reclaim: 0.0 ms]
      [Free CSet: 0.0 ms]
   [Eden: 23.0M(23.0M)->0.0B(22.0M) Survivors: 2048.0K->3072.0K Heap: 193.4M(512.0M)->171.4M(512.0M)]
 [Times: user=0.04 sys=0.00, real=0.04 secs] 
2019-04-03T08:48:51.454+0900: 55007.773: [GC pause (G1 Evacuation Pause) (young), 0.0728765 secs]
   [Parallel Time: 72.2 ms, GC Workers: 1]
      [GC Worker Start (ms):  55007773.0]
      [Ext Root Scanning (ms):  2.5]
      [Update RS (ms):  5.3]
         [Processed Buffers:  38]
      [Scan RS (ms):  19.6]
      [Code Root Scanning (ms):  0.0]
      [Object Copy (ms):  44.7]
      [Termination (ms):  0.0]
         [Termination Attempts:  1]
      [GC Worker Other (ms):  0.0]
      [GC Worker Total (ms):  72.1]
      [GC Worker End (ms):  55007845.1]
   [Code Root Fixup: 0.0 ms]
   [Code Root Purge: 0.0 ms]
   [Clear CT: 0.1 ms]
   [Other: 0.6 ms]
      [Choose CSet: 0.0 ms]
      [Ref Proc: 0.2 ms]
      [Ref Enq: 0.0 ms]
      [Redirty Cards: 0.1 ms]
      [Humongous Register: 0.0 ms]
      [Humongous Reclaim: 0.0 ms]
      [Free CSet: 0.0 ms]
   [Eden: 22.0M(22.0M)->0.0B(21.0M) Survivors: 3072.0K->4096.0K Heap: 193.4M(512.0M)->172.9M(512.0M)]
 [Times: user=0.06 sys=0.00, real=0.08 secs] 
2019-04-03T08:50:38.789+0900: 55115.107: [GC pause (G1 Evacuation Pause) (young), 0.0517890 secs]
   [Parallel Time: 51.2 ms, GC Workers: 1]
      [GC Worker Start (ms):  55115107.7]
      [Ext Root Scanning (ms):  2.5]
      [Update RS (ms):  5.2]
         [Processed Buffers:  35]
      [Scan RS (ms):  7.8]
      [Code Root Scanning (ms):  0.0]
      [Object Copy (ms):  35.3]
      [Termination (ms):  0.0]
         [Termination Attempts:  1]
      [GC Worker Other (ms):  0.0]
      [GC Worker Total (ms):  51.0]
      [GC Worker End (ms):  55115158.7]
   [Code Root Fixup: 0.0 ms]
   [Code Root Purge: 0.0 ms]
   [Clear CT: 0.0 ms]
   [Other: 0.6 ms]
      [Choose CSet: 0.0 ms]
      [Ref Proc: 0.1 ms]
      [Ref Enq: 0.0 ms]
      [Redirty Cards: 0.1 ms]
      [Humongous Register: 0.0 ms]
      [Humongous Reclaim: 0.0 ms]
      [Free CSet: 0.0 ms]
   [Eden: 21.0M(21.0M)->0.0B(22.0M) Survivors: 4096.0K->3072.0K Heap: 193.9M(512.0M)->174.0M(512.0M)]
 [Times: user=0.05 sys=0.00, real=0.05 secs] 
2019-04-03T08:52:35.096+0900: 55231.415: [GC pause (G1 Evacuation Pause) (young), 0.0495064 secs]
   [Parallel Time: 48.8 ms, GC Workers: 1]
      [GC Worker Start (ms):  55231415.3]
      [Ext Root Scanning (ms):  2.6]
      [Update RS (ms):  4.9]
         [Processed Buffers:  35]
      [Scan RS (ms):  5.8]
      [Code Root Scanning (ms):  0.0]
      [Object Copy (ms):  34.9]
      [Termination (ms):  0.0]
         [Termination Attempts:  1]
      [GC Worker Other (ms):  0.0]
      [GC Worker Total (ms):  48.3]
      [GC Worker End (ms):  55231463.6]
   [Code Root Fixup: 0.0 ms]
   [Code Root Purge: 0.0 ms]
   [Clear CT: 0.1 ms]
   [Other: 0.6 ms]
      [Choose CSet: 0.0 ms]
      [Ref Proc: 0.2 ms]
      [Ref Enq: 0.0 ms]
      [Redirty Cards: 0.1 ms]
      [Humongous Register: 0.0 ms]
      [Humongous Reclaim: 0.0 ms]
      [Free CSet: 0.1 ms]
   [Eden: 22.0M(22.0M)->0.0B(21.0M) Survivors: 3072.0K->4096.0K Heap: 196.0M(512.0M)->175.0M(512.0M)]
 [Times: user=0.05 sys=0.00, real=0.05 secs] 
2019-04-03T08:54:22.351+0900: 55338.670: [GC pause (G1 Evacuation Pause) (young), 0.0392538 secs]
   [Parallel Time: 38.6 ms, GC Workers: 1]
      [GC Worker Start (ms):  55338670.0]
      [Ext Root Scanning (ms):  2.5]
      [Update RS (ms):  4.0]
         [Processed Buffers:  36]
      [Scan RS (ms):  7.1]
      [Code Root Scanning (ms):  0.0]
      [Object Copy (ms):  24.7]
      [Termination (ms):  0.0]
         [Termination Attempts:  1]
      [GC Worker Other (ms):  0.0]
      [GC Worker Total (ms):  38.4]
      [GC Worker End (ms):  55338708.3]
   [Code Root Fixup: 0.0 ms]
   [Code Root Purge: 0.0 ms]
   [Clear CT: 0.1 ms]
   [Other: 0.6 ms]
      [Choose CSet: 0.0 ms]
      [Ref Proc: 0.1 ms]
      [Ref Enq: 0.0 ms]
      [Redirty Cards: 0.1 ms]
      [Humongous Register: 0.0 ms]
      [Humongous Reclaim: 0.0 ms]
      [Free CSet: 0.0 ms]
   [Eden: 21.0M(21.0M)->0.0B(22.0M) Survivors: 4096.0K->3072.0K Heap: 196.0M(512.0M)->174.8M(512.0M)]
 [Times: user=0.04 sys=0.00, real=0.04 secs] 
2019-04-03T08:56:15.225+0900: 55451.543: [GC pause (G1 Evacuation Pause) (young), 0.0446468 secs]
   [Parallel Time: 43.9 ms, GC Workers: 1]
      [GC Worker Start (ms):  55451543.3]
      [Ext Root Scanning (ms):  3.5]
      [Update RS (ms):  6.4]
         [Processed Buffers:  38]
      [Scan RS (ms):  7.3]
      [Code Root Scanning (ms):  0.0]
      [Object Copy (ms):  26.6]
      [Termination (ms):  0.0]
         [Termination Attempts:  1]
      [GC Worker Other (ms):  0.0]
      [GC Worker Total (ms):  43.8]
      [GC Worker End (ms):  55451587.1]
   [Code Root Fixup: 0.0 ms]
   [Code Root Purge: 0.0 ms]
   [Clear CT: 0.1 ms]
   [Other: 0.7 ms]
      [Choose CSet: 0.0 ms]
      [Ref Proc: 0.3 ms]
      [Ref Enq: 0.0 ms]
      [Redirty Cards: 0.1 ms]
      [Humongous Register: 0.0 ms]
      [Humongous Reclaim: 0.0 ms]
      [Free CSet: 0.0 ms]
   [Eden: 22.0M(22.0M)->0.0B(21.0M) Survivors: 3072.0K->4096.0K Heap: 196.8M(512.0M)->175.8M(512.0M)]
 [Times: user=0.04 sys=0.00, real=0.05 secs] 
2019-04-03T08:58:04.934+0900: 55561.252: [GC pause (G1 Evacuation Pause) (young), 0.0551322 secs]
   [Parallel Time: 54.4 ms, GC Workers: 1]
      [GC Worker Start (ms):  55561252.4]
      [Ext Root Scanning (ms):  2.6]
      [Update RS (ms):  9.6]
         [Processed Buffers:  39]
      [Scan RS (ms):  6.5]
      [Code Root Scanning (ms):  0.0]
      [Object Copy (ms):  35.6]
      [Termination (ms):  0.0]
         [Termination Attempts:  1]
      [GC Worker Other (ms):  0.0]
      [GC Worker Total (ms):  54.2]
      [GC Worker End (ms):  55561306.6]
   [Code Root Fixup: 0.0 ms]
   [Code Root Purge: 0.0 ms]
   [Clear CT: 0.1 ms]
   [Other: 0.7 ms]
      [Choose CSet: 0.0 ms]
      [Ref Proc: 0.2 ms]
      [Ref Enq: 0.0 ms]
      [Redirty Cards: 0.1 ms]
      [Humongous Register: 0.0 ms]
      [Humongous Reclaim: 0.0 ms]
      [Free CSet: 0.0 ms]
   [Eden: 21.0M(21.0M)->0.0B(21.0M) Survivors: 4096.0K->4096.0K Heap: 196.8M(512.0M)->176.8M(512.0M)]
 [Times: user=0.05 sys=0.00, real=0.06 secs] 
2019-04-03T08:59:51.594+0900: 55667.913: [GC pause (G1 Evacuation Pause) (young), 0.0514026 secs]
   [Parallel Time: 50.7 ms, GC Workers: 1]
      [GC Worker Start (ms):  55667912.7]
      [Ext Root Scanning (ms):  2.6]
      [Update RS (ms):  4.5]
         [Processed Buffers:  36]
      [Scan RS (ms):  7.1]
      [Code Root Scanning (ms):  0.0]
      [Object Copy (ms):  36.5]
      [Termination (ms):  0.0]
         [Termination Attempts:  1]
      [GC Worker Other (ms):  0.0]
      [GC Worker Total (ms):  50.6]
      [GC Worker End (ms):  55667963.4]
   [Code Root Fixup: 0.0 ms]
   [Code Root Purge: 0.0 ms]
   [Clear CT: 0.0 ms]
   [Other: 0.7 ms]
      [Choose CSet: 0.0 ms]
      [Ref Proc: 0.1 ms]
      [Ref Enq: 0.0 ms]
      [Redirty Cards: 0.2 ms]
      [Humongous Register: 0.0 ms]
      [Humongous Reclaim: 0.0 ms]
      [Free CSet: 0.0 ms]
   [Eden: 21.0M(21.0M)->0.0B(21.0M) Survivors: 4096.0K->4096.0K Heap: 197.8M(512.0M)->178.0M(512.0M)]
 [Times: user=0.05 sys=0.00, real=0.06 secs] 
2019-04-03T09:01:40.001+0900: 55776.320: [GC pause (G1 Evacuation Pause) (young), 0.0520161 secs]
   [Parallel Time: 51.4 ms, GC Workers: 1]
      [GC Worker Start (ms):  55776320.2]
      [Ext Root Scanning (ms):  2.7]
      [Update RS (ms):  4.5]
         [Processed Buffers:  34]
      [Scan RS (ms):  7.5]
      [Code Root Scanning (ms):  0.0]
      [Object Copy (ms):  36.6]
      [Termination (ms):  0.0]
         [Termination Attempts:  1]
      [GC Worker Other (ms):  0.0]
      [GC Worker Total (ms):  51.3]
      [GC Worker End (ms):  55776371.5]
   [Code Root Fixup: 0.0 ms]
   [Code Root Purge: 0.0 ms]
   [Clear CT: 0.1 ms]
   [Other: 0.6 ms]
      [Choose CSet: 0.0 ms]
      [Ref Proc: 0.1 ms]
      [Ref Enq: 0.0 ms]
      [Redirty Cards: 0.1 ms]
      [Humongous Register: 0.0 ms]
      [Humongous Reclaim: 0.0 ms]
      [Free CSet: 0.0 ms]
   [Eden: 21.0M(21.0M)->0.0B(21.0M) Survivors: 4096.0K->4096.0K Heap: 199.0M(512.0M)->179.0M(512.0M)]
 [Times: user=0.06 sys=0.00, real=0.05 secs] 
2019-04-03T09:03:30.043+0900: 55886.362: [GC pause (G1 Evacuation Pause) (young), 0.0415550 secs]
   [Parallel Time: 40.8 ms, GC Workers: 1]
      [GC Worker Start (ms):  55886362.2]
      [Ext Root Scanning (ms):  2.6]
      [Update RS (ms):  5.8]
         [Processed Buffers:  38]
      [Scan RS (ms):  8.0]
      [Code Root Scanning (ms):  0.0]
      [Object Copy (ms):  24.3]
      [Termination (ms):  0.0]
         [Termination Attempts:  1]
      [GC Worker Other (ms):  0.0]
      [GC Worker Total (ms):  40.7]
      [GC Worker End (ms):  55886403.0]
   [Code Root Fixup: 0.0 ms]
   [Code Root Purge: 0.0 ms]
   [Clear CT: 0.1 ms]
   [Other: 0.7 ms]
      [Choose CSet: 0.0 ms]
      [Ref Proc: 0.1 ms]
      [Ref Enq: 0.0 ms]
      [Redirty Cards: 0.1 ms]
      [Humongous Register: 0.0 ms]
      [Humongous Reclaim: 0.0 ms]
      [Free CSet: 0.1 ms]
   [Eden: 21.0M(21.0M)->0.0B(22.0M) Survivors: 4096.0K->3072.0K Heap: 200.0M(512.0M)->178.5M(512.0M)]
 [Times: user=0.04 sys=0.00, real=0.05 secs] 
2019-04-03T09:05:22.973+0900: 55999.292: [GC pause (G1 Evacuation Pause) (young), 0.0471482 secs]
   [Parallel Time: 46.5 ms, GC Workers: 1]
      [GC Worker Start (ms):  55999291.8]
      [Ext Root Scanning (ms):  2.5]
      [Update RS (ms):  5.0]
         [Processed Buffers:  37]
      [Scan RS (ms):  7.5]
      [Code Root Scanning (ms):  0.0]
      [Object Copy (ms):  31.4]
      [Termination (ms):  0.0]
         [Termination Attempts:  1]
      [GC Worker Other (ms):  0.0]
      [GC Worker Total (ms):  46.4]
      [GC Worker End (ms):  55999338.2]
   [Code Root Fixup: 0.0 ms]
   [Code Root Purge: 0.0 ms]
   [Clear CT: 0.1 ms]
   [Other: 0.5 ms]
      [Choose CSet: 0.0 ms]
      [Ref Proc: 0.1 ms]
      [Ref Enq: 0.0 ms]
      [Redirty Cards: 0.1 ms]
      [Humongous Register: 0.0 ms]
      [Humongous Reclaim: 0.0 ms]
      [Free CSet: 0.0 ms]
   [Eden: 22.0M(22.0M)->0.0B(21.0M) Survivors: 3072.0K->4096.0K Heap: 200.5M(512.0M)->179.5M(512.0M)]
 [Times: user=0.05 sys=0.00, real=0.05 secs] 
2019-04-03T09:07:10.075+0900: 56106.394: [GC pause (G1 Evacuation Pause) (young), 0.0537759 secs]
   [Parallel Time: 53.1 ms, GC Workers: 1]
      [GC Worker Start (ms):  56106393.7]
      [Ext Root Scanning (ms):  2.5]
      [Update RS (ms):  4.8]
         [Processed Buffers:  36]
      [Scan RS (ms):  6.4]
      [Code Root Scanning (ms):  0.0]
      [Object Copy (ms):  39.3]
      [Termination (ms):  0.0]
         [Termination Attempts:  1]
      [GC Worker Other (ms):  0.0]
      [GC Worker Total (ms):  53.1]
      [GC Worker End (ms):  56106446.8]
   [Code Root Fixup: 0.0 ms]
   [Code Root Purge: 0.0 ms]
   [Clear CT: 0.1 ms]
   [Other: 0.6 ms]
      [Choose CSet: 0.0 ms]
      [Ref Proc: 0.1 ms]
      [Ref Enq: 0.0 ms]
      [Redirty Cards: 0.1 ms]
      [Humongous Register: 0.0 ms]
      [Humongous Reclaim: 0.0 ms]
      [Free CSet: 0.0 ms]
   [Eden: 21.0M(21.0M)->0.0B(21.0M) Survivors: 4096.0K->4096.0K Heap: 200.5M(512.0M)->180.5M(512.0M)]
 [Times: user=0.06 sys=0.00, real=0.06 secs] 
2019-04-03T09:09:00.396+0900: 56216.715: [GC pause (G1 Evacuation Pause) (young), 0.0536073 secs]
   [Parallel Time: 52.9 ms, GC Workers: 1]
      [GC Worker Start (ms):  56216715.0]
      [Ext Root Scanning (ms):  2.6]
      [Update RS (ms):  4.7]
         [Processed Buffers:  38]
      [Scan RS (ms):  8.7]
      [Code Root Scanning (ms):  0.0]
      [Object Copy (ms):  36.7]
      [Termination (ms):  0.0]
         [Termination Attempts:  1]
      [GC Worker Other (ms):  0.0]
      [GC Worker Total (ms):  52.8]
      [GC Worker End (ms):  56216767.7]
   [Code Root Fixup: 0.0 ms]
   [Code Root Purge: 0.0 ms]
   [Clear CT: 0.1 ms]
   [Other: 0.6 ms]
      [Choose CSet: 0.0 ms]
      [Ref Proc: 0.1 ms]
      [Ref Enq: 0.0 ms]
      [Redirty Cards: 0.1 ms]
      [Humongous Register: 0.0 ms]
      [Humongous Reclaim: 0.0 ms]
      [Free CSet: 0.0 ms]
   [Eden: 21.0M(21.0M)->0.0B(21.0M) Survivors: 4096.0K->4096.0K Heap: 201.5M(512.0M)->181.5M(512.0M)]
 [Times: user=0.05 sys=0.00, real=0.05 secs] 
2019-04-03T09:10:47.641+0900: 56323.959: [GC pause (G1 Evacuation Pause) (young), 0.0389266 secs]
   [Parallel Time: 37.9 ms, GC Workers: 1]
      [GC Worker Start (ms):  56323959.5]
      [Ext Root Scanning (ms):  3.6]
      [Update RS (ms):  4.7]
         [Processed Buffers:  36]
      [Scan RS (ms):  7.1]
      [Code Root Scanning (ms):  0.0]
      [Object Copy (ms):  22.2]
      [Termination (ms):  0.0]
         [Termination Attempts:  1]
      [GC Worker Other (ms):  0.0]
      [GC Worker Total (ms):  37.7]
      [GC Worker End (ms):  56323997.2]
   [Code Root Fixup: 0.0 ms]
   [Code Root Purge: 0.0 ms]
   [Clear CT: 0.1 ms]
   [Other: 1.0 ms]
      [Choose CSet: 0.0 ms]
      [Ref Proc: 0.3 ms]
      [Ref Enq: 0.0 ms]
      [Redirty Cards: 0.2 ms]
      [Humongous Register: 0.0 ms]
      [Humongous Reclaim: 0.0 ms]
      [Free CSet: 0.3 ms]
   [Eden: 21.0M(21.0M)->0.0B(22.0M) Survivors: 4096.0K->3072.0K Heap: 202.5M(512.0M)->181.0M(512.0M)]
 [Times: user=0.04 sys=0.00, real=0.04 secs] 
2019-04-03T09:12:42.973+0900: 56439.291: [GC pause (G1 Evacuation Pause) (young) (initial-mark), 0.0423081 secs]
   [Parallel Time: 41.7 ms, GC Workers: 1]
      [GC Worker Start (ms):  56439291.4]
      [Ext Root Scanning (ms):  3.4]
      [Update RS (ms):  5.9]
         [Processed Buffers:  38]
      [Scan RS (ms):  7.8]
      [Code Root Scanning (ms):  0.0]
      [Object Copy (ms):  24.4]
      [Termination (ms):  0.0]
         [Termination Attempts:  1]
      [GC Worker Other (ms):  0.0]
      [GC Worker Total (ms):  41.6]
      [GC Worker End (ms):  56439333.0]
   [Code Root Fixup: 0.0 ms]
   [Code Root Purge: 0.0 ms]
   [Clear CT: 0.1 ms]
   [Other: 0.6 ms]
      [Choose CSet: 0.0 ms]
      [Ref Proc: 0.1 ms]
      [Ref Enq: 0.0 ms]
      [Redirty Cards: 0.1 ms]
      [Humongous Register: 0.0 ms]
      [Humongous Reclaim: 0.0 ms]
      [Free CSet: 0.0 ms]
   [Eden: 22.0M(22.0M)->0.0B(21.0M) Survivors: 3072.0K->4096.0K Heap: 203.0M(512.0M)->182.0M(512.0M)]
 [Times: user=0.04 sys=0.00, real=0.05 secs] 
2019-04-03T09:12:43.015+0900: 56439.334: [GC concurrent-root-region-scan-start]
2019-04-03T09:12:43.035+0900: 56439.353: [GC concurrent-root-region-scan-end, 0.0194383 secs]
2019-04-03T09:12:43.035+0900: 56439.353: [GC concurrent-mark-start]
2019-04-03T09:12:43.105+0900: 56439.423: [GC concurrent-mark-end, 0.0699633 secs]
2019-04-03T09:12:43.105+0900: 56439.424: [GC remark 2019-04-03T09:12:43.105+0900: 56439.424: [Finalize Marking, 0.0003545 secs] 2019-04-03T09:12:43.106+0900: 56439.424: [GC ref-proc, 0.0008896 secs] 2019-04-03T09:12:43.107+0900: 56439.425: [Unloading, 0.0328322 secs], 0.0373808 secs]
 [Times: user=0.04 sys=0.00, real=0.03 secs] 
2019-04-03T09:12:43.144+0900: 56439.462: [GC cleanup 182M->181M(512M), 0.0022357 secs]
 [Times: user=0.00 sys=0.00, real=0.01 secs] 
2019-04-03T09:12:43.150+0900: 56439.469: [GC concurrent-cleanup-start]
2019-04-03T09:12:43.150+0900: 56439.469: [GC concurrent-cleanup-end, 0.0000329 secs]
2019-04-03T09:14:32.260+0900: 56548.578: [GC pause (G1 Evacuation Pause) (young), 0.0522444 secs]
   [Parallel Time: 51.4 ms, GC Workers: 1]
      [GC Worker Start (ms):  56548578.6]
      [Ext Root Scanning (ms):  2.6]
      [Update RS (ms):  4.5]
         [Processed Buffers:  39]
      [Scan RS (ms):  8.8]
      [Code Root Scanning (ms):  0.0]
      [Object Copy (ms):  35.4]
      [Termination (ms):  0.0]
         [Termination Attempts:  1]
      [GC Worker Other (ms):  0.0]
      [GC Worker Total (ms):  51.4]
      [GC Worker End (ms):  56548629.9]
   [Code Root Fixup: 0.0 ms]
   [Code Root Purge: 0.0 ms]
   [Clear CT: 0.1 ms]
   [Other: 0.8 ms]
      [Choose CSet: 0.0 ms]
      [Ref Proc: 0.2 ms]
      [Ref Enq: 0.0 ms]
      [Redirty Cards: 0.1 ms]
      [Humongous Register: 0.0 ms]
      [Humongous Reclaim: 0.0 ms]
      [Free CSet: 0.0 ms]
   [Eden: 21.0M(21.0M)->0.0B(21.0M) Survivors: 4096.0K->4096.0K Heap: 202.0M(512.0M)->181.9M(512.0M)]
 [Times: user=0.05 sys=0.00, real=0.05 secs] 
2019-04-03T09:16:19.326+0900: 56655.645: [GC pause (G1 Evacuation Pause) (mixed), 0.0516236 secs]
   [Parallel Time: 50.9 ms, GC Workers: 1]
      [GC Worker Start (ms):  56655645.0]
      [Ext Root Scanning (ms):  2.7]
      [Update RS (ms):  4.6]
         [Processed Buffers:  36]
      [Scan RS (ms):  9.0]
      [Code Root Scanning (ms):  0.0]
      [Object Copy (ms):  34.5]
      [Termination (ms):  0.0]
         [Termination Attempts:  1]
      [GC Worker Other (ms):  0.0]
      [GC Worker Total (ms):  50.8]
      [GC Worker End (ms):  56655695.8]
   [Code Root Fixup: 0.0 ms]
   [Code Root Purge: 0.0 ms]
   [Clear CT: 0.1 ms]
   [Other: 0.7 ms]
      [Choose CSet: 0.0 ms]
      [Ref Proc: 0.2 ms]
      [Ref Enq: 0.0 ms]
      [Redirty Cards: 0.1 ms]
      [Humongous Register: 0.0 ms]
      [Humongous Reclaim: 0.0 ms]
      [Free CSet: 0.1 ms]
   [Eden: 21.0M(21.0M)->0.0B(21.0M) Survivors: 4096.0K->4096.0K Heap: 202.9M(512.0M)->177.0M(512.0M)]
 [Times: user=0.05 sys=0.00, real=0.05 secs] 
2019-04-03T09:18:06.734+0900: 56763.053: [GC pause (G1 Evacuation Pause) (mixed), 0.0572541 secs]
   [Parallel Time: 56.5 ms, GC Workers: 1]
      [GC Worker Start (ms):  56763053.2]
      [Ext Root Scanning (ms):  2.5]
      [Update RS (ms):  5.0]
         [Processed Buffers:  37]
      [Scan RS (ms):  8.5]
      [Code Root Scanning (ms):  0.0]
      [Object Copy (ms):  40.3]
      [Termination (ms):  0.0]
         [Termination Attempts:  1]
      [GC Worker Other (ms):  0.0]
      [GC Worker Total (ms):  56.4]
      [GC Worker End (ms):  56763109.6]
   [Code Root Fixup: 0.0 ms]
   [Code Root Purge: 0.0 ms]
   [Clear CT: 0.1 ms]
   [Other: 0.7 ms]
      [Choose CSet: 0.0 ms]
      [Ref Proc: 0.1 ms]
      [Ref Enq: 0.0 ms]
      [Redirty Cards: 0.1 ms]
      [Humongous Register: 0.0 ms]
      [Humongous Reclaim: 0.0 ms]
      [Free CSet: 0.1 ms]
   [Eden: 21.0M(21.0M)->0.0B(21.0M) Survivors: 4096.0K->4096.0K Heap: 198.0M(512.0M)->172.0M(512.0M)]
 [Times: user=0.05 sys=0.00, real=0.06 secs] 
2019-04-03T09:19:55.869+0900: 56872.188: [GC pause (G1 Evacuation Pause) (mixed), 0.0429297 secs]
   [Parallel Time: 42.2 ms, GC Workers: 1]
      [GC Worker Start (ms):  56872188.1]
      [Ext Root Scanning (ms):  2.7]
      [Update RS (ms):  5.5]
         [Processed Buffers:  36]
      [Scan RS (ms):  9.8]
      [Code Root Scanning (ms):  0.0]
      [Object Copy (ms):  24.1]
      [Termination (ms):  0.0]
         [Termination Attempts:  1]
      [GC Worker Other (ms):  0.0]
      [GC Worker Total (ms):  42.1]
      [GC Worker End (ms):  56872230.2]
   [Code Root Fixup: 0.0 ms]
   [Code Root Purge: 0.0 ms]
   [Clear CT: 0.1 ms]
   [Other: 0.7 ms]
      [Choose CSet: 0.0 ms]
      [Ref Proc: 0.2 ms]
      [Ref Enq: 0.0 ms]
      [Redirty Cards: 0.1 ms]
      [Humongous Register: 0.0 ms]
      [Humongous Reclaim: 0.0 ms]
      [Free CSet: 0.1 ms]
   [Eden: 21.0M(21.0M)->0.0B(22.0M) Survivors: 4096.0K->3072.0K Heap: 193.0M(512.0M)->168.5M(512.0M)]
 [Times: user=0.05 sys=0.00, real=0.04 secs] 
2019-04-03T09:21:48.947+0900: 56985.266: [GC pause (G1 Evacuation Pause) (young), 0.0447050 secs]
   [Parallel Time: 43.9 ms, GC Workers: 1]
      [GC Worker Start (ms):  56985266.1]
      [Ext Root Scanning (ms):  2.6]
      [Update RS (ms):  5.3]
         [Processed Buffers:  36]
      [Scan RS (ms):  7.4]
      [Code Root Scanning (ms):  0.0]
      [Object Copy (ms):  28.5]
      [Termination (ms):  0.0]
         [Termination Attempts:  1]
      [GC Worker Other (ms):  0.0]
      [GC Worker Total (ms):  43.9]
      [GC Worker End (ms):  56985310.0]
   [Code Root Fixup: 0.0 ms]
   [Code Root Purge: 0.0 ms]
   [Clear CT: 0.1 ms]
   [Other: 0.7 ms]
      [Choose CSet: 0.0 ms]
      [Ref Proc: 0.3 ms]
      [Ref Enq: 0.0 ms]
      [Redirty Cards: 0.1 ms]
      [Humongous Register: 0.0 ms]
      [Humongous Reclaim: 0.0 ms]
      [Free CSet: 0.0 ms]
   [Eden: 22.0M(22.0M)->0.0B(21.0M) Survivors: 3072.0K->4096.0K Heap: 190.5M(512.0M)->169.5M(512.0M)]
 [Times: user=0.04 sys=0.00, real=0.04 secs] 
2019-04-03T09:23:37.245+0900: 57093.564: [GC pause (G1 Evacuation Pause) (young), 0.0506373 secs]
   [Parallel Time: 49.9 ms, GC Workers: 1]
      [GC Worker Start (ms):  57093564.2]
      [Ext Root Scanning (ms):  2.4]
      [Update RS (ms):  4.8]
         [Processed Buffers:  35]
      [Scan RS (ms):  6.8]
      [Code Root Scanning (ms):  0.0]
      [Object Copy (ms):  35.7]
      [Termination (ms):  0.0]
         [Termination Attempts:  1]
      [GC Worker Other (ms):  0.0]
      [GC Worker Total (ms):  49.9]
      [GC Worker End (ms):  57093614.1]
   [Code Root Fixup: 0.0 ms]
   [Code Root Purge: 0.0 ms]
   [Clear CT: 0.1 ms]
   [Other: 0.6 ms]
      [Choose CSet: 0.0 ms]
      [Ref Proc: 0.1 ms]
      [Ref Enq: 0.0 ms]
      [Redirty Cards: 0.1 ms]
      [Humongous Register: 0.0 ms]
      [Humongous Reclaim: 0.0 ms]
      [Free CSet: 0.0 ms]
   [Eden: 21.0M(21.0M)->0.0B(21.0M) Survivors: 4096.0K->4096.0K Heap: 190.5M(512.0M)->170.5M(512.0M)]
 [Times: user=0.05 sys=0.00, real=0.06 secs] 
2019-04-03T09:25:27.490+0900: 57203.809: [GC pause (G1 Evacuation Pause) (young), 0.0546773 secs]
   [Parallel Time: 54.1 ms, GC Workers: 1]
      [GC Worker Start (ms):  57203809.0]
      [Ext Root Scanning (ms):  2.6]
      [Update RS (ms):  4.9]
         [Processed Buffers:  36]
      [Scan RS (ms):  9.4]
      [Code Root Scanning (ms):  0.0]
      [Object Copy (ms):  37.0]
      [Termination (ms):  0.0]
         [Termination Attempts:  1]
      [GC Worker Other (ms):  0.0]
      [GC Worker Total (ms):  54.0]
      [GC Worker End (ms):  57203863.0]
   [Code Root Fixup: 0.0 ms]
   [Code Root Purge: 0.0 ms]
   [Clear CT: 0.1 ms]
   [Other: 0.5 ms]
      [Choose CSet: 0.0 ms]
      [Ref Proc: 0.1 ms]
      [Ref Enq: 0.0 ms]
      [Redirty Cards: 0.1 ms]
      [Humongous Register: 0.0 ms]
      [Humongous Reclaim: 0.0 ms]
      [Free CSet: 0.0 ms]
   [Eden: 21.0M(21.0M)->0.0B(21.0M) Survivors: 4096.0K->4096.0K Heap: 191.5M(512.0M)->171.5M(512.0M)]
 [Times: user=0.06 sys=0.00, real=0.05 secs] 
2019-04-03T09:27:14.530+0900: 57310.849: [GC pause (G1 Evacuation Pause) (young), 0.0394973 secs]
   [Parallel Time: 37.8 ms, GC Workers: 1]
      [GC Worker Start (ms):  57310849.2]
      [Ext Root Scanning (ms):  2.6]
      [Update RS (ms):  4.9]
         [Processed Buffers:  37]
      [Scan RS (ms):  7.7]
      [Code Root Scanning (ms):  0.0]
      [Object Copy (ms):  22.5]
      [Termination (ms):  0.0]
         [Termination Attempts:  1]
      [GC Worker Other (ms):  0.0]
      [GC Worker Total (ms):  37.7]
      [GC Worker End (ms):  57310886.9]
   [Code Root Fixup: 0.0 ms]
   [Code Root Purge: 0.0 ms]
   [Clear CT: 0.1 ms]
   [Other: 1.7 ms]
      [Choose CSet: 0.0 ms]
      [Ref Proc: 0.2 ms]
      [Ref Enq: 0.0 ms]
      [Redirty Cards: 0.1 ms]
      [Humongous Register: 0.0 ms]
      [Humongous Reclaim: 0.0 ms]
      [Free CSet: 0.0 ms]
   [Eden: 21.0M(21.0M)->0.0B(22.0M) Survivors: 4096.0K->3072.0K Heap: 192.5M(512.0M)->171.0M(512.0M)]
 [Times: user=0.04 sys=0.00, real=0.04 secs] 
2019-04-03T09:29:07.974+0900: 57424.292: [GC pause (G1 Evacuation Pause) (young), 0.0439102 secs]
   [Parallel Time: 43.0 ms, GC Workers: 1]
      [GC Worker Start (ms):  57424292.7]
      [Ext Root Scanning (ms):  2.4]
      [Update RS (ms):  5.2]
         [Processed Buffers:  34]
      [Scan RS (ms):  8.1]
      [Code Root Scanning (ms):  0.0]
      [Object Copy (ms):  27.1]
      [Termination (ms):  0.0]
         [Termination Attempts:  1]
      [GC Worker Other (ms):  0.0]
      [GC Worker Total (ms):  42.9]
      [GC Worker End (ms):  57424335.6]
   [Code Root Fixup: 0.0 ms]
   [Code Root Purge: 0.0 ms]
   [Clear CT: 0.1 ms]
   [Other: 0.8 ms]
      [Choose CSet: 0.0 ms]
      [Ref Proc: 0.3 ms]
      [Ref Enq: 0.0 ms]
      [Redirty Cards: 0.1 ms]
      [Humongous Register: 0.1 ms]
      [Humongous Reclaim: 0.0 ms]
      [Free CSet: 0.0 ms]
   [Eden: 22.0M(22.0M)->0.0B(22.0M) Survivors: 3072.0K->3072.0K Heap: 193.0M(512.0M)->171.5M(512.0M)]
 [Times: user=0.04 sys=0.00, real=0.05 secs] 
2019-04-03T09:31:04.134+0900: 57540.452: [GC pause (G1 Evacuation Pause) (young), 0.0523802 secs]
   [Parallel Time: 50.6 ms, GC Workers: 1]
      [GC Worker Start (ms):  57540452.5]
      [Ext Root Scanning (ms):  2.5]
      [Update RS (ms):  4.8]
         [Processed Buffers:  36]
      [Scan RS (ms):  6.7]
      [Code Root Scanning (ms):  0.0]
      [Object Copy (ms):  36.0]
      [Termination (ms):  0.0]
         [Termination Attempts:  1]
      [GC Worker Other (ms):  0.0]
      [GC Worker Total (ms):  50.1]
      [GC Worker End (ms):  57540502.6]
   [Code Root Fixup: 0.0 ms]
   [Code Root Purge: 0.0 ms]
   [Clear CT: 0.1 ms]
   [Other: 1.7 ms]
      [Choose CSet: 0.0 ms]
      [Ref Proc: 1.0 ms]
      [Ref Enq: 0.0 ms]
      [Redirty Cards: 0.1 ms]
      [Humongous Register: 0.0 ms]
      [Humongous Reclaim: 0.0 ms]
      [Free CSet: 0.1 ms]
   [Eden: 22.0M(22.0M)->0.0B(21.0M) Survivors: 3072.0K->4096.0K Heap: 193.5M(512.0M)->173.1M(512.0M)]
 [Times: user=0.05 sys=0.00, real=0.06 secs] 
2019-04-03T09:32:41.834+0900: 57638.153: [GC pause (G1 Evacuation Pause) (young), 0.0932660 secs]
   [Parallel Time: 92.6 ms, GC Workers: 1]
      [GC Worker Start (ms):  57638152.9]
      [Ext Root Scanning (ms):  2.5]
      [Update RS (ms):  23.7]
         [Processed Buffers:  37]
      [Scan RS (ms):  10.6]
      [Code Root Scanning (ms):  0.0]
      [Object Copy (ms):  55.5]
      [Termination (ms):  0.0]
         [Termination Attempts:  1]
      [GC Worker Other (ms):  0.0]
      [GC Worker Total (ms):  92.4]
      [GC Worker End (ms):  57638245.3]
   [Code Root Fixup: 0.0 ms]
   [Code Root Purge: 0.0 ms]
   [Clear CT: 0.1 ms]
   [Other: 0.6 ms]
      [Choose CSet: 0.0 ms]
      [Ref Proc: 0.1 ms]
      [Ref Enq: 0.0 ms]
      [Redirty Cards: 0.1 ms]
      [Humongous Register: 0.0 ms]
      [Humongous Reclaim: 0.0 ms]
      [Free CSet: 0.0 ms]
   [Eden: 21.0M(21.0M)->0.0B(21.0M) Survivors: 4096.0K->4096.0K Heap: 194.1M(512.0M)->175.5M(512.0M)]
 [Times: user=0.06 sys=0.00, real=0.10 secs] 
2019-04-03T09:34:17.979+0900: 57734.298: [GC pause (G1 Evacuation Pause) (young), 0.1366526 secs]
   [Parallel Time: 135.6 ms, GC Workers: 1]
      [GC Worker Start (ms):  57734298.3]
      [Ext Root Scanning (ms):  2.6]
      [Update RS (ms):  8.2]
         [Processed Buffers:  44]
      [Scan RS (ms):  15.2]
      [Code Root Scanning (ms):  0.0]
      [Object Copy (ms):  105.2]
      [Termination (ms):  0.0]
         [Termination Attempts:  1]
      [GC Worker Other (ms):  0.0]
      [GC Worker Total (ms):  131.3]
      [GC Worker End (ms):  57734429.6]
   [Code Root Fixup: 0.0 ms]
   [Code Root Purge: 0.0 ms]
   [Clear CT: 0.1 ms]
   [Other: 1.0 ms]
      [Choose CSet: 0.0 ms]
      [Ref Proc: 0.3 ms]
      [Ref Enq: 0.0 ms]
      [Redirty Cards: 0.2 ms]
      [Humongous Register: 0.0 ms]
      [Humongous Reclaim: 0.0 ms]
      [Free CSet: 0.1 ms]
   [Eden: 21.0M(21.0M)->0.0B(21.0M) Survivors: 4096.0K->4096.0K Heap: 196.5M(512.0M)->180.0M(512.0M)]
 [Times: user=0.10 sys=0.00, real=0.14 secs] 
2019-04-03T09:36:05.128+0900: 57841.447: [GC pause (G1 Evacuation Pause) (young), 0.0604412 secs]
   [Parallel Time: 59.7 ms, GC Workers: 1]
      [GC Worker Start (ms):  57841446.9]
      [Ext Root Scanning (ms):  3.6]
      [Update RS (ms):  6.5]
         [Processed Buffers:  46]
      [Scan RS (ms):  13.0]
      [Code Root Scanning (ms):  0.0]
      [Object Copy (ms):  36.0]
      [Termination (ms):  0.0]
         [Termination Attempts:  1]
      [GC Worker Other (ms):  0.0]
      [GC Worker Total (ms):  59.1]
      [GC Worker End (ms):  57841506.1]
   [Code Root Fixup: 0.0 ms]
   [Code Root Purge: 0.0 ms]
   [Clear CT: 0.1 ms]
   [Other: 0.7 ms]
      [Choose CSet: 0.0 ms]
      [Ref Proc: 0.2 ms]
      [Ref Enq: 0.0 ms]
      [Redirty Cards: 0.1 ms]
      [Humongous Register: 0.0 ms]
      [Humongous Reclaim: 0.0 ms]
      [Free CSet: 0.1 ms]
   [Eden: 21.0M(21.0M)->0.0B(23.0M) Survivors: 4096.0K->2048.0K Heap: 201.0M(512.0M)->181.0M(512.0M)]
 [Times: user=0.06 sys=0.00, real=0.06 secs] 
2019-04-03T09:38:05.119+0900: 57961.438: [GC pause (G1 Evacuation Pause) (young) (initial-mark), 0.0556021 secs]
   [Parallel Time: 54.9 ms, GC Workers: 1]
      [GC Worker Start (ms):  57961438.1]
      [Ext Root Scanning (ms):  3.3]
      [Update RS (ms):  31.7]
         [Processed Buffers:  71]
      [Scan RS (ms):  1.7]
      [Code Root Scanning (ms):  0.0]
      [Object Copy (ms):  17.7]
      [Termination (ms):  0.0]
         [Termination Attempts:  1]
      [GC Worker Other (ms):  0.0]
      [GC Worker Total (ms):  54.4]
      [GC Worker End (ms):  57961492.5]
   [Code Root Fixup: 0.0 ms]
   [Code Root Purge: 0.0 ms]
   [Clear CT: 0.0 ms]
   [Other: 0.7 ms]
      [Choose CSet: 0.0 ms]
      [Ref Proc: 0.2 ms]
      [Ref Enq: 0.0 ms]
      [Redirty Cards: 0.0 ms]
      [Humongous Register: 0.0 ms]
      [Humongous Reclaim: 0.0 ms]
      [Free CSet: 0.0 ms]
   [Eden: 23.0M(23.0M)->0.0B(22.0M) Survivors: 2048.0K->3072.0K Heap: 204.0M(512.0M)->182.0M(512.0M)]
 [Times: user=0.06 sys=0.00, real=0.05 secs] 
2019-04-03T09:38:05.175+0900: 57961.494: [GC concurrent-root-region-scan-start]
2019-04-03T09:38:05.203+0900: 57961.522: [GC concurrent-root-region-scan-end, 0.0279691 secs]
2019-04-03T09:38:05.203+0900: 57961.522: [GC concurrent-mark-start]
2019-04-03T09:38:05.312+0900: 57961.631: [GC concurrent-mark-end, 0.1090275 secs]
2019-04-03T09:38:05.313+0900: 57961.631: [GC remark 2019-04-03T09:38:05.313+0900: 57961.631: [Finalize Marking, 0.0010072 secs] 2019-04-03T09:38:05.314+0900: 57961.632: [GC ref-proc, 0.0010141 secs] 2019-04-03T09:38:05.315+0900: 57961.634: [Unloading, 0.0366506 secs], 0.0421112 secs]
 [Times: user=0.04 sys=0.00, real=0.04 secs] 
2019-04-03T09:38:05.357+0900: 57961.675: [GC cleanup 182M->180M(512M), 0.0038354 secs]
 [Times: user=0.00 sys=0.00, real=0.00 secs] 
2019-04-03T09:38:05.361+0900: 57961.679: [GC concurrent-cleanup-start]
2019-04-03T09:38:05.361+0900: 57961.679: [GC concurrent-cleanup-end, 0.0000334 secs]
2019-04-03T09:39:58.880+0900: 58075.199: [GC pause (G1 Evacuation Pause) (young), 0.0387918 secs]
   [Parallel Time: 38.0 ms, GC Workers: 1]
      [GC Worker Start (ms):  58075199.2]
      [Ext Root Scanning (ms):  2.4]
      [Update RS (ms):  2.3]
         [Processed Buffers:  39]
      [Scan RS (ms):  6.1]
      [Code Root Scanning (ms):  0.0]
      [Object Copy (ms):  26.9]
      [Termination (ms):  0.0]
         [Termination Attempts:  1]
      [GC Worker Other (ms):  0.0]
      [GC Worker Total (ms):  37.8]
      [GC Worker End (ms):  58075237.0]
   [Code Root Fixup: 0.0 ms]
   [Code Root Purge: 0.0 ms]
   [Clear CT: 0.1 ms]
   [Other: 0.8 ms]
      [Choose CSet: 0.0 ms]
      [Ref Proc: 0.2 ms]
      [Ref Enq: 0.0 ms]
      [Redirty Cards: 0.1 ms]
      [Humongous Register: 0.0 ms]
      [Humongous Reclaim: 0.0 ms]
      [Free CSet: 0.0 ms]
   [Eden: 22.0M(22.0M)->0.0B(21.0M) Survivors: 3072.0K->4096.0K Heap: 202.0M(512.0M)->181.0M(512.0M)]
 [Times: user=0.04 sys=0.00, real=0.04 secs] 
2019-04-03T09:41:46.310+0900: 58182.628: [GC pause (G1 Evacuation Pause) (mixed), 0.1073544 secs]
   [Parallel Time: 106.5 ms, GC Workers: 1]
      [GC Worker Start (ms):  58182628.5]
      [Ext Root Scanning (ms):  2.7]
      [Update RS (ms):  2.8]
         [Processed Buffers:  37]
      [Scan RS (ms):  27.5]
      [Code Root Scanning (ms):  0.0]
      [Object Copy (ms):  73.4]
      [Termination (ms):  0.0]
         [Termination Attempts:  1]
      [GC Worker Other (ms):  0.0]
      [GC Worker Total (ms):  106.4]
      [GC Worker End (ms):  58182734.9]
   [Code Root Fixup: 0.0 ms]
   [Code Root Purge: 0.0 ms]
   [Clear CT: 0.2 ms]
   [Other: 0.7 ms]
      [Choose CSet: 0.0 ms]
      [Ref Proc: 0.2 ms]
      [Ref Enq: 0.0 ms]
      [Redirty Cards: 0.1 ms]
      [Humongous Register: 0.0 ms]
      [Humongous Reclaim: 0.0 ms]
      [Free CSet: 0.1 ms]
   [Eden: 21.0M(21.0M)->0.0B(22.0M) Survivors: 4096.0K->3072.0K Heap: 202.0M(512.0M)->175.8M(512.0M)]
 [Times: user=0.05 sys=0.00, real=0.11 secs] 
2019-04-03T09:43:40.852+0900: 58297.170: [GC pause (G1 Evacuation Pause) (mixed), 0.0306446 secs]
   [Parallel Time: 29.9 ms, GC Workers: 1]
      [GC Worker Start (ms):  58297170.4]
      [Ext Root Scanning (ms):  2.6]
      [Update RS (ms):  5.5]
         [Processed Buffers:  39]
      [Scan RS (ms):  6.8]
      [Code Root Scanning (ms):  0.0]
      [Object Copy (ms):  14.8]
      [Termination (ms):  0.0]
         [Termination Attempts:  1]
      [GC Worker Other (ms):  0.0]
      [GC Worker Total (ms):  29.7]
      [GC Worker End (ms):  58297200.1]
   [Code Root Fixup: 0.0 ms]
   [Code Root Purge: 0.0 ms]
   [Clear CT: 0.1 ms]
   [Other: 0.7 ms]
      [Choose CSet: 0.0 ms]
      [Ref Proc: 0.2 ms]
      [Ref Enq: 0.0 ms]
      [Redirty Cards: 0.1 ms]
      [Humongous Register: 0.0 ms]
      [Humongous Reclaim: 0.0 ms]
      [Free CSet: 0.1 ms]
   [Eden: 22.0M(22.0M)->0.0B(23.0M) Survivors: 3072.0K->2048.0K Heap: 197.8M(512.0M)->169.8M(512.0M)]
 [Times: user=0.03 sys=0.00, real=0.03 secs] 
2019-04-03T09:45:39.937+0900: 58416.255: [GC pause (G1 Evacuation Pause) (mixed), 0.0416630 secs]
   [Parallel Time: 40.8 ms, GC Workers: 1]
      [GC Worker Start (ms):  58416255.4]
      [Ext Root Scanning (ms):  2.5]
      [Update RS (ms):  5.2]
         [Processed Buffers:  37]
      [Scan RS (ms):  6.1]
      [Code Root Scanning (ms):  0.0]
      [Object Copy (ms):  26.9]
      [Termination (ms):  0.0]
         [Termination Attempts:  1]
      [GC Worker Other (ms):  0.0]
      [GC Worker Total (ms):  40.7]
      [GC Worker End (ms):  58416296.2]
   [Code Root Fixup: 0.0 ms]
   [Code Root Purge: 0.0 ms]
   [Clear CT: 0.1 ms]
   [Other: 0.8 ms]
      [Choose CSet: 0.1 ms]
      [Ref Proc: 0.3 ms]
      [Ref Enq: 0.0 ms]
      [Redirty Cards: 0.1 ms]
      [Humongous Register: 0.0 ms]
      [Humongous Reclaim: 0.0 ms]
      [Free CSet: 0.0 ms]
   [Eden: 23.0M(23.0M)->0.0B(22.0M) Survivors: 2048.0K->3072.0K Heap: 192.8M(512.0M)->168.3M(512.0M)]
 [Times: user=0.04 sys=0.00, real=0.04 secs] 
2019-04-03T09:47:35.112+0900: 58531.430: [GC pause (G1 Evacuation Pause) (young), 0.0526327 secs]
   [Parallel Time: 51.4 ms, GC Workers: 1]
      [GC Worker Start (ms):  58531430.3]
      [Ext Root Scanning (ms):  3.0]
      [Update RS (ms):  5.6]
         [Processed Buffers:  35]
      [Scan RS (ms):  6.2]
      [Code Root Scanning (ms):  0.0]
      [Object Copy (ms):  36.2]
      [Termination (ms):  0.0]
         [Termination Attempts:  1]
      [GC Worker Other (ms):  0.0]
      [GC Worker Total (ms):  51.1]
      [GC Worker End (ms):  58531481.4]
   [Code Root Fixup: 0.0 ms]
   [Code Root Purge: 0.0 ms]
   [Clear CT: 0.1 ms]
   [Other: 1.1 ms]
      [Choose CSet: 0.0 ms]
      [Ref Proc: 0.4 ms]
      [Ref Enq: 0.0 ms]
      [Redirty Cards: 0.1 ms]
      [Humongous Register: 0.0 ms]
      [Humongous Reclaim: 0.0 ms]
      [Free CSet: 0.0 ms]
   [Eden: 22.0M(22.0M)->0.0B(21.0M) Survivors: 3072.0K->4096.0K Heap: 190.3M(512.0M)->169.3M(512.0M)]
 [Times: user=0.05 sys=0.00, real=0.05 secs] 
2019-04-03T09:49:22.466+0900: 58638.785: [GC pause (G1 Evacuation Pause) (young), 0.0633802 secs]
   [Parallel Time: 61.4 ms, GC Workers: 1]
      [GC Worker Start (ms):  58638785.1]
      [Ext Root Scanning (ms):  2.5]
      [Update RS (ms):  4.8]
         [Processed Buffers:  37]
      [Scan RS (ms):  6.8]
      [Code Root Scanning (ms):  0.0]
      [Object Copy (ms):  47.2]
      [Termination (ms):  0.0]
         [Termination Attempts:  1]
      [GC Worker Other (ms):  0.0]
      [GC Worker Total (ms):  61.3]
      [GC Worker End (ms):  58638846.4]
   [Code Root Fixup: 0.0 ms]
   [Code Root Purge: 0.0 ms]
   [Clear CT: 0.1 ms]
   [Other: 1.9 ms]
      [Choose CSet: 0.0 ms]
      [Ref Proc: 0.2 ms]
      [Ref Enq: 0.0 ms]
      [Redirty Cards: 0.1 ms]
      [Humongous Register: 0.0 ms]
      [Humongous Reclaim: 0.0 ms]
      [Free CSet: 0.0 ms]
   [Eden: 21.0M(21.0M)->0.0B(22.0M) Survivors: 4096.0K->3072.0K Heap: 190.3M(512.0M)->171.2M(512.0M)]
 [Times: user=0.06 sys=0.00, real=0.06 secs] 
2019-04-03T09:51:15.053+0900: 58751.372: [GC pause (G1 Evacuation Pause) (young), 0.0429728 secs]
   [Parallel Time: 42.4 ms, GC Workers: 1]
      [GC Worker Start (ms):  58751372.0]
      [Ext Root Scanning (ms):  2.5]
      [Update RS (ms):  5.1]
         [Processed Buffers:  36]
      [Scan RS (ms):  6.1]
      [Code Root Scanning (ms):  0.0]
      [Object Copy (ms):  28.6]
      [Termination (ms):  0.0]
         [Termination Attempts:  1]
      [GC Worker Other (ms):  0.0]
      [GC Worker Total (ms):  42.3]
      [GC Worker End (ms):  58751414.3]
   [Code Root Fixup: 0.0 ms]
   [Code Root Purge: 0.0 ms]
   [Clear CT: 0.0 ms]
   [Other: 0.5 ms]
      [Choose CSet: 0.0 ms]
      [Ref Proc: 0.1 ms]
      [Ref Enq: 0.0 ms]
      [Redirty Cards: 0.1 ms]
      [Humongous Register: 0.0 ms]
      [Humongous Reclaim: 0.0 ms]
      [Free CSet: 0.0 ms]
   [Eden: 22.0M(22.0M)->0.0B(21.0M) Survivors: 3072.0K->4096.0K Heap: 193.2M(512.0M)->172.2M(512.0M)]
 [Times: user=0.04 sys=0.00, real=0.05 secs] 
2019-04-03T09:53:05.104+0900: 58861.422: [GC pause (G1 Evacuation Pause) (young), 0.0461892 secs]
   [Parallel Time: 45.4 ms, GC Workers: 1]
      [GC Worker Start (ms):  58861422.4]
      [Ext Root Scanning (ms):  5.1]
      [Update RS (ms):  4.9]
         [Processed Buffers:  37]
      [Scan RS (ms):  9.1]
      [Code Root Scanning (ms):  0.2]
      [Object Copy (ms):  25.4]
      [Termination (ms):  0.0]
         [Termination Attempts:  1]
      [GC Worker Other (ms):  0.0]
      [GC Worker Total (ms):  44.7]
      [GC Worker End (ms):  58861467.2]
   [Code Root Fixup: 0.0 ms]
   [Code Root Purge: 0.0 ms]
   [Clear CT: 0.1 ms]
   [Other: 0.7 ms]
      [Choose CSet: 0.0 ms]
      [Ref Proc: 0.2 ms]
      [Ref Enq: 0.0 ms]
      [Redirty Cards: 0.1 ms]
      [Humongous Register: 0.0 ms]
      [Humongous Reclaim: 0.0 ms]
      [Free CSet: 0.0 ms]
   [Eden: 21.0M(21.0M)->0.0B(22.0M) Survivors: 4096.0K->3072.0K Heap: 193.2M(512.0M)->172.3M(512.0M)]
 [Times: user=0.04 sys=0.00, real=0.05 secs] 
2019-04-03T09:54:57.312+0900: 58973.631: [GC pause (G1 Evacuation Pause) (young), 0.0445731 secs]
   [Parallel Time: 43.7 ms, GC Workers: 1]
      [GC Worker Start (ms):  58973631.0]
      [Ext Root Scanning (ms):  2.3]
      [Update RS (ms):  7.1]
         [Processed Buffers:  42]
      [Scan RS (ms):  5.2]
      [Code Root Scanning (ms):  0.0]
      [Object Copy (ms):  29.0]
      [Termination (ms):  0.0]
         [Termination Attempts:  1]
      [GC Worker Other (ms):  0.0]
      [GC Worker Total (ms):  43.7]
      [GC Worker End (ms):  58973674.7]
   [Code Root Fixup: 0.0 ms]
   [Code Root Purge: 0.0 ms]
   [Clear CT: 0.0 ms]
   [Other: 0.8 ms]
      [Choose CSet: 0.0 ms]
      [Ref Proc: 0.3 ms]
      [Ref Enq: 0.0 ms]
      [Redirty Cards: 0.1 ms]
      [Humongous Register: 0.0 ms]
      [Humongous Reclaim: 0.0 ms]
      [Free CSet: 0.0 ms]
   [Eden: 22.0M(22.0M)->0.0B(21.0M) Survivors: 3072.0K->4096.0K Heap: 194.3M(512.0M)->173.3M(512.0M)]
 [Times: user=0.05 sys=0.00, real=0.05 secs] 
2019-04-03T09:56:44.290+0900: 59080.609: [GC pause (G1 Evacuation Pause) (young), 0.0521165 secs]
   [Parallel Time: 51.4 ms, GC Workers: 1]
      [GC Worker Start (ms):  59080609.1]
      [Ext Root Scanning (ms):  2.4]
      [Update RS (ms):  4.9]
         [Processed Buffers:  36]
      [Scan RS (ms):  6.2]
      [Code Root Scanning (ms):  0.0]
      [Object Copy (ms):  37.8]
      [Termination (ms):  0.0]
         [Termination Attempts:  1]
      [GC Worker Other (ms):  0.0]
      [GC Worker Total (ms):  51.4]
      [GC Worker End (ms):  59080660.5]
   [Code Root Fixup: 0.0 ms]
   [Code Root Purge: 0.0 ms]
   [Clear CT: 0.1 ms]
   [Other: 0.6 ms]
      [Choose CSet: 0.0 ms]
      [Ref Proc: 0.2 ms]
      [Ref Enq: 0.0 ms]
      [Redirty Cards: 0.1 ms]
      [Humongous Register: 0.0 ms]
      [Humongous Reclaim: 0.0 ms]
      [Free CSet: 0.0 ms]
   [Eden: 21.0M(21.0M)->0.0B(21.0M) Survivors: 4096.0K->4096.0K Heap: 194.3M(512.0M)->174.3M(512.0M)]
 [Times: user=0.06 sys=0.00, real=0.05 secs] 
2019-04-03T09:58:35.127+0900: 59191.446: [GC pause (G1 Evacuation Pause) (young), 0.0622657 secs]
   [Parallel Time: 60.9 ms, GC Workers: 1]
      [GC Worker Start (ms):  59191446.2]
      [Ext Root Scanning (ms):  2.8]
      [Update RS (ms):  4.5]
         [Processed Buffers:  34]
      [Scan RS (ms):  8.6]
      [Code Root Scanning (ms):  0.0]
      [Object Copy (ms):  44.4]
      [Termination (ms):  0.0]
         [Termination Attempts:  1]
      [GC Worker Other (ms):  0.0]
      [GC Worker Total (ms):  60.3]
      [GC Worker End (ms):  59191506.5]
   [Code Root Fixup: 0.0 ms]
   [Code Root Purge: 0.0 ms]
   [Clear CT: 0.4 ms]
   [Other: 0.9 ms]
      [Choose CSet: 0.0 ms]
      [Ref Proc: 0.5 ms]
      [Ref Enq: 0.0 ms]
      [Redirty Cards: 0.1 ms]
      [Humongous Register: 0.0 ms]
      [Humongous Reclaim: 0.0 ms]
      [Free CSet: 0.0 ms]
   [Eden: 21.0M(21.0M)->0.0B(21.0M) Survivors: 4096.0K->4096.0K Heap: 195.3M(512.0M)->175.5M(512.0M)]
 [Times: user=0.05 sys=0.00, real=0.06 secs] 
2019-04-03T10:00:22.997+0900: 59299.315: [GC pause (G1 Evacuation Pause) (young), 0.0383305 secs]
   [Parallel Time: 37.4 ms, GC Workers: 1]
      [GC Worker Start (ms):  59299315.8]
      [Ext Root Scanning (ms):  2.6]
      [Update RS (ms):  13.4]
         [Processed Buffers:  48]
      [Scan RS (ms):  1.5]
      [Code Root Scanning (ms):  0.0]
      [Object Copy (ms):  19.8]
      [Termination (ms):  0.0]
         [Termination Attempts:  1]
      [GC Worker Other (ms):  0.0]
      [GC Worker Total (ms):  37.4]
      [GC Worker End (ms):  59299353.2]
   [Code Root Fixup: 0.0 ms]
   [Code Root Purge: 0.0 ms]
   [Clear CT: 0.0 ms]
   [Other: 0.8 ms]
      [Choose CSet: 0.0 ms]
      [Ref Proc: 0.1 ms]
      [Ref Enq: 0.0 ms]
      [Redirty Cards: 0.1 ms]
      [Humongous Register: 0.0 ms]
      [Humongous Reclaim: 0.0 ms]
      [Free CSet: 0.0 ms]
   [Eden: 21.0M(21.0M)->0.0B(23.0M) Survivors: 4096.0K->2048.0K Heap: 196.5M(512.0M)->174.5M(512.0M)]
 [Times: user=0.04 sys=0.00, real=0.04 secs] 
2019-04-03T10:02:21.940+0900: 59418.258: [GC pause (G1 Evacuation Pause) (young), 0.0429245 secs]
   [Parallel Time: 42.3 ms, GC Workers: 1]
      [GC Worker Start (ms):  59418258.4]
      [Ext Root Scanning (ms):  2.6]
      [Update RS (ms):  4.7]
         [Processed Buffers:  39]
      [Scan RS (ms):  7.3]
      [Code Root Scanning (ms):  0.0]
      [Object Copy (ms):  27.5]
      [Termination (ms):  0.0]
         [Termination Attempts:  1]
      [GC Worker Other (ms):  0.0]
      [GC Worker Total (ms):  42.2]
      [GC Worker End (ms):  59418300.6]
   [Code Root Fixup: 0.0 ms]
   [Code Root Purge: 0.0 ms]
   [Clear CT: 0.1 ms]
   [Other: 0.6 ms]
      [Choose CSet: 0.0 ms]
      [Ref Proc: 0.2 ms]
      [Ref Enq: 0.0 ms]
      [Redirty Cards: 0.1 ms]
      [Humongous Register: 0.0 ms]
      [Humongous Reclaim: 0.0 ms]
      [Free CSet: 0.0 ms]
   [Eden: 23.0M(23.0M)->0.0B(22.0M) Survivors: 2048.0K->3072.0K Heap: 197.5M(512.0M)->175.5M(512.0M)]
 [Times: user=0.04 sys=0.00, real=0.04 secs] 
2019-04-03T10:04:14.354+0900: 59530.672: [GC pause (G1 Evacuation Pause) (young), 0.0532061 secs]
   [Parallel Time: 52.5 ms, GC Workers: 1]
      [GC Worker Start (ms):  59530672.3]
      [Ext Root Scanning (ms):  2.4]
      [Update RS (ms):  5.6]
         [Processed Buffers:  35]
      [Scan RS (ms):  7.1]
      [Code Root Scanning (ms):  0.0]
      [Object Copy (ms):  37.3]
      [Termination (ms):  0.0]
         [Termination Attempts:  1]
      [GC Worker Other (ms):  0.0]
      [GC Worker Total (ms):  52.4]
      [GC Worker End (ms):  59530724.7]
   [Code Root Fixup: 0.0 ms]
   [Code Root Purge: 0.0 ms]
   [Clear CT: 0.1 ms]
   [Other: 0.7 ms]
      [Choose CSet: 0.0 ms]
      [Ref Proc: 0.2 ms]
      [Ref Enq: 0.0 ms]
      [Redirty Cards: 0.1 ms]
      [Humongous Register: 0.0 ms]
      [Humongous Reclaim: 0.0 ms]
      [Free CSet: 0.0 ms]
   [Eden: 22.0M(22.0M)->0.0B(21.0M) Survivors: 3072.0K->4096.0K Heap: 197.5M(512.0M)->176.6M(512.0M)]
 [Times: user=0.06 sys=0.00, real=0.06 secs] 
2019-04-03T10:06:04.931+0900: 59641.250: [GC pause (G1 Evacuation Pause) (young), 0.0754303 secs]
   [Parallel Time: 74.0 ms, GC Workers: 1]
      [GC Worker Start (ms):  59641250.0]
      [Ext Root Scanning (ms):  2.6]
      [Update RS (ms):  6.9]
         [Processed Buffers:  36]
      [Scan RS (ms):  8.8]
      [Code Root Scanning (ms):  0.0]
      [Object Copy (ms):  55.2]
      [Termination (ms):  0.0]
         [Termination Attempts:  1]
      [GC Worker Other (ms):  0.0]
      [GC Worker Total (ms):  73.4]
      [GC Worker End (ms):  59641323.4]
   [Code Root Fixup: 0.2 ms]
   [Code Root Purge: 0.0 ms]
   [Clear CT: 0.6 ms]
   [Other: 0.6 ms]
      [Choose CSet: 0.0 ms]
      [Ref Proc: 0.2 ms]
      [Ref Enq: 0.0 ms]
      [Redirty Cards: 0.1 ms]
      [Humongous Register: 0.0 ms]
      [Humongous Reclaim: 0.0 ms]
      [Free CSet: 0.0 ms]
   [Eden: 21.0M(21.0M)->0.0B(22.0M) Survivors: 4096.0K->3072.0K Heap: 197.6M(512.0M)->178.2M(512.0M)]
 [Times: user=0.06 sys=0.00, real=0.08 secs] 
2019-04-03T10:07:57.520+0900: 59753.839: [GC pause (G1 Evacuation Pause) (young), 0.0432496 secs]
   [Parallel Time: 42.6 ms, GC Workers: 1]
      [GC Worker Start (ms):  59753839.2]
      [Ext Root Scanning (ms):  2.5]
      [Update RS (ms):  4.8]
         [Processed Buffers:  37]
      [Scan RS (ms):  6.9]
      [Code Root Scanning (ms):  0.0]
      [Object Copy (ms):  28.3]
      [Termination (ms):  0.0]
         [Termination Attempts:  1]
      [GC Worker Other (ms):  0.0]
      [GC Worker Total (ms):  42.5]
      [GC Worker End (ms):  59753881.7]
   [Code Root Fixup: 0.0 ms]
   [Code Root Purge: 0.0 ms]
   [Clear CT: 0.1 ms]
   [Other: 0.6 ms]
      [Choose CSet: 0.0 ms]
      [Ref Proc: 0.1 ms]
      [Ref Enq: 0.0 ms]
      [Redirty Cards: 0.1 ms]
      [Humongous Register: 0.0 ms]
      [Humongous Reclaim: 0.0 ms]
      [Free CSet: 0.0 ms]
   [Eden: 22.0M(22.0M)->0.0B(21.0M) Survivors: 3072.0K->4096.0K Heap: 200.2M(512.0M)->179.2M(512.0M)]
 [Times: user=0.04 sys=0.00, real=0.04 secs] 
2019-04-03T10:09:43.659+0900: 59859.978: [GC pause (G1 Evacuation Pause) (young), 0.0370792 secs]
   [Parallel Time: 36.4 ms, GC Workers: 1]
      [GC Worker Start (ms):  59859978.0]
      [Ext Root Scanning (ms):  2.7]
      [Update RS (ms):  4.8]
         [Processed Buffers:  38]
      [Scan RS (ms):  6.4]
      [Code Root Scanning (ms):  0.0]
      [Object Copy (ms):  22.3]
      [Termination (ms):  0.0]
         [Termination Attempts:  1]
      [GC Worker Other (ms):  0.0]
      [GC Worker Total (ms):  36.3]
      [GC Worker End (ms):  59860014.3]
   [Code Root Fixup: 0.0 ms]
   [Code Root Purge: 0.0 ms]
   [Clear CT: 0.1 ms]
   [Other: 0.6 ms]
      [Choose CSet: 0.0 ms]
      [Ref Proc: 0.2 ms]
      [Ref Enq: 0.0 ms]
      [Redirty Cards: 0.1 ms]
      [Humongous Register: 0.0 ms]
      [Humongous Reclaim: 0.0 ms]
      [Free CSet: 0.0 ms]
   [Eden: 21.0M(21.0M)->0.0B(22.0M) Survivors: 4096.0K->3072.0K Heap: 200.2M(512.0M)->179.3M(512.0M)]
 [Times: user=0.04 sys=0.00, real=0.04 secs] 
2019-04-03T10:11:38.937+0900: 59975.256: [GC pause (G1 Evacuation Pause) (young), 0.0452721 secs]
   [Parallel Time: 44.7 ms, GC Workers: 1]
      [GC Worker Start (ms):  59975255.9]
      [Ext Root Scanning (ms):  2.8]
      [Update RS (ms):  6.9]
         [Processed Buffers:  37]
      [Scan RS (ms):  8.8]
      [Code Root Scanning (ms):  0.0]
      [Object Copy (ms):  26.0]
      [Termination (ms):  0.0]
         [Termination Attempts:  1]
      [GC Worker Other (ms):  0.0]
      [GC Worker Total (ms):  44.5]
      [GC Worker End (ms):  59975300.4]
   [Code Root Fixup: 0.0 ms]
   [Code Root Purge: 0.0 ms]
   [Clear CT: 0.0 ms]
   [Other: 0.5 ms]
      [Choose CSet: 0.0 ms]
      [Ref Proc: 0.1 ms]
      [Ref Enq: 0.0 ms]
      [Redirty Cards: 0.1 ms]
      [Humongous Register: 0.0 ms]
      [Humongous Reclaim: 0.0 ms]
      [Free CSet: 0.0 ms]
   [Eden: 22.0M(22.0M)->0.0B(21.0M) Survivors: 3072.0K->4096.0K Heap: 201.3M(512.0M)->180.3M(512.0M)]
 [Times: user=0.04 sys=0.00, real=0.04 secs] 
2019-04-03T10:13:29.076+0900: 60085.395: [GC pause (G1 Evacuation Pause) (young), 0.0524939 secs]
   [Parallel Time: 51.7 ms, GC Workers: 1]
      [GC Worker Start (ms):  60085394.8]
      [Ext Root Scanning (ms):  2.6]
      [Update RS (ms):  5.2]
         [Processed Buffers:  37]
      [Scan RS (ms):  5.9]
      [Code Root Scanning (ms):  0.0]
      [Object Copy (ms):  37.8]
      [Termination (ms):  0.0]
         [Termination Attempts:  1]
      [GC Worker Other (ms):  0.0]
      [GC Worker Total (ms):  51.6]
      [GC Worker End (ms):  60085446.4]
   [Code Root Fixup: 0.0 ms]
   [Code Root Purge: 0.0 ms]
   [Clear CT: 0.1 ms]
   [Other: 0.7 ms]
      [Choose CSet: 0.0 ms]
      [Ref Proc: 0.2 ms]
      [Ref Enq: 0.0 ms]
      [Redirty Cards: 0.1 ms]
      [Humongous Register: 0.0 ms]
      [Humongous Reclaim: 0.0 ms]
      [Free CSet: 0.0 ms]
   [Eden: 21.0M(21.0M)->0.0B(21.0M) Survivors: 4096.0K->4096.0K Heap: 201.3M(512.0M)->181.3M(512.0M)]
 [Times: user=0.05 sys=0.00, real=0.05 secs] 
2019-04-03T10:15:16.074+0900: 60192.393: [GC pause (G1 Evacuation Pause) (young), 0.0544649 secs]
   [Parallel Time: 53.7 ms, GC Workers: 1]
      [GC Worker Start (ms):  60192392.8]
      [Ext Root Scanning (ms):  2.4]
      [Update RS (ms):  5.7]
         [Processed Buffers:  38]
      [Scan RS (ms):  8.0]
      [Code Root Scanning (ms):  0.0]
      [Object Copy (ms):  37.5]
      [Termination (ms):  0.0]
         [Termination Attempts:  1]
      [GC Worker Other (ms):  0.0]
      [GC Worker Total (ms):  53.6]
      [GC Worker End (ms):  60192446.4]
   [Code Root Fixup: 0.0 ms]
   [Code Root Purge: 0.0 ms]
   [Clear CT: 0.1 ms]
   [Other: 0.7 ms]
      [Choose CSet: 0.0 ms]
      [Ref Proc: 0.2 ms]
      [Ref Enq: 0.0 ms]
      [Redirty Cards: 0.2 ms]
      [Humongous Register: 0.0 ms]
      [Humongous Reclaim: 0.0 ms]
      [Free CSet: 0.0 ms]
   [Eden: 21.0M(21.0M)->0.0B(21.0M) Survivors: 4096.0K->4096.0K Heap: 202.3M(512.0M)->182.5M(512.0M)]
 [Times: user=0.05 sys=0.00, real=0.06 secs] 
2019-04-03T10:17:05.090+0900: 60301.409: [GC pause (G1 Evacuation Pause) (young) (initial-mark), 0.0687799 secs]
   [Parallel Time: 68.1 ms, GC Workers: 1]
      [GC Worker Start (ms):  60301409.3]
      [Ext Root Scanning (ms):  4.0]
      [Update RS (ms):  5.5]
         [Processed Buffers:  39]
      [Scan RS (ms):  7.9]
      [Code Root Scanning (ms):  0.0]
      [Object Copy (ms):  50.1]
      [Termination (ms):  0.0]
         [Termination Attempts:  1]
      [GC Worker Other (ms):  0.0]
      [GC Worker Total (ms):  67.5]
      [GC Worker End (ms):  60301476.8]
   [Code Root Fixup: 0.0 ms]
   [Code Root Purge: 0.0 ms]
   [Clear CT: 0.1 ms]
   [Other: 0.6 ms]
      [Choose CSet: 0.0 ms]
      [Ref Proc: 0.2 ms]
      [Ref Enq: 0.0 ms]
      [Redirty Cards: 0.1 ms]
      [Humongous Register: 0.0 ms]
      [Humongous Reclaim: 0.0 ms]
      [Free CSet: 0.0 ms]
   [Eden: 21.0M(21.0M)->0.0B(21.0M) Survivors: 4096.0K->4096.0K Heap: 203.5M(512.0M)->183.5M(512.0M)]
 [Times: user=0.06 sys=0.00, real=0.07 secs] 
2019-04-03T10:17:05.160+0900: 60301.478: [GC concurrent-root-region-scan-start]
2019-04-03T10:17:05.210+0900: 60301.528: [GC concurrent-root-region-scan-end, 0.0499473 secs]
2019-04-03T10:17:05.210+0900: 60301.528: [GC concurrent-mark-start]
2019-04-03T10:17:05.367+0900: 60301.685: [GC concurrent-mark-end, 0.1571894 secs]
2019-04-03T10:17:05.367+0900: 60301.686: [GC remark 2019-04-03T10:17:05.367+0900: 60301.686: [Finalize Marking, 0.0005391 secs] 2019-04-03T10:17:05.368+0900: 60301.687: [GC ref-proc, 0.0009582 secs] 2019-04-03T10:17:05.369+0900: 60301.688: [Unloading, 0.0376172 secs], 0.0425138 secs]
 [Times: user=0.03 sys=0.00, real=0.04 secs] 
2019-04-03T10:17:05.411+0900: 60301.730: [GC cleanup 184M->181M(512M), 0.0027499 secs]
 [Times: user=0.01 sys=0.00, real=0.00 secs] 
2019-04-03T10:17:05.415+0900: 60301.733: [GC concurrent-cleanup-start]
2019-04-03T10:17:05.415+0900: 60301.733: [GC concurrent-cleanup-end, 0.0000392 secs]
2019-04-03T10:18:51.764+0900: 60408.082: [GC pause (G1 Evacuation Pause) (young), 0.0427391 secs]
   [Parallel Time: 42.0 ms, GC Workers: 1]
      [GC Worker Start (ms):  60408082.5]
      [Ext Root Scanning (ms):  3.4]
      [Update RS (ms):  3.6]
         [Processed Buffers:  35]
      [Scan RS (ms):  7.8]
      [Code Root Scanning (ms):  0.0]
      [Object Copy (ms):  27.0]
      [Termination (ms):  0.0]
         [Termination Attempts:  1]
      [GC Worker Other (ms):  0.0]
      [GC Worker Total (ms):  41.8]
      [GC Worker End (ms):  60408124.4]
   [Code Root Fixup: 0.0 ms]
   [Code Root Purge: 0.0 ms]
   [Clear CT: 0.1 ms]
   [Other: 0.7 ms]
      [Choose CSet: 0.0 ms]
      [Ref Proc: 0.3 ms]
      [Ref Enq: 0.0 ms]
      [Redirty Cards: 0.1 ms]
      [Humongous Register: 0.0 ms]
      [Humongous Reclaim: 0.0 ms]
      [Free CSet: 0.0 ms]
   [Eden: 21.0M(21.0M)->0.0B(22.0M) Survivors: 4096.0K->3072.0K Heap: 201.5M(512.0M)->180.0M(512.0M)]
 [Times: user=0.04 sys=0.00, real=0.05 secs] 
2019-04-03T10:20:44.361+0900: 60520.679: [GC pause (G1 Evacuation Pause) (mixed), 0.0541112 secs]
   [Parallel Time: 53.4 ms, GC Workers: 1]
      [GC Worker Start (ms):  60520679.7]
      [Ext Root Scanning (ms):  2.7]
      [Update RS (ms):  16.7]
         [Processed Buffers:  37]
      [Scan RS (ms):  8.5]
      [Code Root Scanning (ms):  0.0]
      [Object Copy (ms):  25.3]
      [Termination (ms):  0.0]
         [Termination Attempts:  1]
      [GC Worker Other (ms):  0.0]
      [GC Worker Total (ms):  53.2]
      [GC Worker End (ms):  60520732.9]
   [Code Root Fixup: 0.0 ms]
   [Code Root Purge: 0.0 ms]
   [Clear CT: 0.1 ms]
   [Other: 0.6 ms]
      [Choose CSet: 0.0 ms]
      [Ref Proc: 0.2 ms]
      [Ref Enq: 0.0 ms]
      [Redirty Cards: 0.1 ms]
      [Humongous Register: 0.0 ms]
      [Humongous Reclaim: 0.0 ms]
      [Free CSet: 0.1 ms]
   [Eden: 22.0M(22.0M)->0.0B(21.0M) Survivors: 3072.0K->4096.0K Heap: 202.0M(512.0M)->175.5M(512.0M)]
 [Times: user=0.05 sys=0.00, real=0.05 secs] 
2019-04-03T10:22:35.091+0900: 60631.410: [GC pause (G1 Evacuation Pause) (mixed), 0.0767992 secs]
   [Parallel Time: 75.9 ms, GC Workers: 1]
      [GC Worker Start (ms):  60631409.8]
      [Ext Root Scanning (ms):  2.7]
      [Update RS (ms):  5.6]
         [Processed Buffers:  34]
      [Scan RS (ms):  9.8]
      [Code Root Scanning (ms):  0.0]
      [Object Copy (ms):  57.2]
      [Termination (ms):  0.0]
         [Termination Attempts:  1]
      [GC Worker Other (ms):  0.0]
      [GC Worker Total (ms):  75.4]
      [GC Worker End (ms):  60631485.2]
   [Code Root Fixup: 0.0 ms]
   [Code Root Purge: 0.0 ms]
   [Clear CT: 0.1 ms]
   [Other: 0.8 ms]
      [Choose CSet: 0.0 ms]
      [Ref Proc: 0.2 ms]
      [Ref Enq: 0.0 ms]
      [Redirty Cards: 0.1 ms]
      [Humongous Register: 0.1 ms]
      [Humongous Reclaim: 0.0 ms]
      [Free CSet: 0.1 ms]
   [Eden: 21.0M(21.0M)->0.0B(21.0M) Survivors: 4096.0K->4096.0K Heap: 196.5M(512.0M)->170.6M(512.0M)]
 [Times: user=0.06 sys=0.00, real=0.08 secs] 
2019-04-03T10:24:22.636+0900: 60738.954: [GC pause (G1 Evacuation Pause) (mixed), 0.0778006 secs]
   [Parallel Time: 77.0 ms, GC Workers: 1]
      [GC Worker Start (ms):  60738954.6]
      [Ext Root Scanning (ms):  2.6]
      [Update RS (ms):  11.5]
         [Processed Buffers:  45]
      [Scan RS (ms):  5.2]
      [Code Root Scanning (ms):  0.2]
      [Object Copy (ms):  57.4]
      [Termination (ms):  0.0]
         [Termination Attempts:  1]
      [GC Worker Other (ms):  0.0]
      [GC Worker Total (ms):  76.9]
      [GC Worker End (ms):  60739031.6]
   [Code Root Fixup: 0.0 ms]
   [Code Root Purge: 0.0 ms]
   [Clear CT: 0.1 ms]
   [Other: 0.7 ms]
      [Choose CSet: 0.0 ms]
      [Ref Proc: 0.2 ms]
      [Ref Enq: 0.0 ms]
      [Redirty Cards: 0.1 ms]
      [Humongous Register: 0.0 ms]
      [Humongous Reclaim: 0.0 ms]
      [Free CSet: 0.1 ms]
   [Eden: 21.0M(21.0M)->0.0B(21.0M) Survivors: 4096.0K->4096.0K Heap: 191.6M(512.0M)->170.0M(512.0M)]
 [Times: user=0.06 sys=0.00, real=0.07 secs] 
2019-04-03T10:26:09.054+0900: 60845.372: [GC pause (G1 Evacuation Pause) (young), 0.0374559 secs]
   [Parallel Time: 36.8 ms, GC Workers: 1]
      [GC Worker Start (ms):  60845372.3]
      [Ext Root Scanning (ms):  2.6]
      [Update RS (ms):  5.3]
         [Processed Buffers:  44]
      [Scan RS (ms):  7.4]
      [Code Root Scanning (ms):  0.0]
      [Object Copy (ms):  21.4]
      [Termination (ms):  0.0]
         [Termination Attempts:  1]
      [GC Worker Other (ms):  0.0]
      [GC Worker Total (ms):  36.7]
      [GC Worker End (ms):  60845409.1]
   [Code Root Fixup: 0.0 ms]
   [Code Root Purge: 0.0 ms]
   [Clear CT: 0.1 ms]
   [Other: 0.6 ms]
      [Choose CSet: 0.0 ms]
      [Ref Proc: 0.1 ms]
      [Ref Enq: 0.0 ms]
      [Redirty Cards: 0.1 ms]
      [Humongous Register: 0.0 ms]
      [Humongous Reclaim: 0.0 ms]
      [Free CSet: 0.0 ms]
   [Eden: 21.0M(21.0M)->0.0B(22.0M) Survivors: 4096.0K->3072.0K Heap: 191.0M(512.0M)->169.5M(512.0M)]
 [Times: user=0.03 sys=0.00, real=0.04 secs] 
2019-04-03T10:28:05.116+0900: 60961.435: [GC pause (G1 Evacuation Pause) (young), 0.0586521 secs]
   [Parallel Time: 57.7 ms, GC Workers: 1]
      [GC Worker Start (ms):  60961434.9]
      [Ext Root Scanning (ms):  2.6]
      [Update RS (ms):  5.9]
         [Processed Buffers:  44]
      [Scan RS (ms):  10.6]
      [Code Root Scanning (ms):  0.0]
      [Object Copy (ms):  38.1]
      [Termination (ms):  0.0]
         [Termination Attempts:  1]
      [GC Worker Other (ms):  0.0]
      [GC Worker Total (ms):  57.2]
      [GC Worker End (ms):  60961492.1]
   [Code Root Fixup: 0.0 ms]
   [Code Root Purge: 0.0 ms]
   [Clear CT: 0.1 ms]
   [Other: 0.9 ms]
      [Choose CSet: 0.0 ms]
      [Ref Proc: 0.2 ms]
      [Ref Enq: 0.0 ms]
      [Redirty Cards: 0.1 ms]
      [Humongous Register: 0.0 ms]
      [Humongous Reclaim: 0.2 ms]
      [Free CSet: 0.0 ms]
   [Eden: 22.0M(22.0M)->0.0B(21.0M) Survivors: 3072.0K->4096.0K Heap: 191.5M(512.0M)->170.5M(512.0M)]
 [Times: user=0.05 sys=0.00, real=0.05 secs] 
2019-04-03T10:29:52.882+0900: 61069.201: [GC pause (G1 Evacuation Pause) (young), 0.0543236 secs]
   [Parallel Time: 53.4 ms, GC Workers: 1]
      [GC Worker Start (ms):  61069201.0]
      [Ext Root Scanning (ms):  2.5]
      [Update RS (ms):  6.2]
         [Processed Buffers:  42]
      [Scan RS (ms):  6.7]
      [Code Root Scanning (ms):  0.0]
      [Object Copy (ms):  38.0]
      [Termination (ms):  0.0]
         [Termination Attempts:  1]
      [GC Worker Other (ms):  0.0]
      [GC Worker Total (ms):  53.4]
      [GC Worker End (ms):  61069254.3]
   [Code Root Fixup: 0.0 ms]
   [Code Root Purge: 0.0 ms]
   [Clear CT: 0.1 ms]
   [Other: 0.8 ms]
      [Choose CSet: 0.0 ms]
      [Ref Proc: 0.2 ms]
      [Ref Enq: 0.0 ms]
      [Redirty Cards: 0.1 ms]
      [Humongous Register: 0.0 ms]
      [Humongous Reclaim: 0.0 ms]
      [Free CSet: 0.0 ms]
   [Eden: 21.0M(21.0M)->0.0B(21.0M) Survivors: 4096.0K->4096.0K Heap: 191.5M(512.0M)->171.5M(512.0M)]
 [Times: user=0.05 sys=0.00, real=0.06 secs] 
2019-04-03T10:31:41.428+0900: 61177.747: [GC pause (G1 Evacuation Pause) (young), 0.0640746 secs]
   [Parallel Time: 63.1 ms, GC Workers: 1]
      [GC Worker Start (ms):  61177746.9]
      [Ext Root Scanning (ms):  2.4]
      [Update RS (ms):  4.9]
         [Processed Buffers:  41]
      [Scan RS (ms):  9.0]
      [Code Root Scanning (ms):  0.0]
      [Object Copy (ms):  46.7]
      [Termination (ms):  0.0]
         [Termination Attempts:  1]
      [GC Worker Other (ms):  0.0]
      [GC Worker Total (ms):  63.0]
      [GC Worker End (ms):  61177809.9]
   [Code Root Fixup: 0.0 ms]
   [Code Root Purge: 0.0 ms]
   [Clear CT: 0.1 ms]
   [Other: 0.9 ms]
      [Choose CSet: 0.0 ms]
      [Ref Proc: 0.1 ms]
      [Ref Enq: 0.0 ms]
      [Redirty Cards: 0.3 ms]
      [Humongous Register: 0.0 ms]
      [Humongous Reclaim: 0.0 ms]
      [Free CSet: 0.0 ms]
   [Eden: 21.0M(21.0M)->0.0B(21.0M) Survivors: 4096.0K->4096.0K Heap: 192.5M(512.0M)->172.5M(512.0M)]
 [Times: user=0.05 sys=0.00, real=0.06 secs] 
2019-04-03T10:33:06.903+0900: 61263.222: [GC pause (G1 Evacuation Pause) (young), 0.0984750 secs]
   [Parallel Time: 97.6 ms, GC Workers: 1]
      [GC Worker Start (ms):  61263222.0]
      [Ext Root Scanning (ms):  3.8]
      [Update RS (ms):  7.7]
         [Processed Buffers:  49]
      [Scan RS (ms):  15.3]
      [Code Root Scanning (ms):  0.0]
      [Object Copy (ms):  70.7]
      [Termination (ms):  0.0]
         [Termination Attempts:  1]
      [GC Worker Other (ms):  0.0]
      [GC Worker Total (ms):  97.5]
      [GC Worker End (ms):  61263319.6]
   [Code Root Fixup: 0.0 ms]
   [Code Root Purge: 0.0 ms]
   [Clear CT: 0.1 ms]
   [Other: 0.8 ms]
      [Choose CSet: 0.0 ms]
      [Ref Proc: 0.1 ms]
      [Ref Enq: 0.0 ms]
      [Redirty Cards: 0.2 ms]
      [Humongous Register: 0.0 ms]
      [Humongous Reclaim: 0.0 ms]
      [Free CSet: 0.1 ms]
   [Eden: 21.0M(21.0M)->0.0B(21.0M) Survivors: 4096.0K->4096.0K Heap: 193.5M(512.0M)->176.5M(512.0M)]
 [Times: user=0.09 sys=0.00, real=0.10 secs] 
2019-04-03T10:34:57.013+0900: 61373.331: [GC pause (G1 Evacuation Pause) (young), 0.0536861 secs]
   [Parallel Time: 52.9 ms, GC Workers: 1]
      [GC Worker Start (ms):  61373331.4]
      [Ext Root Scanning (ms):  2.5]
      [Update RS (ms):  4.9]
         [Processed Buffers:  45]
      [Scan RS (ms):  10.3]
      [Code Root Scanning (ms):  0.0]
      [Object Copy (ms):  35.0]
      [Termination (ms):  0.0]
         [Termination Attempts:  1]
      [GC Worker Other (ms):  0.0]
      [GC Worker Total (ms):  52.8]
      [GC Worker End (ms):  61373384.1]
   [Code Root Fixup: 0.0 ms]
   [Code Root Purge: 0.0 ms]
   [Clear CT: 0.2 ms]
   [Other: 0.6 ms]
      [Choose CSet: 0.0 ms]
      [Ref Proc: 0.1 ms]
      [Ref Enq: 0.0 ms]
      [Redirty Cards: 0.1 ms]
      [Humongous Register: 0.0 ms]
      [Humongous Reclaim: 0.0 ms]
      [Free CSet: 0.0 ms]
   [Eden: 21.0M(21.0M)->0.0B(23.0M) Survivors: 4096.0K->2048.0K Heap: 197.5M(512.0M)->177.0M(512.0M)]
 [Times: user=0.06 sys=0.00, real=0.06 secs] 
2019-04-03T10:36:56.111+0900: 61492.430: [GC pause (G1 Evacuation Pause) (young), 0.0300996 secs]
   [Parallel Time: 29.4 ms, GC Workers: 1]
      [GC Worker Start (ms):  61492429.8]
      [Ext Root Scanning (ms):  2.6]
      [Update RS (ms):  4.6]
         [Processed Buffers:  43]
      [Scan RS (ms):  4.3]
      [Code Root Scanning (ms):  0.0]
      [Object Copy (ms):  17.8]
      [Termination (ms):  0.0]
         [Termination Attempts:  1]
      [GC Worker Other (ms):  0.0]
      [GC Worker Total (ms):  29.3]
      [GC Worker End (ms):  61492459.1]
   [Code Root Fixup: 0.0 ms]
   [Code Root Purge: 0.0 ms]
   [Clear CT: 0.1 ms]
   [Other: 0.7 ms]
      [Choose CSet: 0.0 ms]
      [Ref Proc: 0.3 ms]
      [Ref Enq: 0.0 ms]
      [Redirty Cards: 0.0 ms]
      [Humongous Register: 0.0 ms]
      [Humongous Reclaim: 0.0 ms]
      [Free CSet: 0.0 ms]
   [Eden: 23.0M(23.0M)->0.0B(22.0M) Survivors: 2048.0K->3072.0K Heap: 200.0M(512.0M)->178.0M(512.0M)]
 [Times: user=0.03 sys=0.00, real=0.03 secs] 
2019-04-03T10:38:48.704+0900: 61605.022: [GC pause (G1 Evacuation Pause) (young), 0.0389496 secs]
   [Parallel Time: 38.3 ms, GC Workers: 1]
      [GC Worker Start (ms):  61605022.5]
      [Ext Root Scanning (ms):  2.6]
      [Update RS (ms):  2.4]
         [Processed Buffers:  38]
      [Scan RS (ms):  5.3]
      [Code Root Scanning (ms):  0.0]
      [Object Copy (ms):  27.8]
      [Termination (ms):  0.0]
         [Termination Attempts:  1]
      [GC Worker Other (ms):  0.0]
      [GC Worker Total (ms):  38.1]
      [GC Worker End (ms):  61605060.7]
   [Code Root Fixup: 0.0 ms]
   [Code Root Purge: 0.0 ms]
   [Clear CT: 0.1 ms]
   [Other: 0.6 ms]
      [Choose CSet: 0.0 ms]
      [Ref Proc: 0.2 ms]
      [Ref Enq: 0.0 ms]
      [Redirty Cards: 0.1 ms]
      [Humongous Register: 0.0 ms]
      [Humongous Reclaim: 0.0 ms]
      [Free CSet: 0.0 ms]
   [Eden: 22.0M(22.0M)->0.0B(21.0M) Survivors: 3072.0K->4096.0K Heap: 200.0M(512.0M)->179.0M(512.0M)]
 [Times: user=0.04 sys=0.00, real=0.04 secs] 
2019-04-03T10:40:38.254+0900: 61714.572: [GC pause (G1 Evacuation Pause) (young), 0.0502418 secs]
   [Parallel Time: 49.5 ms, GC Workers: 1]
      [GC Worker Start (ms):  61714572.3]
      [Ext Root Scanning (ms):  2.5]
      [Update RS (ms):  2.8]
         [Processed Buffers:  39]
      [Scan RS (ms):  6.1]
      [Code Root Scanning (ms):  0.0]
      [Object Copy (ms):  38.0]
      [Termination (ms):  0.0]
         [Termination Attempts:  1]
      [GC Worker Other (ms):  0.0]
      [GC Worker Total (ms):  49.4]
      [GC Worker End (ms):  61714621.7]
   [Code Root Fixup: 0.0 ms]
   [Code Root Purge: 0.0 ms]
   [Clear CT: 0.1 ms]
   [Other: 0.7 ms]
      [Choose CSet: 0.0 ms]
      [Ref Proc: 0.1 ms]
      [Ref Enq: 0.0 ms]
      [Redirty Cards: 0.1 ms]
      [Humongous Register: 0.0 ms]
      [Humongous Reclaim: 0.0 ms]
      [Free CSet: 0.0 ms]
   [Eden: 21.0M(21.0M)->0.0B(22.0M) Survivors: 4096.0K->3072.0K Heap: 200.0M(512.0M)->179.8M(512.0M)]
 [Times: user=0.05 sys=0.00, real=0.05 secs] 
2019-04-03T10:42:34.520+0900: 61830.838: [GC pause (G1 Evacuation Pause) (young), 0.0331696 secs]
   [Parallel Time: 32.5 ms, GC Workers: 1]
      [GC Worker Start (ms):  61830838.7]
      [Ext Root Scanning (ms):  2.5]
      [Update RS (ms):  5.6]
         [Processed Buffers:  38]
      [Scan RS (ms):  5.4]
      [Code Root Scanning (ms):  0.0]
      [Object Copy (ms):  19.0]
      [Termination (ms):  0.0]
         [Termination Attempts:  1]
      [GC Worker Other (ms):  0.0]
      [GC Worker Total (ms):  32.5]
      [GC Worker End (ms):  61830871.1]
   [Code Root Fixup: 0.0 ms]
   [Code Root Purge: 0.0 ms]
   [Clear CT: 0.0 ms]
   [Other: 0.6 ms]
      [Choose CSet: 0.0 ms]
      [Ref Proc: 0.2 ms]
      [Ref Enq: 0.0 ms]
      [Redirty Cards: 0.1 ms]
      [Humongous Register: 0.0 ms]
      [Humongous Reclaim: 0.0 ms]
      [Free CSet: 0.0 ms]
   [Eden: 22.0M(22.0M)->0.0B(22.0M) Survivors: 3072.0K->3072.0K Heap: 201.8M(512.0M)->179.8M(512.0M)]
 [Times: user=0.03 sys=0.00, real=0.03 secs] 
2019-04-03T10:44:26.845+0900: 61943.164: [GC pause (G1 Evacuation Pause) (young), 0.0399831 secs]
   [Parallel Time: 39.3 ms, GC Workers: 1]
      [GC Worker Start (ms):  61943164.1]
      [Ext Root Scanning (ms):  2.6]
      [Update RS (ms):  4.6]
         [Processed Buffers:  38]
      [Scan RS (ms):  5.2]
      [Code Root Scanning (ms):  0.0]
      [Object Copy (ms):  26.8]
      [Termination (ms):  0.0]
         [Termination Attempts:  1]
      [GC Worker Other (ms):  0.0]
      [GC Worker Total (ms):  39.1]
      [GC Worker End (ms):  61943203.3]
   [Code Root Fixup: 0.0 ms]
   [Code Root Purge: 0.0 ms]
   [Clear CT: 0.0 ms]
   [Other: 0.7 ms]
      [Choose CSet: 0.0 ms]
      [Ref Proc: 0.1 ms]
      [Ref Enq: 0.0 ms]
      [Redirty Cards: 0.1 ms]
      [Humongous Register: 0.1 ms]
      [Humongous Reclaim: 0.0 ms]
      [Free CSet: 0.0 ms]
   [Eden: 22.0M(22.0M)->0.0B(22.0M) Survivors: 3072.0K->3072.0K Heap: 201.8M(512.0M)->180.3M(512.0M)]
 [Times: user=0.04 sys=0.00, real=0.04 secs] 
2019-04-03T10:46:19.458+0900: 62055.777: [GC pause (G1 Evacuation Pause) (young), 0.0468600 secs]
   [Parallel Time: 46.1 ms, GC Workers: 1]
      [GC Worker Start (ms):  62055776.8]
      [Ext Root Scanning (ms):  2.4]
      [Update RS (ms):  4.4]
         [Processed Buffers:  36]
      [Scan RS (ms):  5.0]
      [Code Root Scanning (ms):  0.0]
      [Object Copy (ms):  34.2]
      [Termination (ms):  0.0]
         [Termination Attempts:  1]
      [GC Worker Other (ms):  0.0]
      [GC Worker Total (ms):  46.0]
      [GC Worker End (ms):  62055822.8]
   [Code Root Fixup: 0.0 ms]
   [Code Root Purge: 0.0 ms]
   [Clear CT: 0.1 ms]
   [Other: 0.7 ms]
      [Choose CSet: 0.0 ms]
      [Ref Proc: 0.3 ms]
      [Ref Enq: 0.0 ms]
      [Redirty Cards: 0.1 ms]
      [Humongous Register: 0.0 ms]
      [Humongous Reclaim: 0.0 ms]
      [Free CSet: 0.0 ms]
   [Eden: 22.0M(22.0M)->0.0B(21.0M) Survivors: 3072.0K->4096.0K Heap: 202.3M(512.0M)->181.8M(512.0M)]
 [Times: user=0.05 sys=0.00, real=0.04 secs] 
2019-04-03T10:48:07.232+0900: 62163.550: [GC pause (G1 Evacuation Pause) (young) (initial-mark), 0.0545263 secs]
   [Parallel Time: 53.7 ms, GC Workers: 1]
      [GC Worker Start (ms):  62163550.8]
      [Ext Root Scanning (ms):  3.4]
      [Update RS (ms):  5.2]
         [Processed Buffers:  34]
      [Scan RS (ms):  7.6]
      [Code Root Scanning (ms):  0.0]
      [Object Copy (ms):  37.3]
      [Termination (ms):  0.0]
         [Termination Attempts:  1]
      [GC Worker Other (ms):  0.0]
      [GC Worker Total (ms):  53.5]
      [GC Worker End (ms):  62163604.3]
   [Code Root Fixup: 0.0 ms]
   [Code Root Purge: 0.0 ms]
   [Clear CT: 0.1 ms]
   [Other: 0.8 ms]
      [Choose CSet: 0.0 ms]
      [Ref Proc: 0.2 ms]
      [Ref Enq: 0.0 ms]
      [Redirty Cards: 0.1 ms]
      [Humongous Register: 0.0 ms]
      [Humongous Reclaim: 0.0 ms]
      [Free CSet: 0.0 ms]
   [Eden: 21.0M(21.0M)->0.0B(21.0M) Survivors: 4096.0K->4096.0K Heap: 202.8M(512.0M)->183.0M(512.0M)]
 [Times: user=0.06 sys=0.00, real=0.06 secs] 
2019-04-03T10:48:07.287+0900: 62163.605: [GC concurrent-root-region-scan-start]
2019-04-03T10:48:07.323+0900: 62163.642: [GC concurrent-root-region-scan-end, 0.0363341 secs]
2019-04-03T10:48:07.323+0900: 62163.642: [GC concurrent-mark-start]
2019-04-03T10:48:07.411+0900: 62163.729: [GC concurrent-mark-end, 0.0878635 secs]
2019-04-03T10:48:07.411+0900: 62163.730: [GC remark 2019-04-03T10:48:07.411+0900: 62163.730: [Finalize Marking, 0.0003308 secs] 2019-04-03T10:48:07.412+0900: 62163.730: [GC ref-proc, 0.0007894 secs] 2019-04-03T10:48:07.412+0900: 62163.731: [Unloading, 0.0278435 secs], 0.0315165 secs]
 [Times: user=0.03 sys=0.00, real=0.03 secs] 
2019-04-03T10:48:07.444+0900: 62163.763: [GC cleanup 183M->181M(512M), 0.0017369 secs]
 [Times: user=0.00 sys=0.00, real=0.01 secs] 
2019-04-03T10:48:07.446+0900: 62163.765: [GC concurrent-cleanup-start]
2019-04-03T10:48:07.446+0900: 62163.765: [GC concurrent-cleanup-end, 0.0000332 secs]
2019-04-03T10:49:57.198+0900: 62273.516: [GC pause (G1 Evacuation Pause) (young), 0.0515079 secs]
   [Parallel Time: 50.7 ms, GC Workers: 1]
      [GC Worker Start (ms):  62273516.5]
      [Ext Root Scanning (ms):  2.4]
      [Update RS (ms):  5.5]
         [Processed Buffers:  36]
      [Scan RS (ms):  7.3]
      [Code Root Scanning (ms):  0.0]
      [Object Copy (ms):  35.4]
      [Termination (ms):  0.0]
         [Termination Attempts:  1]
      [GC Worker Other (ms):  0.0]
      [GC Worker Total (ms):  50.6]
      [GC Worker End (ms):  62273567.1]
   [Code Root Fixup: 0.1 ms]
   [Code Root Purge: 0.0 ms]
   [Clear CT: 0.1 ms]
   [Other: 0.6 ms]
      [Choose CSet: 0.0 ms]
      [Ref Proc: 0.2 ms]
      [Ref Enq: 0.0 ms]
      [Redirty Cards: 0.1 ms]
      [Humongous Register: 0.0 ms]
      [Humongous Reclaim: 0.0 ms]
      [Free CSet: 0.0 ms]
   [Eden: 21.0M(21.0M)->0.0B(21.0M) Survivors: 4096.0K->4096.0K Heap: 202.0M(512.0M)->182.3M(512.0M)]
 [Times: user=0.05 sys=0.00, real=0.05 secs] 
2019-04-03T10:51:43.939+0900: 62380.257: [GC pause (G1 Evacuation Pause) (mixed), 0.0414673 secs]
   [Parallel Time: 40.7 ms, GC Workers: 1]
      [GC Worker Start (ms):  62380257.6]
      [Ext Root Scanning (ms):  2.8]
      [Update RS (ms):  4.6]
         [Processed Buffers:  37]
      [Scan RS (ms):  10.0]
      [Code Root Scanning (ms):  0.0]
      [Object Copy (ms):  23.2]
      [Termination (ms):  0.0]
         [Termination Attempts:  1]
      [GC Worker Other (ms):  0.0]
      [GC Worker Total (ms):  40.6]
      [GC Worker End (ms):  62380298.2]
   [Code Root Fixup: 0.0 ms]
   [Code Root Purge: 0.0 ms]
   [Clear CT: 0.1 ms]
   [Other: 0.7 ms]
      [Choose CSet: 0.0 ms]
      [Ref Proc: 0.1 ms]
      [Ref Enq: 0.0 ms]
      [Redirty Cards: 0.1 ms]
      [Humongous Register: 0.0 ms]
      [Humongous Reclaim: 0.0 ms]
      [Free CSet: 0.1 ms]
   [Eden: 21.0M(21.0M)->0.0B(22.0M) Survivors: 4096.0K->3072.0K Heap: 203.3M(512.0M)->176.0M(512.0M)]
 [Times: user=0.04 sys=0.00, real=0.04 secs] 
2019-04-03T10:53:38.282+0900: 62494.601: [GC pause (G1 Evacuation Pause) (mixed), 0.0443823 secs]
   [Parallel Time: 43.7 ms, GC Workers: 1]
      [GC Worker Start (ms):  62494600.7]
      [Ext Root Scanning (ms):  2.7]
      [Update RS (ms):  4.8]
         [Processed Buffers:  37]
      [Scan RS (ms):  8.2]
      [Code Root Scanning (ms):  0.0]
      [Object Copy (ms):  27.8]
      [Termination (ms):  0.0]
         [Termination Attempts:  1]
      [GC Worker Other (ms):  0.0]
      [GC Worker Total (ms):  43.6]
      [GC Worker End (ms):  62494644.4]
   [Code Root Fixup: 0.0 ms]
   [Code Root Purge: 0.0 ms]
   [Clear CT: 0.1 ms]
   [Other: 0.6 ms]
      [Choose CSet: 0.0 ms]
      [Ref Proc: 0.1 ms]
      [Ref Enq: 0.0 ms]
      [Redirty Cards: 0.1 ms]
      [Humongous Register: 0.0 ms]
      [Humongous Reclaim: 0.0 ms]
      [Free CSet: 0.1 ms]
   [Eden: 22.0M(22.0M)->0.0B(21.0M) Survivors: 3072.0K->4096.0K Heap: 198.0M(512.0M)->171.5M(512.0M)]
 [Times: user=0.04 sys=0.00, real=0.05 secs] 
2019-04-03T10:55:28.985+0900: 62605.303: [GC pause (G1 Evacuation Pause) (mixed), 0.0619466 secs]
   [Parallel Time: 61.2 ms, GC Workers: 1]
      [GC Worker Start (ms):  62605303.3]
      [Ext Root Scanning (ms):  2.7]
      [Update RS (ms):  4.6]
         [Processed Buffers:  38]
      [Scan RS (ms):  9.3]
      [Code Root Scanning (ms):  0.0]
      [Object Copy (ms):  44.5]
      [Termination (ms):  0.0]
         [Termination Attempts:  1]
      [GC Worker Other (ms):  0.0]
      [GC Worker Total (ms):  61.1]
      [GC Worker End (ms):  62605364.5]
   [Code Root Fixup: 0.0 ms]
   [Code Root Purge: 0.0 ms]
   [Clear CT: 0.1 ms]
   [Other: 0.7 ms]
      [Choose CSet: 0.0 ms]
      [Ref Proc: 0.1 ms]
      [Ref Enq: 0.0 ms]
      [Redirty Cards: 0.1 ms]
      [Humongous Register: 0.0 ms]
      [Humongous Reclaim: 0.0 ms]
      [Free CSet: 0.1 ms]
   [Eden: 21.0M(21.0M)->0.0B(21.0M) Survivors: 4096.0K->4096.0K Heap: 192.5M(512.0M)->169.5M(512.0M)]
 [Times: user=0.05 sys=0.00, real=0.07 secs] 
2019-04-03T10:57:15.782+0900: 62712.100: [GC pause (G1 Evacuation Pause) (young), 0.0519311 secs]
   [Parallel Time: 51.3 ms, GC Workers: 1]
      [GC Worker Start (ms):  62712100.5]
      [Ext Root Scanning (ms):  2.9]
      [Update RS (ms):  4.9]
         [Processed Buffers:  37]
      [Scan RS (ms):  8.8]
      [Code Root Scanning (ms):  0.0]
      [Object Copy (ms):  34.5]
      [Termination (ms):  0.0]
         [Termination Attempts:  1]
      [GC Worker Other (ms):  0.0]
      [GC Worker Total (ms):  51.1]
      [GC Worker End (ms):  62712151.6]
   [Code Root Fixup: 0.0 ms]
   [Code Root Purge: 0.0 ms]
   [Clear CT: 0.1 ms]
   [Other: 0.6 ms]
      [Choose CSet: 0.0 ms]
      [Ref Proc: 0.1 ms]
      [Ref Enq: 0.0 ms]
      [Redirty Cards: 0.1 ms]
      [Humongous Register: 0.0 ms]
      [Humongous Reclaim: 0.0 ms]
      [Free CSet: 0.0 ms]
   [Eden: 21.0M(21.0M)->0.0B(21.0M) Survivors: 4096.0K->4096.0K Heap: 190.5M(512.0M)->170.5M(512.0M)]
 [Times: user=0.05 sys=0.00, real=0.05 secs] 
2019-04-03T10:59:05.105+0900: 62821.424: [GC pause (G1 Evacuation Pause) (young), 0.0399414 secs]
   [Parallel Time: 39.2 ms, GC Workers: 1]
      [GC Worker Start (ms):  62821423.9]
      [Ext Root Scanning (ms):  3.2]
      [Update RS (ms):  5.3]
         [Processed Buffers:  35]
      [Scan RS (ms):  7.1]
      [Code Root Scanning (ms):  0.0]
      [Object Copy (ms):  22.9]
      [Termination (ms):  0.0]
         [Termination Attempts:  1]
      [GC Worker Other (ms):  0.0]
      [GC Worker Total (ms):  38.5]
      [GC Worker End (ms):  62821462.4]
   [Code Root Fixup: 0.0 ms]
   [Code Root Purge: 0.0 ms]
   [Clear CT: 0.1 ms]
   [Other: 0.7 ms]
      [Choose CSet: 0.0 ms]
      [Ref Proc: 0.2 ms]
      [Ref Enq: 0.0 ms]
      [Redirty Cards: 0.1 ms]
      [Humongous Register: 0.0 ms]
      [Humongous Reclaim: 0.0 ms]
      [Free CSet: 0.0 ms]
   [Eden: 21.0M(21.0M)->0.0B(23.0M) Survivors: 4096.0K->2048.0K Heap: 191.5M(512.0M)->169.5M(512.0M)]
 [Times: user=0.04 sys=0.00, real=0.04 secs] 
2019-04-03T11:01:04.628+0900: 62940.947: [GC pause (G1 Evacuation Pause) (young), 0.0432340 secs]
   [Parallel Time: 42.5 ms, GC Workers: 1]
      [GC Worker Start (ms):  62940947.1]
      [Ext Root Scanning (ms):  2.4]
      [Update RS (ms):  10.0]
         [Processed Buffers:  42]
      [Scan RS (ms):  5.0]
      [Code Root Scanning (ms):  0.0]
      [Object Copy (ms):  25.0]
      [Termination (ms):  0.0]
         [Termination Attempts:  1]
      [GC Worker Other (ms):  0.0]
      [GC Worker Total (ms):  42.5]
      [GC Worker End (ms):  62940989.6]
   [Code Root Fixup: 0.0 ms]
   [Code Root Purge: 0.0 ms]
   [Clear CT: 0.1 ms]
   [Other: 0.6 ms]
      [Choose CSet: 0.0 ms]
      [Ref Proc: 0.2 ms]
      [Ref Enq: 0.0 ms]
      [Redirty Cards: 0.1 ms]
      [Humongous Register: 0.0 ms]
      [Humongous Reclaim: 0.0 ms]
      [Free CSet: 0.0 ms]
   [Eden: 23.0M(23.0M)->0.0B(22.0M) Survivors: 2048.0K->3072.0K Heap: 192.5M(512.0M)->170.5M(512.0M)]
 [Times: user=0.04 sys=0.00, real=0.04 secs] 
2019-04-03T11:02:57.231+0900: 63053.550: [GC pause (G1 Evacuation Pause) (young), 0.0508206 secs]
   [Parallel Time: 50.2 ms, GC Workers: 1]
      [GC Worker Start (ms):  63053550.1]
      [Ext Root Scanning (ms):  2.6]
      [Update RS (ms):  4.9]
         [Processed Buffers:  39]
      [Scan RS (ms):  6.4]
      [Code Root Scanning (ms):  0.0]
      [Object Copy (ms):  36.1]
      [Termination (ms):  0.0]
         [Termination Attempts:  1]
      [GC Worker Other (ms):  0.0]
      [GC Worker Total (ms):  50.1]
      [GC Worker End (ms):  63053600.2]
   [Code Root Fixup: 0.0 ms]
   [Code Root Purge: 0.0 ms]
   [Clear CT: 0.1 ms]
   [Other: 0.6 ms]
      [Choose CSet: 0.0 ms]
      [Ref Proc: 0.2 ms]
      [Ref Enq: 0.0 ms]
      [Redirty Cards: 0.1 ms]
      [Humongous Register: 0.0 ms]
      [Humongous Reclaim: 0.0 ms]
      [Free CSet: 0.0 ms]
   [Eden: 22.0M(22.0M)->0.0B(21.0M) Survivors: 3072.0K->4096.0K Heap: 192.5M(512.0M)->171.6M(512.0M)]
 [Times: user=0.05 sys=0.00, real=0.05 secs] 
2019-04-03T11:04:44.764+0900: 63161.082: [GC pause (G1 Evacuation Pause) (young), 0.0577887 secs]
   [Parallel Time: 57.2 ms, GC Workers: 1]
      [GC Worker Start (ms):  63161082.4]
      [Ext Root Scanning (ms):  2.6]
      [Update RS (ms):  6.7]
         [Processed Buffers:  36]
      [Scan RS (ms):  8.7]
      [Code Root Scanning (ms):  0.0]
      [Object Copy (ms):  39.1]
      [Termination (ms):  0.0]
         [Termination Attempts:  1]
      [GC Worker Other (ms):  0.0]
      [GC Worker Total (ms):  57.0]
      [GC Worker End (ms):  63161139.4]
   [Code Root Fixup: 0.0 ms]
   [Code Root Purge: 0.0 ms]
   [Clear CT: 0.1 ms]
   [Other: 0.6 ms]
      [Choose CSet: 0.0 ms]
      [Ref Proc: 0.1 ms]
      [Ref Enq: 0.0 ms]
      [Redirty Cards: 0.1 ms]
      [Humongous Register: 0.0 ms]
      [Humongous Reclaim: 0.0 ms]
      [Free CSet: 0.0 ms]
   [Eden: 21.0M(21.0M)->0.0B(22.0M) Survivors: 4096.0K->3072.0K Heap: 192.6M(512.0M)->173.2M(512.0M)]
 [Times: user=0.05 sys=0.00, real=0.06 secs] 
2019-04-03T11:06:38.840+0900: 63275.158: [GC pause (G1 Evacuation Pause) (young), 0.0435855 secs]
   [Parallel Time: 42.9 ms, GC Workers: 1]
      [GC Worker Start (ms):  63275158.4]
      [Ext Root Scanning (ms):  2.6]
      [Update RS (ms):  5.0]
         [Processed Buffers:  36]
      [Scan RS (ms):  6.8]
      [Code Root Scanning (ms):  0.0]
      [Object Copy (ms):  28.5]
      [Termination (ms):  0.0]
         [Termination Attempts:  1]
      [GC Worker Other (ms):  0.0]
      [GC Worker Total (ms):  42.8]
      [GC Worker End (ms):  63275201.3]
   [Code Root Fixup: 0.0 ms]
   [Code Root Purge: 0.0 ms]
   [Clear CT: 0.2 ms]
   [Other: 0.5 ms]
      [Choose CSet: 0.0 ms]
      [Ref Proc: 0.1 ms]
      [Ref Enq: 0.0 ms]
      [Redirty Cards: 0.1 ms]
      [Humongous Register: 0.0 ms]
      [Humongous Reclaim: 0.0 ms]
      [Free CSet: 0.0 ms]
   [Eden: 22.0M(22.0M)->0.0B(21.0M) Survivors: 3072.0K->4096.0K Heap: 195.2M(512.0M)->174.2M(512.0M)]
 [Times: user=0.04 sys=0.00, real=0.04 secs] 
2019-04-03T11:08:29.395+0900: 63385.714: [GC pause (G1 Evacuation Pause) (young), 0.0369122 secs]
   [Parallel Time: 35.2 ms, GC Workers: 1]
      [GC Worker Start (ms):  63385714.1]
      [Ext Root Scanning (ms):  2.5]
      [Update RS (ms):  4.1]
         [Processed Buffers:  37]
      [Scan RS (ms):  5.9]
      [Code Root Scanning (ms):  0.0]
      [Object Copy (ms):  22.6]
      [Termination (ms):  0.0]
         [Termination Attempts:  1]
      [GC Worker Other (ms):  0.0]
      [GC Worker Total (ms):  35.2]
      [GC Worker End (ms):  63385749.3]
   [Code Root Fixup: 0.0 ms]
   [Code Root Purge: 0.0 ms]
   [Clear CT: 0.1 ms]
   [Other: 1.6 ms]
      [Choose CSet: 0.0 ms]
      [Ref Proc: 1.2 ms]
      [Ref Enq: 0.0 ms]
      [Redirty Cards: 0.1 ms]
      [Humongous Register: 0.0 ms]
      [Humongous Reclaim: 0.0 ms]
      [Free CSet: 0.0 ms]
   [Eden: 21.0M(21.0M)->0.0B(22.0M) Survivors: 4096.0K->3072.0K Heap: 195.2M(512.0M)->174.3M(512.0M)]
 [Times: user=0.04 sys=0.00, real=0.04 secs] 
2019-04-03T11:10:22.895+0900: 63499.214: [GC pause (G1 Evacuation Pause) (young), 0.0431269 secs]
   [Parallel Time: 42.2 ms, GC Workers: 1]
      [GC Worker Start (ms):  63499214.3]
      [Ext Root Scanning (ms):  2.7]
      [Update RS (ms):  5.4]
         [Processed Buffers:  34]
      [Scan RS (ms):  7.4]
      [Code Root Scanning (ms):  0.0]
      [Object Copy (ms):  26.7]
      [Termination (ms):  0.0]
         [Termination Attempts:  1]
      [GC Worker Other (ms):  0.0]
      [GC Worker Total (ms):  42.2]
      [GC Worker End (ms):  63499256.5]
   [Code Root Fixup: 0.0 ms]
   [Code Root Purge: 0.0 ms]
   [Clear CT: 0.1 ms]
   [Other: 0.8 ms]
      [Choose CSet: 0.0 ms]
      [Ref Proc: 0.2 ms]
      [Ref Enq: 0.0 ms]
      [Redirty Cards: 0.1 ms]
      [Humongous Register: 0.0 ms]
      [Humongous Reclaim: 0.0 ms]
      [Free CSet: 0.0 ms]
   [Eden: 22.0M(22.0M)->0.0B(21.0M) Survivors: 3072.0K->4096.0K Heap: 196.3M(512.0M)->175.3M(512.0M)]
 [Times: user=0.04 sys=0.00, real=0.05 secs] 
2019-04-03T11:12:09.507+0900: 63605.825: [GC pause (G1 Evacuation Pause) (young), 0.0490926 secs]
   [Parallel Time: 48.5 ms, GC Workers: 1]
      [GC Worker Start (ms):  63605825.3]
      [Ext Root Scanning (ms):  2.6]
      [Update RS (ms):  5.4]
         [Processed Buffers:  39]
      [Scan RS (ms):  6.1]
      [Code Root Scanning (ms):  0.0]
      [Object Copy (ms):  34.2]
      [Termination (ms):  0.0]
         [Termination Attempts:  1]
      [GC Worker Other (ms):  0.0]
      [GC Worker Total (ms):  48.4]
      [GC Worker End (ms):  63605873.6]
   [Code Root Fixup: 0.0 ms]
   [Code Root Purge: 0.0 ms]
   [Clear CT: 0.1 ms]
   [Other: 0.6 ms]
      [Choose CSet: 0.0 ms]
      [Ref Proc: 0.1 ms]
      [Ref Enq: 0.0 ms]
      [Redirty Cards: 0.1 ms]
      [Humongous Register: 0.0 ms]
      [Humongous Reclaim: 0.0 ms]
      [Free CSet: 0.0 ms]
   [Eden: 21.0M(21.0M)->0.0B(21.0M) Survivors: 4096.0K->4096.0K Heap: 196.3M(512.0M)->176.2M(512.0M)]
 [Times: user=0.05 sys=0.00, real=0.05 secs] 
2019-04-03T11:13:59.560+0900: 63715.879: [GC pause (G1 Evacuation Pause) (young), 0.0529254 secs]
   [Parallel Time: 52.3 ms, GC Workers: 1]
      [GC Worker Start (ms):  63715879.2]
      [Ext Root Scanning (ms):  2.4]
      [Update RS (ms):  4.7]
         [Processed Buffers:  38]
      [Scan RS (ms):  6.8]
      [Code Root Scanning (ms):  0.0]
      [Object Copy (ms):  38.1]
      [Termination (ms):  0.0]
         [Termination Attempts:  1]
      [GC Worker Other (ms):  0.1]
      [GC Worker Total (ms):  52.2]
      [GC Worker End (ms):  63715931.4]
   [Code Root Fixup: 0.0 ms]
   [Code Root Purge: 0.0 ms]
   [Clear CT: 0.1 ms]
   [Other: 0.6 ms]
      [Choose CSet: 0.0 ms]
      [Ref Proc: 0.1 ms]
      [Ref Enq: 0.0 ms]
      [Redirty Cards: 0.1 ms]
      [Humongous Register: 0.0 ms]
      [Humongous Reclaim: 0.0 ms]
      [Free CSet: 0.0 ms]
   [Eden: 21.0M(21.0M)->0.0B(21.0M) Survivors: 4096.0K->4096.0K Heap: 197.2M(512.0M)->177.5M(512.0M)]
 [Times: user=0.06 sys=0.00, real=0.05 secs] 
2019-04-03T11:15:47.621+0900: 63823.939: [GC pause (G1 Evacuation Pause) (young), 0.0522609 secs]
   [Parallel Time: 51.6 ms, GC Workers: 1]
      [GC Worker Start (ms):  63823939.6]
      [Ext Root Scanning (ms):  2.4]
      [Update RS (ms):  4.9]
         [Processed Buffers:  37]
      [Scan RS (ms):  7.7]
      [Code Root Scanning (ms):  0.0]
      [Object Copy (ms):  36.4]
      [Termination (ms):  0.0]
         [Termination Attempts:  1]
      [GC Worker Other (ms):  0.0]
      [GC Worker Total (ms):  51.5]
      [GC Worker End (ms):  63823991.1]
   [Code Root Fixup: 0.0 ms]
   [Code Root Purge: 0.0 ms]
   [Clear CT: 0.1 ms]
   [Other: 0.6 ms]
      [Choose CSet: 0.0 ms]
      [Ref Proc: 0.1 ms]
      [Ref Enq: 0.0 ms]
      [Redirty Cards: 0.1 ms]
      [Humongous Register: 0.0 ms]
      [Humongous Reclaim: 0.0 ms]
      [Free CSet: 0.0 ms]
   [Eden: 21.0M(21.0M)->0.0B(21.0M) Survivors: 4096.0K->4096.0K Heap: 198.5M(512.0M)->178.5M(512.0M)]
 [Times: user=0.05 sys=0.00, real=0.05 secs] 
2019-04-03T11:17:36.262+0900: 63932.580: [GC pause (G1 Evacuation Pause) (young), 0.0418546 secs]
   [Parallel Time: 41.0 ms, GC Workers: 1]
      [GC Worker Start (ms):  63932580.9]
      [Ext Root Scanning (ms):  2.5]
      [Update RS (ms):  5.3]
         [Processed Buffers:  40]
      [Scan RS (ms):  7.3]
      [Code Root Scanning (ms):  0.0]
      [Object Copy (ms):  25.6]
      [Termination (ms):  0.0]
         [Termination Attempts:  1]
      [GC Worker Other (ms):  0.0]
      [GC Worker Total (ms):  40.8]
      [GC Worker End (ms):  63932621.7]
   [Code Root Fixup: 0.0 ms]
   [Code Root Purge: 0.0 ms]
   [Clear CT: 0.1 ms]
   [Other: 0.8 ms]
      [Choose CSet: 0.0 ms]
      [Ref Proc: 0.1 ms]
      [Ref Enq: 0.0 ms]
      [Redirty Cards: 0.1 ms]
      [Humongous Register: 0.0 ms]
      [Humongous Reclaim: 0.0 ms]
      [Free CSet: 0.0 ms]
   [Eden: 21.0M(21.0M)->0.0B(22.0M) Survivors: 4096.0K->3072.0K Heap: 199.5M(512.0M)->178.0M(512.0M)]
 [Times: user=0.04 sys=0.00, real=0.04 secs] 
2019-04-03T11:19:31.742+0900: 64048.060: [GC pause (G1 Evacuation Pause) (young), 0.0465017 secs]
   [Parallel Time: 45.7 ms, GC Workers: 1]
      [GC Worker Start (ms):  64048060.6]
      [Ext Root Scanning (ms):  2.6]
      [Update RS (ms):  5.0]
         [Processed Buffers:  35]
      [Scan RS (ms):  7.3]
      [Code Root Scanning (ms):  0.0]
      [Object Copy (ms):  30.8]
      [Termination (ms):  0.0]
         [Termination Attempts:  1]
      [GC Worker Other (ms):  0.0]
      [GC Worker Total (ms):  45.6]
      [GC Worker End (ms):  64048106.3]
   [Code Root Fixup: 0.0 ms]
   [Code Root Purge: 0.0 ms]
   [Clear CT: 0.1 ms]
   [Other: 0.7 ms]
      [Choose CSet: 0.0 ms]
      [Ref Proc: 0.2 ms]
      [Ref Enq: 0.0 ms]
      [Redirty Cards: 0.1 ms]
      [Humongous Register: 0.0 ms]
      [Humongous Reclaim: 0.0 ms]
      [Free CSet: 0.0 ms]
   [Eden: 22.0M(22.0M)->0.0B(21.0M) Survivors: 3072.0K->4096.0K Heap: 200.0M(512.0M)->179.0M(512.0M)]
 [Times: user=0.04 sys=0.00, real=0.05 secs] 
2019-04-03T11:21:18.227+0900: 64154.546: [GC pause (G1 Evacuation Pause) (young), 0.0603091 secs]
   [Parallel Time: 59.5 ms, GC Workers: 1]
      [GC Worker Start (ms):  64154545.9]
      [Ext Root Scanning (ms):  2.4]
      [Update RS (ms):  4.5]
         [Processed Buffers:  38]
      [Scan RS (ms):  6.7]
      [Code Root Scanning (ms):  0.0]
      [Object Copy (ms):  45.8]
      [Termination (ms):  0.0]
         [Termination Attempts:  1]
      [GC Worker Other (ms):  0.0]
      [GC Worker Total (ms):  59.3]
      [GC Worker End (ms):  64154605.2]
   [Code Root Fixup: 0.0 ms]
   [Code Root Purge: 0.0 ms]
   [Clear CT: 0.0 ms]
   [Other: 0.8 ms]
      [Choose CSet: 0.0 ms]
      [Ref Proc: 0.1 ms]
      [Ref Enq: 0.0 ms]
      [Redirty Cards: 0.1 ms]
      [Humongous Register: 0.0 ms]
      [Humongous Reclaim: 0.0 ms]
      [Free CSet: 0.0 ms]
   [Eden: 21.0M(21.0M)->0.0B(21.0M) Survivors: 4096.0K->4096.0K Heap: 200.0M(512.0M)->180.1M(512.0M)]
 [Times: user=0.05 sys=0.00, real=0.06 secs] 
2019-04-03T11:23:06.300+0900: 64262.618: [GC pause (G1 Evacuation Pause) (young), 0.0723777 secs]
   [Parallel Time: 71.6 ms, GC Workers: 1]
      [GC Worker Start (ms):  64262618.3]
      [Ext Root Scanning (ms):  2.6]
      [Update RS (ms):  8.6]
         [Processed Buffers:  36]
      [Scan RS (ms):  15.8]
      [Code Root Scanning (ms):  0.0]
      [Object Copy (ms):  44.5]
      [Termination (ms):  0.0]
         [Termination Attempts:  1]
      [GC Worker Other (ms):  0.0]
      [GC Worker Total (ms):  71.6]
      [GC Worker End (ms):  64262689.9]
   [Code Root Fixup: 0.0 ms]
   [Code Root Purge: 0.0 ms]
   [Clear CT: 0.1 ms]
   [Other: 0.7 ms]
      [Choose CSet: 0.0 ms]
      [Ref Proc: 0.2 ms]
      [Ref Enq: 0.0 ms]
      [Redirty Cards: 0.1 ms]
      [Humongous Register: 0.0 ms]
      [Humongous Reclaim: 0.0 ms]
      [Free CSet: 0.0 ms]
   [Eden: 21.0M(21.0M)->0.0B(21.0M) Survivors: 4096.0K->4096.0K Heap: 201.1M(512.0M)->181.5M(512.0M)]
 [Times: user=0.05 sys=0.00, real=0.07 secs] 
2019-04-03T11:24:55.681+0900: 64371.999: [GC pause (G1 Evacuation Pause) (young), 0.0404301 secs]
   [Parallel Time: 39.6 ms, GC Workers: 1]
      [GC Worker Start (ms):  64371999.7]
      [Ext Root Scanning (ms):  2.4]
      [Update RS (ms):  6.5]
         [Processed Buffers:  32]
      [Scan RS (ms):  8.7]
      [Code Root Scanning (ms):  0.0]
      [Object Copy (ms):  21.8]
      [Termination (ms):  0.0]
         [Termination Attempts:  1]
      [GC Worker Other (ms):  0.0]
      [GC Worker Total (ms):  39.5]
      [GC Worker End (ms):  64372039.2]
   [Code Root Fixup: 0.0 ms]
   [Code Root Purge: 0.0 ms]
   [Clear CT: 0.1 ms]
   [Other: 0.8 ms]
      [Choose CSet: 0.0 ms]
      [Ref Proc: 0.1 ms]
      [Ref Enq: 0.0 ms]
      [Redirty Cards: 0.1 ms]
      [Humongous Register: 0.0 ms]
      [Humongous Reclaim: 0.0 ms]
      [Free CSet: 0.1 ms]
   [Eden: 21.0M(21.0M)->0.0B(22.0M) Survivors: 4096.0K->3072.0K Heap: 202.5M(512.0M)->181.0M(512.0M)]
 [Times: user=0.04 sys=0.00, real=0.04 secs] 
2019-04-03T11:26:48.906+0900: 64485.225: [GC pause (G1 Evacuation Pause) (young) (initial-mark), 0.0460421 secs]
   [Parallel Time: 45.4 ms, GC Workers: 1]
      [GC Worker Start (ms):  64485224.8]
      [Ext Root Scanning (ms):  3.4]
      [Update RS (ms):  4.9]
         [Processed Buffers:  37]
      [Scan RS (ms):  7.6]
      [Code Root Scanning (ms):  0.0]
      [Object Copy (ms):  29.3]
      [Termination (ms):  0.0]
         [Termination Attempts:  1]
      [GC Worker Other (ms):  0.0]
      [GC Worker Total (ms):  45.3]
      [GC Worker End (ms):  64485270.1]
   [Code Root Fixup: 0.0 ms]
   [Code Root Purge: 0.0 ms]
   [Clear CT: 0.1 ms]
   [Other: 0.6 ms]
      [Choose CSet: 0.0 ms]
      [Ref Proc: 0.2 ms]
      [Ref Enq: 0.0 ms]
      [Redirty Cards: 0.1 ms]
      [Humongous Register: 0.0 ms]
      [Humongous Reclaim: 0.0 ms]
      [Free CSet: 0.0 ms]
   [Eden: 22.0M(22.0M)->0.0B(21.0M) Survivors: 3072.0K->4096.0K Heap: 203.0M(512.0M)->182.0M(512.0M)]
 [Times: user=0.04 sys=0.00, real=0.04 secs] 
2019-04-03T11:26:48.953+0900: 64485.271: [GC concurrent-root-region-scan-start]
2019-04-03T11:26:48.978+0900: 64485.296: [GC concurrent-root-region-scan-end, 0.0251643 secs]
2019-04-03T11:26:48.978+0900: 64485.296: [GC concurrent-mark-start]
2019-04-03T11:26:49.048+0900: 64485.366: [GC concurrent-mark-end, 0.0697910 secs]
2019-04-03T11:26:49.048+0900: 64485.366: [GC remark 2019-04-03T11:26:49.048+0900: 64485.366: [Finalize Marking, 0.0004664 secs] 2019-04-03T11:26:49.048+0900: 64485.367: [GC ref-proc, 0.0018568 secs] 2019-04-03T11:26:49.050+0900: 64485.369: [Unloading, 0.0318329 secs], 0.0373155 secs]
 [Times: user=0.04 sys=0.00, real=0.04 secs] 
2019-04-03T11:26:49.086+0900: 64485.405: [GC cleanup 182M->181M(512M), 0.0020076 secs]
 [Times: user=0.00 sys=0.00, real=0.00 secs] 
2019-04-03T11:26:49.088+0900: 64485.407: [GC concurrent-cleanup-start]
2019-04-03T11:26:49.088+0900: 64485.407: [GC concurrent-cleanup-end, 0.0001327 secs]
2019-04-03T11:28:37.794+0900: 64594.112: [GC pause (G1 Evacuation Pause) (young), 0.0482814 secs]
   [Parallel Time: 47.7 ms, GC Workers: 1]
      [GC Worker Start (ms):  64594112.6]
      [Ext Root Scanning (ms):  2.6]
      [Update RS (ms):  4.8]
         [Processed Buffers:  38]
      [Scan RS (ms):  7.3]
      [Code Root Scanning (ms):  0.0]
      [Object Copy (ms):  32.8]
      [Termination (ms):  0.0]
         [Termination Attempts:  1]
      [GC Worker Other (ms):  0.0]
      [GC Worker Total (ms):  47.6]
      [GC Worker End (ms):  64594160.1]
   [Code Root Fixup: 0.0 ms]
   [Code Root Purge: 0.0 ms]
   [Clear CT: 0.1 ms]
   [Other: 0.6 ms]
      [Choose CSet: 0.0 ms]
      [Ref Proc: 0.1 ms]
      [Ref Enq: 0.0 ms]
      [Redirty Cards: 0.1 ms]
      [Humongous Register: 0.0 ms]
      [Humongous Reclaim: 0.0 ms]
      [Free CSet: 0.0 ms]
   [Eden: 21.0M(21.0M)->0.0B(21.0M) Survivors: 4096.0K->4096.0K Heap: 202.0M(512.0M)->181.9M(512.0M)]
 [Times: user=0.04 sys=0.00, real=0.05 secs] 
2019-04-03T11:30:27.973+0900: 64704.291: [GC pause (G1 Evacuation Pause) (mixed), 0.0518351 secs]
   [Parallel Time: 51.0 ms, GC Workers: 1]
      [GC Worker Start (ms):  64704291.8]
      [Ext Root Scanning (ms):  2.7]
      [Update RS (ms):  4.7]
         [Processed Buffers:  37]
      [Scan RS (ms):  8.9]
      [Code Root Scanning (ms):  0.0]
      [Object Copy (ms):  34.5]
      [Termination (ms):  0.0]
         [Termination Attempts:  1]
      [GC Worker Other (ms):  0.0]
      [GC Worker Total (ms):  50.9]
      [GC Worker End (ms):  64704342.7]
   [Code Root Fixup: 0.0 ms]
   [Code Root Purge: 0.0 ms]
   [Clear CT: 0.1 ms]
   [Other: 0.7 ms]
      [Choose CSet: 0.0 ms]
      [Ref Proc: 0.1 ms]
      [Ref Enq: 0.0 ms]
      [Redirty Cards: 0.1 ms]
      [Humongous Register: 0.0 ms]
      [Humongous Reclaim: 0.0 ms]
      [Free CSet: 0.1 ms]
   [Eden: 21.0M(21.0M)->0.0B(21.0M) Survivors: 4096.0K->4096.0K Heap: 202.9M(512.0M)->177.0M(512.0M)]
 [Times: user=0.06 sys=0.00, real=0.05 secs] 
2019-04-03T11:32:15.494+0900: 64811.812: [GC pause (G1 Evacuation Pause) (mixed), 0.0793299 secs]
   [Parallel Time: 78.4 ms, GC Workers: 1]
      [GC Worker Start (ms):  64811812.5]
      [Ext Root Scanning (ms):  2.9]
      [Update RS (ms):  5.9]
         [Processed Buffers:  32]
      [Scan RS (ms):  10.9]
      [Code Root Scanning (ms):  0.2]
      [Object Copy (ms):  58.4]
      [Termination (ms):  0.0]
         [Termination Attempts:  1]
      [GC Worker Other (ms):  0.0]
      [GC Worker Total (ms):  78.3]
      [GC Worker End (ms):  64811890.8]
   [Code Root Fixup: 0.0 ms]
   [Code Root Purge: 0.0 ms]
   [Clear CT: 0.1 ms]
   [Other: 0.8 ms]
      [Choose CSet: 0.0 ms]
      [Ref Proc: 0.3 ms]
      [Ref Enq: 0.0 ms]
      [Redirty Cards: 0.1 ms]
      [Humongous Register: 0.0 ms]
      [Humongous Reclaim: 0.0 ms]
      [Free CSet: 0.1 ms]
   [Eden: 21.0M(21.0M)->0.0B(21.0M) Survivors: 4096.0K->4096.0K Heap: 198.0M(512.0M)->172.5M(512.0M)]
 [Times: user=0.06 sys=0.00, real=0.08 secs] 
2019-04-03T11:33:41.608+0900: 64897.927: [GC pause (G1 Evacuation Pause) (mixed), 0.0818388 secs]
   [Parallel Time: 80.9 ms, GC Workers: 1]
      [GC Worker Start (ms):  64897926.9]
      [Ext Root Scanning (ms):  2.6]
      [Update RS (ms):  5.6]
         [Processed Buffers:  43]
      [Scan RS (ms):  15.1]
      [Code Root Scanning (ms):  0.0]
      [Object Copy (ms):  57.6]
      [Termination (ms):  0.0]
         [Termination Attempts:  1]
      [GC Worker Other (ms):  0.0]
      [GC Worker Total (ms):  80.9]
      [GC Worker End (ms):  64898007.8]
   [Code Root Fixup: 0.0 ms]
   [Code Root Purge: 0.0 ms]
   [Clear CT: 0.1 ms]
   [Other: 0.8 ms]
      [Choose CSet: 0.0 ms]
      [Ref Proc: 0.1 ms]
      [Ref Enq: 0.0 ms]
      [Redirty Cards: 0.1 ms]
      [Humongous Register: 0.0 ms]
      [Humongous Reclaim: 0.0 ms]
      [Free CSet: 0.2 ms]
   [Eden: 21.0M(21.0M)->0.0B(21.0M) Survivors: 4096.0K->4096.0K Heap: 193.5M(512.0M)->172.0M(512.0M)]
 [Times: user=0.08 sys=0.00, real=0.08 secs] 
2019-04-03T11:35:32.433+0900: 65008.751: [GC pause (G1 Evacuation Pause) (young), 0.0732935 secs]
   [Parallel Time: 72.3 ms, GC Workers: 1]
      [GC Worker Start (ms):  65008751.4]
      [Ext Root Scanning (ms):  2.5]
      [Update RS (ms):  5.3]
         [Processed Buffers:  46]
      [Scan RS (ms):  13.8]
      [Code Root Scanning (ms):  0.0]
      [Object Copy (ms):  50.3]
      [Termination (ms):  0.0]
         [Termination Attempts:  1]
      [GC Worker Other (ms):  0.0]
      [GC Worker Total (ms):  72.0]
      [GC Worker End (ms):  65008823.3]
   [Code Root Fixup: 0.0 ms]
   [Code Root Purge: 0.0 ms]
   [Clear CT: 0.1 ms]
   [Other: 0.9 ms]
      [Choose CSet: 0.0 ms]
      [Ref Proc: 0.3 ms]
      [Ref Enq: 0.0 ms]
      [Redirty Cards: 0.2 ms]
      [Humongous Register: 0.0 ms]
      [Humongous Reclaim: 0.0 ms]
      [Free CSet: 0.0 ms]
   [Eden: 21.0M(21.0M)->0.0B(23.0M) Survivors: 4096.0K->2048.0K Heap: 193.0M(512.0M)->174.0M(512.0M)]
 [Times: user=0.07 sys=0.00, real=0.08 secs] 
2019-04-03T11:37:30.584+0900: 65126.903: [GC pause (G1 Evacuation Pause) (young), 0.0329547 secs]
   [Parallel Time: 32.2 ms, GC Workers: 1]
      [GC Worker Start (ms):  65126903.0]
      [Ext Root Scanning (ms):  2.6]
      [Update RS (ms):  5.3]
         [Processed Buffers:  47]
      [Scan RS (ms):  4.6]
      [Code Root Scanning (ms):  0.0]
      [Object Copy (ms):  19.6]
      [Termination (ms):  0.0]
         [Termination Attempts:  1]
      [GC Worker Other (ms):  0.0]
      [GC Worker Total (ms):  32.1]
      [GC Worker End (ms):  65126935.1]
   [Code Root Fixup: 0.0 ms]
   [Code Root Purge: 0.0 ms]
   [Clear CT: 0.1 ms]
   [Other: 0.7 ms]
      [Choose CSet: 0.0 ms]
      [Ref Proc: 0.2 ms]
      [Ref Enq: 0.0 ms]
      [Redirty Cards: 0.0 ms]
      [Humongous Register: 0.0 ms]
      [Humongous Reclaim: 0.0 ms]
      [Free CSet: 0.0 ms]
   [Eden: 23.0M(23.0M)->0.0B(22.0M) Survivors: 2048.0K->3072.0K Heap: 197.0M(512.0M)->175.0M(512.0M)]
 [Times: user=0.03 sys=0.00, real=0.04 secs] 
2019-04-03T11:39:23.138+0900: 65239.456: [GC pause (G1 Evacuation Pause) (young), 0.0390606 secs]
   [Parallel Time: 38.3 ms, GC Workers: 1]
      [GC Worker Start (ms):  65239456.8]
      [Ext Root Scanning (ms):  2.6]
      [Update RS (ms):  2.2]
         [Processed Buffers:  36]
      [Scan RS (ms):  4.8]
      [Code Root Scanning (ms):  0.0]
      [Object Copy (ms):  28.6]
      [Termination (ms):  0.0]
         [Termination Attempts:  1]
      [GC Worker Other (ms):  0.0]
      [GC Worker Total (ms):  38.3]
      [GC Worker End (ms):  65239495.0]
   [Code Root Fixup: 0.0 ms]
   [Code Root Purge: 0.0 ms]
   [Clear CT: 0.1 ms]
   [Other: 0.6 ms]
      [Choose CSet: 0.0 ms]
      [Ref Proc: 0.1 ms]
      [Ref Enq: 0.0 ms]
      [Redirty Cards: 0.0 ms]
      [Humongous Register: 0.0 ms]
      [Humongous Reclaim: 0.0 ms]
      [Free CSet: 0.0 ms]
   [Eden: 22.0M(22.0M)->0.0B(21.0M) Survivors: 3072.0K->4096.0K Heap: 197.0M(512.0M)->176.0M(512.0M)]
 [Times: user=0.04 sys=0.00, real=0.04 secs] 
2019-04-03T11:41:11.223+0900: 65347.541: [GC pause (G1 Evacuation Pause) (young), 0.0352448 secs]
   [Parallel Time: 34.6 ms, GC Workers: 1]
      [GC Worker Start (ms):  65347541.3]
      [Ext Root Scanning (ms):  3.0]
      [Update RS (ms):  2.4]
         [Processed Buffers:  36]
      [Scan RS (ms):  7.6]
      [Code Root Scanning (ms):  0.0]
      [Object Copy (ms):  21.4]
      [Termination (ms):  0.0]
         [Termination Attempts:  1]
      [GC Worker Other (ms):  0.0]
      [GC Worker Total (ms):  34.5]
      [GC Worker End (ms):  65347575.8]
   [Code Root Fixup: 0.0 ms]
   [Code Root Purge: 0.0 ms]
   [Clear CT: 0.1 ms]
   [Other: 0.6 ms]
      [Choose CSet: 0.0 ms]
      [Ref Proc: 0.2 ms]
      [Ref Enq: 0.0 ms]
      [Redirty Cards: 0.1 ms]
      [Humongous Register: 0.0 ms]
      [Humongous Reclaim: 0.0 ms]
      [Free CSet: 0.0 ms]
   [Eden: 21.0M(21.0M)->0.0B(23.0M) Survivors: 4096.0K->2048.0K Heap: 197.0M(512.0M)->175.1M(512.0M)]
 [Times: user=0.04 sys=0.00, real=0.04 secs] 
2019-04-03T11:43:09.313+0900: 65465.631: [GC pause (G1 Evacuation Pause) (young), 0.0347376 secs]
   [Parallel Time: 34.0 ms, GC Workers: 1]
      [GC Worker Start (ms):  65465631.4]
      [Ext Root Scanning (ms):  2.5]
      [Update RS (ms):  5.1]
         [Processed Buffers:  38]
      [Scan RS (ms):  5.9]
      [Code Root Scanning (ms):  0.0]
      [Object Copy (ms):  20.4]
      [Termination (ms):  0.0]
         [Termination Attempts:  1]
      [GC Worker Other (ms):  0.0]
      [GC Worker Total (ms):  34.0]
      [GC Worker End (ms):  65465665.4]
   [Code Root Fixup: 0.0 ms]
   [Code Root Purge: 0.0 ms]
   [Clear CT: 0.1 ms]
   [Other: 0.6 ms]
      [Choose CSet: 0.0 ms]
      [Ref Proc: 0.2 ms]
      [Ref Enq: 0.0 ms]
      [Redirty Cards: 0.1 ms]
      [Humongous Register: 0.0 ms]
      [Humongous Reclaim: 0.0 ms]
      [Free CSet: 0.0 ms]
   [Eden: 23.0M(23.0M)->0.0B(22.0M) Survivors: 2048.0K->3072.0K Heap: 198.1M(512.0M)->176.6M(512.0M)]
 [Times: user=0.03 sys=0.00, real=0.04 secs] 
2019-04-03T11:45:05.097+0900: 65581.416: [GC pause (G1 Evacuation Pause) (young), 0.0507043 secs]
   [Parallel Time: 49.8 ms, GC Workers: 1]
      [GC Worker Start (ms):  65581416.1]
      [Ext Root Scanning (ms):  2.7]
      [Update RS (ms):  7.6]
         [Processed Buffers:  36]
      [Scan RS (ms):  5.4]
      [Code Root Scanning (ms):  0.0]
      [Object Copy (ms):  34.1]
      [Termination (ms):  0.0]
         [Termination Attempts:  1]
      [GC Worker Other (ms):  0.0]
      [GC Worker Total (ms):  49.7]
      [GC Worker End (ms):  65581465.9]
   [Code Root Fixup: 0.0 ms]
   [Code Root Purge: 0.0 ms]
   [Clear CT: 0.0 ms]
   [Other: 0.8 ms]
      [Choose CSet: 0.0 ms]
      [Ref Proc: 0.1 ms]
      [Ref Enq: 0.0 ms]
      [Redirty Cards: 0.1 ms]
      [Humongous Register: 0.0 ms]
      [Humongous Reclaim: 0.0 ms]
      [Free CSet: 0.0 ms]
   [Eden: 22.0M(22.0M)->0.0B(21.0M) Survivors: 3072.0K->4096.0K Heap: 198.6M(512.0M)->177.7M(512.0M)]
 [Times: user=0.04 sys=0.00, real=0.05 secs] 
2019-04-03T11:46:52.571+0900: 65688.890: [GC pause (G1 Evacuation Pause) (young), 0.0534698 secs]
   [Parallel Time: 52.7 ms, GC Workers: 1]
      [GC Worker Start (ms):  65688889.9]
      [Ext Root Scanning (ms):  2.6]
      [Update RS (ms):  5.4]
         [Processed Buffers:  35]
      [Scan RS (ms):  6.6]
      [Code Root Scanning (ms):  0.0]
      [Object Copy (ms):  38.1]
      [Termination (ms):  0.0]
         [Termination Attempts:  1]
      [GC Worker Other (ms):  0.0]
      [GC Worker Total (ms):  52.7]
      [GC Worker End (ms):  65688942.5]
   [Code Root Fixup: 0.0 ms]
   [Code Root Purge: 0.0 ms]
   [Clear CT: 0.1 ms]
   [Other: 0.7 ms]
      [Choose CSet: 0.0 ms]
      [Ref Proc: 0.2 ms]
      [Ref Enq: 0.0 ms]
      [Redirty Cards: 0.1 ms]
      [Humongous Register: 0.0 ms]
      [Humongous Reclaim: 0.0 ms]
      [Free CSet: 0.0 ms]
   [Eden: 21.0M(21.0M)->0.0B(22.0M) Survivors: 4096.0K->3072.0K Heap: 198.7M(512.0M)->178.3M(512.0M)]
 [Times: user=0.05 sys=0.00, real=0.05 secs] 
2019-04-03T11:48:45.904+0900: 65802.222: [GC pause (G1 Evacuation Pause) (young), 0.0549660 secs]
   [Parallel Time: 54.3 ms, GC Workers: 1]
      [GC Worker Start (ms):  65802222.5]
      [Ext Root Scanning (ms):  2.6]
      [Update RS (ms):  4.5]
         [Processed Buffers:  37]
      [Scan RS (ms):  16.2]
      [Code Root Scanning (ms):  0.0]
      [Object Copy (ms):  30.9]
      [Termination (ms):  0.0]
         [Termination Attempts:  1]
      [GC Worker Other (ms):  0.0]
      [GC Worker Total (ms):  54.2]
      [GC Worker End (ms):  65802276.7]
   [Code Root Fixup: 0.0 ms]
   [Code Root Purge: 0.0 ms]
   [Clear CT: 0.1 ms]
   [Other: 0.6 ms]
      [Choose CSet: 0.0 ms]
      [Ref Proc: 0.2 ms]
      [Ref Enq: 0.0 ms]
      [Redirty Cards: 0.1 ms]
      [Humongous Register: 0.0 ms]
      [Humongous Reclaim: 0.0 ms]
      [Free CSet: 0.0 ms]
   [Eden: 22.0M(22.0M)->0.0B(21.0M) Survivors: 3072.0K->4096.0K Heap: 200.3M(512.0M)->179.3M(512.0M)]
 [Times: user=0.04 sys=0.00, real=0.06 secs] 
2019-04-03T11:50:35.136+0900: 65911.454: [GC pause (G1 Evacuation Pause) (young), 0.0435594 secs]
   [Parallel Time: 42.5 ms, GC Workers: 1]
      [GC Worker Start (ms):  65911454.6]
      [Ext Root Scanning (ms):  2.4]
      [Update RS (ms):  5.8]
         [Processed Buffers:  36]
      [Scan RS (ms):  6.3]
      [Code Root Scanning (ms):  0.0]
      [Object Copy (ms):  27.3]
      [Termination (ms):  0.0]
         [Termination Attempts:  1]
      [GC Worker Other (ms):  0.0]
      [GC Worker Total (ms):  41.8]
      [GC Worker End (ms):  65911496.4]
   [Code Root Fixup: 0.0 ms]
   [Code Root Purge: 0.0 ms]
   [Clear CT: 0.1 ms]
   [Other: 1.0 ms]
      [Choose CSet: 0.0 ms]
      [Ref Proc: 0.2 ms]
      [Ref Enq: 0.0 ms]
      [Redirty Cards: 0.1 ms]
      [Humongous Register: 0.0 ms]
      [Humongous Reclaim: 0.0 ms]
      [Free CSet: 0.2 ms]
   [Eden: 21.0M(21.0M)->0.0B(22.0M) Survivors: 4096.0K->3072.0K Heap: 200.3M(512.0M)->179.1M(512.0M)]
 [Times: user=0.04 sys=0.00, real=0.04 secs] 
2019-04-03T11:52:29.013+0900: 66025.331: [GC pause (G1 Evacuation Pause) (young), 0.0460111 secs]
   [Parallel Time: 45.3 ms, GC Workers: 1]
      [GC Worker Start (ms):  66025331.4]
      [Ext Root Scanning (ms):  2.6]
      [Update RS (ms):  4.8]
         [Processed Buffers:  36]
      [Scan RS (ms):  8.3]
      [Code Root Scanning (ms):  0.0]
      [Object Copy (ms):  29.6]
      [Termination (ms):  0.0]
         [Termination Attempts:  1]
      [GC Worker Other (ms):  0.0]
      [GC Worker Total (ms):  45.3]
      [GC Worker End (ms):  66025376.7]
   [Code Root Fixup: 0.0 ms]
   [Code Root Purge: 0.0 ms]
   [Clear CT: 0.1 ms]
   [Other: 0.6 ms]
      [Choose CSet: 0.0 ms]
      [Ref Proc: 0.2 ms]
      [Ref Enq: 0.0 ms]
      [Redirty Cards: 0.1 ms]
      [Humongous Register: 0.0 ms]
      [Humongous Reclaim: 0.0 ms]
      [Free CSet: 0.0 ms]
   [Eden: 22.0M(22.0M)->0.0B(21.0M) Survivors: 3072.0K->4096.0K Heap: 201.1M(512.0M)->180.1M(512.0M)]
 [Times: user=0.04 sys=0.00, real=0.05 secs] 
2019-04-03T11:54:15.300+0900: 66131.618: [GC pause (G1 Evacuation Pause) (young), 0.0509976 secs]
   [Parallel Time: 50.4 ms, GC Workers: 1]
      [GC Worker Start (ms):  66131618.4]
      [Ext Root Scanning (ms):  2.4]
      [Update RS (ms):  5.1]
         [Processed Buffers:  38]
      [Scan RS (ms):  7.8]
      [Code Root Scanning (ms):  0.0]
      [Object Copy (ms):  34.9]
      [Termination (ms):  0.0]
         [Termination Attempts:  1]
      [GC Worker Other (ms):  0.0]
      [GC Worker Total (ms):  50.3]
      [GC Worker End (ms):  66131668.7]
   [Code Root Fixup: 0.0 ms]
   [Code Root Purge: 0.0 ms]
   [Clear CT: 0.1 ms]
   [Other: 0.6 ms]
      [Choose CSet: 0.0 ms]
      [Ref Proc: 0.2 ms]
      [Ref Enq: 0.0 ms]
      [Redirty Cards: 0.1 ms]
      [Humongous Register: 0.0 ms]
      [Humongous Reclaim: 0.0 ms]
      [Free CSet: 0.0 ms]
   [Eden: 21.0M(21.0M)->0.0B(21.0M) Survivors: 4096.0K->4096.0K Heap: 201.1M(512.0M)->181.2M(512.0M)]
 [Times: user=0.05 sys=0.00, real=0.05 secs] 
2019-04-03T11:56:05.096+0900: 66241.414: [GC pause (G1 Evacuation Pause) (young), 0.0612247 secs]
   [Parallel Time: 60.5 ms, GC Workers: 1]
      [GC Worker Start (ms):  66241414.6]
      [Ext Root Scanning (ms):  2.4]
      [Update RS (ms):  4.6]
         [Processed Buffers:  37]
      [Scan RS (ms):  7.0]
      [Code Root Scanning (ms):  0.0]
      [Object Copy (ms):  45.8]
      [Termination (ms):  0.0]
         [Termination Attempts:  1]
      [GC Worker Other (ms):  0.0]
      [GC Worker Total (ms):  59.8]
      [GC Worker End (ms):  66241474.4]
   [Code Root Fixup: 0.0 ms]
   [Code Root Purge: 0.0 ms]
   [Clear CT: 0.1 ms]
   [Other: 0.7 ms]
      [Choose CSet: 0.0 ms]
      [Ref Proc: 0.2 ms]
      [Ref Enq: 0.0 ms]
      [Redirty Cards: 0.1 ms]
      [Humongous Register: 0.1 ms]
      [Humongous Reclaim: 0.0 ms]
      [Free CSet: 0.0 ms]
   [Eden: 21.0M(21.0M)->0.0B(21.0M) Survivors: 4096.0K->4096.0K Heap: 202.2M(512.0M)->182.5M(512.0M)]
 [Times: user=0.06 sys=0.00, real=0.06 secs] 
2019-04-03T11:57:52.570+0900: 66348.889: [GC pause (G1 Evacuation Pause) (young) (initial-mark), 0.0354334 secs]
   [Parallel Time: 34.6 ms, GC Workers: 1]
      [GC Worker Start (ms):  66348889.3]
      [Ext Root Scanning (ms):  3.3]
      [Update RS (ms):  4.6]
         [Processed Buffers:  37]
      [Scan RS (ms):  7.4]
      [Code Root Scanning (ms):  0.0]
      [Object Copy (ms):  19.1]
      [Termination (ms):  0.0]
         [Termination Attempts:  1]
      [GC Worker Other (ms):  0.0]
      [GC Worker Total (ms):  34.5]
      [GC Worker End (ms):  66348923.8]
   [Code Root Fixup: 0.0 ms]
   [Code Root Purge: 0.0 ms]
   [Clear CT: 0.0 ms]
   [Other: 0.8 ms]
      [Choose CSet: 0.0 ms]
      [Ref Proc: 0.1 ms]
      [Ref Enq: 0.0 ms]
      [Redirty Cards: 0.1 ms]
      [Humongous Register: 0.0 ms]
      [Humongous Reclaim: 0.0 ms]
      [Free CSet: 0.1 ms]
   [Eden: 21.0M(21.0M)->0.0B(23.0M) Survivors: 4096.0K->2048.0K Heap: 203.5M(512.0M)->181.5M(512.0M)]
 [Times: user=0.03 sys=0.00, real=0.04 secs] 
2019-04-03T11:57:52.606+0900: 66348.925: [GC concurrent-root-region-scan-start]
2019-04-03T11:57:52.632+0900: 66348.951: [GC concurrent-root-region-scan-end, 0.0263673 secs]
2019-04-03T11:57:52.632+0900: 66348.951: [GC concurrent-mark-start]
2019-04-03T11:57:52.710+0900: 66349.029: [GC concurrent-mark-end, 0.0779903 secs]
2019-04-03T11:57:52.711+0900: 66349.029: [GC remark 2019-04-03T11:57:52.711+0900: 66349.029: [Finalize Marking, 0.0005018 secs] 2019-04-03T11:57:52.711+0900: 66349.030: [GC ref-proc, 0.0009552 secs] 2019-04-03T11:57:52.712+0900: 66349.031: [Unloading, 0.0344970 secs], 0.0391370 secs]
 [Times: user=0.04 sys=0.00, real=0.04 secs] 
2019-04-03T11:57:52.751+0900: 66349.069: [GC cleanup 181M->178M(512M), 0.0020993 secs]
 [Times: user=0.01 sys=0.00, real=0.00 secs] 
2019-04-03T11:57:52.753+0900: 66349.071: [GC concurrent-cleanup-start]
2019-04-03T11:57:52.753+0900: 66349.071: [GC concurrent-cleanup-end, 0.0000385 secs]
2019-04-03T11:59:50.790+0900: 66467.108: [GC pause (G1 Evacuation Pause) (young), 0.0393883 secs]
   [Parallel Time: 38.6 ms, GC Workers: 1]
      [GC Worker Start (ms):  66467108.4]
      [Ext Root Scanning (ms):  2.5]
      [Update RS (ms):  4.9]
         [Processed Buffers:  35]
      [Scan RS (ms):  7.6]
      [Code Root Scanning (ms):  0.0]
      [Object Copy (ms):  23.4]
      [Termination (ms):  0.0]
         [Termination Attempts:  1]
      [GC Worker Other (ms):  0.0]
      [GC Worker Total (ms):  38.5]
      [GC Worker End (ms):  66467146.9]
   [Code Root Fixup: 0.0 ms]
   [Code Root Purge: 0.0 ms]
   [Clear CT: 0.1 ms]
   [Other: 0.7 ms]
      [Choose CSet: 0.0 ms]
      [Ref Proc: 0.2 ms]
      [Ref Enq: 0.0 ms]
      [Redirty Cards: 0.2 ms]
      [Humongous Register: 0.1 ms]
      [Humongous Reclaim: 0.0 ms]
      [Free CSet: 0.0 ms]
   [Eden: 23.0M(23.0M)->0.0B(22.0M) Survivors: 2048.0K->3072.0K Heap: 201.5M(512.0M)->179.5M(512.0M)]
 [Times: user=0.04 sys=0.00, real=0.04 secs] 
2019-04-03T12:01:43.754+0900: 66580.073: [GC pause (G1 Evacuation Pause) (mixed), 0.0568651 secs]
   [Parallel Time: 56.1 ms, GC Workers: 1]
      [GC Worker Start (ms):  66580072.8]
      [Ext Root Scanning (ms):  2.7]
      [Update RS (ms):  4.4]
         [Processed Buffers:  36]
      [Scan RS (ms):  8.3]
      [Code Root Scanning (ms):  0.0]
      [Object Copy (ms):  40.6]
      [Termination (ms):  0.0]
         [Termination Attempts:  1]
      [GC Worker Other (ms):  0.0]
      [GC Worker Total (ms):  56.1]
      [GC Worker End (ms):  66580128.8]
   [Code Root Fixup: 0.0 ms]
   [Code Root Purge: 0.0 ms]
   [Clear CT: 0.1 ms]
   [Other: 0.6 ms]
      [Choose CSet: 0.0 ms]
      [Ref Proc: 0.2 ms]
      [Ref Enq: 0.0 ms]
      [Redirty Cards: 0.1 ms]
      [Humongous Register: 0.0 ms]
      [Humongous Reclaim: 0.0 ms]
      [Free CSet: 0.1 ms]
   [Eden: 22.0M(22.0M)->0.0B(21.0M) Survivors: 3072.0K->4096.0K Heap: 201.5M(512.0M)->174.4M(512.0M)]
 [Times: user=0.05 sys=0.00, real=0.06 secs] 
2019-04-03T12:03:35.092+0900: 66691.410: [GC pause (G1 Evacuation Pause) (mixed), 0.0762715 secs]
   [Parallel Time: 75.1 ms, GC Workers: 1]
      [GC Worker Start (ms):  66691410.5]
      [Ext Root Scanning (ms):  2.7]
      [Update RS (ms):  9.5]
         [Processed Buffers:  35]
      [Scan RS (ms):  9.1]
      [Code Root Scanning (ms):  0.0]
      [Object Copy (ms):  53.2]
      [Termination (ms):  0.0]
         [Termination Attempts:  1]
      [GC Worker Other (ms):  0.0]
      [GC Worker Total (ms):  74.5]
      [GC Worker End (ms):  66691485.0]
   [Code Root Fixup: 0.0 ms]
   [Code Root Purge: 0.0 ms]
   [Clear CT: 0.3 ms]
   [Other: 0.9 ms]
      [Choose CSet: 0.0 ms]
      [Ref Proc: 0.2 ms]
      [Ref Enq: 0.0 ms]
      [Redirty Cards: 0.1 ms]
      [Humongous Register: 0.0 ms]
      [Humongous Reclaim: 0.0 ms]
      [Free CSet: 0.3 ms]
   [Eden: 21.0M(21.0M)->0.0B(22.0M) Survivors: 4096.0K->3072.0K Heap: 195.4M(512.0M)->169.4M(512.0M)]
 [Times: user=0.06 sys=0.00, real=0.08 secs] 
2019-04-03T12:05:27.973+0900: 66804.292: [GC pause (G1 Evacuation Pause) (mixed), 0.0462161 secs]
   [Parallel Time: 45.4 ms, GC Workers: 1]
      [GC Worker Start (ms):  66804292.3]
      [Ext Root Scanning (ms):  2.5]
      [Update RS (ms):  7.2]
         [Processed Buffers:  40]
      [Scan RS (ms):  7.6]
      [Code Root Scanning (ms):  0.0]
      [Object Copy (ms):  28.0]
      [Termination (ms):  0.0]
         [Termination Attempts:  1]
      [GC Worker Other (ms):  0.0]
      [GC Worker Total (ms):  45.3]
      [GC Worker End (ms):  66804337.6]
   [Code Root Fixup: 0.0 ms]
   [Code Root Purge: 0.0 ms]
   [Clear CT: 0.1 ms]
   [Other: 0.8 ms]
      [Choose CSet: 0.0 ms]
      [Ref Proc: 0.1 ms]
      [Ref Enq: 0.0 ms]
      [Redirty Cards: 0.1 ms]
      [Humongous Register: 0.0 ms]
      [Humongous Reclaim: 0.0 ms]
      [Free CSet: 0.1 ms]
   [Eden: 22.0M(22.0M)->0.0B(21.0M) Survivors: 3072.0K->4096.0K Heap: 191.4M(512.0M)->169.0M(512.0M)]
 [Times: user=0.05 sys=0.00, real=0.05 secs] 
2019-04-03T12:07:14.634+0900: 66910.953: [GC pause (G1 Evacuation Pause) (young), 0.0344132 secs]
   [Parallel Time: 33.7 ms, GC Workers: 1]
      [GC Worker Start (ms):  66910952.7]
      [Ext Root Scanning (ms):  2.7]
      [Update RS (ms):  4.2]
         [Processed Buffers:  34]
      [Scan RS (ms):  6.4]
      [Code Root Scanning (ms):  0.0]
      [Object Copy (ms):  20.3]
      [Termination (ms):  0.0]
         [Termination Attempts:  1]
      [GC Worker Other (ms):  0.0]
      [GC Worker Total (ms):  33.6]
      [GC Worker End (ms):  66910986.3]
   [Code Root Fixup: 0.0 ms]
   [Code Root Purge: 0.0 ms]
   [Clear CT: 0.1 ms]
   [Other: 0.6 ms]
      [Choose CSet: 0.0 ms]
      [Ref Proc: 0.2 ms]
      [Ref Enq: 0.0 ms]
      [Redirty Cards: 0.1 ms]
      [Humongous Register: 0.0 ms]
      [Humongous Reclaim: 0.0 ms]
      [Free CSet: 0.0 ms]
   [Eden: 21.0M(21.0M)->0.0B(23.0M) Survivors: 4096.0K->2048.0K Heap: 190.0M(512.0M)->168.7M(512.0M)]
 [Times: user=0.03 sys=0.00, real=0.04 secs] 
2019-04-03T12:09:12.973+0900: 67029.292: [GC pause (G1 Evacuation Pause) (young), 0.0385374 secs]
   [Parallel Time: 37.8 ms, GC Workers: 1]
      [GC Worker Start (ms):  67029291.9]
      [Ext Root Scanning (ms):  2.4]
      [Update RS (ms):  5.2]
         [Processed Buffers:  33]
      [Scan RS (ms):  6.3]
      [Code Root Scanning (ms):  0.0]
      [Object Copy (ms):  23.7]
      [Termination (ms):  0.0]
         [Termination Attempts:  1]
      [GC Worker Other (ms):  0.0]
      [GC Worker Total (ms):  37.7]
      [GC Worker End (ms):  67029329.6]
   [Code Root Fixup: 0.0 ms]
   [Code Root Purge: 0.0 ms]
   [Clear CT: 0.1 ms]
   [Other: 0.7 ms]
      [Choose CSet: 0.0 ms]
      [Ref Proc: 0.2 ms]
      [Ref Enq: 0.0 ms]
      [Redirty Cards: 0.1 ms]
      [Humongous Register: 0.0 ms]
      [Humongous Reclaim: 0.0 ms]
      [Free CSet: 0.0 ms]
   [Eden: 23.0M(23.0M)->0.0B(22.0M) Survivors: 2048.0K->3072.0K Heap: 191.7M(512.0M)->169.7M(512.0M)]
 [Times: user=0.03 sys=0.00, real=0.04 secs] 
2019-04-03T12:11:06.851+0900: 67143.169: [GC pause (G1 Evacuation Pause) (young), 0.0496529 secs]
   [Parallel Time: 48.9 ms, GC Workers: 1]
      [GC Worker Start (ms):  67143169.3]
      [Ext Root Scanning (ms):  2.8]
      [Update RS (ms):  5.2]
         [Processed Buffers:  37]
      [Scan RS (ms):  6.7]
      [Code Root Scanning (ms):  0.0]
      [Object Copy (ms):  34.1]
      [Termination (ms):  0.0]
         [Termination Attempts:  1]
      [GC Worker Other (ms):  0.0]
      [GC Worker Total (ms):  48.8]
      [GC Worker End (ms):  67143218.1]
   [Code Root Fixup: 0.0 ms]
   [Code Root Purge: 0.0 ms]
   [Clear CT: 0.1 ms]
   [Other: 0.7 ms]
      [Choose CSet: 0.0 ms]
      [Ref Proc: 0.3 ms]
      [Ref Enq: 0.0 ms]
      [Redirty Cards: 0.1 ms]
      [Humongous Register: 0.0 ms]
      [Humongous Reclaim: 0.0 ms]
      [Free CSet: 0.0 ms]
   [Eden: 22.0M(22.0M)->0.0B(21.0M) Survivors: 3072.0K->4096.0K Heap: 191.7M(512.0M)->171.1M(512.0M)]
 [Times: user=0.05 sys=0.00, real=0.05 secs] 
2019-04-03T12:12:55.089+0900: 67251.407: [GC pause (G1 Evacuation Pause) (young), 0.0507608 secs]
   [Parallel Time: 50.0 ms, GC Workers: 1]
      [GC Worker Start (ms):  67251407.8]
      [Ext Root Scanning (ms):  2.4]
      [Update RS (ms):  4.7]
         [Processed Buffers:  35]
      [Scan RS (ms):  6.9]
      [Code Root Scanning (ms):  0.0]
      [Object Copy (ms):  35.9]
      [Termination (ms):  0.0]
         [Termination Attempts:  1]
      [GC Worker Other (ms):  0.0]
      [GC Worker Total (ms):  49.9]
      [GC Worker End (ms):  67251457.7]
   [Code Root Fixup: 0.0 ms]
   [Code Root Purge: 0.0 ms]
   [Clear CT: 0.1 ms]
   [Other: 0.7 ms]
      [Choose CSet: 0.0 ms]
      [Ref Proc: 0.1 ms]
      [Ref Enq: 0.0 ms]
      [Redirty Cards: 0.1 ms]
      [Humongous Register: 0.0 ms]
      [Humongous Reclaim: 0.0 ms]
      [Free CSet: 0.0 ms]
   [Eden: 21.0M(21.0M)->0.0B(22.0M) Survivors: 4096.0K->3072.0K Heap: 192.1M(512.0M)->172.2M(512.0M)]
 [Times: user=0.05 sys=0.00, real=0.05 secs] 
2019-04-03T12:14:47.997+0900: 67364.316: [GC pause (G1 Evacuation Pause) (young), 0.0311263 secs]
   [Parallel Time: 30.4 ms, GC Workers: 1]
      [GC Worker Start (ms):  67364315.9]
      [Ext Root Scanning (ms):  2.6]
      [Update RS (ms):  5.3]
         [Processed Buffers:  37]
      [Scan RS (ms):  6.1]
      [Code Root Scanning (ms):  0.0]
      [Object Copy (ms):  16.2]
      [Termination (ms):  0.0]
         [Termination Attempts:  1]
      [GC Worker Other (ms):  0.0]
      [GC Worker Total (ms):  30.3]
      [GC Worker End (ms):  67364346.1]
   [Code Root Fixup: 0.0 ms]
   [Code Root Purge: 0.0 ms]
   [Clear CT: 0.1 ms]
   [Other: 0.7 ms]
      [Choose CSet: 0.0 ms]
      [Ref Proc: 0.2 ms]
      [Ref Enq: 0.0 ms]
      [Redirty Cards: 0.1 ms]
      [Humongous Register: 0.0 ms]
      [Humongous Reclaim: 0.0 ms]
      [Free CSet: 0.0 ms]
   [Eden: 22.0M(22.0M)->0.0B(22.0M) Survivors: 3072.0K->3072.0K Heap: 194.2M(512.0M)->172.2M(512.0M)]
 [Times: user=0.03 sys=0.00, real=0.03 secs] 
2019-04-03T12:16:42.973+0900: 67479.292: [GC pause (G1 Evacuation Pause) (young), 0.0391618 secs]
   [Parallel Time: 38.6 ms, GC Workers: 1]
      [GC Worker Start (ms):  67479291.7]
      [Ext Root Scanning (ms):  2.5]
      [Update RS (ms):  4.6]
         [Processed Buffers:  34]
      [Scan RS (ms):  6.1]
      [Code Root Scanning (ms):  0.0]
      [Object Copy (ms):  25.3]
      [Termination (ms):  0.0]
         [Termination Attempts:  1]
      [GC Worker Other (ms):  0.0]
      [GC Worker Total (ms):  38.5]
      [GC Worker End (ms):  67479330.2]
   [Code Root Fixup: 0.0 ms]
   [Code Root Purge: 0.0 ms]
   [Clear CT: 0.0 ms]
   [Other: 0.5 ms]
      [Choose CSet: 0.0 ms]
      [Ref Proc: 0.1 ms]
      [Ref Enq: 0.0 ms]
      [Redirty Cards: 0.1 ms]
      [Humongous Register: 0.0 ms]
      [Humongous Reclaim: 0.0 ms]
      [Free CSet: 0.0 ms]
   [Eden: 22.0M(22.0M)->0.0B(22.0M) Survivors: 3072.0K->3072.0K Heap: 194.2M(512.0M)->172.7M(512.0M)]
 [Times: user=0.04 sys=0.00, real=0.04 secs] 
2019-04-03T12:18:36.565+0900: 67592.883: [GC pause (G1 Evacuation Pause) (young), 0.0495453 secs]
   [Parallel Time: 48.8 ms, GC Workers: 1]
      [GC Worker Start (ms):  67592883.3]
      [Ext Root Scanning (ms):  2.7]
      [Update RS (ms):  4.9]
         [Processed Buffers:  35]
      [Scan RS (ms):  5.9]
      [Code Root Scanning (ms):  0.0]
      [Object Copy (ms):  34.7]
      [Termination (ms):  0.0]
         [Termination Attempts:  1]
      [GC Worker Other (ms):  0.6]
      [GC Worker Total (ms):  48.7]
      [GC Worker End (ms):  67592932.0]
   [Code Root Fixup: 0.0 ms]
   [Code Root Purge: 0.0 ms]
   [Clear CT: 0.1 ms]
   [Other: 0.6 ms]
      [Choose CSet: 0.0 ms]
      [Ref Proc: 0.2 ms]
      [Ref Enq: 0.0 ms]
      [Redirty Cards: 0.1 ms]
      [Humongous Register: 0.0 ms]
      [Humongous Reclaim: 0.0 ms]
      [Free CSet: 0.0 ms]
   [Eden: 22.0M(22.0M)->0.0B(21.0M) Survivors: 3072.0K->4096.0K Heap: 194.7M(512.0M)->174.2M(512.0M)]
 [Times: user=0.05 sys=0.00, real=0.05 secs] 
2019-04-03T12:20:25.173+0900: 67701.491: [GC pause (G1 Evacuation Pause) (young), 0.0541053 secs]
   [Parallel Time: 53.3 ms, GC Workers: 1]
      [GC Worker Start (ms):  67701491.7]
      [Ext Root Scanning (ms):  2.6]
      [Update RS (ms):  6.3]
         [Processed Buffers:  38]
      [Scan RS (ms):  8.3]
      [Code Root Scanning (ms):  0.0]
      [Object Copy (ms):  36.1]
      [Termination (ms):  0.0]
         [Termination Attempts:  1]
      [GC Worker Other (ms):  0.0]
      [GC Worker Total (ms):  53.3]
      [GC Worker End (ms):  67701544.9]
   [Code Root Fixup: 0.0 ms]
   [Code Root Purge: 0.0 ms]
   [Clear CT: 0.1 ms]
   [Other: 0.7 ms]
      [Choose CSet: 0.0 ms]
      [Ref Proc: 0.1 ms]
      [Ref Enq: 0.0 ms]
      [Redirty Cards: 0.1 ms]
      [Humongous Register: 0.0 ms]
      [Humongous Reclaim: 0.0 ms]
      [Free CSet: 0.0 ms]
   [Eden: 21.0M(21.0M)->0.0B(21.0M) Survivors: 4096.0K->4096.0K Heap: 195.2M(512.0M)->175.5M(512.0M)]
 [Times: user=0.05 sys=0.00, real=0.06 secs] 
2019-04-03T12:22:12.950+0900: 67809.269: [GC pause (G1 Evacuation Pause) (young), 0.0548817 secs]
   [Parallel Time: 54.1 ms, GC Workers: 1]
      [GC Worker Start (ms):  67809269.2]
      [Ext Root Scanning (ms):  2.4]
      [Update RS (ms):  4.7]
         [Processed Buffers:  33]
      [Scan RS (ms):  6.8]
      [Code Root Scanning (ms):  0.0]
      [Object Copy (ms):  40.0]
      [Termination (ms):  0.0]
         [Termination Attempts:  1]
      [GC Worker Other (ms):  0.0]
      [GC Worker Total (ms):  54.0]
      [GC Worker End (ms):  67809323.2]
   [Code Root Fixup: 0.0 ms]
   [Code Root Purge: 0.0 ms]
   [Clear CT: 0.1 ms]
   [Other: 0.7 ms]
      [Choose CSet: 0.0 ms]
      [Ref Proc: 0.1 ms]
      [Ref Enq: 0.0 ms]
      [Redirty Cards: 0.1 ms]
      [Humongous Register: 0.0 ms]
      [Humongous Reclaim: 0.0 ms]
      [Free CSet: 0.0 ms]
   [Eden: 21.0M(21.0M)->0.0B(21.0M) Survivors: 4096.0K->4096.0K Heap: 196.5M(512.0M)->176.9M(512.0M)]
 [Times: user=0.05 sys=0.00, real=0.06 secs] 
2019-04-03T12:24:02.974+0900: 67919.293: [GC pause (G1 Evacuation Pause) (young), 0.0392177 secs]
   [Parallel Time: 38.5 ms, GC Workers: 1]
      [GC Worker Start (ms):  67919292.9]
      [Ext Root Scanning (ms):  2.4]
      [Update RS (ms):  4.7]
         [Processed Buffers:  37]
      [Scan RS (ms):  7.5]
      [Code Root Scanning (ms):  0.0]
      [Object Copy (ms):  23.8]
      [Termination (ms):  0.0]
         [Termination Attempts:  1]
      [GC Worker Other (ms):  0.0]
      [GC Worker Total (ms):  38.4]
      [GC Worker End (ms):  67919331.3]
   [Code Root Fixup: 0.1 ms]
   [Code Root Purge: 0.0 ms]
   [Clear CT: 0.1 ms]
   [Other: 0.6 ms]
      [Choose CSet: 0.0 ms]
      [Ref Proc: 0.1 ms]
      [Ref Enq: 0.0 ms]
      [Redirty Cards: 0.1 ms]
      [Humongous Register: 0.0 ms]
      [Humongous Reclaim: 0.0 ms]
      [Free CSet: 0.0 ms]
   [Eden: 21.0M(21.0M)->0.0B(22.0M) Survivors: 4096.0K->3072.0K Heap: 197.9M(512.0M)->176.4M(512.0M)]
 [Times: user=0.04 sys=0.00, real=0.04 secs] 
2019-04-03T12:25:55.812+0900: 68032.131: [GC pause (G1 Evacuation Pause) (young), 0.0407885 secs]
   [Parallel Time: 40.0 ms, GC Workers: 1]
      [GC Worker Start (ms):  68032130.9]
      [Ext Root Scanning (ms):  2.5]
      [Update RS (ms):  4.8]
         [Processed Buffers:  37]
      [Scan RS (ms):  6.9]
      [Code Root Scanning (ms):  0.0]
      [Object Copy (ms):  25.5]
      [Termination (ms):  0.0]
         [Termination Attempts:  1]
      [GC Worker Other (ms):  0.1]
      [GC Worker Total (ms):  40.0]
      [GC Worker End (ms):  68032170.9]
   [Code Root Fixup: 0.0 ms]
   [Code Root Purge: 0.0 ms]
   [Clear CT: 0.1 ms]
   [Other: 0.7 ms]
      [Choose CSet: 0.0 ms]
      [Ref Proc: 0.2 ms]
      [Ref Enq: 0.0 ms]
      [Redirty Cards: 0.1 ms]
      [Humongous Register: 0.0 ms]
      [Humongous Reclaim: 0.0 ms]
      [Free CSet: 0.0 ms]
   [Eden: 22.0M(22.0M)->0.0B(21.0M) Survivors: 3072.0K->4096.0K Heap: 198.4M(512.0M)->177.4M(512.0M)]
 [Times: user=0.04 sys=0.00, real=0.04 secs] 
2019-04-03T12:27:43.522+0900: 68139.841: [GC pause (G1 Evacuation Pause) (young), 0.0605233 secs]
   [Parallel Time: 59.8 ms, GC Workers: 1]
      [GC Worker Start (ms):  68139841.2]
      [Ext Root Scanning (ms):  6.7]
      [Update RS (ms):  7.7]
         [Processed Buffers:  36]
      [Scan RS (ms):  8.7]
      [Code Root Scanning (ms):  0.0]
      [Object Copy (ms):  36.5]
      [Termination (ms):  0.0]
         [Termination Attempts:  1]
      [GC Worker Other (ms):  0.0]
      [GC Worker Total (ms):  59.7]
      [GC Worker End (ms):  68139900.9]
   [Code Root Fixup: 0.0 ms]
   [Code Root Purge: 0.0 ms]
   [Clear CT: 0.1 ms]
   [Other: 0.6 ms]
      [Choose CSet: 0.0 ms]
      [Ref Proc: 0.1 ms]
      [Ref Enq: 0.0 ms]
      [Redirty Cards: 0.1 ms]
      [Humongous Register: 0.0 ms]
      [Humongous Reclaim: 0.0 ms]
      [Free CSet: 0.0 ms]
   [Eden: 21.0M(21.0M)->0.0B(21.0M) Survivors: 4096.0K->4096.0K Heap: 198.4M(512.0M)->178.5M(512.0M)]
 [Times: user=0.06 sys=0.00, real=0.06 secs] 
2019-04-03T12:29:34.937+0900: 68251.255: [GC pause (G1 Evacuation Pause) (young), 0.0570542 secs]
   [Parallel Time: 56.4 ms, GC Workers: 1]
      [GC Worker Start (ms):  68251255.3]
      [Ext Root Scanning (ms):  2.5]
      [Update RS (ms):  5.0]
         [Processed Buffers:  37]
      [Scan RS (ms):  8.3]
      [Code Root Scanning (ms):  0.0]
      [Object Copy (ms):  40.5]
      [Termination (ms):  0.0]
         [Termination Attempts:  1]
      [GC Worker Other (ms):  0.0]
      [GC Worker Total (ms):  56.3]
      [GC Worker End (ms):  68251311.6]
   [Code Root Fixup: 0.0 ms]
   [Code Root Purge: 0.0 ms]
   [Clear CT: 0.1 ms]
   [Other: 0.6 ms]
      [Choose CSet: 0.0 ms]
      [Ref Proc: 0.2 ms]
      [Ref Enq: 0.0 ms]
      [Redirty Cards: 0.1 ms]
      [Humongous Register: 0.0 ms]
      [Humongous Reclaim: 0.0 ms]
      [Free CSet: 0.0 ms]
   [Eden: 21.0M(21.0M)->0.0B(21.0M) Survivors: 4096.0K->4096.0K Heap: 199.5M(512.0M)->180.0M(512.0M)]
 [Times: user=0.06 sys=0.00, real=0.05 secs] 
2019-04-03T12:31:21.155+0900: 68357.474: [GC pause (G1 Evacuation Pause) (young), 0.0375858 secs]
   [Parallel Time: 36.9 ms, GC Workers: 1]
      [GC Worker Start (ms):  68357474.0]
      [Ext Root Scanning (ms):  2.6]
      [Update RS (ms):  4.9]
         [Processed Buffers:  37]
      [Scan RS (ms):  9.4]
      [Code Root Scanning (ms):  0.0]
      [Object Copy (ms):  19.8]
      [Termination (ms):  0.0]
         [Termination Attempts:  1]
      [GC Worker Other (ms):  0.0]
      [GC Worker Total (ms):  36.8]
      [GC Worker End (ms):  68357510.8]
   [Code Root Fixup: 0.0 ms]
   [Code Root Purge: 0.0 ms]
   [Clear CT: 0.1 ms]
   [Other: 0.6 ms]
      [Choose CSet: 0.0 ms]
      [Ref Proc: 0.2 ms]
      [Ref Enq: 0.0 ms]
      [Redirty Cards: 0.1 ms]
      [Humongous Register: 0.0 ms]
      [Humongous Reclaim: 0.0 ms]
      [Free CSet: 0.0 ms]
   [Eden: 21.0M(21.0M)->0.0B(23.0M) Survivors: 4096.0K->2048.0K Heap: 201.0M(512.0M)->179.0M(512.0M)]
 [Times: user=0.03 sys=0.00, real=0.03 secs] 
2019-04-03T12:32:57.802+0900: 68454.121: [GC pause (G1 Evacuation Pause) (young), 0.0845374 secs]
   [Parallel Time: 83.7 ms, GC Workers: 1]
      [GC Worker Start (ms):  68454121.0]
      [Ext Root Scanning (ms):  2.5]
      [Update RS (ms):  6.2]
         [Processed Buffers:  44]
      [Scan RS (ms):  15.1]
      [Code Root Scanning (ms):  0.0]
      [Object Copy (ms):  59.9]
      [Termination (ms):  0.0]
         [Termination Attempts:  1]
      [GC Worker Other (ms):  0.0]
      [GC Worker Total (ms):  83.7]
      [GC Worker End (ms):  68454204.6]
   [Code Root Fixup: 0.0 ms]
   [Code Root Purge: 0.0 ms]
   [Clear CT: 0.1 ms]
   [Other: 0.7 ms]
      [Choose CSet: 0.0 ms]
      [Ref Proc: 0.1 ms]
      [Ref Enq: 0.0 ms]
      [Redirty Cards: 0.1 ms]
      [Humongous Register: 0.0 ms]
      [Humongous Reclaim: 0.0 ms]
      [Free CSet: 0.1 ms]
   [Eden: 23.0M(23.0M)->0.0B(21.0M) Survivors: 2048.0K->4096.0K Heap: 202.0M(512.0M)->183.5M(512.0M)]
 [Times: user=0.08 sys=0.00, real=0.09 secs] 
2019-04-03T12:34:45.385+0900: 68561.704: [GC pause (G1 Evacuation Pause) (young) (initial-mark), 0.0722081 secs]
   [Parallel Time: 71.5 ms, GC Workers: 1]
      [GC Worker Start (ms):  68561704.3]
      [Ext Root Scanning (ms):  5.6]
      [Update RS (ms):  5.4]
         [Processed Buffers:  47]
      [Scan RS (ms):  11.9]
      [Code Root Scanning (ms):  0.0]
      [Object Copy (ms):  48.1]
      [Termination (ms):  0.0]
         [Termination Attempts:  1]
      [GC Worker Other (ms):  0.1]
      [GC Worker Total (ms):  71.2]
      [GC Worker End (ms):  68561775.5]
   [Code Root Fixup: 0.0 ms]
   [Code Root Purge: 0.0 ms]
   [Clear CT: 0.1 ms]
   [Other: 0.6 ms]
      [Choose CSet: 0.0 ms]
      [Ref Proc: 0.1 ms]
      [Ref Enq: 0.0 ms]
      [Redirty Cards: 0.1 ms]
      [Humongous Register: 0.0 ms]
      [Humongous Reclaim: 0.0 ms]
      [Free CSet: 0.0 ms]
   [Eden: 21.0M(21.0M)->0.0B(23.0M) Survivors: 4096.0K->2048.0K Heap: 204.5M(512.0M)->185.5M(512.0M)]
 [Times: user=0.07 sys=0.00, real=0.08 secs] 
2019-04-03T12:34:45.458+0900: 68561.776: [GC concurrent-root-region-scan-start]
2019-04-03T12:34:45.471+0900: 68561.790: [GC concurrent-root-region-scan-end, 0.0136413 secs]
2019-04-03T12:34:45.471+0900: 68561.790: [GC concurrent-mark-start]
2019-04-03T12:34:45.583+0900: 68561.901: [GC concurrent-mark-end, 0.1111384 secs]
2019-04-03T12:34:45.583+0900: 68561.902: [GC remark 2019-04-03T12:34:45.583+0900: 68561.902: [Finalize Marking, 0.0004323 secs] 2019-04-03T12:34:45.584+0900: 68561.902: [GC ref-proc, 0.0019297 secs] 2019-04-03T12:34:45.586+0900: 68561.904: [Unloading, 0.0340080 secs], 0.0419983 secs]
 [Times: user=0.04 sys=0.00, real=0.05 secs] 
2019-04-03T12:34:45.628+0900: 68561.947: [GC cleanup 185M->181M(512M), 0.0030876 secs]
 [Times: user=0.01 sys=0.00, real=0.00 secs] 
2019-04-03T12:34:45.631+0900: 68561.950: [GC concurrent-cleanup-start]
2019-04-03T12:34:45.631+0900: 68561.950: [GC concurrent-cleanup-end, 0.0000337 secs]
2019-04-03T12:36:44.153+0900: 68680.472: [GC pause (G1 Evacuation Pause) (young), 0.0322124 secs]
   [Parallel Time: 31.6 ms, GC Workers: 1]
      [GC Worker Start (ms):  68680472.1]
      [Ext Root Scanning (ms):  2.5]
      [Update RS (ms):  4.1]
         [Processed Buffers:  44]
      [Scan RS (ms):  5.1]
      [Code Root Scanning (ms):  0.0]
      [Object Copy (ms):  19.8]
      [Termination (ms):  0.0]
         [Termination Attempts:  1]
      [GC Worker Other (ms):  0.0]
      [GC Worker Total (ms):  31.5]
      [GC Worker End (ms):  68680503.6]
   [Code Root Fixup: 0.0 ms]
   [Code Root Purge: 0.0 ms]
   [Clear CT: 0.1 ms]
   [Other: 0.6 ms]
      [Choose CSet: 0.0 ms]
      [Ref Proc: 0.2 ms]
      [Ref Enq: 0.0 ms]
      [Redirty Cards: 0.0 ms]
      [Humongous Register: 0.0 ms]
      [Humongous Reclaim: 0.0 ms]
      [Free CSet: 0.0 ms]
   [Eden: 23.0M(23.0M)->0.0B(22.0M) Survivors: 2048.0K->3072.0K Heap: 204.5M(512.0M)->182.5M(512.0M)]
 [Times: user=0.03 sys=0.00, real=0.04 secs] 
2019-04-03T12:38:37.974+0900: 68794.293: [GC pause (G1 Evacuation Pause) (mixed), 0.0421930 secs]
   [Parallel Time: 41.5 ms, GC Workers: 1]
      [GC Worker Start (ms):  68794292.9]
      [Ext Root Scanning (ms):  2.6]
      [Update RS (ms):  2.5]
         [Processed Buffers:  36]
      [Scan RS (ms):  6.1]
      [Code Root Scanning (ms):  0.0]
      [Object Copy (ms):  30.1]
      [Termination (ms):  0.0]
         [Termination Attempts:  1]
      [GC Worker Other (ms):  0.0]
      [GC Worker Total (ms):  41.4]
      [GC Worker End (ms):  68794334.3]
   [Code Root Fixup: 0.0 ms]
   [Code Root Purge: 0.0 ms]
   [Clear CT: 0.1 ms]
   [Other: 0.6 ms]
      [Choose CSet: 0.0 ms]
      [Ref Proc: 0.2 ms]
      [Ref Enq: 0.0 ms]
      [Redirty Cards: 0.1 ms]
      [Humongous Register: 0.0 ms]
      [Humongous Reclaim: 0.0 ms]
      [Free CSet: 0.1 ms]
   [Eden: 22.0M(22.0M)->0.0B(21.0M) Survivors: 3072.0K->4096.0K Heap: 204.5M(512.0M)->178.0M(512.0M)]
 [Times: user=0.04 sys=0.00, real=0.05 secs] 
2019-04-03T12:40:27.814+0900: 68904.132: [GC pause (G1 Evacuation Pause) (mixed), 0.0367554 secs]
   [Parallel Time: 36.0 ms, GC Workers: 1]
      [GC Worker Start (ms):  68904132.6]
      [Ext Root Scanning (ms):  2.6]
      [Update RS (ms):  4.1]
         [Processed Buffers:  37]
      [Scan RS (ms):  7.1]
      [Code Root Scanning (ms):  0.0]
      [Object Copy (ms):  22.0]
      [Termination (ms):  0.0]
         [Termination Attempts:  1]
      [GC Worker Other (ms):  0.0]
      [GC Worker Total (ms):  35.9]
      [GC Worker End (ms):  68904168.5]
   [Code Root Fixup: 0.0 ms]
   [Code Root Purge: 0.0 ms]
   [Clear CT: 0.1 ms]
   [Other: 0.7 ms]
      [Choose CSet: 0.0 ms]
      [Ref Proc: 0.1 ms]
      [Ref Enq: 0.0 ms]
      [Redirty Cards: 0.1 ms]
      [Humongous Register: 0.0 ms]
      [Humongous Reclaim: 0.0 ms]
      [Free CSet: 0.1 ms]
   [Eden: 21.0M(21.0M)->0.0B(23.0M) Survivors: 4096.0K->2048.0K Heap: 199.0M(512.0M)->171.6M(512.0M)]
 [Times: user=0.04 sys=0.00, real=0.04 secs] 
2019-04-03T12:42:26.425+0900: 69022.743: [GC pause (G1 Evacuation Pause) (mixed), 0.0371398 secs]
   [Parallel Time: 36.5 ms, GC Workers: 1]
      [GC Worker Start (ms):  69022743.6]
      [Ext Root Scanning (ms):  2.9]
      [Update RS (ms):  5.4]
         [Processed Buffers:  37]
      [Scan RS (ms):  7.2]
      [Code Root Scanning (ms):  0.1]
      [Object Copy (ms):  20.7]
      [Termination (ms):  0.0]
         [Termination Attempts:  1]
      [GC Worker Other (ms):  0.0]
      [GC Worker Total (ms):  36.4]
      [GC Worker End (ms):  69022780.0]
   [Code Root Fixup: 0.0 ms]
   [Code Root Purge: 0.0 ms]
   [Clear CT: 0.1 ms]
   [Other: 0.6 ms]
      [Choose CSet: 0.0 ms]
      [Ref Proc: 0.1 ms]
      [Ref Enq: 0.0 ms]
      [Redirty Cards: 0.1 ms]
      [Humongous Register: 0.0 ms]
      [Humongous Reclaim: 0.0 ms]
      [Free CSet: 0.1 ms]
   [Eden: 23.0M(23.0M)->0.0B(22.0M) Survivors: 2048.0K->3072.0K Heap: 194.6M(512.0M)->168.5M(512.0M)]
 [Times: user=0.03 sys=0.00, real=0.04 secs] 
2019-04-03T12:44:19.180+0900: 69135.499: [GC pause (G1 Evacuation Pause) (young), 0.0468412 secs]
   [Parallel Time: 46.1 ms, GC Workers: 1]
      [GC Worker Start (ms):  69135499.1]
      [Ext Root Scanning (ms):  2.5]
      [Update RS (ms):  5.1]
         [Processed Buffers:  37]
      [Scan RS (ms):  5.7]
      [Code Root Scanning (ms):  0.0]
      [Object Copy (ms):  32.7]
      [Termination (ms):  0.0]
         [Termination Attempts:  1]
      [GC Worker Other (ms):  0.0]
      [GC Worker Total (ms):  46.0]
      [GC Worker End (ms):  69135545.1]
   [Code Root Fixup: 0.0 ms]
   [Code Root Purge: 0.0 ms]
   [Clear CT: 0.1 ms]
   [Other: 0.7 ms]
      [Choose CSet: 0.0 ms]
      [Ref Proc: 0.3 ms]
      [Ref Enq: 0.0 ms]
      [Redirty Cards: 0.1 ms]
      [Humongous Register: 0.0 ms]
      [Humongous Reclaim: 0.0 ms]
      [Free CSet: 0.0 ms]
   [Eden: 22.0M(22.0M)->0.0B(21.0M) Survivors: 3072.0K->4096.0K Heap: 190.5M(512.0M)->169.7M(512.0M)]
 [Times: user=0.04 sys=0.00, real=0.05 secs] 
2019-04-03T12:46:06.481+0900: 69242.800: [GC pause (G1 Evacuation Pause) (young), 0.0529929 secs]
   [Parallel Time: 52.3 ms, GC Workers: 1]
      [GC Worker Start (ms):  69242799.7]
      [Ext Root Scanning (ms):  2.9]
      [Update RS (ms):  5.4]
         [Processed Buffers:  37]
      [Scan RS (ms):  6.7]
      [Code Root Scanning (ms):  0.0]
      [Object Copy (ms):  37.1]
      [Termination (ms):  0.0]
         [Termination Attempts:  1]
      [GC Worker Other (ms):  0.0]
      [GC Worker Total (ms):  52.1]
      [GC Worker End (ms):  69242851.8]
   [Code Root Fixup: 0.0 ms]
   [Code Root Purge: 0.0 ms]
   [Clear CT: 0.1 ms]
   [Other: 0.7 ms]
      [Choose CSet: 0.0 ms]
      [Ref Proc: 0.2 ms]
      [Ref Enq: 0.0 ms]
      [Redirty Cards: 0.1 ms]
      [Humongous Register: 0.0 ms]
      [Humongous Reclaim: 0.0 ms]
      [Free CSet: 0.0 ms]
   [Eden: 21.0M(21.0M)->0.0B(22.0M) Survivors: 4096.0K->3072.0K Heap: 190.7M(512.0M)->170.9M(512.0M)]
 [Times: user=0.05 sys=0.00, real=0.05 secs] 
2019-04-03T12:48:02.592+0900: 69358.911: [GC pause (G1 Evacuation Pause) (young), 0.0299334 secs]
   [Parallel Time: 29.2 ms, GC Workers: 1]
      [GC Worker Start (ms):  69358910.8]
      [Ext Root Scanning (ms):  2.6]
      [Update RS (ms):  4.8]
         [Processed Buffers:  37]
      [Scan RS (ms):  6.7]
      [Code Root Scanning (ms):  0.0]
      [Object Copy (ms):  15.0]
      [Termination (ms):  0.0]
         [Termination Attempts:  1]
      [GC Worker Other (ms):  0.0]
      [GC Worker Total (ms):  29.1]
      [GC Worker End (ms):  69358939.9]
   [Code Root Fixup: 0.0 ms]
   [Code Root Purge: 0.0 ms]
   [Clear CT: 0.0 ms]
   [Other: 0.7 ms]
      [Choose CSet: 0.0 ms]
      [Ref Proc: 0.1 ms]
      [Ref Enq: 0.0 ms]
      [Redirty Cards: 0.1 ms]
      [Humongous Register: 0.0 ms]
      [Humongous Reclaim: 0.0 ms]
      [Free CSet: 0.0 ms]
   [Eden: 22.0M(22.0M)->0.0B(23.0M) Survivors: 3072.0K->2048.0K Heap: 192.9M(512.0M)->170.4M(512.0M)]
 [Times: user=0.03 sys=0.00, real=0.03 secs] 
2019-04-03T12:50:01.176+0900: 69477.495: [GC pause (G1 Evacuation Pause) (young), 0.1714031 secs]
   [Parallel Time: 164.8 ms, GC Workers: 1]
      [GC Worker Start (ms):  69477494.7]
      [Ext Root Scanning (ms):  2.2]
      [Update RS (ms):  16.2]
         [Processed Buffers:  38]
      [Scan RS (ms):  19.8]
      [Code Root Scanning (ms):  0.0]
      [Object Copy (ms):  126.5]
      [Termination (ms):  0.0]
         [Termination Attempts:  1]
      [GC Worker Other (ms):  0.0]
      [GC Worker Total (ms):  164.8]
      [GC Worker End (ms):  69477659.5]
   [Code Root Fixup: 0.0 ms]
   [Code Root Purge: 0.0 ms]
   [Clear CT: 0.1 ms]
   [Other: 6.5 ms]
      [Choose CSet: 0.0 ms]
      [Ref Proc: 6.1 ms]
      [Ref Enq: 0.0 ms]
      [Redirty Cards: 0.1 ms]
      [Humongous Register: 0.0 ms]
      [Humongous Reclaim: 0.0 ms]
      [Free CSet: 0.0 ms]
   [Eden: 23.0M(23.0M)->0.0B(22.0M) Survivors: 2048.0K->3072.0K Heap: 193.4M(512.0M)->171.4M(512.0M)]
 [Times: user=0.04 sys=0.00, real=0.17 secs] 
2019-04-03T12:51:53.393+0900: 69589.712: [GC pause (G1 Evacuation Pause) (young), 0.0563407 secs]
   [Parallel Time: 55.6 ms, GC Workers: 1]
      [GC Worker Start (ms):  69589711.8]
      [Ext Root Scanning (ms):  2.6]
      [Update RS (ms):  4.9]
         [Processed Buffers:  36]
      [Scan RS (ms):  5.8]
      [Code Root Scanning (ms):  0.0]
      [Object Copy (ms):  42.3]
      [Termination (ms):  0.0]
         [Termination Attempts:  1]
      [GC Worker Other (ms):  0.0]
      [GC Worker Total (ms):  55.6]
      [GC Worker End (ms):  69589767.4]
   [Code Root Fixup: 0.0 ms]
   [Code Root Purge: 0.0 ms]
   [Clear CT: 0.1 ms]
   [Other: 0.6 ms]
      [Choose CSet: 0.0 ms]
      [Ref Proc: 0.2 ms]
      [Ref Enq: 0.0 ms]
      [Redirty Cards: 0.1 ms]
      [Humongous Register: 0.0 ms]
      [Humongous Reclaim: 0.0 ms]
      [Free CSet: 0.0 ms]
   [Eden: 22.0M(22.0M)->0.0B(21.0M) Survivors: 3072.0K->4096.0K Heap: 193.4M(512.0M)->172.4M(512.0M)]
 [Times: user=0.04 sys=0.00, real=0.06 secs] 
2019-04-03T12:53:41.850+0900: 69698.168: [GC pause (G1 Evacuation Pause) (young), 0.0668337 secs]
   [Parallel Time: 66.1 ms, GC Workers: 1]
      [GC Worker Start (ms):  69698168.4]
      [Ext Root Scanning (ms):  2.5]
      [Update RS (ms):  5.0]
         [Processed Buffers:  39]
      [Scan RS (ms):  17.1]
      [Code Root Scanning (ms):  0.0]
      [Object Copy (ms):  41.5]
      [Termination (ms):  0.0]
         [Termination Attempts:  1]
      [GC Worker Other (ms):  0.0]
      [GC Worker Total (ms):  66.1]
      [GC Worker End (ms):  69698234.5]
   [Code Root Fixup: 0.0 ms]
   [Code Root Purge: 0.0 ms]
   [Clear CT: 0.1 ms]
   [Other: 0.6 ms]
      [Choose CSet: 0.0 ms]
      [Ref Proc: 0.2 ms]
      [Ref Enq: 0.0 ms]
      [Redirty Cards: 0.1 ms]
      [Humongous Register: 0.0 ms]
      [Humongous Reclaim: 0.0 ms]
      [Free CSet: 0.0 ms]
   [Eden: 21.0M(21.0M)->0.0B(22.0M) Survivors: 4096.0K->3072.0K Heap: 193.4M(512.0M)->174.2M(512.0M)]
 [Times: user=0.06 sys=0.00, real=0.07 secs] 
2019-04-03T12:55:35.174+0900: 69811.492: [GC pause (G1 Evacuation Pause) (young), 0.0511803 secs]
   [Parallel Time: 50.5 ms, GC Workers: 1]
      [GC Worker Start (ms):  69811492.6]
      [Ext Root Scanning (ms):  3.0]
      [Update RS (ms):  6.6]
         [Processed Buffers:  37]
      [Scan RS (ms):  8.9]
      [Code Root Scanning (ms):  0.0]
      [Object Copy (ms):  31.9]
      [Termination (ms):  0.0]
         [Termination Attempts:  1]
      [GC Worker Other (ms):  0.0]
      [GC Worker Total (ms):  50.4]
      [GC Worker End (ms):  69811543.0]
   [Code Root Fixup: 0.0 ms]
   [Code Root Purge: 0.0 ms]
   [Clear CT: 0.0 ms]
   [Other: 0.6 ms]
      [Choose CSet: 0.0 ms]
      [Ref Proc: 0.1 ms]
      [Ref Enq: 0.0 ms]
      [Redirty Cards: 0.1 ms]
      [Humongous Register: 0.0 ms]
      [Humongous Reclaim: 0.0 ms]
      [Free CSet: 0.0 ms]
   [Eden: 22.0M(22.0M)->0.0B(21.0M) Survivors: 3072.0K->4096.0K Heap: 196.2M(512.0M)->175.2M(512.0M)]
 [Times: user=0.05 sys=0.00, real=0.06 secs] 
2019-04-03T12:57:24.479+0900: 69920.798: [GC pause (G1 Evacuation Pause) (young), 0.0370447 secs]
   [Parallel Time: 36.3 ms, GC Workers: 1]
      [GC Worker Start (ms):  69920798.3]
      [Ext Root Scanning (ms):  2.5]
      [Update RS (ms):  4.6]
         [Processed Buffers:  35]
      [Scan RS (ms):  6.5]
      [Code Root Scanning (ms):  0.0]
      [Object Copy (ms):  22.4]
      [Termination (ms):  0.0]
         [Termination Attempts:  1]
      [GC Worker Other (ms):  0.0]
      [GC Worker Total (ms):  36.1]
      [GC Worker End (ms):  69920834.5]
   [Code Root Fixup: 0.0 ms]
   [Code Root Purge: 0.0 ms]
   [Clear CT: 0.1 ms]
   [Other: 0.7 ms]
      [Choose CSet: 0.0 ms]
      [Ref Proc: 0.1 ms]
      [Ref Enq: 0.0 ms]
      [Redirty Cards: 0.1 ms]
      [Humongous Register: 0.0 ms]
      [Humongous Reclaim: 0.0 ms]
      [Free CSet: 0.0 ms]
   [Eden: 21.0M(21.0M)->0.0B(22.0M) Survivors: 4096.0K->3072.0K Heap: 196.2M(512.0M)->175.3M(512.0M)]
 [Times: user=0.04 sys=0.00, real=0.04 secs] 
2019-04-03T12:59:18.527+0900: 70034.846: [GC pause (G1 Evacuation Pause) (young), 0.0435754 secs]
   [Parallel Time: 42.8 ms, GC Workers: 1]
      [GC Worker Start (ms):  70034845.8]
      [Ext Root Scanning (ms):  2.8]
      [Update RS (ms):  6.5]
         [Processed Buffers:  37]
      [Scan RS (ms):  6.8]
      [Code Root Scanning (ms):  0.0]
      [Object Copy (ms):  26.5]
      [Termination (ms):  0.0]
         [Termination Attempts:  1]
      [GC Worker Other (ms):  0.0]
      [GC Worker Total (ms):  42.7]
      [GC Worker End (ms):  70034888.5]
   [Code Root Fixup: 0.0 ms]
   [Code Root Purge: 0.0 ms]
   [Clear CT: 0.1 ms]
   [Other: 0.7 ms]
      [Choose CSet: 0.0 ms]
      [Ref Proc: 0.3 ms]
      [Ref Enq: 0.0 ms]
      [Redirty Cards: 0.1 ms]
      [Humongous Register: 0.0 ms]
      [Humongous Reclaim: 0.0 ms]
      [Free CSet: 0.0 ms]
   [Eden: 22.0M(22.0M)->0.0B(21.0M) Survivors: 3072.0K->4096.0K Heap: 197.3M(512.0M)->176.3M(512.0M)]
 [Times: user=0.04 sys=0.00, real=0.04 secs] 
2019-04-03T13:01:05.920+0900: 70142.239: [GC pause (G1 Evacuation Pause) (young), 0.0495415 secs]
   [Parallel Time: 48.8 ms, GC Workers: 1]
      [GC Worker Start (ms):  70142238.9]
      [Ext Root Scanning (ms):  2.6]
      [Update RS (ms):  5.2]
         [Processed Buffers:  36]
      [Scan RS (ms):  5.8]
      [Code Root Scanning (ms):  0.0]
      [Object Copy (ms):  35.1]
      [Termination (ms):  0.0]
         [Termination Attempts:  1]
      [GC Worker Other (ms):  0.0]
      [GC Worker Total (ms):  48.8]
      [GC Worker End (ms):  70142287.6]
   [Code Root Fixup: 0.0 ms]
   [Code Root Purge: 0.0 ms]
   [Clear CT: 0.1 ms]
   [Other: 0.6 ms]
      [Choose CSet: 0.0 ms]
      [Ref Proc: 0.1 ms]
      [Ref Enq: 0.0 ms]
      [Redirty Cards: 0.1 ms]
      [Humongous Register: 0.0 ms]
      [Humongous Reclaim: 0.0 ms]
      [Free CSet: 0.0 ms]
   [Eden: 21.0M(21.0M)->0.0B(21.0M) Survivors: 4096.0K->4096.0K Heap: 197.3M(512.0M)->177.2M(512.0M)]
 [Times: user=0.05 sys=0.00, real=0.05 secs] 
2019-04-03T13:02:54.546+0900: 70250.865: [GC pause (G1 Evacuation Pause) (young), 0.0543931 secs]
   [Parallel Time: 53.7 ms, GC Workers: 1]
      [GC Worker Start (ms):  70250864.8]
      [Ext Root Scanning (ms):  2.6]
      [Update RS (ms):  6.9]
         [Processed Buffers:  40]
      [Scan RS (ms):  9.0]
      [Code Root Scanning (ms):  0.0]
      [Object Copy (ms):  35.0]
      [Termination (ms):  0.0]
         [Termination Attempts:  1]
      [GC Worker Other (ms):  0.0]
      [GC Worker Total (ms):  53.6]
      [GC Worker End (ms):  70250918.4]
   [Code Root Fixup: 0.0 ms]
   [Code Root Purge: 0.0 ms]
   [Clear CT: 0.0 ms]
   [Other: 0.7 ms]
      [Choose CSet: 0.0 ms]
      [Ref Proc: 0.1 ms]
      [Ref Enq: 0.0 ms]
      [Redirty Cards: 0.1 ms]
      [Humongous Register: 0.0 ms]
      [Humongous Reclaim: 0.0 ms]
      [Free CSet: 0.0 ms]
   [Eden: 21.0M(21.0M)->0.0B(21.0M) Survivors: 4096.0K->4096.0K Heap: 198.2M(512.0M)->178.5M(512.0M)]
 [Times: user=0.05 sys=0.00, real=0.05 secs] 
2019-04-03T13:04:43.510+0900: 70359.828: [GC pause (G1 Evacuation Pause) (young), 0.0550331 secs]
   [Parallel Time: 54.4 ms, GC Workers: 1]
      [GC Worker Start (ms):  70359828.4]
      [Ext Root Scanning (ms):  3.0]
      [Update RS (ms):  4.6]
         [Processed Buffers:  36]
      [Scan RS (ms):  7.6]
      [Code Root Scanning (ms):  0.0]
      [Object Copy (ms):  39.1]
      [Termination (ms):  0.0]
         [Termination Attempts:  1]
      [GC Worker Other (ms):  0.0]
      [GC Worker Total (ms):  54.3]
      [GC Worker End (ms):  70359882.8]
   [Code Root Fixup: 0.0 ms]
   [Code Root Purge: 0.0 ms]
   [Clear CT: 0.0 ms]
   [Other: 0.6 ms]
      [Choose CSet: 0.0 ms]
      [Ref Proc: 0.1 ms]
      [Ref Enq: 0.0 ms]
      [Redirty Cards: 0.1 ms]
      [Humongous Register: 0.0 ms]
      [Humongous Reclaim: 0.0 ms]
      [Free CSet: 0.0 ms]
   [Eden: 21.0M(21.0M)->0.0B(21.0M) Survivors: 4096.0K->4096.0K Heap: 199.5M(512.0M)->179.5M(512.0M)]
 [Times: user=0.06 sys=0.00, real=0.05 secs] 
2019-04-03T13:06:34.104+0900: 70470.423: [GC pause (G1 Evacuation Pause) (young), 0.0388338 secs]
   [Parallel Time: 38.1 ms, GC Workers: 1]
      [GC Worker Start (ms):  70470423.1]
      [Ext Root Scanning (ms):  2.5]
      [Update RS (ms):  4.8]
         [Processed Buffers:  36]
      [Scan RS (ms):  7.4]
      [Code Root Scanning (ms):  0.0]
      [Object Copy (ms):  23.2]
      [Termination (ms):  0.0]
         [Termination Attempts:  1]
      [GC Worker Other (ms):  0.0]
      [GC Worker Total (ms):  37.9]
      [GC Worker End (ms):  70470461.0]
   [Code Root Fixup: 0.0 ms]
   [Code Root Purge: 0.0 ms]
   [Clear CT: 0.1 ms]
   [Other: 0.6 ms]
      [Choose CSet: 0.0 ms]
      [Ref Proc: 0.1 ms]
      [Ref Enq: 0.0 ms]
      [Redirty Cards: 0.1 ms]
      [Humongous Register: 0.0 ms]
      [Humongous Reclaim: 0.0 ms]
      [Free CSet: 0.0 ms]
   [Eden: 21.0M(21.0M)->0.0B(22.0M) Survivors: 4096.0K->3072.0K Heap: 200.5M(512.0M)->179.0M(512.0M)]
 [Times: user=0.04 sys=0.00, real=0.04 secs] 
2019-04-03T13:08:26.819+0900: 70583.138: [GC pause (G1 Evacuation Pause) (young), 0.0451641 secs]
   [Parallel Time: 44.4 ms, GC Workers: 1]
      [GC Worker Start (ms):  70583137.8]
      [Ext Root Scanning (ms):  2.7]
      [Update RS (ms):  4.7]
         [Processed Buffers:  36]
      [Scan RS (ms):  6.9]
      [Code Root Scanning (ms):  0.0]
      [Object Copy (ms):  29.9]
      [Termination (ms):  0.0]
         [Termination Attempts:  1]
      [GC Worker Other (ms):  0.0]
      [GC Worker Total (ms):  44.2]
      [GC Worker End (ms):  70583182.0]
   [Code Root Fixup: 0.0 ms]
   [Code Root Purge: 0.0 ms]
   [Clear CT: 0.1 ms]
   [Other: 0.7 ms]
      [Choose CSet: 0.0 ms]
      [Ref Proc: 0.3 ms]
      [Ref Enq: 0.0 ms]
      [Redirty Cards: 0.1 ms]
      [Humongous Register: 0.0 ms]
      [Humongous Reclaim: 0.0 ms]
      [Free CSet: 0.0 ms]
   [Eden: 22.0M(22.0M)->0.0B(21.0M) Survivors: 3072.0K->4096.0K Heap: 201.0M(512.0M)->180.0M(512.0M)]
 [Times: user=0.05 sys=0.00, real=0.04 secs] 
2019-04-03T13:10:13.222+0900: 70689.540: [GC pause (G1 Evacuation Pause) (young), 0.0590335 secs]
   [Parallel Time: 57.4 ms, GC Workers: 1]
      [GC Worker Start (ms):  70689540.6]
      [Ext Root Scanning (ms):  2.7]
      [Update RS (ms):  4.7]
         [Processed Buffers:  37]
      [Scan RS (ms):  6.7]
      [Code Root Scanning (ms):  0.0]
      [Object Copy (ms):  43.0]
      [Termination (ms):  0.0]
         [Termination Attempts:  1]
      [GC Worker Other (ms):  0.0]
      [GC Worker Total (ms):  57.1]
      [GC Worker End (ms):  70689597.7]
   [Code Root Fixup: 0.0 ms]
   [Code Root Purge: 0.0 ms]
   [Clear CT: 0.1 ms]
   [Other: 1.5 ms]
      [Choose CSet: 0.0 ms]
      [Ref Proc: 1.1 ms]
      [Ref Enq: 0.0 ms]
      [Redirty Cards: 0.1 ms]
      [Humongous Register: 0.0 ms]
      [Humongous Reclaim: 0.0 ms]
      [Free CSet: 0.0 ms]
   [Eden: 21.0M(21.0M)->0.0B(21.0M) Survivors: 4096.0K->4096.0K Heap: 201.0M(512.0M)->181.1M(512.0M)]
 [Times: user=0.06 sys=0.00, real=0.06 secs] 
2019-04-03T13:12:04.195+0900: 70800.514: [GC pause (G1 Evacuation Pause) (young), 0.0569995 secs]
   [Parallel Time: 56.3 ms, GC Workers: 1]
      [GC Worker Start (ms):  70800514.1]
      [Ext Root Scanning (ms):  2.5]
      [Update RS (ms):  6.0]
         [Processed Buffers:  35]
      [Scan RS (ms):  8.4]
      [Code Root Scanning (ms):  0.0]
      [Object Copy (ms):  39.2]
      [Termination (ms):  0.0]
         [Termination Attempts:  1]
      [GC Worker Other (ms):  0.0]
      [GC Worker Total (ms):  56.2]
      [GC Worker End (ms):  70800570.3]
   [Code Root Fixup: 0.0 ms]
   [Code Root Purge: 0.0 ms]
   [Clear CT: 0.1 ms]
   [Other: 0.6 ms]
      [Choose CSet: 0.0 ms]
      [Ref Proc: 0.1 ms]
      [Ref Enq: 0.0 ms]
      [Redirty Cards: 0.1 ms]
      [Humongous Register: 0.0 ms]
      [Humongous Reclaim: 0.0 ms]
      [Free CSet: 0.0 ms]
   [Eden: 21.0M(21.0M)->0.0B(21.0M) Survivors: 4096.0K->4096.0K Heap: 202.1M(512.0M)->182.5M(512.0M)]
 [Times: user=0.06 sys=0.00, real=0.05 secs] 
2019-04-03T13:13:50.998+0900: 70907.316: [GC pause (G1 Evacuation Pause) (young) (initial-mark), 0.0402672 secs]
   [Parallel Time: 39.5 ms, GC Workers: 1]
      [GC Worker Start (ms):  70907316.7]
      [Ext Root Scanning (ms):  4.5]
      [Update RS (ms):  4.8]
         [Processed Buffers:  37]
      [Scan RS (ms):  8.4]
      [Code Root Scanning (ms):  0.0]
      [Object Copy (ms):  21.7]
      [Termination (ms):  0.0]
         [Termination Attempts:  1]
      [GC Worker Other (ms):  0.0]
      [GC Worker Total (ms):  39.4]
      [GC Worker End (ms):  70907356.1]
   [Code Root Fixup: 0.0 ms]
   [Code Root Purge: 0.0 ms]
   [Clear CT: 0.1 ms]
   [Other: 0.7 ms]
      [Choose CSet: 0.0 ms]
      [Ref Proc: 0.1 ms]
      [Ref Enq: 0.0 ms]
      [Redirty Cards: 0.1 ms]
      [Humongous Register: 0.0 ms]
      [Humongous Reclaim: 0.0 ms]
      [Free CSet: 0.0 ms]
   [Eden: 21.0M(21.0M)->0.0B(22.0M) Survivors: 4096.0K->3072.0K Heap: 203.5M(512.0M)->182.0M(512.0M)]
 [Times: user=0.04 sys=0.00, real=0.04 secs] 
2019-04-03T13:13:51.038+0900: 70907.357: [GC concurrent-root-region-scan-start]
2019-04-03T13:13:51.064+0900: 70907.383: [GC concurrent-root-region-scan-end, 0.0259000 secs]
2019-04-03T13:13:51.064+0900: 70907.383: [GC concurrent-mark-start]
2019-04-03T13:13:51.152+0900: 70907.470: [GC concurrent-mark-end, 0.0872821 secs]
2019-04-03T13:13:51.152+0900: 70907.471: [GC remark 2019-04-03T13:13:51.152+0900: 70907.471: [Finalize Marking, 0.0004326 secs] 2019-04-03T13:13:51.153+0900: 70907.471: [GC ref-proc, 0.0009417 secs] 2019-04-03T13:13:51.154+0900: 70907.472: [Unloading, 0.0358086 secs], 0.0403951 secs]
 [Times: user=0.04 sys=0.00, real=0.04 secs] 
2019-04-03T13:13:51.193+0900: 70907.512: [GC cleanup 182M->180M(512M), 0.0019359 secs]
 [Times: user=0.01 sys=0.00, real=0.01 secs] 
2019-04-03T13:13:51.195+0900: 70907.514: [GC concurrent-cleanup-start]
2019-04-03T13:13:51.195+0900: 70907.514: [GC concurrent-cleanup-end, 0.0000311 secs]
2019-04-03T13:15:43.539+0900: 71019.858: [GC pause (G1 Evacuation Pause) (young), 0.0403142 secs]
   [Parallel Time: 39.5 ms, GC Workers: 1]
      [GC Worker Start (ms):  71019858.2]
      [Ext Root Scanning (ms):  2.7]
      [Update RS (ms):  3.5]
         [Processed Buffers:  35]
      [Scan RS (ms):  8.1]
      [Code Root Scanning (ms):  0.0]
      [Object Copy (ms):  25.1]
      [Termination (ms):  0.0]
         [Termination Attempts:  1]
      [GC Worker Other (ms):  0.0]
      [GC Worker Total (ms):  39.4]
      [GC Worker End (ms):  71019897.6]
   [Code Root Fixup: 0.0 ms]
   [Code Root Purge: 0.0 ms]
   [Clear CT: 0.1 ms]
   [Other: 0.8 ms]
      [Choose CSet: 0.0 ms]
      [Ref Proc: 0.2 ms]
      [Ref Enq: 0.0 ms]
      [Redirty Cards: 0.1 ms]
      [Humongous Register: 0.1 ms]
      [Humongous Reclaim: 0.0 ms]
      [Free CSet: 0.0 ms]
   [Eden: 22.0M(22.0M)->0.0B(22.0M) Survivors: 3072.0K->3072.0K Heap: 202.0M(512.0M)->180.5M(512.0M)]
 [Times: user=0.04 sys=0.00, real=0.04 secs] 
2019-04-03T13:17:38.029+0900: 71134.347: [GC pause (G1 Evacuation Pause) (mixed), 0.0524396 secs]
   [Parallel Time: 51.7 ms, GC Workers: 1]
      [GC Worker Start (ms):  71134347.6]
      [Ext Root Scanning (ms):  3.5]
      [Update RS (ms):  5.6]
         [Processed Buffers:  37]
      [Scan RS (ms):  7.2]
      [Code Root Scanning (ms):  0.0]
      [Object Copy (ms):  35.2]
      [Termination (ms):  0.0]
         [Termination Attempts:  1]
      [GC Worker Other (ms):  0.0]
      [GC Worker Total (ms):  51.6]
      [GC Worker End (ms):  71134399.2]
   [Code Root Fixup: 0.0 ms]
   [Code Root Purge: 0.0 ms]
   [Clear CT: 0.1 ms]
   [Other: 0.7 ms]
      [Choose CSet: 0.0 ms]
      [Ref Proc: 0.1 ms]
      [Ref Enq: 0.0 ms]
      [Redirty Cards: 0.1 ms]
      [Humongous Register: 0.0 ms]
      [Humongous Reclaim: 0.1 ms]
      [Free CSet: 0.1 ms]
   [Eden: 22.0M(22.0M)->0.0B(21.0M) Survivors: 3072.0K->4096.0K Heap: 202.5M(512.0M)->175.9M(512.0M)]
 [Times: user=0.05 sys=0.00, real=0.05 secs] 
2019-04-03T13:19:27.843+0900: 71244.162: [GC pause (G1 Evacuation Pause) (mixed), 0.0605782 secs]
   [Parallel Time: 59.9 ms, GC Workers: 1]
      [GC Worker Start (ms):  71244162.1]
      [Ext Root Scanning (ms):  2.6]
      [Update RS (ms):  4.8]
         [Processed Buffers:  37]
      [Scan RS (ms):  19.2]
      [Code Root Scanning (ms):  0.0]
      [Object Copy (ms):  33.2]
      [Termination (ms):  0.0]
         [Termination Attempts:  1]
      [GC Worker Other (ms):  0.0]
      [GC Worker Total (ms):  59.8]
      [GC Worker End (ms):  71244222.0]
   [Code Root Fixup: 0.0 ms]
   [Code Root Purge: 0.0 ms]
   [Clear CT: 0.1 ms]
   [Other: 0.6 ms]
      [Choose CSet: 0.0 ms]
      [Ref Proc: 0.1 ms]
      [Ref Enq: 0.0 ms]
      [Redirty Cards: 0.1 ms]
      [Humongous Register: 0.0 ms]
      [Humongous Reclaim: 0.0 ms]
      [Free CSet: 0.1 ms]
   [Eden: 21.0M(21.0M)->0.0B(21.0M) Survivors: 4096.0K->4096.0K Heap: 196.9M(512.0M)->171.5M(512.0M)]
 [Times: user=0.05 sys=0.00, real=0.06 secs] 
2019-04-03T13:21:15.470+0900: 71351.789: [GC pause (G1 Evacuation Pause) (mixed), 0.0591952 secs]
   [Parallel Time: 58.4 ms, GC Workers: 1]
      [GC Worker Start (ms):  71351788.9]
      [Ext Root Scanning (ms):  2.7]
      [Update RS (ms):  4.7]
         [Processed Buffers:  36]
      [Scan RS (ms):  7.7]
      [Code Root Scanning (ms):  0.0]
      [Object Copy (ms):  43.3]
      [Termination (ms):  0.0]
         [Termination Attempts:  1]
      [GC Worker Other (ms):  0.0]
      [GC Worker Total (ms):  58.3]
      [GC Worker End (ms):  71351847.3]
   [Code Root Fixup: 0.0 ms]
   [Code Root Purge: 0.0 ms]
   [Clear CT: 0.1 ms]
   [Other: 0.7 ms]
      [Choose CSet: 0.0 ms]
      [Ref Proc: 0.2 ms]
      [Ref Enq: 0.0 ms]
      [Redirty Cards: 0.1 ms]
      [Humongous Register: 0.0 ms]
      [Humongous Reclaim: 0.0 ms]
      [Free CSet: 0.2 ms]
   [Eden: 21.0M(21.0M)->0.0B(21.0M) Survivors: 4096.0K->4096.0K Heap: 192.5M(512.0M)->169.8M(512.0M)]
 [Times: user=0.06 sys=0.00, real=0.06 secs] 
2019-04-03T13:23:04.536+0900: 71460.854: [GC pause (G1 Evacuation Pause) (young), 0.0408540 secs]
   [Parallel Time: 40.1 ms, GC Workers: 1]
      [GC Worker Start (ms):  71460854.5]
      [Ext Root Scanning (ms):  2.5]
      [Update RS (ms):  5.1]
         [Processed Buffers:  37]
      [Scan RS (ms):  7.2]
      [Code Root Scanning (ms):  0.0]
      [Object Copy (ms):  25.0]
      [Termination (ms):  0.0]
         [Termination Attempts:  1]
      [GC Worker Other (ms):  0.0]
      [GC Worker Total (ms):  39.9]
      [GC Worker End (ms):  71460894.4]
   [Code Root Fixup: 0.0 ms]
   [Code Root Purge: 0.0 ms]
   [Clear CT: 0.1 ms]
   [Other: 0.7 ms]
      [Choose CSet: 0.0 ms]
      [Ref Proc: 0.2 ms]
      [Ref Enq: 0.0 ms]
      [Redirty Cards: 0.1 ms]
      [Humongous Register: 0.0 ms]
      [Humongous Reclaim: 0.0 ms]
      [Free CSet: 0.0 ms]
   [Eden: 21.0M(21.0M)->0.0B(22.0M) Survivors: 4096.0K->3072.0K Heap: 190.8M(512.0M)->169.3M(512.0M)]
 [Times: user=0.04 sys=0.00, real=0.04 secs] 
2019-04-03T13:24:57.974+0900: 71574.292: [GC pause (G1 Evacuation Pause) (young), 0.0449239 secs]
   [Parallel Time: 44.1 ms, GC Workers: 1]
      [GC Worker Start (ms):  71574292.3]
      [Ext Root Scanning (ms):  2.5]
      [Update RS (ms):  5.8]
         [Processed Buffers:  37]
      [Scan RS (ms):  6.9]
      [Code Root Scanning (ms):  0.0]
      [Object Copy (ms):  28.8]
      [Termination (ms):  0.0]
         [Termination Attempts:  1]
      [GC Worker Other (ms):  0.0]
      [GC Worker Total (ms):  44.1]
      [GC Worker End (ms):  71574336.3]
   [Code Root Fixup: 0.0 ms]
   [Code Root Purge: 0.0 ms]
   [Clear CT: 0.1 ms]
   [Other: 0.7 ms]
      [Choose CSet: 0.0 ms]
      [Ref Proc: 0.3 ms]
      [Ref Enq: 0.0 ms]
      [Redirty Cards: 0.1 ms]
      [Humongous Register: 0.0 ms]
      [Humongous Reclaim: 0.0 ms]
      [Free CSet: 0.0 ms]
   [Eden: 22.0M(22.0M)->0.0B(21.0M) Survivors: 3072.0K->4096.0K Heap: 191.3M(512.0M)->170.3M(512.0M)]
 [Times: user=0.05 sys=0.00, real=0.05 secs] 
2019-04-03T13:26:44.169+0900: 71680.488: [GC pause (G1 Evacuation Pause) (young), 0.0546685 secs]
   [Parallel Time: 54.0 ms, GC Workers: 1]
      [GC Worker Start (ms):  71680487.7]
      [Ext Root Scanning (ms):  3.6]
      [Update RS (ms):  4.6]
         [Processed Buffers:  38]
      [Scan RS (ms):  6.6]
      [Code Root Scanning (ms):  0.0]
      [Object Copy (ms):  38.9]
      [Termination (ms):  0.0]
         [Termination Attempts:  1]
      [GC Worker Other (ms):  0.1]
      [GC Worker Total (ms):  53.9]
      [GC Worker End (ms):  71680541.6]
   [Code Root Fixup: 0.0 ms]
   [Code Root Purge: 0.0 ms]
   [Clear CT: 0.1 ms]
   [Other: 0.6 ms]
      [Choose CSet: 0.0 ms]
      [Ref Proc: 0.2 ms]
      [Ref Enq: 0.0 ms]
      [Redirty Cards: 0.1 ms]
      [Humongous Register: 0.0 ms]
      [Humongous Reclaim: 0.0 ms]
      [Free CSet: 0.0 ms]
   [Eden: 21.0M(21.0M)->0.0B(21.0M) Survivors: 4096.0K->4096.0K Heap: 191.3M(512.0M)->171.3M(512.0M)]
 [Times: user=0.06 sys=0.00, real=0.05 secs] 
2019-04-03T13:28:35.117+0900: 71791.436: [GC pause (G1 Evacuation Pause) (young), 0.0605525 secs]
   [Parallel Time: 59.6 ms, GC Workers: 1]
      [GC Worker Start (ms):  71791435.8]
      [Ext Root Scanning (ms):  2.6]
      [Update RS (ms):  5.6]
         [Processed Buffers:  37]
      [Scan RS (ms):  9.2]
      [Code Root Scanning (ms):  0.0]
      [Object Copy (ms):  42.1]
      [Termination (ms):  0.0]
         [Termination Attempts:  1]
      [GC Worker Other (ms):  0.0]
      [GC Worker Total (ms):  59.5]
      [GC Worker End (ms):  71791495.3]
   [Code Root Fixup: 0.0 ms]
   [Code Root Purge: 0.0 ms]
   [Clear CT: 0.1 ms]
   [Other: 0.9 ms]
      [Choose CSet: 0.0 ms]
      [Ref Proc: 0.2 ms]
      [Ref Enq: 0.0 ms]
      [Redirty Cards: 0.1 ms]
      [Humongous Register: 0.0 ms]
      [Humongous Reclaim: 0.0 ms]
      [Free CSet: 0.0 ms]
   [Eden: 21.0M(21.0M)->0.0B(21.0M) Survivors: 4096.0K->4096.0K Heap: 192.3M(512.0M)->172.5M(512.0M)]
 [Times: user=0.06 sys=0.00, real=0.06 secs] 
2019-04-03T13:30:22.973+0900: 71899.291: [GC pause (G1 Evacuation Pause) (young), 0.0430671 secs]
   [Parallel Time: 42.4 ms, GC Workers: 1]
      [GC Worker Start (ms):  71899291.5]
      [Ext Root Scanning (ms):  2.5]
      [Update RS (ms):  18.2]
         [Processed Buffers:  52]
      [Scan RS (ms):  0.4]
      [Code Root Scanning (ms):  0.0]
      [Object Copy (ms):  21.1]
      [Termination (ms):  0.0]
         [Termination Attempts:  1]
      [GC Worker Other (ms):  0.0]
      [GC Worker Total (ms):  42.3]
      [GC Worker End (ms):  71899333.9]
   [Code Root Fixup: 0.0 ms]
   [Code Root Purge: 0.0 ms]
   [Clear CT: 0.0 ms]
   [Other: 0.6 ms]
      [Choose CSet: 0.0 ms]
      [Ref Proc: 0.1 ms]
      [Ref Enq: 0.0 ms]
      [Redirty Cards: 0.1 ms]
      [Humongous Register: 0.0 ms]
      [Humongous Reclaim: 0.0 ms]
      [Free CSet: 0.0 ms]
   [Eden: 21.0M(21.0M)->0.0B(23.0M) Survivors: 4096.0K->2048.0K Heap: 193.5M(512.0M)->171.5M(512.0M)]
 [Times: user=0.04 sys=0.00, real=0.05 secs] 
2019-04-03T13:32:19.754+0900: 72016.072: [GC pause (G1 Evacuation Pause) (young), 0.0502490 secs]
   [Parallel Time: 49.6 ms, GC Workers: 1]
      [GC Worker Start (ms):  72016072.7]
      [Ext Root Scanning (ms):  2.5]
      [Update RS (ms):  6.0]
         [Processed Buffers:  46]
      [Scan RS (ms):  8.6]
      [Code Root Scanning (ms):  0.0]
      [Object Copy (ms):  32.4]
      [Termination (ms):  0.0]
         [Termination Attempts:  1]
      [GC Worker Other (ms):  0.0]
      [GC Worker Total (ms):  49.5]
      [GC Worker End (ms):  72016122.2]
   [Code Root Fixup: 0.0 ms]
   [Code Root Purge: 0.0 ms]
   [Clear CT: 0.1 ms]
   [Other: 0.6 ms]
      [Choose CSet: 0.0 ms]
      [Ref Proc: 0.1 ms]
      [Ref Enq: 0.0 ms]
      [Redirty Cards: 0.1 ms]
      [Humongous Register: 0.0 ms]
      [Humongous Reclaim: 0.0 ms]
      [Free CSet: 0.0 ms]
   [Eden: 23.0M(23.0M)->0.0B(21.0M) Survivors: 2048.0K->4096.0K Heap: 194.5M(512.0M)->173.0M(512.0M)]
 [Times: user=0.04 sys=0.00, real=0.05 secs] 
2019-04-03T13:33:47.253+0900: 72103.572: [GC pause (G1 Evacuation Pause) (young), 0.0986930 secs]
   [Parallel Time: 97.9 ms, GC Workers: 1]
      [GC Worker Start (ms):  72103571.7]
      [Ext Root Scanning (ms):  2.6]
      [Update RS (ms):  6.5]
         [Processed Buffers:  44]
      [Scan RS (ms):  15.1]
      [Code Root Scanning (ms):  0.0]
      [Object Copy (ms):  73.7]
      [Termination (ms):  0.0]
         [Termination Attempts:  1]
      [GC Worker Other (ms):  0.0]
      [GC Worker Total (ms):  97.9]
      [GC Worker End (ms):  72103669.6]
   [Code Root Fixup: 0.0 ms]
   [Code Root Purge: 0.0 ms]
   [Clear CT: 0.1 ms]
   [Other: 0.7 ms]
      [Choose CSet: 0.0 ms]
      [Ref Proc: 0.1 ms]
      [Ref Enq: 0.0 ms]
      [Redirty Cards: 0.1 ms]
      [Humongous Register: 0.0 ms]
      [Humongous Reclaim: 0.0 ms]
      [Free CSet: 0.1 ms]
   [Eden: 21.0M(21.0M)->0.0B(21.0M) Survivors: 4096.0K->4096.0K Heap: 194.0M(512.0M)->176.3M(512.0M)]
 [Times: user=0.09 sys=0.00, real=0.10 secs] 
2019-04-03T13:35:36.075+0900: 72212.393: [GC pause (G1 Evacuation Pause) (young), 0.0696098 secs]
   [Parallel Time: 68.9 ms, GC Workers: 1]
      [GC Worker Start (ms):  72212393.7]
      [Ext Root Scanning (ms):  2.5]
      [Update RS (ms):  5.3]
         [Processed Buffers:  45]
      [Scan RS (ms):  12.4]
      [Code Root Scanning (ms):  0.0]
      [Object Copy (ms):  48.6]
      [Termination (ms):  0.0]
         [Termination Attempts:  1]
      [GC Worker Other (ms):  0.0]
      [GC Worker Total (ms):  68.8]
      [GC Worker End (ms):  72212462.5]
   [Code Root Fixup: 0.0 ms]
   [Code Root Purge: 0.0 ms]
   [Clear CT: 0.1 ms]
   [Other: 0.6 ms]
      [Choose CSet: 0.0 ms]
      [Ref Proc: 0.1 ms]
      [Ref Enq: 0.0 ms]
      [Redirty Cards: 0.1 ms]
      [Humongous Register: 0.0 ms]
      [Humongous Reclaim: 0.0 ms]
      [Free CSet: 0.0 ms]
   [Eden: 21.0M(21.0M)->0.0B(23.0M) Survivors: 4096.0K->2048.0K Heap: 197.3M(512.0M)->178.0M(512.0M)]
 [Times: user=0.07 sys=0.00, real=0.07 secs] 
2019-04-03T13:37:35.154+0900: 72331.473: [GC pause (G1 Evacuation Pause) (young), 0.0365484 secs]
   [Parallel Time: 35.9 ms, GC Workers: 1]
      [GC Worker Start (ms):  72331473.2]
      [Ext Root Scanning (ms):  2.7]
      [Update RS (ms):  7.6]
         [Processed Buffers:  43]
      [Scan RS (ms):  4.2]
      [Code Root Scanning (ms):  0.0]
      [Object Copy (ms):  20.9]
      [Termination (ms):  0.0]
         [Termination Attempts:  1]
      [GC Worker Other (ms):  0.0]
      [GC Worker Total (ms):  35.4]
      [GC Worker End (ms):  72331508.6]
   [Code Root Fixup: 0.0 ms]
   [Code Root Purge: 0.0 ms]
   [Clear CT: 0.1 ms]
   [Other: 0.6 ms]
      [Choose CSet: 0.0 ms]
      [Ref Proc: 0.2 ms]
      [Ref Enq: 0.0 ms]
      [Redirty Cards: 0.0 ms]
      [Humongous Register: 0.0 ms]
      [Humongous Reclaim: 0.0 ms]
      [Free CSet: 0.1 ms]
   [Eden: 23.0M(23.0M)->0.0B(22.0M) Survivors: 2048.0K->3072.0K Heap: 201.0M(512.0M)->179.0M(512.0M)]
 [Times: user=0.04 sys=0.00, real=0.04 secs] 
2019-04-03T13:39:30.123+0900: 72446.442: [GC pause (G1 Evacuation Pause) (young), 0.0309844 secs]
   [Parallel Time: 30.2 ms, GC Workers: 1]
      [GC Worker Start (ms):  72446442.1]
      [Ext Root Scanning (ms):  2.6]
      [Update RS (ms):  3.4]
         [Processed Buffers:  36]
      [Scan RS (ms):  6.0]
      [Code Root Scanning (ms):  0.0]
      [Object Copy (ms):  17.9]
      [Termination (ms):  0.0]
         [Termination Attempts:  1]
      [GC Worker Other (ms):  0.0]
      [GC Worker Total (ms):  30.0]
      [GC Worker End (ms):  72446472.1]
   [Code Root Fixup: 0.0 ms]
   [Code Root Purge: 0.0 ms]
   [Clear CT: 0.1 ms]
   [Other: 0.7 ms]
      [Choose CSet: 0.0 ms]
      [Ref Proc: 0.1 ms]
      [Ref Enq: 0.0 ms]
      [Redirty Cards: 0.1 ms]
      [Humongous Register: 0.0 ms]
      [Humongous Reclaim: 0.0 ms]
      [Free CSet: 0.0 ms]
   [Eden: 22.0M(22.0M)->0.0B(22.0M) Survivors: 3072.0K->3072.0K Heap: 201.0M(512.0M)->179.0M(512.0M)]
 [Times: user=0.04 sys=0.00, real=0.03 secs] 
2019-04-03T13:41:23.187+0900: 72559.506: [GC pause (G1 Evacuation Pause) (young), 0.0385309 secs]
   [Parallel Time: 37.8 ms, GC Workers: 1]
      [GC Worker Start (ms):  72559506.0]
      [Ext Root Scanning (ms):  2.6]
      [Update RS (ms):  3.0]
         [Processed Buffers:  37]
      [Scan RS (ms):  5.6]
      [Code Root Scanning (ms):  0.0]
      [Object Copy (ms):  26.6]
      [Termination (ms):  0.0]
         [Termination Attempts:  1]
      [GC Worker Other (ms):  0.0]
      [GC Worker Total (ms):  37.7]
      [GC Worker End (ms):  72559543.7]
   [Code Root Fixup: 0.0 ms]
   [Code Root Purge: 0.0 ms]
   [Clear CT: 0.1 ms]
   [Other: 0.6 ms]
      [Choose CSet: 0.0 ms]
      [Ref Proc: 0.1 ms]
      [Ref Enq: 0.0 ms]
      [Redirty Cards: 0.1 ms]
      [Humongous Register: 0.0 ms]
      [Humongous Reclaim: 0.1 ms]
      [Free CSet: 0.0 ms]
   [Eden: 22.0M(22.0M)->0.0B(21.0M) Survivors: 3072.0K->4096.0K Heap: 201.0M(512.0M)->180.0M(512.0M)]
 [Times: user=0.04 sys=0.00, real=0.04 secs] 
2019-04-03T13:43:09.548+0900: 72665.867: [GC pause (G1 Evacuation Pause) (young), 0.0501778 secs]
   [Parallel Time: 49.5 ms, GC Workers: 1]
      [GC Worker Start (ms):  72665867.0]
      [Ext Root Scanning (ms):  2.3]
      [Update RS (ms):  5.4]
         [Processed Buffers:  39]
      [Scan RS (ms):  4.2]
      [Code Root Scanning (ms):  0.0]
      [Object Copy (ms):  37.5]
      [Termination (ms):  0.0]
         [Termination Attempts:  1]
      [GC Worker Other (ms):  0.0]
      [GC Worker Total (ms):  49.4]
      [GC Worker End (ms):  72665916.5]
   [Code Root Fixup: 0.0 ms]
   [Code Root Purge: 0.0 ms]
   [Clear CT: 0.1 ms]
   [Other: 0.6 ms]
      [Choose CSet: 0.0 ms]
      [Ref Proc: 0.2 ms]
      [Ref Enq: 0.0 ms]
      [Redirty Cards: 0.1 ms]
      [Humongous Register: 0.0 ms]
      [Humongous Reclaim: 0.0 ms]
      [Free CSet: 0.0 ms]
   [Eden: 21.0M(21.0M)->0.0B(21.0M) Survivors: 4096.0K->4096.0K Heap: 201.0M(512.0M)->181.0M(512.0M)]
 [Times: user=0.05 sys=0.00, real=0.05 secs] 
2019-04-03T13:44:59.653+0900: 72775.971: [GC pause (G1 Evacuation Pause) (young), 0.0631091 secs]
   [Parallel Time: 62.3 ms, GC Workers: 1]
      [GC Worker Start (ms):  72775971.4]
      [Ext Root Scanning (ms):  2.5]
      [Update RS (ms):  4.8]
         [Processed Buffers:  34]
      [Scan RS (ms):  6.6]
      [Code Root Scanning (ms):  0.0]
      [Object Copy (ms):  48.3]
      [Termination (ms):  0.0]
         [Termination Attempts:  1]
      [GC Worker Other (ms):  0.0]
      [GC Worker Total (ms):  62.3]
      [GC Worker End (ms):  72776033.7]
   [Code Root Fixup: 0.0 ms]
   [Code Root Purge: 0.0 ms]
   [Clear CT: 0.1 ms]
   [Other: 0.7 ms]
      [Choose CSet: 0.0 ms]
      [Ref Proc: 0.2 ms]
      [Ref Enq: 0.0 ms]
      [Redirty Cards: 0.1 ms]
      [Humongous Register: 0.0 ms]
      [Humongous Reclaim: 0.0 ms]
      [Free CSet: 0.0 ms]
   [Eden: 21.0M(21.0M)->0.0B(21.0M) Survivors: 4096.0K->4096.0K Heap: 202.0M(512.0M)->182.0M(512.0M)]
 [Times: user=0.05 sys=0.00, real=0.07 secs] 
2019-04-03T13:46:47.723+0900: 72884.041: [GC pause (G1 Evacuation Pause) (young) (initial-mark), 0.0465366 secs]
   [Parallel Time: 45.8 ms, GC Workers: 1]
      [GC Worker Start (ms):  72884041.7]
      [Ext Root Scanning (ms):  3.3]
      [Update RS (ms):  4.9]
         [Processed Buffers:  36]
      [Scan RS (ms):  7.6]
      [Code Root Scanning (ms):  0.0]
      [Object Copy (ms):  29.9]
      [Termination (ms):  0.0]
         [Termination Attempts:  1]
      [GC Worker Other (ms):  0.0]
      [GC Worker Total (ms):  45.7]
      [GC Worker End (ms):  72884087.4]
   [Code Root Fixup: 0.0 ms]
   [Code Root Purge: 0.0 ms]
   [Clear CT: 0.1 ms]
   [Other: 0.7 ms]
      [Choose CSet: 0.0 ms]
      [Ref Proc: 0.1 ms]
      [Ref Enq: 0.0 ms]
      [Redirty Cards: 0.1 ms]
      [Humongous Register: 0.0 ms]
      [Humongous Reclaim: 0.0 ms]
      [Free CSet: 0.0 ms]
   [Eden: 21.0M(21.0M)->0.0B(23.0M) Survivors: 4096.0K->2048.0K Heap: 203.0M(512.0M)->181.0M(512.0M)]
 [Times: user=0.04 sys=0.00, real=0.05 secs] 
2019-04-03T13:46:47.770+0900: 72884.088: [GC concurrent-root-region-scan-start]
2019-04-03T13:46:47.791+0900: 72884.109: [GC concurrent-root-region-scan-end, 0.0207912 secs]
2019-04-03T13:46:47.791+0900: 72884.109: [GC concurrent-mark-start]
2019-04-03T13:46:47.864+0900: 72884.182: [GC concurrent-mark-end, 0.0729217 secs]
2019-04-03T13:46:47.864+0900: 72884.182: [GC remark 2019-04-03T13:46:47.864+0900: 72884.182: [Finalize Marking, 0.0004569 secs] 2019-04-03T13:46:47.864+0900: 72884.183: [GC ref-proc, 0.0008835 secs] 2019-04-03T13:46:47.865+0900: 72884.184: [Unloading, 0.0315497 secs], 0.0357310 secs]
 [Times: user=0.03 sys=0.00, real=0.04 secs] 
2019-04-03T13:46:47.900+0900: 72884.219: [GC cleanup 181M->179M(512M), 0.0019192 secs]
 [Times: user=0.01 sys=0.00, real=0.00 secs] 
2019-04-03T13:46:47.902+0900: 72884.221: [GC concurrent-cleanup-start]
2019-04-03T13:46:47.902+0900: 72884.221: [GC concurrent-cleanup-end, 0.0000335 secs]
2019-04-03T13:48:46.230+0900: 73002.548: [GC pause (G1 Evacuation Pause) (young), 0.0396460 secs]
   [Parallel Time: 39.0 ms, GC Workers: 1]
      [GC Worker Start (ms):  73002548.5]
      [Ext Root Scanning (ms):  2.4]
      [Update RS (ms):  3.6]
         [Processed Buffers:  35]
      [Scan RS (ms):  7.8]
      [Code Root Scanning (ms):  0.0]
      [Object Copy (ms):  24.8]
      [Termination (ms):  0.0]
         [Termination Attempts:  1]
      [GC Worker Other (ms):  0.0]
      [GC Worker Total (ms):  38.6]
      [GC Worker End (ms):  73002587.2]
   [Code Root Fixup: 0.0 ms]
   [Code Root Purge: 0.0 ms]
   [Clear CT: 0.1 ms]
   [Other: 0.6 ms]
      [Choose CSet: 0.0 ms]
      [Ref Proc: 0.2 ms]
      [Ref Enq: 0.0 ms]
      [Redirty Cards: 0.1 ms]
      [Humongous Register: 0.0 ms]
      [Humongous Reclaim: 0.0 ms]
      [Free CSet: 0.0 ms]
   [Eden: 23.0M(23.0M)->0.0B(22.0M) Survivors: 2048.0K->3072.0K Heap: 202.0M(512.0M)->180.0M(512.0M)]
 [Times: user=0.04 sys=0.00, real=0.04 secs] 
2019-04-03T13:50:41.166+0900: 73117.484: [GC pause (G1 Evacuation Pause) (mixed), 0.0771098 secs]
   [Parallel Time: 76.1 ms, GC Workers: 1]
      [GC Worker Start (ms):  73117484.3]
      [Ext Root Scanning (ms):  2.5]
      [Update RS (ms):  7.7]
         [Processed Buffers:  37]
      [Scan RS (ms):  22.2]
      [Code Root Scanning (ms):  0.0]
      [Object Copy (ms):  43.5]
      [Termination (ms):  0.0]
         [Termination Attempts:  1]
      [GC Worker Other (ms):  0.0]
      [GC Worker Total (ms):  76.0]
      [GC Worker End (ms):  73117560.3]
   [Code Root Fixup: 0.0 ms]
   [Code Root Purge: 0.0 ms]
   [Clear CT: 0.1 ms]
   [Other: 0.8 ms]
      [Choose CSet: 0.0 ms]
      [Ref Proc: 0.4 ms]
      [Ref Enq: 0.0 ms]
      [Redirty Cards: 0.1 ms]
      [Humongous Register: 0.0 ms]
      [Humongous Reclaim: 0.0 ms]
      [Free CSet: 0.1 ms]
   [Eden: 22.0M(22.0M)->0.0B(21.0M) Survivors: 3072.0K->4096.0K Heap: 202.0M(512.0M)->174.9M(512.0M)]
 [Times: user=0.06 sys=0.00, real=0.07 secs] 
2019-04-03T13:52:31.238+0900: 73227.557: [GC pause (G1 Evacuation Pause) (mixed), 0.0550421 secs]
   [Parallel Time: 54.3 ms, GC Workers: 1]
      [GC Worker Start (ms):  73227557.1]
      [Ext Root Scanning (ms):  2.6]
      [Update RS (ms):  5.3]
         [Processed Buffers:  40]
      [Scan RS (ms):  9.4]
      [Code Root Scanning (ms):  0.0]
      [Object Copy (ms):  36.9]
      [Termination (ms):  0.0]
         [Termination Attempts:  1]
      [GC Worker Other (ms):  0.0]
      [GC Worker Total (ms):  54.2]
      [GC Worker End (ms):  73227611.4]
   [Code Root Fixup: 0.0 ms]
   [Code Root Purge: 0.0 ms]
   [Clear CT: 0.1 ms]
   [Other: 0.6 ms]
      [Choose CSet: 0.0 ms]
      [Ref Proc: 0.1 ms]
      [Ref Enq: 0.0 ms]
      [Redirty Cards: 0.1 ms]
      [Humongous Register: 0.0 ms]
      [Humongous Reclaim: 0.0 ms]
      [Free CSet: 0.1 ms]
   [Eden: 21.0M(21.0M)->0.0B(22.0M) Survivors: 4096.0K->3072.0K Heap: 195.9M(512.0M)->170.1M(512.0M)]
 [Times: user=0.06 sys=0.00, real=0.05 secs] 
2019-04-03T13:54:23.773+0900: 73340.092: [GC pause (G1 Evacuation Pause) (mixed), 0.0522682 secs]
   [Parallel Time: 51.6 ms, GC Workers: 1]
      [GC Worker Start (ms):  73340091.9]
      [Ext Root Scanning (ms):  2.7]
      [Update RS (ms):  5.9]
         [Processed Buffers:  36]
      [Scan RS (ms):  7.6]
      [Code Root Scanning (ms):  0.0]
      [Object Copy (ms):  35.2]
      [Termination (ms):  0.0]
         [Termination Attempts:  1]
      [GC Worker Other (ms):  0.0]
      [GC Worker Total (ms):  51.3]
      [GC Worker End (ms):  73340143.2]
   [Code Root Fixup: 0.0 ms]
   [Code Root Purge: 0.0 ms]
   [Clear CT: 0.1 ms]
   [Other: 0.6 ms]
      [Choose CSet: 0.0 ms]
      [Ref Proc: 0.2 ms]
      [Ref Enq: 0.0 ms]
      [Redirty Cards: 0.1 ms]
      [Humongous Register: 0.0 ms]
      [Humongous Reclaim: 0.0 ms]
      [Free CSet: 0.0 ms]
   [Eden: 22.0M(22.0M)->0.0B(21.0M) Survivors: 3072.0K->4096.0K Heap: 192.1M(512.0M)->170.0M(512.0M)]
 [Times: user=0.05 sys=0.00, real=0.05 secs] 
2019-04-03T13:56:10.434+0900: 73446.753: [GC pause (G1 Evacuation Pause) (young), 0.0450166 secs]
   [Parallel Time: 44.4 ms, GC Workers: 1]
      [GC Worker Start (ms):  73446753.2]
      [Ext Root Scanning (ms):  2.4]
      [Update RS (ms):  4.7]
         [Processed Buffers:  35]
      [Scan RS (ms):  7.1]
      [Code Root Scanning (ms):  0.0]
      [Object Copy (ms):  30.0]
      [Termination (ms):  0.0]
         [Termination Attempts:  1]
      [GC Worker Other (ms):  0.0]
      [GC Worker Total (ms):  44.2]
      [GC Worker End (ms):  73446797.4]
   [Code Root Fixup: 0.0 ms]
   [Code Root Purge: 0.0 ms]
   [Clear CT: 0.1 ms]
   [Other: 0.6 ms]
      [Choose CSet: 0.0 ms]
      [Ref Proc: 0.1 ms]
      [Ref Enq: 0.0 ms]
      [Redirty Cards: 0.1 ms]
      [Humongous Register: 0.0 ms]
      [Humongous Reclaim: 0.0 ms]
      [Free CSet: 0.0 ms]
   [Eden: 21.0M(21.0M)->0.0B(22.0M) Survivors: 4096.0K->3072.0K Heap: 191.0M(512.0M)->169.9M(512.0M)]
 [Times: user=0.04 sys=0.00, real=0.05 secs] 
2019-04-03T13:58:05.126+0900: 73561.445: [GC pause (G1 Evacuation Pause) (young), 0.0463005 secs]
   [Parallel Time: 45.3 ms, GC Workers: 1]
      [GC Worker Start (ms):  73561445.4]
      [Ext Root Scanning (ms):  2.6]
      [Update RS (ms):  5.7]
         [Processed Buffers:  35]
      [Scan RS (ms):  7.5]
      [Code Root Scanning (ms):  0.0]
      [Object Copy (ms):  29.0]
      [Termination (ms):  0.0]
         [Termination Attempts:  1]
      [GC Worker Other (ms):  0.0]
      [GC Worker Total (ms):  44.8]
      [GC Worker End (ms):  73561490.2]
   [Code Root Fixup: 0.0 ms]
   [Code Root Purge: 0.0 ms]
   [Clear CT: 0.1 ms]
   [Other: 1.0 ms]
      [Choose CSet: 0.0 ms]
      [Ref Proc: 0.2 ms]
      [Ref Enq: 0.0 ms]
      [Redirty Cards: 0.1 ms]
      [Humongous Register: 0.0 ms]
      [Humongous Reclaim: 0.0 ms]
      [Free CSet: 0.0 ms]
   [Eden: 22.0M(22.0M)->0.0B(21.0M) Survivors: 3072.0K->4096.0K Heap: 191.9M(512.0M)->170.9M(512.0M)]
 [Times: user=0.04 sys=0.00, real=0.04 secs] 
2019-04-03T13:59:53.363+0900: 73669.681: [GC pause (G1 Evacuation Pause) (young), 0.0547225 secs]
   [Parallel Time: 54.1 ms, GC Workers: 1]
      [GC Worker Start (ms):  73669681.7]
      [Ext Root Scanning (ms):  2.6]
      [Update RS (ms):  4.9]
         [Processed Buffers:  38]
      [Scan RS (ms):  8.8]
      [Code Root Scanning (ms):  0.0]
      [Object Copy (ms):  37.5]
      [Termination (ms):  0.0]
         [Termination Attempts:  1]
      [GC Worker Other (ms):  0.0]
      [GC Worker Total (ms):  53.9]
      [GC Worker End (ms):  73669735.5]
   [Code Root Fixup: 0.0 ms]
   [Code Root Purge: 0.0 ms]
   [Clear CT: 0.1 ms]
   [Other: 0.6 ms]
      [Choose CSet: 0.0 ms]
      [Ref Proc: 0.2 ms]
      [Ref Enq: 0.0 ms]
      [Redirty Cards: 0.1 ms]
      [Humongous Register: 0.0 ms]
      [Humongous Reclaim: 0.0 ms]
      [Free CSet: 0.0 ms]
   [Eden: 21.0M(21.0M)->0.0B(21.0M) Survivors: 4096.0K->4096.0K Heap: 191.9M(512.0M)->171.9M(512.0M)]
 [Times: user=0.05 sys=0.00, real=0.06 secs] 
2019-04-03T14:01:42.944+0900: 73779.262: [GC pause (G1 Evacuation Pause) (young), 0.0574773 secs]
   [Parallel Time: 56.8 ms, GC Workers: 1]
      [GC Worker Start (ms):  73779262.5]
      [Ext Root Scanning (ms):  2.5]
      [Update RS (ms):  4.5]
         [Processed Buffers:  36]
      [Scan RS (ms):  8.2]
      [Code Root Scanning (ms):  0.0]
      [Object Copy (ms):  41.5]
      [Termination (ms):  0.0]
         [Termination Attempts:  1]
      [GC Worker Other (ms):  0.0]
      [GC Worker Total (ms):  56.7]
      [GC Worker End (ms):  73779319.2]
   [Code Root Fixup: 0.0 ms]
   [Code Root Purge: 0.0 ms]
   [Clear CT: 0.1 ms]
   [Other: 0.6 ms]
      [Choose CSet: 0.0 ms]
      [Ref Proc: 0.2 ms]
      [Ref Enq: 0.0 ms]
      [Redirty Cards: 0.1 ms]
      [Humongous Register: 0.0 ms]
      [Humongous Reclaim: 0.0 ms]
      [Free CSet: 0.0 ms]
   [Eden: 21.0M(21.0M)->0.0B(21.0M) Survivors: 4096.0K->4096.0K Heap: 192.9M(512.0M)->173.0M(512.0M)]
 [Times: user=0.04 sys=0.00, real=0.06 secs] 
2019-04-03T14:03:32.044+0900: 73888.363: [GC pause (G1 Evacuation Pause) (young), 0.0387196 secs]
   [Parallel Time: 36.9 ms, GC Workers: 1]
      [GC Worker Start (ms):  73888364.3]
      [Ext Root Scanning (ms):  2.5]
      [Update RS (ms):  5.7]
         [Processed Buffers:  40]
      [Scan RS (ms):  6.9]
      [Code Root Scanning (ms):  0.0]
      [Object Copy (ms):  21.7]
      [Termination (ms):  0.0]
         [Termination Attempts:  1]
      [GC Worker Other (ms):  0.0]
      [GC Worker Total (ms):  36.8]
      [GC Worker End (ms):  73888401.1]
   [Code Root Fixup: 0.0 ms]
   [Code Root Purge: 0.0 ms]
   [Clear CT: 0.1 ms]
   [Other: 1.8 ms]
      [Choose CSet: 0.0 ms]
      [Ref Proc: 0.2 ms]
      [Ref Enq: 0.0 ms]
      [Redirty Cards: 0.1 ms]
      [Humongous Register: 0.0 ms]
      [Humongous Reclaim: 0.0 ms]
      [Free CSet: 0.0 ms]
   [Eden: 21.0M(21.0M)->0.0B(23.0M) Survivors: 4096.0K->2048.0K Heap: 194.0M(512.0M)->172.0M(512.0M)]
 [Times: user=0.04 sys=0.00, real=0.04 secs] 
2019-04-03T14:05:30.679+0900: 74006.998: [GC pause (G1 Evacuation Pause) (young), 0.0403708 secs]
   [Parallel Time: 39.5 ms, GC Workers: 1]
      [GC Worker Start (ms):  74006997.8]
      [Ext Root Scanning (ms):  2.7]
      [Update RS (ms):  4.8]
         [Processed Buffers:  39]
      [Scan RS (ms):  7.5]
      [Code Root Scanning (ms):  0.0]
      [Object Copy (ms):  24.4]
      [Termination (ms):  0.0]
         [Termination Attempts:  1]
      [GC Worker Other (ms):  0.0]
      [GC Worker Total (ms):  39.4]
      [GC Worker End (ms):  74007037.2]
   [Code Root Fixup: 0.0 ms]
   [Code Root Purge: 0.0 ms]
   [Clear CT: 0.1 ms]
   [Other: 0.8 ms]
      [Choose CSet: 0.0 ms]
      [Ref Proc: 0.2 ms]
      [Ref Enq: 0.0 ms]
      [Redirty Cards: 0.1 ms]
      [Humongous Register: 0.0 ms]
      [Humongous Reclaim: 0.0 ms]
      [Free CSet: 0.0 ms]
   [Eden: 23.0M(23.0M)->0.0B(22.0M) Survivors: 2048.0K->3072.0K Heap: 195.0M(512.0M)->173.0M(512.0M)]
 [Times: user=0.04 sys=0.00, real=0.04 secs] 
2019-04-03T14:07:23.348+0900: 74119.667: [GC pause (G1 Evacuation Pause) (young), 0.0523234 secs]
   [Parallel Time: 51.6 ms, GC Workers: 1]
      [GC Worker Start (ms):  74119666.9]
      [Ext Root Scanning (ms):  2.6]
      [Update RS (ms):  6.4]
         [Processed Buffers:  36]
      [Scan RS (ms):  6.2]
      [Code Root Scanning (ms):  0.0]
      [Object Copy (ms):  36.2]
      [Termination (ms):  0.0]
         [Termination Attempts:  1]
      [GC Worker Other (ms):  0.0]
      [GC Worker Total (ms):  51.5]
      [GC Worker End (ms):  74119718.4]
   [Code Root Fixup: 0.0 ms]
   [Code Root Purge: 0.0 ms]
   [Clear CT: 0.1 ms]
   [Other: 0.7 ms]
      [Choose CSet: 0.0 ms]
      [Ref Proc: 0.2 ms]
      [Ref Enq: 0.0 ms]
      [Redirty Cards: 0.1 ms]
      [Humongous Register: 0.0 ms]
      [Humongous Reclaim: 0.0 ms]
      [Free CSet: 0.0 ms]
   [Eden: 22.0M(22.0M)->0.0B(21.0M) Survivors: 3072.0K->4096.0K Heap: 195.0M(512.0M)->174.0M(512.0M)]
 [Times: user=0.05 sys=0.00, real=0.05 secs] 
2019-04-03T14:09:10.237+0900: 74226.556: [GC pause (G1 Evacuation Pause) (young), 0.0580580 secs]
   [Parallel Time: 57.2 ms, GC Workers: 1]
      [GC Worker Start (ms):  74226556.0]
      [Ext Root Scanning (ms):  2.6]
      [Update RS (ms):  5.1]
         [Processed Buffers:  33]
      [Scan RS (ms):  8.7]
      [Code Root Scanning (ms):  0.0]
      [Object Copy (ms):  40.6]
      [Termination (ms):  0.0]
         [Termination Attempts:  1]
      [GC Worker Other (ms):  0.0]
      [GC Worker Total (ms):  57.1]
      [GC Worker End (ms):  74226613.1]
   [Code Root Fixup: 0.0 ms]
   [Code Root Purge: 0.0 ms]
   [Clear CT: 0.1 ms]
   [Other: 0.8 ms]
      [Choose CSet: 0.0 ms]
      [Ref Proc: 0.2 ms]
      [Ref Enq: 0.0 ms]
      [Redirty Cards: 0.2 ms]
      [Humongous Register: 0.2 ms]
      [Humongous Reclaim: 0.0 ms]
      [Free CSet: 0.0 ms]
   [Eden: 21.0M(21.0M)->0.0B(22.0M) Survivors: 4096.0K->3072.0K Heap: 195.0M(512.0M)->175.9M(512.0M)]
 [Times: user=0.05 sys=0.00, real=0.06 secs] 
2019-04-03T14:11:05.174+0900: 74341.493: [GC pause (G1 Evacuation Pause) (young), 0.0554683 secs]
   [Parallel Time: 52.9 ms, GC Workers: 1]
      [GC Worker Start (ms):  74341492.8]
      [Ext Root Scanning (ms):  2.6]
      [Update RS (ms):  7.5]
         [Processed Buffers:  35]
      [Scan RS (ms):  10.1]
      [Code Root Scanning (ms):  0.0]
      [Object Copy (ms):  32.7]
      [Termination (ms):  0.0]
         [Termination Attempts:  1]
      [GC Worker Other (ms):  0.0]
      [GC Worker Total (ms):  52.8]
      [GC Worker End (ms):  74341545.6]
   [Code Root Fixup: 0.0 ms]
   [Code Root Purge: 0.0 ms]
   [Clear CT: 0.1 ms]
   [Other: 2.5 ms]
      [Choose CSet: 0.0 ms]
      [Ref Proc: 0.3 ms]
      [Ref Enq: 0.0 ms]
      [Redirty Cards: 1.8 ms]
      [Humongous Register: 0.0 ms]
      [Humongous Reclaim: 0.0 ms]
      [Free CSet: 0.0 ms]
   [Eden: 22.0M(22.0M)->0.0B(21.0M) Survivors: 3072.0K->4096.0K Heap: 197.9M(512.0M)->176.9M(512.0M)]
 [Times: user=0.04 sys=0.00, real=0.06 secs] 
2019-04-03T14:12:52.804+0900: 74449.123: [GC pause (G1 Evacuation Pause) (young), 0.0358611 secs]
   [Parallel Time: 35.1 ms, GC Workers: 1]
      [GC Worker Start (ms):  74449123.0]
      [Ext Root Scanning (ms):  2.5]
      [Update RS (ms):  4.2]
         [Processed Buffers:  41]
      [Scan RS (ms):  6.1]
      [Code Root Scanning (ms):  0.0]
      [Object Copy (ms):  22.1]
      [Termination (ms):  0.0]
         [Termination Attempts:  1]
      [GC Worker Other (ms):  0.0]
      [GC Worker Total (ms):  34.9]
      [GC Worker End (ms):  74449157.9]
   [Code Root Fixup: 0.0 ms]
   [Code Root Purge: 0.0 ms]
   [Clear CT: 0.0 ms]
   [Other: 0.7 ms]
      [Choose CSet: 0.0 ms]
      [Ref Proc: 0.1 ms]
      [Ref Enq: 0.0 ms]
      [Redirty Cards: 0.1 ms]
      [Humongous Register: 0.0 ms]
      [Humongous Reclaim: 0.0 ms]
      [Free CSet: 0.0 ms]
   [Eden: 21.0M(21.0M)->0.0B(22.0M) Survivors: 4096.0K->3072.0K Heap: 197.9M(512.0M)->176.9M(512.0M)]
 [Times: user=0.04 sys=0.00, real=0.04 secs] 
2019-04-03T14:14:45.372+0900: 74561.690: [GC pause (G1 Evacuation Pause) (young), 0.0466802 secs]
   [Parallel Time: 45.9 ms, GC Workers: 1]
      [GC Worker Start (ms):  74561690.8]
      [Ext Root Scanning (ms):  3.4]
      [Update RS (ms):  7.7]
         [Processed Buffers:  35]
      [Scan RS (ms):  6.5]
      [Code Root Scanning (ms):  0.0]
      [Object Copy (ms):  28.0]
      [Termination (ms):  0.1]
         [Termination Attempts:  1]
      [GC Worker Other (ms):  0.0]
      [GC Worker Total (ms):  45.8]
      [GC Worker End (ms):  74561736.6]
   [Code Root Fixup: 0.0 ms]
   [Code Root Purge: 0.0 ms]
   [Clear CT: 0.1 ms]
   [Other: 0.7 ms]
      [Choose CSet: 0.0 ms]
      [Ref Proc: 0.2 ms]
      [Ref Enq: 0.0 ms]
      [Redirty Cards: 0.1 ms]
      [Humongous Register: 0.1 ms]
      [Humongous Reclaim: 0.0 ms]
      [Free CSet: 0.0 ms]
   [Eden: 22.0M(22.0M)->0.0B(21.0M) Survivors: 3072.0K->4096.0K Heap: 198.9M(512.0M)->177.9M(512.0M)]
 [Times: user=0.04 sys=0.00, real=0.05 secs] 
2019-04-03T14:16:35.134+0900: 74671.453: [GC pause (G1 Evacuation Pause) (young), 0.0628923 secs]
   [Parallel Time: 61.0 ms, GC Workers: 1]
      [GC Worker Start (ms):  74671461.5]
      [Ext Root Scanning (ms):  2.7]
      [Update RS (ms):  5.5]
         [Processed Buffers:  36]
      [Scan RS (ms):  5.3]
      [Code Root Scanning (ms):  0.0]
      [Object Copy (ms):  38.3]
      [Termination (ms):  0.0]
         [Termination Attempts:  1]
      [GC Worker Other (ms):  0.0]
      [GC Worker Total (ms):  51.7]
      [GC Worker End (ms):  74671513.2]
   [Code Root Fixup: 0.0 ms]
   [Code Root Purge: 0.0 ms]
   [Clear CT: 0.0 ms]
   [Other: 1.8 ms]
      [Choose CSet: 0.0 ms]
      [Ref Proc: 1.3 ms]
      [Ref Enq: 0.0 ms]
      [Redirty Cards: 0.1 ms]
      [Humongous Register: 0.0 ms]
      [Humongous Reclaim: 0.0 ms]
      [Free CSet: 0.1 ms]
   [Eden: 21.0M(21.0M)->0.0B(21.0M) Survivors: 4096.0K->4096.0K Heap: 198.9M(512.0M)->178.9M(512.0M)]
 [Times: user=0.05 sys=0.00, real=0.07 secs] 
2019-04-03T14:18:24.460+0900: 74780.779: [GC pause (G1 Evacuation Pause) (young), 0.0570831 secs]
   [Parallel Time: 56.4 ms, GC Workers: 1]
      [GC Worker Start (ms):  74780778.9]
      [Ext Root Scanning (ms):  2.6]
      [Update RS (ms):  15.6]
         [Processed Buffers:  51]
      [Scan RS (ms):  2.0]
      [Code Root Scanning (ms):  0.0]
      [Object Copy (ms):  36.0]
      [Termination (ms):  0.0]
         [Termination Attempts:  1]
      [GC Worker Other (ms):  0.0]
      [GC Worker Total (ms):  56.3]
      [GC Worker End (ms):  74780835.2]
   [Code Root Fixup: 0.0 ms]
   [Code Root Purge: 0.0 ms]
   [Clear CT: 0.1 ms]
   [Other: 0.6 ms]
      [Choose CSet: 0.0 ms]
      [Ref Proc: 0.2 ms]
      [Ref Enq: 0.0 ms]
      [Redirty Cards: 0.1 ms]
      [Humongous Register: 0.0 ms]
      [Humongous Reclaim: 0.0 ms]
      [Free CSet: 0.0 ms]
   [Eden: 21.0M(21.0M)->0.0B(21.0M) Survivors: 4096.0K->4096.0K Heap: 199.9M(512.0M)->180.0M(512.0M)]
 [Times: user=0.05 sys=0.00, real=0.06 secs] 
2019-04-03T14:20:11.505+0900: 74887.823: [GC pause (G1 Evacuation Pause) (young), 0.0523357 secs]
   [Parallel Time: 51.7 ms, GC Workers: 1]
      [GC Worker Start (ms):  74887823.6]
      [Ext Root Scanning (ms):  2.8]
      [Update RS (ms):  4.8]
         [Processed Buffers:  36]
      [Scan RS (ms):  7.1]
      [Code Root Scanning (ms):  0.0]
      [Object Copy (ms):  36.9]
      [Termination (ms):  0.0]
         [Termination Attempts:  1]
      [GC Worker Other (ms):  0.0]
      [GC Worker Total (ms):  51.6]
      [GC Worker End (ms):  74887875.2]
   [Code Root Fixup: 0.0 ms]
   [Code Root Purge: 0.0 ms]
   [Clear CT: 0.1 ms]
   [Other: 0.6 ms]
      [Choose CSet: 0.0 ms]
      [Ref Proc: 0.1 ms]
      [Ref Enq: 0.0 ms]
      [Redirty Cards: 0.1 ms]
      [Humongous Register: 0.0 ms]
      [Humongous Reclaim: 0.0 ms]
      [Free CSet: 0.0 ms]
   [Eden: 21.0M(21.0M)->0.0B(21.0M) Survivors: 4096.0K->4096.0K Heap: 201.0M(512.0M)->181.0M(512.0M)]
 [Times: user=0.05 sys=0.00, real=0.06 secs] 
2019-04-03T14:22:02.807+0900: 74999.125: [GC pause (G1 Evacuation Pause) (young), 0.0383100 secs]
   [Parallel Time: 37.7 ms, GC Workers: 1]
      [GC Worker Start (ms):  74999125.4]
      [Ext Root Scanning (ms):  2.4]
      [Update RS (ms):  4.9]
         [Processed Buffers:  38]
      [Scan RS (ms):  7.4]
      [Code Root Scanning (ms):  0.0]
      [Object Copy (ms):  22.7]
      [Termination (ms):  0.0]
         [Termination Attempts:  1]
      [GC Worker Other (ms):  0.1]
      [GC Worker Total (ms):  37.6]
      [GC Worker End (ms):  74999163.0]
   [Code Root Fixup: 0.0 ms]
   [Code Root Purge: 0.0 ms]
   [Clear CT: 0.1 ms]
   [Other: 0.6 ms]
      [Choose CSet: 0.0 ms]
      [Ref Proc: 0.1 ms]
      [Ref Enq: 0.0 ms]
      [Redirty Cards: 0.1 ms]
      [Humongous Register: 0.0 ms]
      [Humongous Reclaim: 0.0 ms]
      [Free CSet: 0.0 ms]
   [Eden: 21.0M(21.0M)->0.0B(22.0M) Survivors: 4096.0K->3072.0K Heap: 202.0M(512.0M)->180.5M(512.0M)]
 [Times: user=0.04 sys=0.00, real=0.04 secs] 
2019-04-03T14:23:54.871+0900: 75111.190: [GC pause (G1 Evacuation Pause) (young), 0.0463519 secs]
   [Parallel Time: 45.7 ms, GC Workers: 1]
      [GC Worker Start (ms):  75111190.0]
      [Ext Root Scanning (ms):  2.6]
      [Update RS (ms):  5.0]
         [Processed Buffers:  38]
      [Scan RS (ms):  7.9]
      [Code Root Scanning (ms):  0.0]
      [Object Copy (ms):  30.1]
      [Termination (ms):  0.0]
         [Termination Attempts:  1]
      [GC Worker Other (ms):  0.0]
      [GC Worker Total (ms):  45.6]
      [GC Worker End (ms):  75111235.6]
   [Code Root Fixup: 0.0 ms]
   [Code Root Purge: 0.0 ms]
   [Clear CT: 0.0 ms]
   [Other: 0.6 ms]
      [Choose CSet: 0.0 ms]
      [Ref Proc: 0.1 ms]
      [Ref Enq: 0.0 ms]
      [Redirty Cards: 0.1 ms]
      [Humongous Register: 0.0 ms]
      [Humongous Reclaim: 0.0 ms]
      [Free CSet: 0.0 ms]
   [Eden: 22.0M(22.0M)->0.0B(21.0M) Survivors: 3072.0K->4096.0K Heap: 202.5M(512.0M)->181.5M(512.0M)]
 [Times: user=0.04 sys=0.00, real=0.05 secs] 
2019-04-03T14:25:43.509+0900: 75219.827: [GC pause (G1 Evacuation Pause) (young), 0.0574172 secs]
   [Parallel Time: 56.6 ms, GC Workers: 1]
      [GC Worker Start (ms):  75219827.5]
      [Ext Root Scanning (ms):  2.5]
      [Update RS (ms):  5.5]
         [Processed Buffers:  37]
      [Scan RS (ms):  7.7]
      [Code Root Scanning (ms):  0.0]
      [Object Copy (ms):  40.9]
      [Termination (ms):  0.0]
         [Termination Attempts:  1]
      [GC Worker Other (ms):  0.0]
      [GC Worker Total (ms):  56.6]
      [GC Worker End (ms):  75219884.1]
   [Code Root Fixup: 0.0 ms]
   [Code Root Purge: 0.0 ms]
   [Clear CT: 0.1 ms]
   [Other: 0.7 ms]
      [Choose CSet: 0.0 ms]
      [Ref Proc: 0.2 ms]
      [Ref Enq: 0.0 ms]
      [Redirty Cards: 0.1 ms]
      [Humongous Register: 0.0 ms]
      [Humongous Reclaim: 0.0 ms]
      [Free CSet: 0.0 ms]
   [Eden: 21.0M(21.0M)->0.0B(21.0M) Survivors: 4096.0K->4096.0K Heap: 202.5M(512.0M)->182.5M(512.0M)]
 [Times: user=0.06 sys=0.00, real=0.06 secs] 
2019-04-03T14:27:34.083+0900: 75330.401: [GC pause (G1 Evacuation Pause) (young) (initial-mark), 0.0553266 secs]
   [Parallel Time: 54.6 ms, GC Workers: 1]
      [GC Worker Start (ms):  75330401.4]
      [Ext Root Scanning (ms):  3.4]
      [Update RS (ms):  5.1]
         [Processed Buffers:  34]
      [Scan RS (ms):  9.6]
      [Code Root Scanning (ms):  0.0]
      [Object Copy (ms):  36.3]
      [Termination (ms):  0.0]
         [Termination Attempts:  1]
      [GC Worker Other (ms):  0.0]
      [GC Worker Total (ms):  54.5]
      [GC Worker End (ms):  75330455.8]
   [Code Root Fixup: 0.0 ms]
   [Code Root Purge: 0.0 ms]
   [Clear CT: 0.1 ms]
   [Other: 0.6 ms]
      [Choose CSet: 0.0 ms]
      [Ref Proc: 0.1 ms]
      [Ref Enq: 0.0 ms]
      [Redirty Cards: 0.1 ms]
      [Humongous Register: 0.0 ms]
      [Humongous Reclaim: 0.0 ms]
      [Free CSet: 0.0 ms]
   [Eden: 21.0M(21.0M)->0.0B(21.0M) Survivors: 4096.0K->4096.0K Heap: 203.5M(512.0M)->183.5M(512.0M)]
 [Times: user=0.05 sys=0.00, real=0.06 secs] 
2019-04-03T14:27:34.138+0900: 75330.457: [GC concurrent-root-region-scan-start]
2019-04-03T14:27:34.171+0900: 75330.489: [GC concurrent-root-region-scan-end, 0.0323522 secs]
2019-04-03T14:27:34.171+0900: 75330.489: [GC concurrent-mark-start]
2019-04-03T14:27:34.256+0900: 75330.575: [GC concurrent-mark-end, 0.0857889 secs]
2019-04-03T14:27:34.257+0900: 75330.575: [GC remark 2019-04-03T14:27:34.257+0900: 75330.575: [Finalize Marking, 0.0004053 secs] 2019-04-03T14:27:34.257+0900: 75330.576: [GC ref-proc, 0.0009668 secs] 2019-04-03T14:27:34.258+0900: 75330.577: [Unloading, 0.0328439 secs], 0.0375156 secs]
 [Times: user=0.03 sys=0.00, real=0.03 secs] 
2019-04-03T14:27:34.295+0900: 75330.614: [GC cleanup 183M->180M(512M), 0.0020576 secs]
 [Times: user=0.01 sys=0.00, real=0.01 secs] 
2019-04-03T14:27:34.297+0900: 75330.616: [GC concurrent-cleanup-start]
2019-04-03T14:27:34.297+0900: 75330.616: [GC concurrent-cleanup-end, 0.0000315 secs]
2019-04-03T14:29:21.162+0900: 75437.480: [GC pause (G1 Evacuation Pause) (young), 0.0380570 secs]
   [Parallel Time: 37.3 ms, GC Workers: 1]
      [GC Worker Start (ms):  75437480.5]
      [Ext Root Scanning (ms):  3.7]
      [Update RS (ms):  4.1]
         [Processed Buffers:  38]
      [Scan RS (ms):  8.6]
      [Code Root Scanning (ms):  0.0]
      [Object Copy (ms):  20.7]
      [Termination (ms):  0.0]
         [Termination Attempts:  1]
      [GC Worker Other (ms):  0.0]
      [GC Worker Total (ms):  37.2]
      [GC Worker End (ms):  75437517.7]
   [Code Root Fixup: 0.0 ms]
   [Code Root Purge: 0.0 ms]
   [Clear CT: 0.0 ms]
   [Other: 0.7 ms]
      [Choose CSet: 0.0 ms]
      [Ref Proc: 0.1 ms]
      [Ref Enq: 0.0 ms]
      [Redirty Cards: 0.1 ms]
      [Humongous Register: 0.2 ms]
      [Humongous Reclaim: 0.0 ms]
      [Free CSet: 0.0 ms]
   [Eden: 21.0M(21.0M)->0.0B(22.0M) Survivors: 4096.0K->3072.0K Heap: 201.5M(512.0M)->180.0M(512.0M)]
 [Times: user=0.04 sys=0.00, real=0.04 secs] 
2019-04-03T14:31:14.263+0900: 75550.581: [GC pause (G1 Evacuation Pause) (mixed), 0.0444291 secs]
   [Parallel Time: 43.5 ms, GC Workers: 1]
      [GC Worker Start (ms):  75550581.4]
      [Ext Root Scanning (ms):  2.8]
      [Update RS (ms):  5.0]
         [Processed Buffers:  35]
      [Scan RS (ms):  10.0]
      [Code Root Scanning (ms):  0.0]
      [Object Copy (ms):  25.7]
      [Termination (ms):  0.0]
         [Termination Attempts:  1]
      [GC Worker Other (ms):  0.0]
      [GC Worker Total (ms):  43.5]
      [GC Worker End (ms):  75550624.9]
   [Code Root Fixup: 0.0 ms]
   [Code Root Purge: 0.0 ms]
   [Clear CT: 0.2 ms]
   [Other: 0.7 ms]
      [Choose CSet: 0.0 ms]
      [Ref Proc: 0.1 ms]
      [Ref Enq: 0.0 ms]
      [Redirty Cards: 0.1 ms]
      [Humongous Register: 0.1 ms]
      [Humongous Reclaim: 0.0 ms]
      [Free CSet: 0.1 ms]
   [Eden: 22.0M(22.0M)->0.0B(21.0M) Survivors: 3072.0K->4096.0K Heap: 202.0M(512.0M)->175.5M(512.0M)]
 [Times: user=0.04 sys=0.00, real=0.05 secs] 
2019-04-03T14:32:53.542+0900: 75649.860: [GC pause (G1 Evacuation Pause) (mixed), 0.0720312 secs]
   [Parallel Time: 71.0 ms, GC Workers: 1]
      [GC Worker Start (ms):  75649861.6]
      [Ext Root Scanning (ms):  2.7]
      [Update RS (ms):  5.0]
         [Processed Buffers:  36]
      [Scan RS (ms):  9.1]
      [Code Root Scanning (ms):  0.6]
      [Object Copy (ms):  52.7]
      [Termination (ms):  0.0]
         [Termination Attempts:  1]
      [GC Worker Other (ms):  0.0]
      [GC Worker Total (ms):  70.1]
      [GC Worker End (ms):  75649931.7]
   [Code Root Fixup: 0.1 ms]
   [Code Root Purge: 0.0 ms]
   [Clear CT: 0.1 ms]
   [Other: 0.8 ms]
      [Choose CSet: 0.2 ms]
      [Ref Proc: 0.2 ms]
      [Ref Enq: 0.0 ms]
      [Redirty Cards: 0.1 ms]
      [Humongous Register: 0.0 ms]
      [Humongous Reclaim: 0.0 ms]
      [Free CSet: 0.1 ms]
   [Eden: 21.0M(21.0M)->0.0B(21.0M) Survivors: 4096.0K->4096.0K Heap: 196.5M(512.0M)->171.3M(512.0M)]
 [Times: user=0.07 sys=0.00, real=0.07 secs] 
2019-04-03T14:34:31.577+0900: 75747.896: [GC pause (G1 Evacuation Pause) (mixed), 0.2051068 secs]
   [Parallel Time: 203.3 ms, GC Workers: 1]
      [GC Worker Start (ms):  75747896.3]
      [Ext Root Scanning (ms):  2.7]
      [Update RS (ms):  6.1]
         [Processed Buffers:  44]
      [Scan RS (ms):  19.0]
      [Code Root Scanning (ms):  0.0]
      [Object Copy (ms):  175.3]
      [Termination (ms):  0.0]
         [Termination Attempts:  1]
      [GC Worker Other (ms):  0.0]
      [GC Worker Total (ms):  203.1]
      [GC Worker End (ms):  75748099.4]
   [Code Root Fixup: 0.0 ms]
   [Code Root Purge: 0.0 ms]
   [Clear CT: 0.1 ms]
   [Other: 1.8 ms]
      [Choose CSet: 0.0 ms]
      [Ref Proc: 1.1 ms]
      [Ref Enq: 0.0 ms]
      [Redirty Cards: 0.3 ms]
      [Humongous Register: 0.0 ms]
      [Humongous Reclaim: 0.0 ms]
      [Free CSet: 0.1 ms]
   [Eden: 21.0M(21.0M)->0.0B(21.0M) Survivors: 4096.0K->4096.0K Heap: 192.3M(512.0M)->173.5M(512.0M)]
 [Times: user=0.11 sys=0.00, real=0.20 secs] 
2019-04-03T14:36:17.965+0900: 75854.284: [GC pause (G1 Evacuation Pause) (young), 0.0539621 secs]
   [Parallel Time: 53.2 ms, GC Workers: 1]
      [GC Worker Start (ms):  75854284.1]
      [Ext Root Scanning (ms):  2.7]
      [Update RS (ms):  5.2]
         [Processed Buffers:  47]
      [Scan RS (ms):  10.9]
      [Code Root Scanning (ms):  0.0]
      [Object Copy (ms):  34.2]
      [Termination (ms):  0.0]
         [Termination Attempts:  1]
      [GC Worker Other (ms):  0.2]
      [GC Worker Total (ms):  53.1]
      [GC Worker End (ms):  75854337.3]
   [Code Root Fixup: 0.0 ms]
   [Code Root Purge: 0.0 ms]
   [Clear CT: 0.1 ms]
   [Other: 0.6 ms]
      [Choose CSet: 0.0 ms]
      [Ref Proc: 0.1 ms]
      [Ref Enq: 0.0 ms]
      [Redirty Cards: 0.1 ms]
      [Humongous Register: 0.0 ms]
      [Humongous Reclaim: 0.0 ms]
      [Free CSet: 0.0 ms]
   [Eden: 21.0M(21.0M)->0.0B(23.0M) Survivors: 4096.0K->2048.0K Heap: 194.5M(512.0M)->175.0M(512.0M)]
 [Times: user=0.05 sys=0.00, real=0.05 secs] 
2019-04-03T14:38:16.412+0900: 75972.730: [GC pause (G1 Evacuation Pause) (young), 0.0256815 secs]
   [Parallel Time: 25.0 ms, GC Workers: 1]
      [GC Worker Start (ms):  75972730.5]
      [Ext Root Scanning (ms):  2.5]
      [Update RS (ms):  4.8]
         [Processed Buffers:  45]
      [Scan RS (ms):  4.4]
      [Code Root Scanning (ms):  0.0]
      [Object Copy (ms):  13.3]
      [Termination (ms):  0.0]
         [Termination Attempts:  1]
      [GC Worker Other (ms):  0.0]
      [GC Worker Total (ms):  24.9]
      [GC Worker End (ms):  75972755.4]
   [Code Root Fixup: 0.0 ms]
   [Code Root Purge: 0.0 ms]
   [Clear CT: 0.1 ms]
   [Other: 0.6 ms]
      [Choose CSet: 0.0 ms]
      [Ref Proc: 0.1 ms]
      [Ref Enq: 0.0 ms]
      [Redirty Cards: 0.0 ms]
      [Humongous Register: 0.0 ms]
      [Humongous Reclaim: 0.0 ms]
      [Free CSet: 0.0 ms]
   [Eden: 23.0M(23.0M)->0.0B(23.0M) Survivors: 2048.0K->2048.0K Heap: 198.0M(512.0M)->175.5M(512.0M)]
 [Times: user=0.02 sys=0.00, real=0.03 secs] 
2019-04-03T14:40:14.991+0900: 76091.310: [GC pause (G1 Evacuation Pause) (young), 0.0360978 secs]
   [Parallel Time: 35.0 ms, GC Workers: 1]
      [GC Worker Start (ms):  76091310.3]
      [Ext Root Scanning (ms):  2.5]
      [Update RS (ms):  2.4]
         [Processed Buffers:  36]
      [Scan RS (ms):  5.3]
      [Code Root Scanning (ms):  0.0]
      [Object Copy (ms):  24.7]
      [Termination (ms):  0.0]
         [Termination Attempts:  1]
      [GC Worker Other (ms):  0.0]
      [GC Worker Total (ms):  34.9]
      [GC Worker End (ms):  76091345.2]
   [Code Root Fixup: 0.0 ms]
   [Code Root Purge: 0.0 ms]
   [Clear CT: 0.1 ms]
   [Other: 1.0 ms]
      [Choose CSet: 0.0 ms]
      [Ref Proc: 0.5 ms]
      [Ref Enq: 0.0 ms]
      [Redirty Cards: 0.1 ms]
      [Humongous Register: 0.0 ms]
      [Humongous Reclaim: 0.0 ms]
      [Free CSet: 0.0 ms]
   [Eden: 23.0M(23.0M)->0.0B(22.0M) Survivors: 2048.0K->3072.0K Heap: 198.5M(512.0M)->176.5M(512.0M)]
 [Times: user=0.04 sys=0.00, real=0.04 secs] 
2019-04-03T14:42:07.997+0900: 76204.315: [GC pause (G1 Evacuation Pause) (young), 0.0491878 secs]
   [Parallel Time: 48.4 ms, GC Workers: 1]
      [GC Worker Start (ms):  76204315.6]
      [Ext Root Scanning (ms):  2.8]
      [Update RS (ms):  6.0]
         [Processed Buffers:  37]
      [Scan RS (ms):  6.1]
      [Code Root Scanning (ms):  0.0]
      [Object Copy (ms):  33.3]
      [Termination (ms):  0.0]
         [Termination Attempts:  1]
      [GC Worker Other (ms):  0.0]
      [GC Worker Total (ms):  48.2]
      [GC Worker End (ms):  76204363.8]
   [Code Root Fixup: 0.0 ms]
   [Code Root Purge: 0.0 ms]
   [Clear CT: 0.1 ms]
   [Other: 0.7 ms]
      [Choose CSet: 0.0 ms]
      [Ref Proc: 0.1 ms]
      [Ref Enq: 0.0 ms]
      [Redirty Cards: 0.1 ms]
      [Humongous Register: 0.0 ms]
      [Humongous Reclaim: 0.0 ms]
      [Free CSet: 0.0 ms]
   [Eden: 22.0M(22.0M)->0.0B(21.0M) Survivors: 3072.0K->4096.0K Heap: 198.5M(512.0M)->177.7M(512.0M)]
 [Times: user=0.05 sys=0.00, real=0.05 secs] 
2019-04-03T14:43:58.064+0900: 76314.382: [GC pause (G1 Evacuation Pause) (young), 0.0497537 secs]
   [Parallel Time: 49.1 ms, GC Workers: 1]
      [GC Worker Start (ms):  76314382.3]
      [Ext Root Scanning (ms):  2.5]
      [Update RS (ms):  5.4]
         [Processed Buffers:  37]
      [Scan RS (ms):  6.3]
      [Code Root Scanning (ms):  0.0]
      [Object Copy (ms):  34.8]
      [Termination (ms):  0.0]
         [Termination Attempts:  1]
      [GC Worker Other (ms):  0.0]
      [GC Worker Total (ms):  48.9]
      [GC Worker End (ms):  76314431.3]
   [Code Root Fixup: 0.0 ms]
   [Code Root Purge: 0.0 ms]
   [Clear CT: 0.0 ms]
   [Other: 0.6 ms]
      [Choose CSet: 0.0 ms]
      [Ref Proc: 0.1 ms]
      [Ref Enq: 0.0 ms]
      [Redirty Cards: 0.1 ms]
      [Humongous Register: 0.0 ms]
      [Humongous Reclaim: 0.0 ms]
      [Free CSet: 0.0 ms]
   [Eden: 21.0M(21.0M)->0.0B(22.0M) Survivors: 4096.0K->3072.0K Heap: 198.7M(512.0M)->179.2M(512.0M)]
 [Times: user=0.04 sys=0.00, real=0.05 secs] 
2019-04-03T14:45:51.132+0900: 76427.450: [GC pause (G1 Evacuation Pause) (young), 0.0313935 secs]
   [Parallel Time: 30.8 ms, GC Workers: 1]
      [GC Worker Start (ms):  76427450.4]
      [Ext Root Scanning (ms):  2.5]
      [Update RS (ms):  5.2]
         [Processed Buffers:  39]
      [Scan RS (ms):  5.8]
      [Code Root Scanning (ms):  0.0]
      [Object Copy (ms):  17.0]
      [Termination (ms):  0.0]
         [Termination Attempts:  1]
      [GC Worker Other (ms):  0.0]
      [GC Worker Total (ms):  30.5]
      [GC Worker End (ms):  76427480.9]
   [Code Root Fixup: 0.0 ms]
   [Code Root Purge: 0.0 ms]
   [Clear CT: 0.0 ms]
   [Other: 0.6 ms]
      [Choose CSet: 0.0 ms]
      [Ref Proc: 0.2 ms]
      [Ref Enq: 0.0 ms]
      [Redirty Cards: 0.1 ms]
      [Humongous Register: 0.0 ms]
      [Humongous Reclaim: 0.0 ms]
      [Free CSet: 0.0 ms]
   [Eden: 22.0M(22.0M)->0.0B(22.0M) Survivors: 3072.0K->3072.0K Heap: 201.2M(512.0M)->179.2M(512.0M)]
 [Times: user=0.03 sys=0.00, real=0.03 secs] 
2019-04-03T14:47:43.710+0900: 76540.028: [GC pause (G1 Evacuation Pause) (young), 0.0407139 secs]
   [Parallel Time: 40.0 ms, GC Workers: 1]
      [GC Worker Start (ms):  76540028.6]
      [Ext Root Scanning (ms):  2.6]
      [Update RS (ms):  5.5]
         [Processed Buffers:  38]
      [Scan RS (ms):  6.3]
      [Code Root Scanning (ms):  0.0]
      [Object Copy (ms):  25.5]
      [Termination (ms):  0.0]
         [Termination Attempts:  1]
      [GC Worker Other (ms):  0.0]
      [GC Worker Total (ms):  39.9]
      [GC Worker End (ms):  76540068.5]
   [Code Root Fixup: 0.0 ms]
   [Code Root Purge: 0.0 ms]
   [Clear CT: 0.1 ms]
   [Other: 0.7 ms]
      [Choose CSet: 0.0 ms]
      [Ref Proc: 0.2 ms]
      [Ref Enq: 0.0 ms]
      [Redirty Cards: 0.1 ms]
      [Humongous Register: 0.0 ms]
      [Humongous Reclaim: 0.0 ms]
      [Free CSet: 0.0 ms]
   [Eden: 22.0M(22.0M)->0.0B(21.0M) Survivors: 3072.0K->4096.0K Heap: 201.2M(512.0M)->180.2M(512.0M)]
 [Times: user=0.04 sys=0.00, real=0.04 secs] 
2019-04-03T14:49:35.112+0900: 76651.430: [GC pause (G1 Evacuation Pause) (young), 0.0532491 secs]
   [Parallel Time: 52.6 ms, GC Workers: 1]
      [GC Worker Start (ms):  76651430.4]
      [Ext Root Scanning (ms):  3.8]
      [Update RS (ms):  5.0]
         [Processed Buffers:  36]
      [Scan RS (ms):  6.1]
      [Code Root Scanning (ms):  0.0]
      [Object Copy (ms):  37.0]
      [Termination (ms):  0.0]
         [Termination Attempts:  1]
      [GC Worker Other (ms):  0.0]
      [GC Worker Total (ms):  52.0]
      [GC Worker End (ms):  76651482.4]
   [Code Root Fixup: 0.0 ms]
   [Code Root Purge: 0.0 ms]
   [Clear CT: 0.1 ms]
   [Other: 0.6 ms]
      [Choose CSet: 0.0 ms]
      [Ref Proc: 0.1 ms]
      [Ref Enq: 0.0 ms]
      [Redirty Cards: 0.1 ms]
      [Humongous Register: 0.0 ms]
      [Humongous Reclaim: 0.0 ms]
      [Free CSet: 0.0 ms]
   [Eden: 21.0M(21.0M)->0.0B(21.0M) Survivors: 4096.0K->4096.0K Heap: 201.2M(512.0M)->181.1M(512.0M)]
 [Times: user=0.05 sys=0.00, real=0.05 secs] 
2019-04-03T14:51:22.985+0900: 76759.303: [GC pause (G1 Evacuation Pause) (young), 0.0527499 secs]
   [Parallel Time: 52.1 ms, GC Workers: 1]
      [GC Worker Start (ms):  76759303.3]
      [Ext Root Scanning (ms):  2.5]
      [Update RS (ms):  10.7]
         [Processed Buffers:  43]
      [Scan RS (ms):  5.3]
      [Code Root Scanning (ms):  0.0]
      [Object Copy (ms):  33.4]
      [Termination (ms):  0.0]
         [Termination Attempts:  1]
      [GC Worker Other (ms):  0.0]
      [GC Worker Total (ms):  52.0]
      [GC Worker End (ms):  76759355.3]
   [Code Root Fixup: 0.1 ms]
   [Code Root Purge: 0.0 ms]
   [Clear CT: 0.0 ms]
   [Other: 0.6 ms]
      [Choose CSet: 0.0 ms]
      [Ref Proc: 0.2 ms]
      [Ref Enq: 0.0 ms]
      [Redirty Cards: 0.1 ms]
      [Humongous Register: 0.0 ms]
      [Humongous Reclaim: 0.0 ms]
      [Free CSet: 0.0 ms]
   [Eden: 21.0M(21.0M)->0.0B(21.0M) Survivors: 4096.0K->4096.0K Heap: 202.1M(512.0M)->182.5M(512.0M)]
 [Times: user=0.06 sys=0.00, real=0.06 secs] 
2019-04-03T14:53:09.693+0900: 76866.011: [GC pause (G1 Evacuation Pause) (young) (initial-mark), 0.0531251 secs]
   [Parallel Time: 52.3 ms, GC Workers: 1]
      [GC Worker Start (ms):  76866011.6]
      [Ext Root Scanning (ms):  3.2]
      [Update RS (ms):  4.7]
         [Processed Buffers:  38]
      [Scan RS (ms):  7.1]
      [Code Root Scanning (ms):  0.0]
      [Object Copy (ms):  37.2]
      [Termination (ms):  0.0]
         [Termination Attempts:  1]
      [GC Worker Other (ms):  0.0]
      [GC Worker Total (ms):  52.2]
      [GC Worker End (ms):  76866063.8]
   [Code Root Fixup: 0.0 ms]
   [Code Root Purge: 0.0 ms]
   [Clear CT: 0.1 ms]
   [Other: 0.8 ms]
      [Choose CSet: 0.0 ms]
      [Ref Proc: 0.1 ms]
      [Ref Enq: 0.0 ms]
      [Redirty Cards: 0.1 ms]
      [Humongous Register: 0.0 ms]
      [Humongous Reclaim: 0.0 ms]
      [Free CSet: 0.0 ms]
   [Eden: 21.0M(21.0M)->0.0B(21.0M) Survivors: 4096.0K->4096.0K Heap: 203.5M(512.0M)->183.9M(512.0M)]
 [Times: user=0.06 sys=0.00, real=0.06 secs] 
2019-04-03T14:53:09.746+0900: 76866.065: [GC concurrent-root-region-scan-start]
2019-04-03T14:53:09.779+0900: 76866.098: [GC concurrent-root-region-scan-end, 0.0332867 secs]
2019-04-03T14:53:09.779+0900: 76866.098: [GC concurrent-mark-start]
2019-04-03T14:53:09.873+0900: 76866.192: [GC concurrent-mark-end, 0.0938491 secs]
2019-04-03T14:53:09.874+0900: 76866.192: [GC remark 2019-04-03T14:53:09.874+0900: 76866.192: [Finalize Marking, 0.0004350 secs] 2019-04-03T14:53:09.874+0900: 76866.193: [GC ref-proc, 0.0009617 secs] 2019-04-03T14:53:09.875+0900: 76866.194: [Unloading, 0.0330729 secs], 0.0375285 secs]
 [Times: user=0.04 sys=0.00, real=0.04 secs] 
2019-04-03T14:53:09.913+0900: 76866.232: [GC cleanup 184M->182M(512M), 0.0019968 secs]
 [Times: user=0.00 sys=0.00, real=0.00 secs] 
2019-04-03T14:53:09.915+0900: 76866.234: [GC concurrent-cleanup-start]
2019-04-03T14:53:09.915+0900: 76866.234: [GC concurrent-cleanup-end, 0.0000326 secs]
2019-04-03T14:54:59.835+0900: 76976.154: [GC pause (G1 Evacuation Pause) (young), 0.0370245 secs]
   [Parallel Time: 36.3 ms, GC Workers: 1]
      [GC Worker Start (ms):  76976153.9]
      [Ext Root Scanning (ms):  2.6]
      [Update RS (ms):  3.7]
         [Processed Buffers:  39]
      [Scan RS (ms):  7.5]
      [Code Root Scanning (ms):  0.0]
      [Object Copy (ms):  22.4]
      [Termination (ms):  0.0]
         [Termination Attempts:  1]
      [GC Worker Other (ms):  0.0]
      [GC Worker Total (ms):  36.2]
      [GC Worker End (ms):  76976190.1]
   [Code Root Fixup: 0.0 ms]
   [Code Root Purge: 0.0 ms]
   [Clear CT: 0.0 ms]
   [Other: 0.7 ms]
      [Choose CSet: 0.0 ms]
      [Ref Proc: 0.1 ms]
      [Ref Enq: 0.0 ms]
      [Redirty Cards: 0.1 ms]
      [Humongous Register: 0.2 ms]
      [Humongous Reclaim: 0.0 ms]
      [Free CSet: 0.0 ms]
   [Eden: 21.0M(21.0M)->0.0B(22.0M) Survivors: 4096.0K->3072.0K Heap: 202.9M(512.0M)->181.4M(512.0M)]
 [Times: user=0.04 sys=0.00, real=0.04 secs] 
2019-04-03T14:56:52.889+0900: 77089.207: [GC pause (G1 Evacuation Pause) (mixed), 0.0464119 secs]
   [Parallel Time: 45.7 ms, GC Workers: 1]
      [GC Worker Start (ms):  77089207.5]
      [Ext Root Scanning (ms):  2.6]
      [Update RS (ms):  4.6]
         [Processed Buffers:  37]
      [Scan RS (ms):  8.2]
      [Code Root Scanning (ms):  0.0]
      [Object Copy (ms):  30.3]
      [Termination (ms):  0.0]
         [Termination Attempts:  1]
      [GC Worker Other (ms):  0.0]
      [GC Worker Total (ms):  45.6]
      [GC Worker End (ms):  77089253.2]
   [Code Root Fixup: 0.0 ms]
   [Code Root Purge: 0.0 ms]
   [Clear CT: 0.1 ms]
   [Other: 0.6 ms]
      [Choose CSet: 0.0 ms]
      [Ref Proc: 0.2 ms]
      [Ref Enq: 0.0 ms]
      [Redirty Cards: 0.1 ms]
      [Humongous Register: 0.0 ms]
      [Humongous Reclaim: 0.0 ms]
      [Free CSet: 0.1 ms]
   [Eden: 22.0M(22.0M)->0.0B(21.0M) Survivors: 3072.0K->4096.0K Heap: 203.4M(512.0M)->177.0M(512.0M)]
 [Times: user=0.04 sys=0.00, real=0.05 secs] 
2019-04-03T14:58:41.444+0900: 77197.763: [GC pause (G1 Evacuation Pause) (mixed), 0.0538554 secs]
   [Parallel Time: 53.1 ms, GC Workers: 1]
      [GC Worker Start (ms):  77197763.1]
      [Ext Root Scanning (ms):  2.6]
      [Update RS (ms):  4.6]
         [Processed Buffers:  36]
      [Scan RS (ms):  7.6]
      [Code Root Scanning (ms):  0.0]
      [Object Copy (ms):  38.1]
      [Termination (ms):  0.0]
         [Termination Attempts:  1]
      [GC Worker Other (ms):  0.0]
      [GC Worker Total (ms):  53.0]
      [GC Worker End (ms):  77197816.1]
   [Code Root Fixup: 0.0 ms]
   [Code Root Purge: 0.0 ms]
   [Clear CT: 0.1 ms]
   [Other: 0.6 ms]
      [Choose CSet: 0.0 ms]
      [Ref Proc: 0.1 ms]
      [Ref Enq: 0.0 ms]
      [Redirty Cards: 0.1 ms]
      [Humongous Register: 0.0 ms]
      [Humongous Reclaim: 0.0 ms]
      [Free CSet: 0.1 ms]
   [Eden: 21.0M(21.0M)->0.0B(21.0M) Survivors: 4096.0K->4096.0K Heap: 198.0M(512.0M)->172.1M(512.0M)]
 [Times: user=0.05 sys=0.00, real=0.06 secs] 
2019-04-03T15:00:32.030+0900: 77308.348: [GC pause (G1 Evacuation Pause) (mixed), 0.0535428 secs]
   [Parallel Time: 52.7 ms, GC Workers: 1]
      [GC Worker Start (ms):  77308348.5]
      [Ext Root Scanning (ms):  2.6]
      [Update RS (ms):  4.8]
         [Processed Buffers:  35]
      [Scan RS (ms):  9.8]
      [Code Root Scanning (ms):  0.0]
      [Object Copy (ms):  35.4]
      [Termination (ms):  0.0]
         [Termination Attempts:  1]
      [GC Worker Other (ms):  0.0]
      [GC Worker Total (ms):  52.7]
      [GC Worker End (ms):  77308401.2]
   [Code Root Fixup: 0.0 ms]
   [Code Root Purge: 0.0 ms]
   [Clear CT: 0.1 ms]
   [Other: 0.7 ms]
      [Choose CSet: 0.0 ms]
      [Ref Proc: 0.1 ms]
      [Ref Enq: 0.0 ms]
      [Redirty Cards: 0.2 ms]
      [Humongous Register: 0.0 ms]
      [Humongous Reclaim: 0.0 ms]
      [Free CSet: 0.1 ms]
   [Eden: 21.0M(21.0M)->0.0B(21.0M) Survivors: 4096.0K->4096.0K Heap: 193.1M(512.0M)->170.5M(512.0M)]
 [Times: user=0.05 sys=0.00, real=0.05 secs] 
2019-04-03T15:02:17.990+0900: 77414.308: [GC pause (G1 Evacuation Pause) (young), 0.0371658 secs]
   [Parallel Time: 36.4 ms, GC Workers: 1]
      [GC Worker Start (ms):  77414308.8]
      [Ext Root Scanning (ms):  2.6]
      [Update RS (ms):  5.6]
         [Processed Buffers:  37]
      [Scan RS (ms):  7.8]
      [Code Root Scanning (ms):  0.0]
      [Object Copy (ms):  20.3]
      [Termination (ms):  0.0]
         [Termination Attempts:  1]
      [GC Worker Other (ms):  0.0]
      [GC Worker Total (ms):  36.3]
      [GC Worker End (ms):  77414345.1]
   [Code Root Fixup: 0.0 ms]
   [Code Root Purge: 0.0 ms]
   [Clear CT: 0.0 ms]
   [Other: 0.7 ms]
      [Choose CSet: 0.0 ms]
      [Ref Proc: 0.1 ms]
      [Ref Enq: 0.0 ms]
      [Redirty Cards: 0.1 ms]
      [Humongous Register: 0.0 ms]
      [Humongous Reclaim: 0.0 ms]
      [Free CSet: 0.0 ms]
   [Eden: 21.0M(21.0M)->0.0B(23.0M) Survivors: 4096.0K->2048.0K Heap: 191.5M(512.0M)->169.5M(512.0M)]
 [Times: user=0.04 sys=0.00, real=0.04 secs] 
2019-04-03T15:04:17.458+0900: 77533.776: [GC pause (G1 Evacuation Pause) (young), 0.0399501 secs]
   [Parallel Time: 39.1 ms, GC Workers: 1]
      [GC Worker Start (ms):  77533776.5]
      [Ext Root Scanning (ms):  2.6]
      [Update RS (ms):  5.0]
         [Processed Buffers:  35]
      [Scan RS (ms):  7.4]
      [Code Root Scanning (ms):  0.0]
      [Object Copy (ms):  24.0]
      [Termination (ms):  0.0]
         [Termination Attempts:  1]
      [GC Worker Other (ms):  0.0]
      [GC Worker Total (ms):  39.1]
      [GC Worker End (ms):  77533815.6]
   [Code Root Fixup: 0.2 ms]
   [Code Root Purge: 0.0 ms]
   [Clear CT: 0.0 ms]
   [Other: 0.6 ms]
      [Choose CSet: 0.0 ms]
      [Ref Proc: 0.2 ms]
      [Ref Enq: 0.0 ms]
      [Redirty Cards: 0.1 ms]
      [Humongous Register: 0.0 ms]
      [Humongous Reclaim: 0.0 ms]
      [Free CSet: 0.0 ms]
   [Eden: 23.0M(23.0M)->0.0B(22.0M) Survivors: 2048.0K->3072.0K Heap: 192.5M(512.0M)->170.5M(512.0M)]
 [Times: user=0.04 sys=0.00, real=0.04 secs] 
2019-04-03T15:06:09.141+0900: 77645.460: [GC pause (G1 Evacuation Pause) (young), 0.0533994 secs]
   [Parallel Time: 52.6 ms, GC Workers: 1]
      [GC Worker Start (ms):  77645459.9]
      [Ext Root Scanning (ms):  2.4]
      [Update RS (ms):  5.3]
         [Processed Buffers:  35]
      [Scan RS (ms):  7.1]
      [Code Root Scanning (ms):  0.0]
      [Object Copy (ms):  37.6]
      [Termination (ms):  0.0]
         [Termination Attempts:  1]
      [GC Worker Other (ms):  0.0]
      [GC Worker Total (ms):  52.4]
      [GC Worker End (ms):  77645512.4]
   [Code Root Fixup: 0.0 ms]
   [Code Root Purge: 0.0 ms]
   [Clear CT: 0.1 ms]
   [Other: 0.7 ms]
      [Choose CSet: 0.0 ms]
      [Ref Proc: 0.3 ms]
      [Ref Enq: 0.0 ms]
      [Redirty Cards: 0.1 ms]
      [Humongous Register: 0.0 ms]
      [Humongous Reclaim: 0.0 ms]
      [Free CSet: 0.0 ms]
   [Eden: 22.0M(22.0M)->0.0B(21.0M) Survivors: 3072.0K->4096.0K Heap: 192.5M(512.0M)->171.6M(512.0M)]
 [Times: user=0.05 sys=0.00, real=0.05 secs] 
2019-04-03T15:07:59.930+0900: 77756.249: [GC pause (G1 Evacuation Pause) (young), 0.0546920 secs]
   [Parallel Time: 53.9 ms, GC Workers: 1]
      [GC Worker Start (ms):  77756249.1]
      [Ext Root Scanning (ms):  2.6]
      [Update RS (ms):  5.2]
         [Processed Buffers:  38]
      [Scan RS (ms):  7.6]
      [Code Root Scanning (ms):  0.0]
      [Object Copy (ms):  37.4]
      [Termination (ms):  0.0]
         [Termination Attempts:  1]
      [GC Worker Other (ms):  0.0]
      [GC Worker Total (ms):  52.9]
      [GC Worker End (ms):  77756302.0]
   [Code Root Fixup: 0.0 ms]
   [Code Root Purge: 0.0 ms]
   [Clear CT: 0.1 ms]
   [Other: 0.7 ms]
      [Choose CSet: 0.0 ms]
      [Ref Proc: 0.2 ms]
      [Ref Enq: 0.0 ms]
      [Redirty Cards: 0.2 ms]
      [Humongous Register: 0.0 ms]
      [Humongous Reclaim: 0.0 ms]
      [Free CSet: 0.0 ms]
   [Eden: 21.0M(21.0M)->0.0B(22.0M) Survivors: 4096.0K->3072.0K Heap: 192.6M(512.0M)->173.2M(512.0M)]
 [Times: user=0.05 sys=0.00, real=0.05 secs] 
2019-04-03T15:09:52.973+0900: 77869.292: [GC pause (G1 Evacuation Pause) (young), 0.0457921 secs]
   [Parallel Time: 45.0 ms, GC Workers: 1]
      [GC Worker Start (ms):  77869291.9]
      [Ext Root Scanning (ms):  2.4]
      [Update RS (ms):  5.0]
         [Processed Buffers:  40]
      [Scan RS (ms):  6.9]
      [Code Root Scanning (ms):  0.0]
      [Object Copy (ms):  30.6]
      [Termination (ms):  0.0]
         [Termination Attempts:  1]
      [GC Worker Other (ms):  0.0]
      [GC Worker Total (ms):  44.9]
      [GC Worker End (ms):  77869336.8]
   [Code Root Fixup: 0.0 ms]
   [Code Root Purge: 0.0 ms]
   [Clear CT: 0.1 ms]
   [Other: 0.7 ms]
      [Choose CSet: 0.0 ms]
      [Ref Proc: 0.2 ms]
      [Ref Enq: 0.0 ms]
      [Redirty Cards: 0.1 ms]
      [Humongous Register: 0.0 ms]
      [Humongous Reclaim: 0.0 ms]
      [Free CSet: 0.0 ms]
   [Eden: 22.0M(22.0M)->0.0B(21.0M) Survivors: 3072.0K->4096.0K Heap: 195.2M(512.0M)->174.2M(512.0M)]
 [Times: user=0.04 sys=0.00, real=0.05 secs] 
2019-04-03T15:11:40.647+0900: 77976.966: [GC pause (G1 Evacuation Pause) (young), 0.0360702 secs]
   [Parallel Time: 35.4 ms, GC Workers: 1]
      [GC Worker Start (ms):  77976966.0]
      [Ext Root Scanning (ms):  2.3]
      [Update RS (ms):  3.8]
         [Processed Buffers:  33]
      [Scan RS (ms):  6.4]
      [Code Root Scanning (ms):  0.0]
      [Object Copy (ms):  22.8]
      [Termination (ms):  0.0]
         [Termination Attempts:  1]
      [GC Worker Other (ms):  0.0]
      [GC Worker Total (ms):  35.3]
      [GC Worker End (ms):  77977001.3]
   [Code Root Fixup: 0.0 ms]
   [Code Root Purge: 0.0 ms]
   [Clear CT: 0.0 ms]
   [Other: 0.6 ms]
      [Choose CSet: 0.0 ms]
      [Ref Proc: 0.1 ms]
      [Ref Enq: 0.0 ms]
      [Redirty Cards: 0.1 ms]
      [Humongous Register: 0.0 ms]
      [Humongous Reclaim: 0.0 ms]
      [Free CSet: 0.0 ms]
   [Eden: 21.0M(21.0M)->0.0B(22.0M) Survivors: 4096.0K->3072.0K Heap: 195.2M(512.0M)->174.3M(512.0M)]
 [Times: user=0.03 sys=0.00, real=0.03 secs] 
2019-04-03T15:13:35.125+0900: 78091.443: [GC pause (G1 Evacuation Pause) (young), 0.0491434 secs]
   [Parallel Time: 48.5 ms, GC Workers: 1]
      [GC Worker Start (ms):  78091443.7]
      [Ext Root Scanning (ms):  2.3]
      [Update RS (ms):  6.0]
         [Processed Buffers:  40]
      [Scan RS (ms):  9.1]
      [Code Root Scanning (ms):  0.0]
      [Object Copy (ms):  30.4]
      [Termination (ms):  0.0]
         [Termination Attempts:  1]
      [GC Worker Other (ms):  0.0]
      [GC Worker Total (ms):  47.9]
      [GC Worker End (ms):  78091491.5]
   [Code Root Fixup: 0.0 ms]
   [Code Root Purge: 0.0 ms]
   [Clear CT: 0.1 ms]
   [Other: 0.6 ms]
      [Choose CSet: 0.0 ms]
      [Ref Proc: 0.2 ms]
      [Ref Enq: 0.0 ms]
      [Redirty Cards: 0.1 ms]
      [Humongous Register: 0.0 ms]
      [Humongous Reclaim: 0.0 ms]
      [Free CSet: 0.0 ms]
   [Eden: 22.0M(22.0M)->0.0B(21.0M) Survivors: 3072.0K->4096.0K Heap: 196.3M(512.0M)->175.3M(512.0M)]
 [Times: user=0.05 sys=0.00, real=0.05 secs] 
2019-04-03T15:15:23.302+0900: 78199.620: [GC pause (G1 Evacuation Pause) (young), 0.0494891 secs]
   [Parallel Time: 48.8 ms, GC Workers: 1]
      [GC Worker Start (ms):  78199620.2]
      [Ext Root Scanning (ms):  2.5]
      [Update RS (ms):  6.8]
         [Processed Buffers:  41]
      [Scan RS (ms):  4.4]
      [Code Root Scanning (ms):  0.0]
      [Object Copy (ms):  34.9]
      [Termination (ms):  0.0]
         [Termination Attempts:  1]
      [GC Worker Other (ms):  0.0]
      [GC Worker Total (ms):  48.7]
      [GC Worker End (ms):  78199668.9]
   [Code Root Fixup: 0.0 ms]
   [Code Root Purge: 0.0 ms]
   [Clear CT: 0.1 ms]
   [Other: 0.7 ms]
      [Choose CSet: 0.0 ms]
      [Ref Proc: 0.1 ms]
      [Ref Enq: 0.0 ms]
      [Redirty Cards: 0.2 ms]
      [Humongous Register: 0.0 ms]
      [Humongous Reclaim: 0.0 ms]
      [Free CSet: 0.0 ms]
   [Eden: 21.0M(21.0M)->0.0B(21.0M) Survivors: 4096.0K->4096.0K Heap: 196.3M(512.0M)->176.2M(512.0M)]
 [Times: user=0.05 sys=0.00, real=0.05 secs] 
2019-04-03T15:17:10.502+0900: 78306.821: [GC pause (G1 Evacuation Pause) (young), 0.0580100 secs]
   [Parallel Time: 57.1 ms, GC Workers: 1]
      [GC Worker Start (ms):  78306821.0]
      [Ext Root Scanning (ms):  2.4]
      [Update RS (ms):  5.1]
         [Processed Buffers:  46]
      [Scan RS (ms):  9.7]
      [Code Root Scanning (ms):  0.0]
      [Object Copy (ms):  39.3]
      [Termination (ms):  0.0]
         [Termination Attempts:  1]
      [GC Worker Other (ms):  0.0]
      [GC Worker Total (ms):  56.6]
      [GC Worker End (ms):  78306877.5]
   [Code Root Fixup: 0.0 ms]
   [Code Root Purge: 0.0 ms]
   [Clear CT: 0.1 ms]
   [Other: 0.8 ms]
      [Choose CSet: 0.0 ms]
      [Ref Proc: 0.4 ms]
      [Ref Enq: 0.0 ms]
      [Redirty Cards: 0.1 ms]
      [Humongous Register: 0.0 ms]
      [Humongous Reclaim: 0.0 ms]
      [Free CSet: 0.0 ms]
   [Eden: 21.0M(21.0M)->0.0B(21.0M) Survivors: 4096.0K->4096.0K Heap: 197.2M(512.0M)->177.5M(512.0M)]
 [Times: user=0.06 sys=0.00, real=0.06 secs] 
2019-04-03T15:19:00.873+0900: 78417.192: [GC pause (G1 Evacuation Pause) (young), 0.0369964 secs]
   [Parallel Time: 36.3 ms, GC Workers: 1]
      [GC Worker Start (ms):  78417192.1]
      [Ext Root Scanning (ms):  2.5]
      [Update RS (ms):  4.8]
         [Processed Buffers:  43]
      [Scan RS (ms):  7.0]
      [Code Root Scanning (ms):  0.0]
      [Object Copy (ms):  21.8]
      [Termination (ms):  0.0]
         [Termination Attempts:  1]
      [GC Worker Other (ms):  0.0]
      [GC Worker Total (ms):  36.2]
      [GC Worker End (ms):  78417228.3]
   [Code Root Fixup: 0.0 ms]
   [Code Root Purge: 0.0 ms]
   [Clear CT: 0.1 ms]
   [Other: 0.6 ms]
      [Choose CSet: 0.0 ms]
      [Ref Proc: 0.1 ms]
      [Ref Enq: 0.0 ms]
      [Redirty Cards: 0.1 ms]
      [Humongous Register: 0.0 ms]
      [Humongous Reclaim: 0.0 ms]
      [Free CSet: 0.0 ms]
   [Eden: 21.0M(21.0M)->0.0B(23.0M) Survivors: 4096.0K->2048.0K Heap: 198.5M(512.0M)->176.5M(512.0M)]
 [Times: user=0.03 sys=0.00, real=0.04 secs] 
2019-04-03T15:20:59.480+0900: 78535.798: [GC pause (G1 Evacuation Pause) (young), 0.0406592 secs]
   [Parallel Time: 39.9 ms, GC Workers: 1]
      [GC Worker Start (ms):  78535798.4]
      [Ext Root Scanning (ms):  2.6]
      [Update RS (ms):  5.7]
         [Processed Buffers:  46]
      [Scan RS (ms):  7.4]
      [Code Root Scanning (ms):  0.0]
      [Object Copy (ms):  24.1]
      [Termination (ms):  0.0]
         [Termination Attempts:  1]
      [GC Worker Other (ms):  0.0]
      [GC Worker Total (ms):  39.8]
      [GC Worker End (ms):  78535838.2]
   [Code Root Fixup: 0.0 ms]
   [Code Root Purge: 0.0 ms]
   [Clear CT: 0.1 ms]
   [Other: 0.7 ms]
      [Choose CSet: 0.0 ms]
      [Ref Proc: 0.1 ms]
      [Ref Enq: 0.0 ms]
      [Redirty Cards: 0.1 ms]
      [Humongous Register: 0.0 ms]
      [Humongous Reclaim: 0.0 ms]
      [Free CSet: 0.0 ms]
   [Eden: 23.0M(23.0M)->0.0B(22.0M) Survivors: 2048.0K->3072.0K Heap: 199.5M(512.0M)->177.5M(512.0M)]
 [Times: user=0.04 sys=0.00, real=0.04 secs] 
2019-04-03T15:22:53.411+0900: 78649.730: [GC pause (G1 Evacuation Pause) (young), 0.0540645 secs]
   [Parallel Time: 53.4 ms, GC Workers: 1]
      [GC Worker Start (ms):  78649729.8]
      [Ext Root Scanning (ms):  2.5]
      [Update RS (ms):  5.9]
         [Processed Buffers:  47]
      [Scan RS (ms):  6.0]
      [Code Root Scanning (ms):  0.0]
      [Object Copy (ms):  38.7]
      [Termination (ms):  0.0]
         [Termination Attempts:  1]
      [GC Worker Other (ms):  0.1]
      [GC Worker Total (ms):  53.3]
      [GC Worker End (ms):  78649783.1]
   [Code Root Fixup: 0.0 ms]
   [Code Root Purge: 0.0 ms]
   [Clear CT: 0.1 ms]
   [Other: 0.6 ms]
      [Choose CSet: 0.0 ms]
      [Ref Proc: 0.2 ms]
      [Ref Enq: 0.0 ms]
      [Redirty Cards: 0.1 ms]
      [Humongous Register: 0.0 ms]
      [Humongous Reclaim: 0.0 ms]
      [Free CSet: 0.0 ms]
   [Eden: 22.0M(22.0M)->0.0B(21.0M) Survivors: 3072.0K->4096.0K Heap: 199.5M(512.0M)->178.6M(512.0M)]
 [Times: user=0.05 sys=0.00, real=0.05 secs] 
2019-04-03T15:24:41.531+0900: 78757.850: [GC pause (G1 Evacuation Pause) (young), 0.0543110 secs]
   [Parallel Time: 53.6 ms, GC Workers: 1]
      [GC Worker Start (ms):  78757850.0]
      [Ext Root Scanning (ms):  2.6]
      [Update RS (ms):  6.6]
         [Processed Buffers:  43]
      [Scan RS (ms):  7.0]
      [Code Root Scanning (ms):  0.0]
      [Object Copy (ms):  37.4]
      [Termination (ms):  0.0]
         [Termination Attempts:  1]
      [GC Worker Other (ms):  0.0]
      [GC Worker Total (ms):  53.5]
      [GC Worker End (ms):  78757903.5]
   [Code Root Fixup: 0.0 ms]
   [Code Root Purge: 0.0 ms]
   [Clear CT: 0.1 ms]
   [Other: 0.6 ms]
      [Choose CSet: 0.0 ms]
      [Ref Proc: 0.1 ms]
      [Ref Enq: 0.0 ms]
      [Redirty Cards: 0.1 ms]
      [Humongous Register: 0.0 ms]
      [Humongous Reclaim: 0.0 ms]
      [Free CSet: 0.0 ms]
   [Eden: 21.0M(21.0M)->0.0B(22.0M) Survivors: 4096.0K->3072.0K Heap: 199.6M(512.0M)->180.2M(512.0M)]
 [Times: user=0.05 sys=0.00, real=0.06 secs] 
2019-04-03T15:26:35.186+0900: 78871.505: [GC pause (G1 Evacuation Pause) (young), 0.0538249 secs]
   [Parallel Time: 52.8 ms, GC Workers: 1]
      [GC Worker Start (ms):  78871505.0]
      [Ext Root Scanning (ms):  2.9]
      [Update RS (ms):  5.9]
         [Processed Buffers:  41]
      [Scan RS (ms):  8.7]
      [Code Root Scanning (ms):  0.0]
      [Object Copy (ms):  34.0]
      [Termination (ms):  0.0]
         [Termination Attempts:  1]
      [GC Worker Other (ms):  0.0]
      [GC Worker Total (ms):  51.4]
      [GC Worker End (ms):  78871556.4]
   [Code Root Fixup: 0.0 ms]
   [Code Root Purge: 0.0 ms]
   [Clear CT: 0.2 ms]
   [Other: 0.8 ms]
      [Choose CSet: 0.0 ms]
      [Ref Proc: 0.2 ms]
      [Ref Enq: 0.0 ms]
      [Redirty Cards: 0.1 ms]
      [Humongous Register: 0.0 ms]
      [Humongous Reclaim: 0.0 ms]
      [Free CSet: 0.0 ms]
   [Eden: 22.0M(22.0M)->0.0B(21.0M) Survivors: 3072.0K->4096.0K Heap: 202.2M(512.0M)->181.2M(512.0M)]
 [Times: user=0.05 sys=0.00, real=0.05 secs] 
2019-04-03T15:28:24.991+0900: 78981.310: [GC pause (G1 Evacuation Pause) (young), 0.0387183 secs]
   [Parallel Time: 38.1 ms, GC Workers: 1]
      [GC Worker Start (ms):  78981310.1]
      [Ext Root Scanning (ms):  2.5]
      [Update RS (ms):  4.6]
         [Processed Buffers:  34]
      [Scan RS (ms):  7.1]
      [Code Root Scanning (ms):  0.0]
      [Object Copy (ms):  23.7]
      [Termination (ms):  0.0]
         [Termination Attempts:  1]
      [GC Worker Other (ms):  0.0]
      [GC Worker Total (ms):  38.0]
      [GC Worker End (ms):  78981348.1]
   [Code Root Fixup: 0.0 ms]
   [Code Root Purge: 0.0 ms]
   [Clear CT: 0.1 ms]
   [Other: 0.6 ms]
      [Choose CSet: 0.0 ms]
      [Ref Proc: 0.1 ms]
      [Ref Enq: 0.0 ms]
      [Redirty Cards: 0.1 ms]
      [Humongous Register: 0.0 ms]
      [Humongous Reclaim: 0.0 ms]
      [Free CSet: 0.0 ms]
   [Eden: 21.0M(21.0M)->0.0B(22.0M) Survivors: 4096.0K->3072.0K Heap: 202.2M(512.0M)->181.3M(512.0M)]
 [Times: user=0.04 sys=0.00, real=0.04 secs] 
2019-04-03T15:30:17.975+0900: 79094.293: [GC pause (G1 Evacuation Pause) (young) (initial-mark), 0.0465631 secs]
   [Parallel Time: 44.8 ms, GC Workers: 1]
      [GC Worker Start (ms):  79094293.5]
      [Ext Root Scanning (ms):  4.4]
      [Update RS (ms):  4.7]
         [Processed Buffers:  35]
      [Scan RS (ms):  7.6]
      [Code Root Scanning (ms):  0.0]
      [Object Copy (ms):  28.0]
      [Termination (ms):  0.0]
         [Termination Attempts:  1]
      [GC Worker Other (ms):  0.0]
      [GC Worker Total (ms):  44.7]
      [GC Worker End (ms):  79094338.2]
   [Code Root Fixup: 0.0 ms]
   [Code Root Purge: 0.0 ms]
   [Clear CT: 1.1 ms]
   [Other: 0.6 ms]
      [Choose CSet: 0.0 ms]
      [Ref Proc: 0.2 ms]
      [Ref Enq: 0.0 ms]
      [Redirty Cards: 0.1 ms]
      [Humongous Register: 0.0 ms]
      [Humongous Reclaim: 0.0 ms]
      [Free CSet: 0.0 ms]
   [Eden: 22.0M(22.0M)->0.0B(21.0M) Survivors: 3072.0K->4096.0K Heap: 203.3M(512.0M)->182.3M(512.0M)]
 [Times: user=0.04 sys=0.00, real=0.05 secs] 
2019-04-03T15:30:18.022+0900: 79094.340: [GC concurrent-root-region-scan-start]
2019-04-03T15:30:18.044+0900: 79094.363: [GC concurrent-root-region-scan-end, 0.0225662 secs]
2019-04-03T15:30:18.044+0900: 79094.363: [GC concurrent-mark-start]
2019-04-03T15:30:18.121+0900: 79094.440: [GC concurrent-mark-end, 0.0767843 secs]
2019-04-03T15:30:18.121+0900: 79094.440: [GC remark 2019-04-03T15:30:18.121+0900: 79094.440: [Finalize Marking, 0.0004480 secs] 2019-04-03T15:30:18.122+0900: 79094.440: [GC ref-proc, 0.0008764 secs] 2019-04-03T15:30:18.123+0900: 79094.441: [Unloading, 0.0332678 secs], 0.0378808 secs]
 [Times: user=0.04 sys=0.00, real=0.04 secs] 
2019-04-03T15:30:18.161+0900: 79094.480: [GC cleanup 182M->181M(512M), 0.0020610 secs]
 [Times: user=0.00 sys=0.00, real=0.00 secs] 
2019-04-03T15:30:18.163+0900: 79094.482: [GC concurrent-cleanup-start]
2019-04-03T15:30:18.163+0900: 79094.482: [GC concurrent-cleanup-end, 0.0000312 secs]
2019-04-03T15:32:05.173+0900: 79201.491: [GC pause (G1 Evacuation Pause) (young), 0.0607798 secs]
   [Parallel Time: 59.9 ms, GC Workers: 1]
      [GC Worker Start (ms):  79201491.3]
      [Ext Root Scanning (ms):  3.6]
      [Update RS (ms):  5.4]
         [Processed Buffers:  37]
      [Scan RS (ms):  9.0]
      [Code Root Scanning (ms):  0.0]
      [Object Copy (ms):  41.4]
      [Termination (ms):  0.0]
         [Termination Attempts:  1]
      [GC Worker Other (ms):  0.0]
      [GC Worker Total (ms):  59.3]
      [GC Worker End (ms):  79201550.7]
   [Code Root Fixup: 0.0 ms]
   [Code Root Purge: 0.0 ms]
   [Clear CT: 0.1 ms]
   [Other: 0.8 ms]
      [Choose CSet: 0.0 ms]
      [Ref Proc: 0.2 ms]
      [Ref Enq: 0.0 ms]
      [Redirty Cards: 0.1 ms]
      [Humongous Register: 0.0 ms]
      [Humongous Reclaim: 0.0 ms]
      [Free CSet: 0.0 ms]
   [Eden: 21.0M(21.0M)->0.0B(21.0M) Survivors: 4096.0K->4096.0K Heap: 202.3M(512.0M)->182.1M(512.0M)]
 [Times: user=0.05 sys=0.00, real=0.06 secs] 
2019-04-03T15:33:34.568+0900: 79290.886: [GC pause (G1 Evacuation Pause) (mixed), 0.0981810 secs]
   [Parallel Time: 97.4 ms, GC Workers: 1]
      [GC Worker Start (ms):  79290886.5]
      [Ext Root Scanning (ms):  2.7]
      [Update RS (ms):  9.4]
         [Processed Buffers:  40]
      [Scan RS (ms):  12.8]
      [Code Root Scanning (ms):  0.0]
      [Object Copy (ms):  72.4]
      [Termination (ms):  0.0]
         [Termination Attempts:  1]
      [GC Worker Other (ms):  0.0]
      [GC Worker Total (ms):  97.3]
      [GC Worker End (ms):  79290983.8]
   [Code Root Fixup: 0.0 ms]
   [Code Root Purge: 0.0 ms]
   [Clear CT: 0.1 ms]
   [Other: 0.7 ms]
      [Choose CSet: 0.0 ms]
      [Ref Proc: 0.1 ms]
      [Ref Enq: 0.0 ms]
      [Redirty Cards: 0.1 ms]
      [Humongous Register: 0.0 ms]
      [Humongous Reclaim: 0.0 ms]
      [Free CSet: 0.1 ms]
   [Eden: 21.0M(21.0M)->0.0B(21.0M) Survivors: 4096.0K->4096.0K Heap: 203.1M(512.0M)->180.5M(512.0M)]
 [Times: user=0.08 sys=0.00, real=0.10 secs] 
2019-04-03T15:35:22.679+0900: 79398.997: [GC pause (G1 Evacuation Pause) (mixed), 0.1116596 secs]
   [Parallel Time: 110.8 ms, GC Workers: 1]
      [GC Worker Start (ms):  79398997.7]
      [Ext Root Scanning (ms):  2.7]
      [Update RS (ms):  4.8]
         [Processed Buffers:  46]
      [Scan RS (ms):  32.4]
      [Code Root Scanning (ms):  0.0]
      [Object Copy (ms):  70.8]
      [Termination (ms):  0.0]
         [Termination Attempts:  1]
      [GC Worker Other (ms):  0.0]
      [GC Worker Total (ms):  110.8]
      [GC Worker End (ms):  79399108.5]
   [Code Root Fixup: 0.0 ms]
   [Code Root Purge: 0.0 ms]
   [Clear CT: 0.1 ms]
   [Other: 0.7 ms]
      [Choose CSet: 0.0 ms]
      [Ref Proc: 0.1 ms]
      [Ref Enq: 0.0 ms]
      [Redirty Cards: 0.2 ms]
      [Humongous Register: 0.0 ms]
      [Humongous Reclaim: 0.0 ms]
      [Free CSet: 0.1 ms]
   [Eden: 21.0M(21.0M)->0.0B(23.0M) Survivors: 4096.0K->2048.0K Heap: 201.5M(512.0M)->176.5M(512.0M)]
 [Times: user=0.09 sys=0.00, real=0.11 secs] 
2019-04-03T15:37:21.369+0900: 79517.687: [GC pause (G1 Evacuation Pause) (mixed), 0.0304682 secs]
   [Parallel Time: 29.8 ms, GC Workers: 1]
      [GC Worker Start (ms):  79517687.4]
      [Ext Root Scanning (ms):  2.6]
      [Update RS (ms):  5.4]
         [Processed Buffers:  38]
      [Scan RS (ms):  5.4]
      [Code Root Scanning (ms):  0.6]
      [Object Copy (ms):  15.7]
      [Termination (ms):  0.0]
         [Termination Attempts:  1]
      [GC Worker Other (ms):  0.0]
      [GC Worker Total (ms):  29.7]
      [GC Worker End (ms):  79517717.1]
   [Code Root Fixup: 0.0 ms]
   [Code Root Purge: 0.0 ms]
   [Clear CT: 0.1 ms]
   [Other: 0.6 ms]
      [Choose CSet: 0.0 ms]
      [Ref Proc: 0.2 ms]
      [Ref Enq: 0.0 ms]
      [Redirty Cards: 0.1 ms]
      [Humongous Register: 0.0 ms]
      [Humongous Reclaim: 0.0 ms]
      [Free CSet: 0.1 ms]
   [Eden: 23.0M(23.0M)->0.0B(23.0M) Survivors: 2048.0K->2048.0K Heap: 199.5M(512.0M)->174.5M(512.0M)]
 [Times: user=0.03 sys=0.00, real=0.03 secs] 
2019-04-03T15:39:20.395+0900: 79636.713: [GC pause (G1 Evacuation Pause) (young), 0.0356402 secs]
   [Parallel Time: 35.0 ms, GC Workers: 1]
      [GC Worker Start (ms):  79636713.2]
      [Ext Root Scanning (ms):  2.6]
      [Update RS (ms):  4.1]
         [Processed Buffers:  37]
      [Scan RS (ms):  4.8]
      [Code Root Scanning (ms):  0.0]
      [Object Copy (ms):  23.4]
      [Termination (ms):  0.0]
         [Termination Attempts:  1]
      [GC Worker Other (ms):  0.0]
      [GC Worker Total (ms):  34.9]
      [GC Worker End (ms):  79636748.1]
   [Code Root Fixup: 0.0 ms]
   [Code Root Purge: 0.0 ms]
   [Clear CT: 0.0 ms]
   [Other: 0.6 ms]
      [Choose CSet: 0.0 ms]
      [Ref Proc: 0.1 ms]
      [Ref Enq: 0.0 ms]
      [Redirty Cards: 0.0 ms]
      [Humongous Register: 0.0 ms]
      [Humongous Reclaim: 0.0 ms]
      [Free CSet: 0.0 ms]
   [Eden: 23.0M(23.0M)->0.0B(22.0M) Survivors: 2048.0K->3072.0K Heap: 197.5M(512.0M)->175.5M(512.0M)]
 [Times: user=0.04 sys=0.00, real=0.04 secs] 
2019-04-03T15:41:12.975+0900: 79749.294: [GC pause (G1 Evacuation Pause) (young), 0.0595685 secs]
   [Parallel Time: 58.9 ms, GC Workers: 1]
      [GC Worker Start (ms):  79749293.7]
      [Ext Root Scanning (ms):  2.5]
      [Update RS (ms):  9.1]
         [Processed Buffers:  38]
      [Scan RS (ms):  7.2]
      [Code Root Scanning (ms):  0.0]
      [Object Copy (ms):  40.0]
      [Termination (ms):  0.0]
         [Termination Attempts:  1]
      [GC Worker Other (ms):  0.0]
      [GC Worker Total (ms):  58.8]
      [GC Worker End (ms):  79749352.5]
   [Code Root Fixup: 0.0 ms]
   [Code Root Purge: 0.0 ms]
   [Clear CT: 0.0 ms]
   [Other: 0.6 ms]
      [Choose CSet: 0.0 ms]
      [Ref Proc: 0.1 ms]
      [Ref Enq: 0.0 ms]
      [Redirty Cards: 0.1 ms]
      [Humongous Register: 0.0 ms]
      [Humongous Reclaim: 0.0 ms]
      [Free CSet: 0.0 ms]
   [Eden: 22.0M(22.0M)->0.0B(21.0M) Survivors: 3072.0K->4096.0K Heap: 197.5M(512.0M)->176.5M(512.0M)]
 [Times: user=0.05 sys=0.00, real=0.06 secs] 
2019-04-03T15:43:02.973+0900: 79859.292: [GC pause (G1 Evacuation Pause) (young), 0.0566083 secs]
   [Parallel Time: 55.9 ms, GC Workers: 1]
      [GC Worker Start (ms):  79859292.2]
      [Ext Root Scanning (ms):  2.5]
      [Update RS (ms):  4.9]
         [Processed Buffers:  38]
      [Scan RS (ms):  6.3]
      [Code Root Scanning (ms):  0.0]
      [Object Copy (ms):  42.0]
      [Termination (ms):  0.0]
         [Termination Attempts:  1]
      [GC Worker Other (ms):  0.0]
      [GC Worker Total (ms):  55.8]
      [GC Worker End (ms):  79859348.0]
   [Code Root Fixup: 0.0 ms]
   [Code Root Purge: 0.0 ms]
   [Clear CT: 0.1 ms]
   [Other: 0.7 ms]
      [Choose CSet: 0.0 ms]
      [Ref Proc: 0.2 ms]
      [Ref Enq: 0.0 ms]
      [Redirty Cards: 0.1 ms]
      [Humongous Register: 0.0 ms]
      [Humongous Reclaim: 0.0 ms]
      [Free CSet: 0.0 ms]
   [Eden: 21.0M(21.0M)->0.0B(22.0M) Survivors: 4096.0K->3072.0K Heap: 197.5M(512.0M)->178.3M(512.0M)]
 [Times: user=0.06 sys=0.00, real=0.06 secs] 
2019-04-03T15:44:54.582+0900: 79970.901: [GC pause (G1 Evacuation Pause) (young), 0.0378804 secs]
   [Parallel Time: 37.0 ms, GC Workers: 1]
      [GC Worker Start (ms):  79970900.7]
      [Ext Root Scanning (ms):  2.6]
      [Update RS (ms):  7.1]
         [Processed Buffers:  37]
      [Scan RS (ms):  5.8]
      [Code Root Scanning (ms):  0.0]
      [Object Copy (ms):  20.5]
      [Termination (ms):  0.0]
         [Termination Attempts:  1]
      [GC Worker Other (ms):  0.0]
      [GC Worker Total (ms):  36.0]
      [GC Worker End (ms):  79970936.7]
   [Code Root Fixup: 0.0 ms]
   [Code Root Purge: 0.0 ms]
   [Clear CT: 0.1 ms]
   [Other: 0.8 ms]
      [Choose CSet: 0.0 ms]
      [Ref Proc: 0.3 ms]
      [Ref Enq: 0.0 ms]
      [Redirty Cards: 0.1 ms]
      [Humongous Register: 0.0 ms]
      [Humongous Reclaim: 0.0 ms]
      [Free CSet: 0.0 ms]
   [Eden: 22.0M(22.0M)->0.0B(22.0M) Survivors: 3072.0K->3072.0K Heap: 200.3M(512.0M)->178.3M(512.0M)]
 [Times: user=0.04 sys=0.00, real=0.04 secs] 
2019-04-03T15:46:47.525+0900: 80083.843: [GC pause (G1 Evacuation Pause) (young), 0.0431947 secs]
   [Parallel Time: 42.4 ms, GC Workers: 1]
      [GC Worker Start (ms):  80083843.5]
      [Ext Root Scanning (ms):  2.4]
      [Update RS (ms):  5.3]
         [Processed Buffers:  39]
      [Scan RS (ms):  5.2]
      [Code Root Scanning (ms):  0.0]
      [Object Copy (ms):  29.4]
      [Termination (ms):  0.0]
         [Termination Attempts:  1]
      [GC Worker Other (ms):  0.0]
      [GC Worker Total (ms):  42.3]
      [GC Worker End (ms):  80083885.7]
   [Code Root Fixup: 0.0 ms]
   [Code Root Purge: 0.0 ms]
   [Clear CT: 0.1 ms]
   [Other: 0.8 ms]
      [Choose CSet: 0.0 ms]
      [Ref Proc: 0.1 ms]
      [Ref Enq: 0.0 ms]
      [Redirty Cards: 0.1 ms]
      [Humongous Register: 0.1 ms]
      [Humongous Reclaim: 0.0 ms]
      [Free CSet: 0.0 ms]
   [Eden: 22.0M(22.0M)->0.0B(21.0M) Survivors: 3072.0K->4096.0K Heap: 200.3M(512.0M)->179.3M(512.0M)]
 [Times: user=0.04 sys=0.00, real=0.05 secs] 
2019-04-03T15:48:36.666+0900: 80192.985: [GC pause (G1 Evacuation Pause) (young), 0.0531395 secs]
   [Parallel Time: 52.4 ms, GC Workers: 1]
      [GC Worker Start (ms):  80192984.9]
      [Ext Root Scanning (ms):  3.0]
      [Update RS (ms):  4.9]
         [Processed Buffers:  35]
      [Scan RS (ms):  5.8]
      [Code Root Scanning (ms):  0.0]
      [Object Copy (ms):  38.5]
      [Termination (ms):  0.0]
         [Termination Attempts:  1]
      [GC Worker Other (ms):  0.0]
      [GC Worker Total (ms):  52.3]
      [GC Worker End (ms):  80193037.2]
   [Code Root Fixup: 0.0 ms]
   [Code Root Purge: 0.0 ms]
   [Clear CT: 0.1 ms]
   [Other: 0.7 ms]
      [Choose CSet: 0.0 ms]
      [Ref Proc: 0.2 ms]
      [Ref Enq: 0.0 ms]
      [Redirty Cards: 0.1 ms]
      [Humongous Register: 0.0 ms]
      [Humongous Reclaim: 0.0 ms]
      [Free CSet: 0.0 ms]
   [Eden: 21.0M(21.0M)->0.0B(21.0M) Survivors: 4096.0K->4096.0K Heap: 200.3M(512.0M)->180.3M(512.0M)]
 [Times: user=0.05 sys=0.00, real=0.05 secs] 
2019-04-03T15:50:24.277+0900: 80300.596: [GC pause (G1 Evacuation Pause) (young), 0.0492741 secs]
   [Parallel Time: 48.6 ms, GC Workers: 1]
      [GC Worker Start (ms):  80300596.2]
      [Ext Root Scanning (ms):  2.4]
      [Update RS (ms):  6.0]
         [Processed Buffers:  42]
      [Scan RS (ms):  6.7]
      [Code Root Scanning (ms):  0.0]
      [Object Copy (ms):  33.4]
      [Termination (ms):  0.0]
         [Termination Attempts:  1]
      [GC Worker Other (ms):  0.0]
      [GC Worker Total (ms):  48.5]
      [GC Worker End (ms):  80300644.8]
   [Code Root Fixup: 0.0 ms]
   [Code Root Purge: 0.0 ms]
   [Clear CT: 0.1 ms]
   [Other: 0.6 ms]
      [Choose CSet: 0.0 ms]
      [Ref Proc: 0.2 ms]
      [Ref Enq: 0.0 ms]
      [Redirty Cards: 0.1 ms]
      [Humongous Register: 0.0 ms]
      [Humongous Reclaim: 0.0 ms]
      [Free CSet: 0.0 ms]
   [Eden: 21.0M(21.0M)->0.0B(21.0M) Survivors: 4096.0K->4096.0K Heap: 201.3M(512.0M)->181.5M(512.0M)]
 [Times: user=0.04 sys=0.00, real=0.05 secs] 
2019-04-03T15:52:11.237+0900: 80407.556: [GC pause (G1 Evacuation Pause) (young), 0.0532415 secs]
   [Parallel Time: 52.4 ms, GC Workers: 1]
      [GC Worker Start (ms):  80407556.2]
      [Ext Root Scanning (ms):  2.7]
      [Update RS (ms):  4.8]
         [Processed Buffers:  38]
      [Scan RS (ms):  6.7]
      [Code Root Scanning (ms):  0.0]
      [Object Copy (ms):  38.1]
      [Termination (ms):  0.0]
         [Termination Attempts:  1]
      [GC Worker Other (ms):  0.0]
      [GC Worker Total (ms):  52.3]
      [GC Worker End (ms):  80407608.5]
   [Code Root Fixup: 0.0 ms]
   [Code Root Purge: 0.0 ms]
   [Clear CT: 0.1 ms]
   [Other: 0.8 ms]
      [Choose CSet: 0.0 ms]
      [Ref Proc: 0.3 ms]
      [Ref Enq: 0.0 ms]
      [Redirty Cards: 0.1 ms]
      [Humongous Register: 0.0 ms]
      [Humongous Reclaim: 0.0 ms]
      [Free CSet: 0.0 ms]
   [Eden: 21.0M(21.0M)->0.0B(21.0M) Survivors: 4096.0K->4096.0K Heap: 202.5M(512.0M)->182.5M(512.0M)]
 [Times: user=0.05 sys=0.00, real=0.05 secs] 
2019-04-03T15:54:02.303+0900: 80518.622: [GC pause (G1 Evacuation Pause) (young) (initial-mark), 0.0399506 secs]
   [Parallel Time: 39.3 ms, GC Workers: 1]
      [GC Worker Start (ms):  80518622.3]
      [Ext Root Scanning (ms):  3.4]
      [Update RS (ms):  4.8]
         [Processed Buffers:  35]
      [Scan RS (ms):  7.7]
      [Code Root Scanning (ms):  0.0]
      [Object Copy (ms):  23.2]
      [Termination (ms):  0.0]
         [Termination Attempts:  1]
      [GC Worker Other (ms):  0.0]
      [GC Worker Total (ms):  39.1]
      [GC Worker End (ms):  80518661.4]
   [Code Root Fixup: 0.0 ms]
   [Code Root Purge: 0.0 ms]
   [Clear CT: 0.1 ms]
   [Other: 0.6 ms]
      [Choose CSet: 0.0 ms]
      [Ref Proc: 0.1 ms]
      [Ref Enq: 0.0 ms]
      [Redirty Cards: 0.1 ms]
      [Humongous Register: 0.0 ms]
      [Humongous Reclaim: 0.0 ms]
      [Free CSet: 0.0 ms]
   [Eden: 21.0M(21.0M)->0.0B(22.0M) Survivors: 4096.0K->3072.0K Heap: 203.5M(512.0M)->182.0M(512.0M)]
 [Times: user=0.04 sys=0.00, real=0.04 secs] 
2019-04-03T15:54:02.344+0900: 80518.662: [GC concurrent-root-region-scan-start]
2019-04-03T15:54:02.359+0900: 80518.678: [GC concurrent-root-region-scan-end, 0.0158190 secs]
2019-04-03T15:54:02.359+0900: 80518.678: [GC concurrent-mark-start]
2019-04-03T15:54:02.433+0900: 80518.751: [GC concurrent-mark-end, 0.0734311 secs]
2019-04-03T15:54:02.433+0900: 80518.752: [GC remark 2019-04-03T15:54:02.433+0900: 80518.752: [Finalize Marking, 0.0004392 secs] 2019-04-03T15:54:02.434+0900: 80518.752: [GC ref-proc, 0.0008911 secs] 2019-04-03T15:54:02.435+0900: 80518.753: [Unloading, 0.0352242 secs], 0.0397742 secs]
 [Times: user=0.04 sys=0.00, real=0.04 secs] 
2019-04-03T15:54:02.474+0900: 80518.793: [GC cleanup 182M->180M(512M), 0.0022754 secs]
 [Times: user=0.00 sys=0.00, real=0.01 secs] 
2019-04-03T15:54:02.476+0900: 80518.795: [GC concurrent-cleanup-start]
2019-04-03T15:54:02.477+0900: 80518.795: [GC concurrent-cleanup-end, 0.0001332 secs]
2019-04-03T15:55:54.367+0900: 80630.686: [GC pause (G1 Evacuation Pause) (young), 0.0415226 secs]
   [Parallel Time: 40.7 ms, GC Workers: 1]
      [GC Worker Start (ms):  80630686.0]
      [Ext Root Scanning (ms):  2.6]
      [Update RS (ms):  4.1]
         [Processed Buffers:  36]
      [Scan RS (ms):  7.3]
      [Code Root Scanning (ms):  0.0]
      [Object Copy (ms):  26.5]
      [Termination (ms):  0.0]
         [Termination Attempts:  1]
      [GC Worker Other (ms):  0.0]
      [GC Worker Total (ms):  40.6]
      [GC Worker End (ms):  80630726.6]
   [Code Root Fixup: 0.0 ms]
   [Code Root Purge: 0.0 ms]
   [Clear CT: 0.1 ms]
   [Other: 0.8 ms]
      [Choose CSet: 0.0 ms]
      [Ref Proc: 0.2 ms]
      [Ref Enq: 0.0 ms]
      [Redirty Cards: 0.1 ms]
      [Humongous Register: 0.0 ms]
      [Humongous Reclaim: 0.0 ms]
      [Free CSet: 0.0 ms]
   [Eden: 22.0M(22.0M)->0.0B(21.0M) Survivors: 3072.0K->4096.0K Heap: 202.0M(512.0M)->181.0M(512.0M)]
 [Times: user=0.04 sys=0.00, real=0.04 secs] 
2019-04-03T15:57:43.508+0900: 80739.827: [GC pause (G1 Evacuation Pause) (mixed), 0.0544398 secs]
   [Parallel Time: 53.6 ms, GC Workers: 1]
      [GC Worker Start (ms):  80739827.2]
      [Ext Root Scanning (ms):  2.6]
      [Update RS (ms):  4.7]
         [Processed Buffers:  36]
      [Scan RS (ms):  8.5]
      [Code Root Scanning (ms):  0.0]
      [Object Copy (ms):  37.7]
      [Termination (ms):  0.0]
         [Termination Attempts:  1]
      [GC Worker Other (ms):  0.0]
      [GC Worker Total (ms):  53.5]
      [GC Worker End (ms):  80739880.7]
   [Code Root Fixup: 0.0 ms]
   [Code Root Purge: 0.0 ms]
   [Clear CT: 0.1 ms]
   [Other: 0.8 ms]
      [Choose CSet: 0.0 ms]
      [Ref Proc: 0.2 ms]
      [Ref Enq: 0.0 ms]
      [Redirty Cards: 0.2 ms]
      [Humongous Register: 0.0 ms]
      [Humongous Reclaim: 0.0 ms]
      [Free CSet: 0.1 ms]
   [Eden: 21.0M(21.0M)->0.0B(21.0M) Survivors: 4096.0K->4096.0K Heap: 202.0M(512.0M)->175.9M(512.0M)]
 [Times: user=0.05 sys=0.00, real=0.05 secs] 
2019-04-03T15:59:34.465+0900: 80850.783: [GC pause (G1 Evacuation Pause) (mixed), 0.0569584 secs]
   [Parallel Time: 56.0 ms, GC Workers: 1]
      [GC Worker Start (ms):  80850783.6]
      [Ext Root Scanning (ms):  2.8]
      [Update RS (ms):  4.9]
         [Processed Buffers:  38]
      [Scan RS (ms):  10.0]
      [Code Root Scanning (ms):  0.0]
      [Object Copy (ms):  38.2]
      [Termination (ms):  0.0]
         [Termination Attempts:  1]
      [GC Worker Other (ms):  0.0]
      [GC Worker Total (ms):  55.9]
      [GC Worker End (ms):  80850839.5]
   [Code Root Fixup: 0.0 ms]
   [Code Root Purge: 0.0 ms]
   [Clear CT: 0.1 ms]
   [Other: 0.8 ms]
      [Choose CSet: 0.0 ms]
      [Ref Proc: 0.2 ms]
      [Ref Enq: 0.0 ms]
      [Redirty Cards: 0.1 ms]
      [Humongous Register: 0.1 ms]
      [Humongous Reclaim: 0.0 ms]
      [Free CSet: 0.1 ms]
   [Eden: 21.0M(21.0M)->0.0B(21.0M) Survivors: 4096.0K->4096.0K Heap: 196.9M(512.0M)->171.0M(512.0M)]
 [Times: user=0.06 sys=0.00, real=0.06 secs] 
2019-04-03T16:01:21.777+0900: 80958.096: [GC pause (G1 Evacuation Pause) (mixed), 0.0481913 secs]
   [Parallel Time: 47.4 ms, GC Workers: 1]
      [GC Worker Start (ms):  80958096.3]
      [Ext Root Scanning (ms):  3.5]
      [Update RS (ms):  4.5]
         [Processed Buffers:  38]
      [Scan RS (ms):  7.5]
      [Code Root Scanning (ms):  0.0]
      [Object Copy (ms):  31.6]
      [Termination (ms):  0.0]
         [Termination Attempts:  1]
      [GC Worker Other (ms):  0.0]
      [GC Worker Total (ms):  47.2]
      [GC Worker End (ms):  80958143.5]
   [Code Root Fixup: 0.0 ms]
   [Code Root Purge: 0.0 ms]
   [Clear CT: 0.1 ms]
   [Other: 0.8 ms]
      [Choose CSet: 0.0 ms]
      [Ref Proc: 0.1 ms]
      [Ref Enq: 0.0 ms]
      [Redirty Cards: 0.1 ms]
      [Humongous Register: 0.0 ms]
      [Humongous Reclaim: 0.0 ms]
      [Free CSet: 0.1 ms]
   [Eden: 21.0M(21.0M)->0.0B(22.0M) Survivors: 4096.0K->3072.0K Heap: 192.0M(512.0M)->167.5M(512.0M)]
 [Times: user=0.04 sys=0.00, real=0.05 secs] 
2019-04-03T16:03:13.179+0900: 81069.498: [GC pause (G1 Evacuation Pause) (young), 0.0412458 secs]
   [Parallel Time: 40.6 ms, GC Workers: 1]
      [GC Worker Start (ms):  81069498.2]
      [Ext Root Scanning (ms):  2.7]
      [Update RS (ms):  5.1]
         [Processed Buffers:  39]
      [Scan RS (ms):  8.5]
      [Code Root Scanning (ms):  0.0]
      [Object Copy (ms):  24.3]
      [Termination (ms):  0.0]
         [Termination Attempts:  1]
      [GC Worker Other (ms):  0.0]
      [GC Worker Total (ms):  40.6]
      [GC Worker End (ms):  81069538.8]
   [Code Root Fixup: 0.0 ms]
   [Code Root Purge: 0.0 ms]
   [Clear CT: 0.0 ms]
   [Other: 0.5 ms]
      [Choose CSet: 0.0 ms]
      [Ref Proc: 0.1 ms]
      [Ref Enq: 0.0 ms]
      [Redirty Cards: 0.1 ms]
      [Humongous Register: 0.0 ms]
      [Humongous Reclaim: 0.0 ms]
      [Free CSet: 0.0 ms]
   [Eden: 22.0M(22.0M)->0.0B(21.0M) Survivors: 3072.0K->4096.0K Heap: 189.5M(512.0M)->168.5M(512.0M)]
 [Times: user=0.04 sys=0.00, real=0.04 secs] 
2019-04-03T16:05:04.473+0900: 81180.791: [GC pause (G1 Evacuation Pause) (young), 0.0542287 secs]
   [Parallel Time: 53.1 ms, GC Workers: 1]
      [GC Worker Start (ms):  81180791.9]
      [Ext Root Scanning (ms):  2.7]
      [Update RS (ms):  5.3]
         [Processed Buffers:  33]
      [Scan RS (ms):  7.8]
      [Code Root Scanning (ms):  0.0]
      [Object Copy (ms):  37.2]
      [Termination (ms):  0.0]
         [Termination Attempts:  1]
      [GC Worker Other (ms):  0.0]
      [GC Worker Total (ms):  52.9]
      [GC Worker End (ms):  81180844.8]
   [Code Root Fixup: 0.0 ms]
   [Code Root Purge: 0.0 ms]
   [Clear CT: 0.1 ms]
   [Other: 1.0 ms]
      [Choose CSet: 0.0 ms]
      [Ref Proc: 0.2 ms]
      [Ref Enq: 0.0 ms]
      [Redirty Cards: 0.2 ms]
      [Humongous Register: 0.0 ms]
      [Humongous Reclaim: 0.0 ms]
      [Free CSet: 0.0 ms]
   [Eden: 21.0M(21.0M)->0.0B(21.0M) Survivors: 4096.0K->4096.0K Heap: 189.5M(512.0M)->169.5M(512.0M)]
 [Times: user=0.06 sys=0.00, real=0.06 secs] 
2019-04-03T16:06:50.771+0900: 81287.090: [GC pause (G1 Evacuation Pause) (young), 0.0483505 secs]
   [Parallel Time: 47.5 ms, GC Workers: 1]
      [GC Worker Start (ms):  81287089.8]
      [Ext Root Scanning (ms):  2.5]
      [Update RS (ms):  4.5]
         [Processed Buffers:  37]
      [Scan RS (ms):  8.8]
      [Code Root Scanning (ms):  0.0]
      [Object Copy (ms):  31.6]
      [Termination (ms):  0.0]
         [Termination Attempts:  1]
      [GC Worker Other (ms):  0.0]
      [GC Worker Total (ms):  47.4]
      [GC Worker End (ms):  81287137.3]
   [Code Root Fixup: 0.0 ms]
   [Code Root Purge: 0.0 ms]
   [Clear CT: 0.1 ms]
   [Other: 0.8 ms]
      [Choose CSet: 0.0 ms]
      [Ref Proc: 0.2 ms]
      [Ref Enq: 0.0 ms]
      [Redirty Cards: 0.1 ms]
      [Humongous Register: 0.0 ms]
      [Humongous Reclaim: 0.0 ms]
      [Free CSet: 0.1 ms]
   [Eden: 21.0M(21.0M)->0.0B(21.0M) Survivors: 4096.0K->4096.0K Heap: 190.5M(512.0M)->170.5M(512.0M)]
 [Times: user=0.05 sys=0.00, real=0.05 secs] 
2019-04-03T16:08:39.107+0900: 81395.425: [GC pause (G1 Evacuation Pause) (young), 0.0532569 secs]
   [Parallel Time: 52.5 ms, GC Workers: 1]
      [GC Worker Start (ms):  81395425.4]
      [Ext Root Scanning (ms):  3.8]
      [Update RS (ms):  4.6]
         [Processed Buffers:  34]
      [Scan RS (ms):  7.0]
      [Code Root Scanning (ms):  0.0]
      [Object Copy (ms):  37.0]
      [Termination (ms):  0.0]
         [Termination Attempts:  1]
      [GC Worker Other (ms):  0.0]
      [GC Worker Total (ms):  52.5]
      [GC Worker End (ms):  81395477.8]
   [Code Root Fixup: 0.0 ms]
   [Code Root Purge: 0.0 ms]
   [Clear CT: 0.1 ms]
   [Other: 0.7 ms]
      [Choose CSet: 0.0 ms]
      [Ref Proc: 0.1 ms]
      [Ref Enq: 0.0 ms]
      [Redirty Cards: 0.1 ms]
      [Humongous Register: 0.0 ms]
      [Humongous Reclaim: 0.0 ms]
      [Free CSet: 0.0 ms]
   [Eden: 21.0M(21.0M)->0.0B(21.0M) Survivors: 4096.0K->4096.0K Heap: 191.5M(512.0M)->171.9M(512.0M)]
 [Times: user=0.05 sys=0.00, real=0.05 secs] 
2019-04-03T16:10:29.013+0900: 81505.331: [GC pause (G1 Evacuation Pause) (young), 0.0418652 secs]
   [Parallel Time: 41.1 ms, GC Workers: 1]
      [GC Worker Start (ms):  81505331.6]
      [Ext Root Scanning (ms):  2.5]
      [Update RS (ms):  5.5]
         [Processed Buffers:  36]
      [Scan RS (ms):  8.0]
      [Code Root Scanning (ms):  0.0]
      [Object Copy (ms):  25.0]
      [Termination (ms):  0.0]
         [Termination Attempts:  1]
      [GC Worker Other (ms):  0.0]
      [GC Worker Total (ms):  41.0]
      [GC Worker End (ms):  81505372.7]
   [Code Root Fixup: 0.0 ms]
   [Code Root Purge: 0.0 ms]
   [Clear CT: 0.1 ms]
   [Other: 0.7 ms]
      [Choose CSet: 0.0 ms]
      [Ref Proc: 0.2 ms]
      [Ref Enq: 0.0 ms]
      [Redirty Cards: 0.1 ms]
      [Humongous Register: 0.0 ms]
      [Humongous Reclaim: 0.0 ms]
      [Free CSet: 0.0 ms]
   [Eden: 21.0M(21.0M)->0.0B(22.0M) Survivors: 4096.0K->3072.0K Heap: 192.9M(512.0M)->171.4M(512.0M)]
 [Times: user=0.04 sys=0.00, real=0.04 secs] 
2019-04-03T16:12:22.974+0900: 81619.293: [GC pause (G1 Evacuation Pause) (young), 0.0478948 secs]
   [Parallel Time: 47.2 ms, GC Workers: 1]
      [GC Worker Start (ms):  81619292.8]
      [Ext Root Scanning (ms):  2.8]
      [Update RS (ms):  9.4]
         [Processed Buffers:  39]
      [Scan RS (ms):  7.3]
      [Code Root Scanning (ms):  0.0]
      [Object Copy (ms):  27.6]
      [Termination (ms):  0.0]
         [Termination Attempts:  1]
      [GC Worker Other (ms):  0.0]
      [GC Worker Total (ms):  47.1]
      [GC Worker End (ms):  81619339.9]
   [Code Root Fixup: 0.0 ms]
   [Code Root Purge: 0.0 ms]
   [Clear CT: 0.1 ms]
   [Other: 0.6 ms]
      [Choose CSet: 0.0 ms]
      [Ref Proc: 0.1 ms]
      [Ref Enq: 0.0 ms]
      [Redirty Cards: 0.1 ms]
      [Humongous Register: 0.0 ms]
      [Humongous Reclaim: 0.0 ms]
      [Free CSet: 0.0 ms]
   [Eden: 22.0M(22.0M)->0.0B(21.0M) Survivors: 3072.0K->4096.0K Heap: 193.4M(512.0M)->172.4M(512.0M)]
 [Times: user=0.05 sys=0.00, real=0.05 secs] 
2019-04-03T16:14:09.975+0900: 81726.293: [GC pause (G1 Evacuation Pause) (young), 0.0541756 secs]
   [Parallel Time: 53.4 ms, GC Workers: 1]
      [GC Worker Start (ms):  81726293.7]
      [Ext Root Scanning (ms):  2.5]
      [Update RS (ms):  5.6]
         [Processed Buffers:  33]
      [Scan RS (ms):  6.0]
      [Code Root Scanning (ms):  0.0]
      [Object Copy (ms):  39.1]
      [Termination (ms):  0.0]
         [Termination Attempts:  1]
      [GC Worker Other (ms):  0.0]
      [GC Worker Total (ms):  53.3]
      [GC Worker End (ms):  81726347.0]
   [Code Root Fixup: 0.0 ms]
   [Code Root Purge: 0.0 ms]
   [Clear CT: 0.1 ms]
   [Other: 0.7 ms]
      [Choose CSet: 0.0 ms]
      [Ref Proc: 0.2 ms]
      [Ref Enq: 0.0 ms]
      [Redirty Cards: 0.1 ms]
      [Humongous Register: 0.0 ms]
      [Humongous Reclaim: 0.0 ms]
      [Free CSet: 0.0 ms]
   [Eden: 21.0M(21.0M)->0.0B(21.0M) Survivors: 4096.0K->4096.0K Heap: 193.4M(512.0M)->173.5M(512.0M)]
 [Times: user=0.05 sys=0.00, real=0.06 secs] 
2019-04-03T16:16:00.233+0900: 81836.551: [GC pause (G1 Evacuation Pause) (young), 0.0544419 secs]
   [Parallel Time: 53.7 ms, GC Workers: 1]
      [GC Worker Start (ms):  81836552.8]
      [Ext Root Scanning (ms):  2.5]
      [Update RS (ms):  6.1]
         [Processed Buffers:  38]
      [Scan RS (ms):  7.6]
      [Code Root Scanning (ms):  0.0]
      [Object Copy (ms):  36.3]
      [Termination (ms):  0.0]
         [Termination Attempts:  1]
      [GC Worker Other (ms):  0.0]
      [GC Worker Total (ms):  52.5]
      [GC Worker End (ms):  81836605.3]
   [Code Root Fixup: 0.0 ms]
   [Code Root Purge: 0.0 ms]
   [Clear CT: 0.1 ms]
   [Other: 0.7 ms]
      [Choose CSet: 0.0 ms]
      [Ref Proc: 0.2 ms]
      [Ref Enq: 0.0 ms]
      [Redirty Cards: 0.1 ms]
      [Humongous Register: 0.0 ms]
      [Humongous Reclaim: 0.0 ms]
      [Free CSet: 0.0 ms]
   [Eden: 21.0M(21.0M)->0.0B(21.0M) Survivors: 4096.0K->4096.0K Heap: 194.5M(512.0M)->174.5M(512.0M)]
 [Times: user=0.06 sys=0.00, real=0.06 secs] 
2019-04-03T16:17:47.578+0900: 81943.896: [GC pause (G1 Evacuation Pause) (young), 0.0369040 secs]
   [Parallel Time: 36.2 ms, GC Workers: 1]
      [GC Worker Start (ms):  81943896.6]
      [Ext Root Scanning (ms):  3.6]
      [Update RS (ms):  5.2]
         [Processed Buffers:  37]
      [Scan RS (ms):  7.3]
      [Code Root Scanning (ms):  0.0]
      [Object Copy (ms):  20.0]
      [Termination (ms):  0.0]
         [Termination Attempts:  1]
      [GC Worker Other (ms):  0.0]
      [GC Worker Total (ms):  36.1]
      [GC Worker End (ms):  81943932.7]
   [Code Root Fixup: 0.0 ms]
   [Code Root Purge: 0.0 ms]
   [Clear CT: 0.1 ms]
   [Other: 0.7 ms]
      [Choose CSet: 0.0 ms]
      [Ref Proc: 0.2 ms]
      [Ref Enq: 0.0 ms]
      [Redirty Cards: 0.1 ms]
      [Humongous Register: 0.0 ms]
      [Humongous Reclaim: 0.0 ms]
      [Free CSet: 0.0 ms]
   [Eden: 21.0M(21.0M)->0.0B(23.0M) Survivors: 4096.0K->2048.0K Heap: 195.5M(512.0M)->173.5M(512.0M)]
 [Times: user=0.03 sys=0.00, real=0.03 secs] 
2019-04-03T16:19:45.660+0900: 82061.978: [GC pause (G1 Evacuation Pause) (young), 0.0466518 secs]
   [Parallel Time: 45.9 ms, GC Workers: 1]
      [GC Worker Start (ms):  82061978.5]
      [Ext Root Scanning (ms):  3.4]
      [Update RS (ms):  4.7]
         [Processed Buffers:  39]
      [Scan RS (ms):  7.9]
      [Code Root Scanning (ms):  0.0]
      [Object Copy (ms):  29.7]
      [Termination (ms):  0.0]
         [Termination Attempts:  1]
      [GC Worker Other (ms):  0.0]
      [GC Worker Total (ms):  45.8]
      [GC Worker End (ms):  82062024.2]
   [Code Root Fixup: 0.0 ms]
   [Code Root Purge: 0.0 ms]
   [Clear CT: 0.1 ms]
   [Other: 0.7 ms]
      [Choose CSet: 0.0 ms]
      [Ref Proc: 0.2 ms]
      [Ref Enq: 0.0 ms]
      [Redirty Cards: 0.2 ms]
      [Humongous Register: 0.0 ms]
      [Humongous Reclaim: 0.0 ms]
      [Free CSet: 0.0 ms]
   [Eden: 23.0M(23.0M)->0.0B(22.0M) Survivors: 2048.0K->3072.0K Heap: 196.5M(512.0M)->174.5M(512.0M)]
 [Times: user=0.04 sys=0.00, real=0.05 secs] 
2019-04-03T16:21:40.227+0900: 82176.546: [GC pause (G1 Evacuation Pause) (young), 0.0555867 secs]
   [Parallel Time: 54.9 ms, GC Workers: 1]
      [GC Worker Start (ms):  82176546.0]
      [Ext Root Scanning (ms):  3.1]
      [Update RS (ms):  5.3]
         [Processed Buffers:  35]
      [Scan RS (ms):  7.3]
      [Code Root Scanning (ms):  0.0]
      [Object Copy (ms):  39.0]
      [Termination (ms):  0.0]
         [Termination Attempts:  1]
      [GC Worker Other (ms):  0.0]
      [GC Worker Total (ms):  54.7]
      [GC Worker End (ms):  82176600.7]
   [Code Root Fixup: 0.0 ms]
   [Code Root Purge: 0.0 ms]
   [Clear CT: 0.1 ms]
   [Other: 0.6 ms]
      [Choose CSet: 0.0 ms]
      [Ref Proc: 0.2 ms]
      [Ref Enq: 0.0 ms]
      [Redirty Cards: 0.1 ms]
      [Humongous Register: 0.0 ms]
      [Humongous Reclaim: 0.0 ms]
      [Free CSet: 0.0 ms]
   [Eden: 22.0M(22.0M)->0.0B(21.0M) Survivors: 3072.0K->4096.0K Heap: 196.5M(512.0M)->176.0M(512.0M)]
 [Times: user=0.06 sys=0.00, real=0.05 secs] 
2019-04-03T16:23:29.796+0900: 82286.114: [GC pause (G1 Evacuation Pause) (young), 0.0538000 secs]
   [Parallel Time: 53.1 ms, GC Workers: 1]
      [GC Worker Start (ms):  82286114.5]
      [Ext Root Scanning (ms):  2.6]
      [Update RS (ms):  5.0]
         [Processed Buffers:  39]
      [Scan RS (ms):  9.6]
      [Code Root Scanning (ms):  0.0]
      [Object Copy (ms):  35.5]
      [Termination (ms):  0.0]
         [Termination Attempts:  1]
      [GC Worker Other (ms):  0.0]
      [GC Worker Total (ms):  52.8]
      [GC Worker End (ms):  82286167.3]
   [Code Root Fixup: 0.0 ms]
   [Code Root Purge: 0.0 ms]
   [Clear CT: 0.1 ms]
   [Other: 0.6 ms]
      [Choose CSet: 0.0 ms]
      [Ref Proc: 0.2 ms]
      [Ref Enq: 0.0 ms]
      [Redirty Cards: 0.1 ms]
      [Humongous Register: 0.0 ms]
      [Humongous Reclaim: 0.0 ms]
      [Free CSet: 0.0 ms]
   [Eden: 21.0M(21.0M)->0.0B(22.0M) Survivors: 4096.0K->3072.0K Heap: 197.0M(512.0M)->177.5M(512.0M)]
 [Times: user=0.06 sys=0.00, real=0.05 secs] 
2019-04-03T16:25:23.379+0900: 82399.697: [GC pause (G1 Evacuation Pause) (young), 0.0432272 secs]
   [Parallel Time: 42.6 ms, GC Workers: 1]
      [GC Worker Start (ms):  82399697.4]
      [Ext Root Scanning (ms):  2.5]
      [Update RS (ms):  5.3]
         [Processed Buffers:  39]
      [Scan RS (ms):  6.6]
      [Code Root Scanning (ms):  0.0]
      [Object Copy (ms):  28.1]
      [Termination (ms):  0.0]
         [Termination Attempts:  1]
      [GC Worker Other (ms):  0.0]
      [GC Worker Total (ms):  42.5]
      [GC Worker End (ms):  82399740.0]
   [Code Root Fixup: 0.0 ms]
   [Code Root Purge: 0.0 ms]
   [Clear CT: 0.1 ms]
   [Other: 0.5 ms]
      [Choose CSet: 0.0 ms]
      [Ref Proc: 0.1 ms]
      [Ref Enq: 0.0 ms]
      [Redirty Cards: 0.1 ms]
      [Humongous Register: 0.0 ms]
      [Humongous Reclaim: 0.0 ms]
      [Free CSet: 0.0 ms]
   [Eden: 22.0M(22.0M)->0.0B(21.0M) Survivors: 3072.0K->4096.0K Heap: 199.5M(512.0M)->178.5M(512.0M)]
 [Times: user=0.04 sys=0.00, real=0.04 secs] 
2019-04-03T16:27:09.719+0900: 82506.037: [GC pause (G1 Evacuation Pause) (young), 0.0373274 secs]
   [Parallel Time: 36.5 ms, GC Workers: 1]
      [GC Worker Start (ms):  82506037.3]
      [Ext Root Scanning (ms):  2.7]
      [Update RS (ms):  5.0]
         [Processed Buffers:  37]
      [Scan RS (ms):  6.2]
      [Code Root Scanning (ms):  0.0]
      [Object Copy (ms):  22.5]
      [Termination (ms):  0.0]
         [Termination Attempts:  1]
      [GC Worker Other (ms):  0.0]
      [GC Worker Total (ms):  36.4]
      [GC Worker End (ms):  82506073.7]
   [Code Root Fixup: 0.0 ms]
   [Code Root Purge: 0.0 ms]
   [Clear CT: 0.2 ms]
   [Other: 0.6 ms]
      [Choose CSet: 0.0 ms]
      [Ref Proc: 0.1 ms]
      [Ref Enq: 0.0 ms]
      [Redirty Cards: 0.1 ms]
      [Humongous Register: 0.0 ms]
      [Humongous Reclaim: 0.0 ms]
      [Free CSet: 0.0 ms]
   [Eden: 21.0M(21.0M)->0.0B(22.0M) Survivors: 4096.0K->3072.0K Heap: 199.5M(512.0M)->178.2M(512.0M)]
 [Times: user=0.03 sys=0.00, real=0.04 secs] 
2019-04-03T16:29:05.103+0900: 82621.422: [GC pause (G1 Evacuation Pause) (young), 0.0486778 secs]
   [Parallel Time: 47.9 ms, GC Workers: 1]
      [GC Worker Start (ms):  82621422.2]
      [Ext Root Scanning (ms):  2.3]
      [Update RS (ms):  4.5]
         [Processed Buffers:  37]
      [Scan RS (ms):  8.3]
      [Code Root Scanning (ms):  0.0]
      [Object Copy (ms):  32.4]
      [Termination (ms):  0.0]
         [Termination Attempts:  1]
      [GC Worker Other (ms):  0.0]
      [GC Worker Total (ms):  47.5]
      [GC Worker End (ms):  82621469.7]
   [Code Root Fixup: 0.0 ms]
   [Code Root Purge: 0.0 ms]
   [Clear CT: 0.1 ms]
   [Other: 0.7 ms]
      [Choose CSet: 0.0 ms]
      [Ref Proc: 0.2 ms]
      [Ref Enq: 0.0 ms]
      [Redirty Cards: 0.1 ms]
      [Humongous Register: 0.0 ms]
      [Humongous Reclaim: 0.0 ms]
      [Free CSet: 0.1 ms]
   [Eden: 22.0M(22.0M)->0.0B(21.0M) Survivors: 3072.0K->4096.0K Heap: 200.2M(512.0M)->179.2M(512.0M)]
 [Times: user=0.05 sys=0.00, real=0.05 secs] 
2019-04-03T16:30:52.974+0900: 82729.293: [GC pause (G1 Evacuation Pause) (young), 0.0539717 secs]
   [Parallel Time: 53.3 ms, GC Workers: 1]
      [GC Worker Start (ms):  82729292.7]
      [Ext Root Scanning (ms):  2.6]
      [Update RS (ms):  6.0]
         [Processed Buffers:  40]
      [Scan RS (ms):  5.9]
      [Code Root Scanning (ms):  0.0]
      [Object Copy (ms):  37.7]
      [Termination (ms):  0.0]
         [Termination Attempts:  1]
      [GC Worker Other (ms):  0.0]
      [GC Worker Total (ms):  52.2]
      [GC Worker End (ms):  82729344.9]
   [Code Root Fixup: 0.0 ms]
   [Code Root Purge: 0.0 ms]
   [Clear CT: 0.1 ms]
   [Other: 0.6 ms]
      [Choose CSet: 0.0 ms]
      [Ref Proc: 0.2 ms]
      [Ref Enq: 0.0 ms]
      [Redirty Cards: 0.1 ms]
      [Humongous Register: 0.0 ms]
      [Humongous Reclaim: 0.0 ms]
      [Free CSet: 0.0 ms]
   [Eden: 21.0M(21.0M)->0.0B(21.0M) Survivors: 4096.0K->4096.0K Heap: 200.2M(512.0M)->180.2M(512.0M)]
 [Times: user=0.05 sys=0.00, real=0.06 secs] 
2019-04-03T16:32:33.676+0900: 82829.994: [GC pause (G1 Evacuation Pause) (young), 0.0688258 secs]
   [Parallel Time: 68.1 ms, GC Workers: 1]
      [GC Worker Start (ms):  82829994.5]
      [Ext Root Scanning (ms):  2.6]
      [Update RS (ms):  5.5]
         [Processed Buffers:  37]
      [Scan RS (ms):  10.0]
      [Code Root Scanning (ms):  0.0]
      [Object Copy (ms):  49.8]
      [Termination (ms):  0.0]
         [Termination Attempts:  1]
      [GC Worker Other (ms):  0.0]
      [GC Worker Total (ms):  68.0]
      [GC Worker End (ms):  82830062.5]
   [Code Root Fixup: 0.0 ms]
   [Code Root Purge: 0.0 ms]
   [Clear CT: 0.1 ms]
   [Other: 0.7 ms]
      [Choose CSet: 0.0 ms]
      [Ref Proc: 0.1 ms]
      [Ref Enq: 0.0 ms]
      [Redirty Cards: 0.1 ms]
      [Humongous Register: 0.0 ms]
      [Humongous Reclaim: 0.0 ms]
      [Free CSet: 0.0 ms]
   [Eden: 21.0M(21.0M)->0.0B(21.0M) Survivors: 4096.0K->4096.0K Heap: 201.2M(512.0M)->183.0M(512.0M)]
 [Times: user=0.06 sys=0.00, real=0.06 secs] 
2019-04-03T16:34:06.862+0900: 82923.180: [GC pause (G1 Evacuation Pause) (young) (initial-mark), 0.0942958 secs]
   [Parallel Time: 93.5 ms, GC Workers: 1]
      [GC Worker Start (ms):  82923180.4]
      [Ext Root Scanning (ms):  3.4]
      [Update RS (ms):  6.7]
         [Processed Buffers:  47]
      [Scan RS (ms):  15.9]
      [Code Root Scanning (ms):  0.0]
      [Object Copy (ms):  67.3]
      [Termination (ms):  0.0]
         [Termination Attempts:  1]
      [GC Worker Other (ms):  0.0]
      [GC Worker Total (ms):  93.4]
      [GC Worker End (ms):  82923273.8]
   [Code Root Fixup: 0.0 ms]
   [Code Root Purge: 0.0 ms]
   [Clear CT: 0.1 ms]
   [Other: 0.7 ms]
      [Choose CSet: 0.0 ms]
      [Ref Proc: 0.1 ms]
      [Ref Enq: 0.0 ms]
      [Redirty Cards: 0.2 ms]
      [Humongous Register: 0.0 ms]
      [Humongous Reclaim: 0.0 ms]
      [Free CSet: 0.1 ms]
   [Eden: 21.0M(21.0M)->0.0B(21.0M) Survivors: 4096.0K->4096.0K Heap: 204.0M(512.0M)->186.5M(512.0M)]
 [Times: user=0.09 sys=0.00, real=0.10 secs] 
2019-04-03T16:34:06.956+0900: 82923.275: [GC concurrent-root-region-scan-start]
2019-04-03T16:34:06.991+0900: 82923.309: [GC concurrent-root-region-scan-end, 0.0344282 secs]
2019-04-03T16:34:06.991+0900: 82923.309: [GC concurrent-mark-start]
2019-04-03T16:34:07.104+0900: 82923.423: [GC concurrent-mark-end, 0.1132963 secs]
2019-04-03T16:34:07.104+0900: 82923.423: [GC remark 2019-04-03T16:34:07.105+0900: 82923.423: [Finalize Marking, 0.0003526 secs] 2019-04-03T16:34:07.105+0900: 82923.424: [GC ref-proc, 0.0008882 secs] 2019-04-03T16:34:07.106+0900: 82923.424: [Unloading, 0.0314344 secs], 0.0359179 secs]
 [Times: user=0.03 sys=0.00, real=0.04 secs] 
2019-04-03T16:34:07.141+0900: 82923.460: [GC cleanup 186M->185M(512M), 0.0021606 secs]
 [Times: user=0.00 sys=0.00, real=0.00 secs] 
2019-04-03T16:34:07.143+0900: 82923.462: [GC concurrent-cleanup-start]
2019-04-03T16:34:07.143+0900: 82923.462: [GC concurrent-cleanup-end, 0.0000303 secs]
2019-04-03T16:35:56.120+0900: 83032.438: [GC pause (G1 Evacuation Pause) (young), 0.0527117 secs]
   [Parallel Time: 51.9 ms, GC Workers: 1]
      [GC Worker Start (ms):  83032438.7]
      [Ext Root Scanning (ms):  2.6]
      [Update RS (ms):  3.8]
         [Processed Buffers:  48]
      [Scan RS (ms):  11.6]
      [Code Root Scanning (ms):  0.0]
      [Object Copy (ms):  33.7]
      [Termination (ms):  0.0]
         [Termination Attempts:  1]
      [GC Worker Other (ms):  0.0]
      [GC Worker Total (ms):  51.8]
      [GC Worker End (ms):  83032490.5]
   [Code Root Fixup: 0.0 ms]
   [Code Root Purge: 0.0 ms]
   [Clear CT: 0.1 ms]
   [Other: 0.7 ms]
      [Choose CSet: 0.0 ms]
      [Ref Proc: 0.2 ms]
      [Ref Enq: 0.0 ms]
      [Redirty Cards: 0.1 ms]
      [Humongous Register: 0.0 ms]
      [Humongous Reclaim: 0.0 ms]
      [Free CSet: 0.1 ms]
   [Eden: 21.0M(21.0M)->0.0B(23.0M) Survivors: 4096.0K->2048.0K Heap: 206.5M(512.0M)->186.5M(512.0M)]
 [Times: user=0.05 sys=0.00, real=0.05 secs] 
2019-04-03T16:37:54.580+0900: 83150.899: [GC pause (G1 Evacuation Pause) (mixed), 0.0342710 secs]
   [Parallel Time: 33.5 ms, GC Workers: 1]
      [GC Worker Start (ms):  83150899.2]
      [Ext Root Scanning (ms):  2.6]
      [Update RS (ms):  4.1]
         [Processed Buffers:  46]
      [Scan RS (ms):  6.0]
      [Code Root Scanning (ms):  0.0]
      [Object Copy (ms):  20.7]
      [Termination (ms):  0.0]
         [Termination Attempts:  1]
      [GC Worker Other (ms):  0.0]
      [GC Worker Total (ms):  33.4]
      [GC Worker End (ms):  83150932.6]
   [Code Root Fixup: 0.0 ms]
   [Code Root Purge: 0.0 ms]
   [Clear CT: 0.1 ms]
   [Other: 0.6 ms]
      [Choose CSet: 0.0 ms]
      [Ref Proc: 0.2 ms]
      [Ref Enq: 0.0 ms]
      [Redirty Cards: 0.0 ms]
      [Humongous Register: 0.0 ms]
      [Humongous Reclaim: 0.0 ms]
      [Free CSet: 0.1 ms]
   [Eden: 23.0M(23.0M)->0.0B(22.0M) Survivors: 2048.0K->3072.0K Heap: 209.5M(512.0M)->181.0M(512.0M)]
 [Times: user=0.04 sys=0.00, real=0.03 secs] 
2019-04-03T16:39:47.993+0900: 83264.312: [GC pause (G1 Evacuation Pause) (mixed), 0.0465633 secs]
   [Parallel Time: 45.8 ms, GC Workers: 1]
      [GC Worker Start (ms):  83264312.3]
      [Ext Root Scanning (ms):  2.7]
      [Update RS (ms):  2.5]
         [Processed Buffers:  37]
      [Scan RS (ms):  8.9]
      [Code Root Scanning (ms):  0.0]
      [Object Copy (ms):  31.7]
      [Termination (ms):  0.0]
         [Termination Attempts:  1]
      [GC Worker Other (ms):  0.0]
      [GC Worker Total (ms):  45.7]
      [GC Worker End (ms):  83264358.0]
   [Code Root Fixup: 0.0 ms]
   [Code Root Purge: 0.0 ms]
   [Clear CT: 0.1 ms]
   [Other: 0.7 ms]
      [Choose CSet: 0.0 ms]
      [Ref Proc: 0.2 ms]
      [Ref Enq: 0.0 ms]
      [Redirty Cards: 0.1 ms]
      [Humongous Register: 0.0 ms]
      [Humongous Reclaim: 0.0 ms]
      [Free CSet: 0.1 ms]
   [Eden: 22.0M(22.0M)->0.0B(21.0M) Survivors: 3072.0K->4096.0K Heap: 203.0M(512.0M)->175.5M(512.0M)]
 [Times: user=0.05 sys=0.00, real=0.05 secs] 
2019-04-03T16:41:36.689+0900: 83373.008: [GC pause (G1 Evacuation Pause) (mixed), 0.0565011 secs]
   [Parallel Time: 55.7 ms, GC Workers: 1]
      [GC Worker Start (ms):  83373008.2]
      [Ext Root Scanning (ms):  2.8]
      [Update RS (ms):  4.4]
         [Processed Buffers:  35]
      [Scan RS (ms):  8.4]
      [Code Root Scanning (ms):  0.0]
      [Object Copy (ms):  40.0]
      [Termination (ms):  0.0]
         [Termination Attempts:  1]
      [GC Worker Other (ms):  0.0]
      [GC Worker Total (ms):  55.6]
      [GC Worker End (ms):  83373063.8]
   [Code Root Fixup: 0.0 ms]
   [Code Root Purge: 0.0 ms]
   [Clear CT: 0.1 ms]
   [Other: 0.7 ms]
      [Choose CSet: 0.0 ms]
      [Ref Proc: 0.3 ms]
      [Ref Enq: 0.0 ms]
      [Redirty Cards: 0.1 ms]
      [Humongous Register: 0.0 ms]
      [Humongous Reclaim: 0.0 ms]
      [Free CSet: 0.1 ms]
   [Eden: 21.0M(21.0M)->0.0B(22.0M) Survivors: 4096.0K->3072.0K Heap: 196.5M(512.0M)->172.7M(512.0M)]
 [Times: user=0.06 sys=0.00, real=0.06 secs] 
2019-04-03T16:43:32.325+0900: 83488.644: [GC pause (G1 Evacuation Pause) (young), 0.0327723 secs]
   [Parallel Time: 32.0 ms, GC Workers: 1]
      [GC Worker Start (ms):  83488643.9]
      [Ext Root Scanning (ms):  3.2]
      [Update RS (ms):  6.3]
         [Processed Buffers:  37]
      [Scan RS (ms):  5.7]
      [Code Root Scanning (ms):  0.0]
      [Object Copy (ms):  16.7]
      [Termination (ms):  0.0]
         [Termination Attempts:  1]
      [GC Worker Other (ms):  0.0]
      [GC Worker Total (ms):  31.9]
      [GC Worker End (ms):  83488675.8]
   [Code Root Fixup: 0.0 ms]
   [Code Root Purge: 0.0 ms]
   [Clear CT: 0.1 ms]
   [Other: 0.7 ms]
      [Choose CSet: 0.0 ms]
      [Ref Proc: 0.1 ms]
      [Ref Enq: 0.0 ms]
      [Redirty Cards: 0.1 ms]
      [Humongous Register: 0.0 ms]
      [Humongous Reclaim: 0.0 ms]
      [Free CSet: 0.0 ms]
   [Eden: 22.0M(22.0M)->0.0B(22.0M) Survivors: 3072.0K->3072.0K Heap: 194.7M(512.0M)->172.7M(512.0M)]
 [Times: user=0.04 sys=0.00, real=0.04 secs] 
2019-04-03T16:45:24.356+0900: 83600.674: [GC pause (G1 Evacuation Pause) (young), 0.0423500 secs]
   [Parallel Time: 41.6 ms, GC Workers: 1]
      [GC Worker Start (ms):  83600674.4]
      [Ext Root Scanning (ms):  2.5]
      [Update RS (ms):  5.5]
         [Processed Buffers:  36]
      [Scan RS (ms):  6.5]
      [Code Root Scanning (ms):  0.0]
      [Object Copy (ms):  27.0]
      [Termination (ms):  0.0]
         [Termination Attempts:  1]
      [GC Worker Other (ms):  0.0]
      [GC Worker Total (ms):  41.4]
      [GC Worker End (ms):  83600715.8]
   [Code Root Fixup: 0.0 ms]
   [Code Root Purge: 0.0 ms]
   [Clear CT: 0.1 ms]
   [Other: 0.7 ms]
      [Choose CSet: 0.0 ms]
      [Ref Proc: 0.2 ms]
      [Ref Enq: 0.0 ms]
      [Redirty Cards: 0.1 ms]
      [Humongous Register: 0.0 ms]
      [Humongous Reclaim: 0.0 ms]
      [Free CSet: 0.0 ms]
   [Eden: 22.0M(22.0M)->0.0B(21.0M) Survivors: 3072.0K->4096.0K Heap: 194.7M(512.0M)->173.7M(512.0M)]
 [Times: user=0.04 sys=0.00, real=0.04 secs] 
2019-04-03T16:47:11.373+0900: 83707.692: [GC pause (G1 Evacuation Pause) (young), 0.0484119 secs]
   [Parallel Time: 47.7 ms, GC Workers: 1]
      [GC Worker Start (ms):  83707692.0]
      [Ext Root Scanning (ms):  2.4]
      [Update RS (ms):  4.7]
         [Processed Buffers:  38]
      [Scan RS (ms):  5.6]
      [Code Root Scanning (ms):  0.0]
      [Object Copy (ms):  34.9]
      [Termination (ms):  0.0]
         [Termination Attempts:  1]
      [GC Worker Other (ms):  0.0]
      [GC Worker Total (ms):  47.6]
      [GC Worker End (ms):  83707739.6]
   [Code Root Fixup: 0.0 ms]
   [Code Root Purge: 0.0 ms]
   [Clear CT: 0.1 ms]
   [Other: 0.7 ms]
      [Choose CSet: 0.0 ms]
      [Ref Proc: 0.1 ms]
      [Ref Enq: 0.0 ms]
      [Redirty Cards: 0.1 ms]
      [Humongous Register: 0.0 ms]
      [Humongous Reclaim: 0.0 ms]
      [Free CSet: 0.1 ms]
   [Eden: 21.0M(21.0M)->0.0B(21.0M) Survivors: 4096.0K->4096.0K Heap: 194.7M(512.0M)->174.8M(512.0M)]
 [Times: user=0.04 sys=0.00, real=0.05 secs] 
2019-04-03T16:49:01.657+0900: 83817.975: [GC pause (G1 Evacuation Pause) (young), 0.0508802 secs]
   [Parallel Time: 50.2 ms, GC Workers: 1]
      [GC Worker Start (ms):  83817975.3]
      [Ext Root Scanning (ms):  2.5]
      [Update RS (ms):  5.1]
         [Processed Buffers:  39]
      [Scan RS (ms):  6.8]
      [Code Root Scanning (ms):  0.0]
      [Object Copy (ms):  35.8]
      [Termination (ms):  0.0]
         [Termination Attempts:  1]
      [GC Worker Other (ms):  0.0]
      [GC Worker Total (ms):  50.2]
      [GC Worker End (ms):  83818025.4]
   [Code Root Fixup: 0.0 ms]
   [Code Root Purge: 0.0 ms]
   [Clear CT: 0.1 ms]
   [Other: 0.6 ms]
      [Choose CSet: 0.0 ms]
      [Ref Proc: 0.1 ms]
      [Ref Enq: 0.0 ms]
      [Redirty Cards: 0.1 ms]
      [Humongous Register: 0.0 ms]
      [Humongous Reclaim: 0.0 ms]
      [Free CSet: 0.0 ms]
   [Eden: 21.0M(21.0M)->0.0B(21.0M) Survivors: 4096.0K->4096.0K Heap: 195.8M(512.0M)->176.0M(512.0M)]
 [Times: user=0.05 sys=0.00, real=0.05 secs] 
2019-04-03T16:50:48.806+0900: 83925.125: [GC pause (G1 Evacuation Pause) (young), 0.0575524 secs]
   [Parallel Time: 56.8 ms, GC Workers: 1]
      [GC Worker Start (ms):  83925124.9]
      [Ext Root Scanning (ms):  2.5]
      [Update RS (ms):  4.7]
         [Processed Buffers:  36]
      [Scan RS (ms):  7.0]
      [Code Root Scanning (ms):  0.0]
      [Object Copy (ms):  42.5]
      [Termination (ms):  0.0]
         [Termination Attempts:  1]
      [GC Worker Other (ms):  0.0]
      [GC Worker Total (ms):  56.7]
      [GC Worker End (ms):  83925181.7]
   [Code Root Fixup: 0.1 ms]
   [Code Root Purge: 0.0 ms]
   [Clear CT: 0.1 ms]
   [Other: 0.6 ms]
      [Choose CSet: 0.0 ms]
      [Ref Proc: 0.2 ms]
      [Ref Enq: 0.0 ms]
      [Redirty Cards: 0.1 ms]
      [Humongous Register: 0.0 ms]
      [Humongous Reclaim: 0.0 ms]
      [Free CSet: 0.1 ms]
   [Eden: 21.0M(21.0M)->0.0B(21.0M) Survivors: 4096.0K->4096.0K Heap: 197.0M(512.0M)->177.0M(512.0M)]
 [Times: user=0.06 sys=0.00, real=0.05 secs] 
2019-04-03T16:52:37.661+0900: 84033.979: [GC pause (G1 Evacuation Pause) (young), 0.0397072 secs]
   [Parallel Time: 38.9 ms, GC Workers: 1]
      [GC Worker Start (ms):  84033979.6]
      [Ext Root Scanning (ms):  2.5]
      [Update RS (ms):  6.3]
         [Processed Buffers:  38]
      [Scan RS (ms):  6.5]
      [Code Root Scanning (ms):  0.0]
      [Object Copy (ms):  23.4]
      [Termination (ms):  0.0]
         [Termination Attempts:  1]
      [GC Worker Other (ms):  0.0]
      [GC Worker Total (ms):  38.9]
      [GC Worker End (ms):  84034018.5]
   [Code Root Fixup: 0.0 ms]
   [Code Root Purge: 0.0 ms]
   [Clear CT: 0.0 ms]
   [Other: 0.7 ms]
      [Choose CSet: 0.0 ms]
      [Ref Proc: 0.1 ms]
      [Ref Enq: 0.0 ms]
      [Redirty Cards: 0.2 ms]
      [Humongous Register: 0.0 ms]
      [Humongous Reclaim: 0.0 ms]
      [Free CSet: 0.0 ms]
   [Eden: 21.0M(21.0M)->0.0B(22.0M) Survivors: 4096.0K->3072.0K Heap: 198.0M(512.0M)->176.5M(512.0M)]
 [Times: user=0.04 sys=0.00, real=0.04 secs] 
2019-04-03T16:54:32.998+0900: 84149.317: [GC pause (G1 Evacuation Pause) (young), 0.0422610 secs]
   [Parallel Time: 41.4 ms, GC Workers: 1]
      [GC Worker Start (ms):  84149316.9]
      [Ext Root Scanning (ms):  2.6]
      [Update RS (ms):  4.6]
         [Processed Buffers:  35]
      [Scan RS (ms):  6.8]
      [Code Root Scanning (ms):  0.0]
      [Object Copy (ms):  27.3]
      [Termination (ms):  0.0]
         [Termination Attempts:  1]
      [GC Worker Other (ms):  0.0]
      [GC Worker Total (ms):  41.3]
      [GC Worker End (ms):  84149358.2]
   [Code Root Fixup: 0.0 ms]
   [Code Root Purge: 0.0 ms]
   [Clear CT: 0.1 ms]
   [Other: 0.8 ms]
      [Choose CSet: 0.0 ms]
      [Ref Proc: 0.1 ms]
      [Ref Enq: 0.0 ms]
      [Redirty Cards: 0.1 ms]
      [Humongous Register: 0.0 ms]
      [Humongous Reclaim: 0.0 ms]
      [Free CSet: 0.0 ms]
   [Eden: 22.0M(22.0M)->0.0B(21.0M) Survivors: 3072.0K->4096.0K Heap: 198.5M(512.0M)->177.5M(512.0M)]
 [Times: user=0.04 sys=0.00, real=0.04 secs] 
2019-04-03T16:56:18.545+0900: 84254.864: [GC pause (G1 Evacuation Pause) (young), 0.0562107 secs]
   [Parallel Time: 55.5 ms, GC Workers: 1]
      [GC Worker Start (ms):  84254864.0]
      [Ext Root Scanning (ms):  2.7]
      [Update RS (ms):  11.8]
         [Processed Buffers:  38]
      [Scan RS (ms):  5.7]
      [Code Root Scanning (ms):  0.0]
      [Object Copy (ms):  35.0]
      [Termination (ms):  0.0]
         [Termination Attempts:  1]
      [GC Worker Other (ms):  0.0]
      [GC Worker Total (ms):  55.3]
      [GC Worker End (ms):  84254919.4]
   [Code Root Fixup: 0.0 ms]
   [Code Root Purge: 0.0 ms]
   [Clear CT: 0.1 ms]
   [Other: 0.6 ms]
      [Choose CSet: 0.0 ms]
      [Ref Proc: 0.2 ms]
      [Ref Enq: 0.0 ms]
      [Redirty Cards: 0.1 ms]
      [Humongous Register: 0.0 ms]
      [Humongous Reclaim: 0.0 ms]
      [Free CSet: 0.0 ms]
   [Eden: 21.0M(21.0M)->0.0B(21.0M) Survivors: 4096.0K->4096.0K Heap: 198.5M(512.0M)->178.6M(512.0M)]
 [Times: user=0.05 sys=0.00, real=0.05 secs] 
2019-04-03T16:58:06.449+0900: 84362.767: [GC pause (G1 Evacuation Pause) (young), 0.0550481 secs]
   [Parallel Time: 54.3 ms, GC Workers: 1]
      [GC Worker Start (ms):  84362767.6]
      [Ext Root Scanning (ms):  2.7]
      [Update RS (ms):  4.7]
         [Processed Buffers:  35]
      [Scan RS (ms):  9.3]
      [Code Root Scanning (ms):  0.0]
      [Object Copy (ms):  37.5]
      [Termination (ms):  0.0]
         [Termination Attempts:  1]
      [GC Worker Other (ms):  0.0]
      [GC Worker Total (ms):  54.3]
      [GC Worker End (ms):  84362821.9]
   [Code Root Fixup: 0.0 ms]
   [Code Root Purge: 0.0 ms]
   [Clear CT: 0.1 ms]
   [Other: 0.7 ms]
      [Choose CSet: 0.0 ms]
      [Ref Proc: 0.2 ms]
      [Ref Enq: 0.0 ms]
      [Redirty Cards: 0.1 ms]
      [Humongous Register: 0.0 ms]
      [Humongous Reclaim: 0.0 ms]
      [Free CSet: 0.0 ms]
   [Eden: 21.0M(21.0M)->0.0B(21.0M) Survivors: 4096.0K->4096.0K Heap: 199.6M(512.0M)->180.0M(512.0M)]
 [Times: user=0.06 sys=0.00, real=0.05 secs] 
2019-04-03T16:59:56.018+0900: 84472.336: [GC pause (G1 Evacuation Pause) (young), 0.0393499 secs]
   [Parallel Time: 38.7 ms, GC Workers: 1]
      [GC Worker Start (ms):  84472336.6]
      [Ext Root Scanning (ms):  2.5]
      [Update RS (ms):  5.8]
         [Processed Buffers:  35]
      [Scan RS (ms):  7.8]
      [Code Root Scanning (ms):  0.0]
      [Object Copy (ms):  22.5]
      [Termination (ms):  0.0]
         [Termination Attempts:  1]
      [GC Worker Other (ms):  0.0]
      [GC Worker Total (ms):  38.6]
      [GC Worker End (ms):  84472375.3]
   [Code Root Fixup: 0.0 ms]
   [Code Root Purge: 0.0 ms]
   [Clear CT: 0.1 ms]
   [Other: 0.6 ms]
      [Choose CSet: 0.0 ms]
      [Ref Proc: 0.1 ms]
      [Ref Enq: 0.0 ms]
      [Redirty Cards: 0.1 ms]
      [Humongous Register: 0.0 ms]
      [Humongous Reclaim: 0.0 ms]
      [Free CSet: 0.0 ms]
   [Eden: 21.0M(21.0M)->0.0B(23.0M) Survivors: 4096.0K->2048.0K Heap: 201.0M(512.0M)->179.0M(512.0M)]
 [Times: user=0.04 sys=0.00, real=0.04 secs] 
2019-04-03T17:01:54.637+0900: 84590.955: [GC pause (G1 Evacuation Pause) (young), 0.0440563 secs]
   [Parallel Time: 43.4 ms, GC Workers: 1]
      [GC Worker Start (ms):  84590955.5]
      [Ext Root Scanning (ms):  2.5]
      [Update RS (ms):  5.9]
         [Processed Buffers:  35]
      [Scan RS (ms):  7.6]
      [Code Root Scanning (ms):  0.0]
      [Object Copy (ms):  27.4]
      [Termination (ms):  0.0]
         [Termination Attempts:  1]
      [GC Worker Other (ms):  0.0]
      [GC Worker Total (ms):  43.4]
      [GC Worker End (ms):  84590998.9]
   [Code Root Fixup: 0.0 ms]
   [Code Root Purge: 0.0 ms]
   [Clear CT: 0.0 ms]
   [Other: 0.6 ms]
      [Choose CSet: 0.0 ms]
      [Ref Proc: 0.2 ms]
      [Ref Enq: 0.0 ms]
      [Redirty Cards: 0.1 ms]
      [Humongous Register: 0.0 ms]
      [Humongous Reclaim: 0.0 ms]
      [Free CSet: 0.0 ms]
   [Eden: 23.0M(23.0M)->0.0B(21.0M) Survivors: 2048.0K->4096.0K Heap: 202.0M(512.0M)->180.5M(512.0M)]
 [Times: user=0.04 sys=0.00, real=0.04 secs] 
2019-04-03T17:03:43.509+0900: 84699.828: [GC pause (G1 Evacuation Pause) (young), 0.0591144 secs]
   [Parallel Time: 58.4 ms, GC Workers: 1]
      [GC Worker Start (ms):  84699827.7]
      [Ext Root Scanning (ms):  2.5]
      [Update RS (ms):  4.5]
         [Processed Buffers:  39]
      [Scan RS (ms):  16.8]
      [Code Root Scanning (ms):  0.0]
      [Object Copy (ms):  34.5]
      [Termination (ms):  0.0]
         [Termination Attempts:  1]
      [GC Worker Other (ms):  0.0]
      [GC Worker Total (ms):  58.3]
      [GC Worker End (ms):  84699886.0]
   [Code Root Fixup: 0.0 ms]
   [Code Root Purge: 0.0 ms]
   [Clear CT: 0.0 ms]
   [Other: 0.7 ms]
      [Choose CSet: 0.0 ms]
      [Ref Proc: 0.1 ms]
      [Ref Enq: 0.0 ms]
      [Redirty Cards: 0.1 ms]
      [Humongous Register: 0.0 ms]
      [Humongous Reclaim: 0.0 ms]
      [Free CSet: 0.0 ms]
   [Eden: 21.0M(21.0M)->0.0B(21.0M) Survivors: 4096.0K->4096.0K Heap: 201.5M(512.0M)->181.6M(512.0M)]
 [Times: user=0.05 sys=0.00, real=0.06 secs] 
2019-04-03T17:05:33.686+0900: 84810.004: [GC pause (G1 Evacuation Pause) (young) (initial-mark), 0.0550032 secs]
   [Parallel Time: 54.3 ms, GC Workers: 1]
      [GC Worker Start (ms):  84810004.4]
      [Ext Root Scanning (ms):  4.8]
      [Update RS (ms):  5.6]
         [Processed Buffers:  36]
      [Scan RS (ms):  7.7]
      [Code Root Scanning (ms):  0.0]
      [Object Copy (ms):  36.0]
      [Termination (ms):  0.0]
         [Termination Attempts:  1]
      [GC Worker Other (ms):  0.0]
      [GC Worker Total (ms):  54.1]
      [GC Worker End (ms):  84810058.6]
   [Code Root Fixup: 0.0 ms]
   [Code Root Purge: 0.0 ms]
   [Clear CT: 0.1 ms]
   [Other: 0.6 ms]
      [Choose CSet: 0.0 ms]
      [Ref Proc: 0.1 ms]
      [Ref Enq: 0.0 ms]
      [Redirty Cards: 0.1 ms]
      [Humongous Register: 0.0 ms]
      [Humongous Reclaim: 0.0 ms]
      [Free CSet: 0.0 ms]
   [Eden: 21.0M(21.0M)->0.0B(22.0M) Survivors: 4096.0K->3072.0K Heap: 202.6M(512.0M)->183.0M(512.0M)]
 [Times: user=0.05 sys=0.00, real=0.05 secs] 
2019-04-03T17:05:33.741+0900: 84810.060: [GC concurrent-root-region-scan-start]
2019-04-03T17:05:33.765+0900: 84810.083: [GC concurrent-root-region-scan-end, 0.0235223 secs]
2019-04-03T17:05:33.765+0900: 84810.083: [GC concurrent-mark-start]
2019-04-03T17:05:33.876+0900: 84810.195: [GC concurrent-mark-end, 0.1116654 secs]
2019-04-03T17:05:33.877+0900: 84810.195: [GC remark 2019-04-03T17:05:33.877+0900: 84810.195: [Finalize Marking, 0.0003976 secs] 2019-04-03T17:05:33.877+0900: 84810.196: [GC ref-proc, 0.0009701 secs] 2019-04-03T17:05:33.878+0900: 84810.197: [Unloading, 0.0325370 secs], 0.0368039 secs]
 [Times: user=0.04 sys=0.00, real=0.03 secs] 
2019-04-03T17:05:33.914+0900: 84810.233: [GC cleanup 183M->182M(512M), 0.0018679 secs]
 [Times: user=0.00 sys=0.00, real=0.01 secs] 
2019-04-03T17:05:33.916+0900: 84810.235: [GC concurrent-cleanup-start]
2019-04-03T17:05:33.916+0900: 84810.235: [GC concurrent-cleanup-end, 0.0000268 secs]
2019-04-03T17:07:27.260+0900: 84923.579: [GC pause (G1 Evacuation Pause) (young), 0.0554871 secs]
   [Parallel Time: 54.8 ms, GC Workers: 1]
      [GC Worker Start (ms):  84923578.8]
      [Ext Root Scanning (ms):  2.5]
      [Update RS (ms):  4.0]
         [Processed Buffers:  39]
      [Scan RS (ms):  6.4]
      [Code Root Scanning (ms):  0.0]
      [Object Copy (ms):  41.8]
      [Termination (ms):  0.0]
         [Termination Attempts:  1]
      [GC Worker Other (ms):  0.0]
      [GC Worker Total (ms):  54.7]
      [GC Worker End (ms):  84923633.5]
   [Code Root Fixup: 0.0 ms]
   [Code Root Purge: 0.0 ms]
   [Clear CT: 0.1 ms]
   [Other: 0.6 ms]
      [Choose CSet: 0.0 ms]
      [Ref Proc: 0.2 ms]
      [Ref Enq: 0.0 ms]
      [Redirty Cards: 0.1 ms]
      [Humongous Register: 0.0 ms]
      [Humongous Reclaim: 0.0 ms]
      [Free CSet: 0.0 ms]
   [Eden: 22.0M(22.0M)->0.0B(21.0M) Survivors: 3072.0K->4096.0K Heap: 204.0M(512.0M)->183.0M(512.0M)]
 [Times: user=0.04 sys=0.00, real=0.06 secs] 
2019-04-03T17:09:14.020+0900: 85030.339: [GC pause (G1 Evacuation Pause) (mixed), 0.0475653 secs]
   [Parallel Time: 46.8 ms, GC Workers: 1]
      [GC Worker Start (ms):  85030339.1]
      [Ext Root Scanning (ms):  2.8]
      [Update RS (ms):  15.2]
         [Processed Buffers:  37]
      [Scan RS (ms):  6.4]
      [Code Root Scanning (ms):  0.0]
      [Object Copy (ms):  22.2]
      [Termination (ms):  0.0]
         [Termination Attempts:  1]
      [GC Worker Other (ms):  0.0]
      [GC Worker Total (ms):  46.6]
      [GC Worker End (ms):  85030385.7]
   [Code Root Fixup: 0.0 ms]
   [Code Root Purge: 0.0 ms]
   [Clear CT: 0.1 ms]
   [Other: 0.7 ms]
      [Choose CSet: 0.0 ms]
      [Ref Proc: 0.2 ms]
      [Ref Enq: 0.0 ms]
      [Redirty Cards: 0.1 ms]
      [Humongous Register: 0.0 ms]
      [Humongous Reclaim: 0.0 ms]
      [Free CSet: 0.1 ms]
   [Eden: 21.0M(21.0M)->0.0B(22.0M) Survivors: 4096.0K->3072.0K Heap: 204.0M(512.0M)->175.8M(512.0M)]
 [Times: user=0.04 sys=0.00, real=0.05 secs] 
2019-04-03T17:11:07.377+0900: 85143.695: [GC pause (G1 Evacuation Pause) (mixed), 0.0470038 secs]
   [Parallel Time: 46.1 ms, GC Workers: 1]
      [GC Worker Start (ms):  85143695.5]
      [Ext Root Scanning (ms):  2.9]
      [Update RS (ms):  4.8]
         [Processed Buffers:  38]
      [Scan RS (ms):  10.1]
      [Code Root Scanning (ms):  0.0]
      [Object Copy (ms):  28.3]
      [Termination (ms):  0.0]
         [Termination Attempts:  1]
      [GC Worker Other (ms):  0.0]
      [GC Worker Total (ms):  46.0]
      [GC Worker End (ms):  85143741.6]
   [Code Root Fixup: 0.0 ms]
   [Code Root Purge: 0.0 ms]
   [Clear CT: 0.1 ms]
   [Other: 0.8 ms]
      [Choose CSet: 0.0 ms]
      [Ref Proc: 0.1 ms]
      [Ref Enq: 0.0 ms]
      [Redirty Cards: 0.1 ms]
      [Humongous Register: 0.2 ms]
      [Humongous Reclaim: 0.0 ms]
      [Free CSet: 0.1 ms]
   [Eden: 22.0M(22.0M)->0.0B(21.0M) Survivors: 3072.0K->4096.0K Heap: 197.8M(512.0M)->170.3M(512.0M)]
 [Times: user=0.05 sys=0.00, real=0.04 secs] 
2019-04-03T17:12:57.393+0900: 85253.712: [GC pause (G1 Evacuation Pause) (mixed), 0.0565763 secs]
   [Parallel Time: 55.9 ms, GC Workers: 1]
      [GC Worker Start (ms):  85253711.8]
      [Ext Root Scanning (ms):  3.6]
      [Update RS (ms):  5.1]
         [Processed Buffers:  37]
      [Scan RS (ms):  7.3]
      [Code Root Scanning (ms):  0.0]
      [Object Copy (ms):  39.7]
      [Termination (ms):  0.0]
         [Termination Attempts:  1]
      [GC Worker Other (ms):  0.0]
      [GC Worker Total (ms):  55.7]
      [GC Worker End (ms):  85253767.6]
   [Code Root Fixup: 0.0 ms]
   [Code Root Purge: 0.0 ms]
   [Clear CT: 0.1 ms]
   [Other: 0.6 ms]
      [Choose CSet: 0.0 ms]
      [Ref Proc: 0.2 ms]
      [Ref Enq: 0.0 ms]
      [Redirty Cards: 0.1 ms]
      [Humongous Register: 0.0 ms]
      [Humongous Reclaim: 0.0 ms]
      [Free CSet: 0.0 ms]
   [Eden: 21.0M(21.0M)->0.0B(21.0M) Survivors: 4096.0K->4096.0K Heap: 191.3M(512.0M)->169.4M(512.0M)]
 [Times: user=0.05 sys=0.00, real=0.06 secs] 
2019-04-03T17:14:44.468+0900: 85360.787: [GC pause (G1 Evacuation Pause) (young), 0.0531950 secs]
   [Parallel Time: 52.5 ms, GC Workers: 1]
      [GC Worker Start (ms):  85360787.2]
      [Ext Root Scanning (ms):  2.4]
      [Update RS (ms):  4.6]
         [Processed Buffers:  38]
      [Scan RS (ms):  7.2]
      [Code Root Scanning (ms):  0.0]
      [Object Copy (ms):  38.2]
      [Termination (ms):  0.0]
         [Termination Attempts:  1]
      [GC Worker Other (ms):  0.0]
      [GC Worker Total (ms):  52.4]
      [GC Worker End (ms):  85360839.6]
   [Code Root Fixup: 0.0 ms]
   [Code Root Purge: 0.0 ms]
   [Clear CT: 0.0 ms]
   [Other: 0.7 ms]
      [Choose CSet: 0.0 ms]
      [Ref Proc: 0.1 ms]
      [Ref Enq: 0.0 ms]
      [Redirty Cards: 0.1 ms]
      [Humongous Register: 0.0 ms]
      [Humongous Reclaim: 0.0 ms]
      [Free CSet: 0.0 ms]
   [Eden: 21.0M(21.0M)->0.0B(21.0M) Survivors: 4096.0K->4096.0K Heap: 190.4M(512.0M)->170.5M(512.0M)]
 [Times: user=0.06 sys=0.00, real=0.05 secs] 
2019-04-03T17:16:35.117+0900: 85471.435: [GC pause (G1 Evacuation Pause) (young), 0.0384609 secs]
   [Parallel Time: 37.8 ms, GC Workers: 1]
      [GC Worker Start (ms):  85471435.3]
      [Ext Root Scanning (ms):  2.5]
      [Update RS (ms):  5.9]
         [Processed Buffers:  37]
      [Scan RS (ms):  7.1]
      [Code Root Scanning (ms):  0.0]
      [Object Copy (ms):  21.7]
      [Termination (ms):  0.0]
         [Termination Attempts:  1]
      [GC Worker Other (ms):  0.0]
      [GC Worker Total (ms):  37.3]
      [GC Worker End (ms):  85471472.5]
   [Code Root Fixup: 0.0 ms]
   [Code Root Purge: 0.0 ms]
   [Clear CT: 0.1 ms]
   [Other: 0.6 ms]
      [Choose CSet: 0.0 ms]
      [Ref Proc: 0.1 ms]
      [Ref Enq: 0.0 ms]
      [Redirty Cards: 0.1 ms]
      [Humongous Register: 0.0 ms]
      [Humongous Reclaim: 0.0 ms]
      [Free CSet: 0.0 ms]
   [Eden: 21.0M(21.0M)->0.0B(23.0M) Survivors: 4096.0K->2048.0K Heap: 191.5M(512.0M)->169.5M(512.0M)]
 [Times: user=0.03 sys=0.00, real=0.04 secs] 
2019-04-03T17:18:35.118+0900: 85591.436: [GC pause (G1 Evacuation Pause) (young), 0.0501741 secs]
   [Parallel Time: 48.8 ms, GC Workers: 1]
      [GC Worker Start (ms):  85591436.4]
      [Ext Root Scanning (ms):  2.4]
      [Update RS (ms):  7.8]
         [Processed Buffers:  36]
      [Scan RS (ms):  9.5]
      [Code Root Scanning (ms):  0.0]
      [Object Copy (ms):  28.6]
      [Termination (ms):  0.0]
         [Termination Attempts:  1]
      [GC Worker Other (ms):  0.0]
      [GC Worker Total (ms):  48.4]
      [GC Worker End (ms):  85591484.8]
   [Code Root Fixup: 0.0 ms]
   [Code Root Purge: 0.0 ms]
   [Clear CT: 0.1 ms]
   [Other: 1.3 ms]
      [Choose CSet: 0.0 ms]
      [Ref Proc: 0.3 ms]
      [Ref Enq: 0.0 ms]
      [Redirty Cards: 0.7 ms]
      [Humongous Register: 0.0 ms]
      [Humongous Reclaim: 0.0 ms]
      [Free CSet: 0.0 ms]
   [Eden: 23.0M(23.0M)->0.0B(21.0M) Survivors: 2048.0K->4096.0K Heap: 192.5M(512.0M)->171.0M(512.0M)]
 [Times: user=0.04 sys=0.00, real=0.05 secs] 
2019-04-03T17:20:21.764+0900: 85698.083: [GC pause (G1 Evacuation Pause) (young), 0.0477705 secs]
   [Parallel Time: 46.7 ms, GC Workers: 1]
      [GC Worker Start (ms):  85698082.8]
      [Ext Root Scanning (ms):  2.6]
      [Update RS (ms):  5.2]
         [Processed Buffers:  36]
      [Scan RS (ms):  6.3]
      [Code Root Scanning (ms):  0.0]
      [Object Copy (ms):  32.4]
      [Termination (ms):  0.0]
         [Termination Attempts:  1]
      [GC Worker Other (ms):  0.0]
      [GC Worker Total (ms):  46.5]
      [GC Worker End (ms):  85698129.3]
   [Code Root Fixup: 0.2 ms]
   [Code Root Purge: 0.0 ms]
   [Clear CT: 0.1 ms]
   [Other: 0.8 ms]
      [Choose CSet: 0.0 ms]
      [Ref Proc: 0.2 ms]
      [Ref Enq: 0.0 ms]
      [Redirty Cards: 0.1 ms]
      [Humongous Register: 0.0 ms]
      [Humongous Reclaim: 0.0 ms]
      [Free CSet: 0.0 ms]
   [Eden: 21.0M(21.0M)->0.0B(21.0M) Survivors: 4096.0K->4096.0K Heap: 192.0M(512.0M)->172.0M(512.0M)]
 [Times: user=0.05 sys=0.00, real=0.05 secs] 
2019-04-03T17:22:08.017+0900: 85804.336: [GC pause (G1 Evacuation Pause) (young), 0.0537992 secs]
   [Parallel Time: 53.1 ms, GC Workers: 1]
      [GC Worker Start (ms):  85804336.1]
      [Ext Root Scanning (ms):  2.6]
      [Update RS (ms):  4.8]
         [Processed Buffers:  36]
      [Scan RS (ms):  9.0]
      [Code Root Scanning (ms):  0.0]
      [Object Copy (ms):  36.6]
      [Termination (ms):  0.0]
         [Termination Attempts:  1]
      [GC Worker Other (ms):  0.0]
      [GC Worker Total (ms):  53.1]
      [GC Worker End (ms):  85804389.2]
   [Code Root Fixup: 0.0 ms]
   [Code Root Purge: 0.0 ms]
   [Clear CT: 0.1 ms]
   [Other: 0.6 ms]
      [Choose CSet: 0.0 ms]
      [Ref Proc: 0.2 ms]
      [Ref Enq: 0.0 ms]
      [Redirty Cards: 0.1 ms]
      [Humongous Register: 0.0 ms]
      [Humongous Reclaim: 0.0 ms]
      [Free CSet: 0.0 ms]
   [Eden: 21.0M(21.0M)->0.0B(21.0M) Survivors: 4096.0K->4096.0K Heap: 193.0M(512.0M)->173.5M(512.0M)]
 [Times: user=0.05 sys=0.00, real=0.05 secs] 
2019-04-03T17:23:57.974+0900: 85914.292: [GC pause (G1 Evacuation Pause) (young), 0.0534575 secs]
   [Parallel Time: 52.7 ms, GC Workers: 1]
      [GC Worker Start (ms):  85914292.6]
      [Ext Root Scanning (ms):  2.4]
      [Update RS (ms):  5.4]
         [Processed Buffers:  38]
      [Scan RS (ms):  7.1]
      [Code Root Scanning (ms):  0.0]
      [Object Copy (ms):  37.6]
      [Termination (ms):  0.0]
         [Termination Attempts:  1]
      [GC Worker Other (ms):  0.0]
      [GC Worker Total (ms):  52.5]
      [GC Worker End (ms):  85914345.1]
   [Code Root Fixup: 0.0 ms]
   [Code Root Purge: 0.0 ms]
   [Clear CT: 0.1 ms]
   [Other: 0.7 ms]
      [Choose CSet: 0.0 ms]
      [Ref Proc: 0.2 ms]
      [Ref Enq: 0.0 ms]
      [Redirty Cards: 0.1 ms]
      [Humongous Register: 0.0 ms]
      [Humongous Reclaim: 0.0 ms]
      [Free CSet: 0.0 ms]
   [Eden: 21.0M(21.0M)->0.0B(21.0M) Survivors: 4096.0K->4096.0K Heap: 194.5M(512.0M)->174.9M(512.0M)]
 [Times: user=0.05 sys=0.00, real=0.06 secs] 
2019-04-03T17:25:45.002+0900: 86021.321: [GC pause (G1 Evacuation Pause) (young), 0.0379885 secs]
   [Parallel Time: 37.4 ms, GC Workers: 1]
      [GC Worker Start (ms):  86021320.8]
      [Ext Root Scanning (ms):  2.5]
      [Update RS (ms):  5.5]
         [Processed Buffers:  33]
      [Scan RS (ms):  7.4]
      [Code Root Scanning (ms):  0.0]
      [Object Copy (ms):  21.7]
      [Termination (ms):  0.0]
         [Termination Attempts:  1]
      [GC Worker Other (ms):  0.0]
      [GC Worker Total (ms):  37.2]
      [GC Worker End (ms):  86021358.0]
   [Code Root Fixup: 0.0 ms]
   [Code Root Purge: 0.0 ms]
   [Clear CT: 0.1 ms]
   [Other: 0.6 ms]
      [Choose CSet: 0.0 ms]
      [Ref Proc: 0.2 ms]
      [Ref Enq: 0.0 ms]
      [Redirty Cards: 0.1 ms]
      [Humongous Register: 0.0 ms]
      [Humongous Reclaim: 0.0 ms]
      [Free CSet: 0.0 ms]
   [Eden: 21.0M(21.0M)->0.0B(22.0M) Survivors: 4096.0K->3072.0K Heap: 195.9M(512.0M)->174.4M(512.0M)]
 [Times: user=0.04 sys=0.00, real=0.04 secs] 
2019-04-03T17:27:39.043+0900: 86135.362: [GC pause (G1 Evacuation Pause) (young), 0.0467027 secs]
   [Parallel Time: 45.9 ms, GC Workers: 1]
      [GC Worker Start (ms):  86135362.0]
      [Ext Root Scanning (ms):  2.4]
      [Update RS (ms):  5.2]
         [Processed Buffers:  36]
      [Scan RS (ms):  9.1]
      [Code Root Scanning (ms):  0.0]
      [Object Copy (ms):  29.0]
      [Termination (ms):  0.0]
         [Termination Attempts:  1]
      [GC Worker Other (ms):  0.0]
      [GC Worker Total (ms):  45.7]
      [GC Worker End (ms):  86135407.7]
   [Code Root Fixup: 0.0 ms]
   [Code Root Purge: 0.0 ms]
   [Clear CT: 0.1 ms]
   [Other: 0.7 ms]
      [Choose CSet: 0.0 ms]
      [Ref Proc: 0.2 ms]
      [Ref Enq: 0.0 ms]
      [Redirty Cards: 0.1 ms]
      [Humongous Register: 0.0 ms]
      [Humongous Reclaim: 0.0 ms]
      [Free CSet: 0.0 ms]
   [Eden: 22.0M(22.0M)->0.0B(21.0M) Survivors: 3072.0K->4096.0K Heap: 196.4M(512.0M)->175.4M(512.0M)]
 [Times: user=0.05 sys=0.00, real=0.05 secs] 
2019-04-03T17:29:28.576+0900: 86244.895: [GC pause (G1 Evacuation Pause) (young), 0.0541321 secs]
   [Parallel Time: 53.4 ms, GC Workers: 1]
      [GC Worker Start (ms):  86244895.0]
      [Ext Root Scanning (ms):  2.6]
      [Update RS (ms):  5.3]
         [Processed Buffers:  32]
      [Scan RS (ms):  7.9]
      [Code Root Scanning (ms):  0.0]
      [Object Copy (ms):  37.5]
      [Termination (ms):  0.0]
         [Termination Attempts:  1]
      [GC Worker Other (ms):  0.0]
      [GC Worker Total (ms):  53.3]
      [GC Worker End (ms):  86244948.4]
   [Code Root Fixup: 0.0 ms]
   [Code Root Purge: 0.0 ms]
   [Clear CT: 0.1 ms]
   [Other: 0.7 ms]
      [Choose CSet: 0.0 ms]
      [Ref Proc: 0.1 ms]
      [Ref Enq: 0.0 ms]
      [Redirty Cards: 0.1 ms]
      [Humongous Register: 0.0 ms]
      [Humongous Reclaim: 0.0 ms]
      [Free CSet: 0.0 ms]
   [Eden: 21.0M(21.0M)->0.0B(21.0M) Survivors: 4096.0K->4096.0K Heap: 196.4M(512.0M)->176.5M(512.0M)]
 [Times: user=0.05 sys=0.00, real=0.05 secs] 
2019-04-03T17:31:15.779+0900: 86352.098: [GC pause (G1 Evacuation Pause) (young), 0.0580447 secs]
   [Parallel Time: 57.4 ms, GC Workers: 1]
      [GC Worker Start (ms):  86352098.4]
      [Ext Root Scanning (ms):  2.5]
      [Update RS (ms):  6.6]
         [Processed Buffers:  36]
      [Scan RS (ms):  9.7]
      [Code Root Scanning (ms):  0.0]
      [Object Copy (ms):  38.2]
      [Termination (ms):  0.0]
         [Termination Attempts:  1]
      [GC Worker Other (ms):  0.0]
      [GC Worker Total (ms):  57.1]
      [GC Worker End (ms):  86352155.4]
   [Code Root Fixup: 0.0 ms]
   [Code Root Purge: 0.0 ms]
   [Clear CT: 0.1 ms]
   [Other: 0.6 ms]
      [Choose CSet: 0.0 ms]
      [Ref Proc: 0.2 ms]
      [Ref Enq: 0.0 ms]
      [Redirty Cards: 0.1 ms]
      [Humongous Register: 0.0 ms]
      [Humongous Reclaim: 0.0 ms]
      [Free CSet: 0.0 ms]
   [Eden: 21.0M(21.0M)->0.0B(21.0M) Survivors: 4096.0K->4096.0K Heap: 197.5M(512.0M)->177.5M(512.0M)]
 [Times: user=0.06 sys=0.00, real=0.06 secs] 
